Running script: v6_neural_vae.py
Loading configuration from /home/4429/projects/Neural_VAE_ODE/runs/2026-05-27_192417_6960335/config.txt
Device: cuda
Train-std neuron filter: removed 4 train-silent neurons; kept 353 neurons (threshold=1e-07).
MIND split: train trials=163 | test trials=17
MIND neuron filter: removed 18 silent neurons; kept 357 active neurons.
Sequence alignment: position (Position); coordinate range 0.000-1.000
/home/4429/envs/odevae/lib/python3.11/site-packages/torch/nn/modules/transformer.py:379: UserWarning: enable_nested_tensor is True, but self.use_nested_tensor is False because encoder_layer.self_attn.batch_first was not True(use batch_first for better inference performance)
  warnings.warn(
[001] train loss 0.99065 | recon 0.99021 | kl 0.33770 | smooth 0.00000 | trans 0.08696 | lle 0.02320 | geo 1.25902 | metric 0.00000 | beta 0.000
      valid loss 2.21829 | recon 2.21785 | kl 0.21225 | smooth 0.00000 | trans 0.07304 | lle 0.00271 | geo 1.28657 | metric 0.00000 | r 0.2124 | R² 0.0451 | eta 14:33
      saved best checkpoint -> /home/4429/projects/Neural_VAE_ODE/runs/2026-05-27_192417_6960335/ode_vae_best.pt
[002] train loss 0.99495 | recon 0.99407 | kl 0.19713 | smooth 0.00000 | trans 0.08623 | lle 0.00900 | geo 1.27128 | metric 0.00000 | beta 0.000
      valid loss 2.21742 | recon 2.21676 | kl 0.16096 | smooth 0.00000 | trans 0.07304 | lle 0.00723 | geo 0.95087 | metric 0.00000 | r 0.2287 | R² 0.0521 | eta 14:19
      saved best checkpoint -> /home/4429/projects/Neural_VAE_ODE/runs/2026-05-27_192417_6960335/ode_vae_best.pt
[003] train loss 0.99469 | recon 0.99342 | kl 0.19352 | smooth 0.00000 | trans 0.08767 | lle 0.01084 | geo 1.21423 | metric 0.00000 | beta 0.000
      valid loss 2.21765 | recon 2.21662 | kl 0.10925 | smooth 0.00000 | trans 0.07304 | lle 0.00516 | geo 0.98921 | metric 0.00000 | r 0.2375 | R² 0.0563 | eta 14:14
[004] train loss 0.98967 | recon 0.98789 | kl 0.23193 | smooth 0.00000 | trans 0.08728 | lle 0.01822 | geo 1.27061 | metric 0.00000 | beta 0.000
      valid loss 2.21652 | recon 2.21515 | kl 0.24764 | smooth 0.00000 | trans 0.07304 | lle 0.00658 | geo 0.97949 | metric 0.00000 | r 0.2387 | R² 0.0569 | eta 13:50
      saved best checkpoint -> /home/4429/projects/Neural_VAE_ODE/runs/2026-05-27_192417_6960335/ode_vae_best.pt
[005] train loss 0.98541 | recon 0.98317 | kl 0.21250 | smooth 0.00000 | trans 0.08668 | lle 0.01298 | geo 1.29010 | metric 0.00000 | beta 0.000
      valid loss 2.21580 | recon 2.21421 | kl 0.17195 | smooth 0.00000 | trans 0.07304 | lle 0.00486 | geo 0.91036 | metric 0.00000 | r 0.2432 | R² 0.0591 | eta 13:37
      saved best checkpoint -> /home/4429/projects/Neural_VAE_ODE/runs/2026-05-27_192417_6960335/ode_vae_best.pt
[006] train loss 0.98774 | recon 0.98516 | kl 0.21230 | smooth 0.00000 | trans 0.08793 | lle 0.01085 | geo 1.23415 | metric 0.00000 | beta 0.000
      valid loss 2.21510 | recon 2.21330 | kl 0.16158 | smooth 0.00000 | trans 0.07304 | lle 0.00481 | geo 0.85647 | metric 0.00000 | r 0.2419 | R² 0.0585 | eta 13:28
      saved best checkpoint -> /home/4429/projects/Neural_VAE_ODE/runs/2026-05-27_192417_6960335/ode_vae_best.pt
[007] train loss 1.00898 | recon 1.00604 | kl 0.20870 | smooth 0.00000 | trans 0.08762 | lle 0.01114 | geo 1.20676 | metric 0.00000 | beta 0.000
      valid loss 2.22281 | recon 2.22030 | kl 0.32376 | smooth 0.00000 | trans 0.07303 | lle 0.00483 | geo 1.03206 | metric 0.00000 | r 0.2401 | R² 0.0574 | eta 13:23
[008] train loss 0.98814 | recon 0.98441 | kl 0.25647 | smooth 0.00000 | trans 0.09611 | lle 0.01511 | geo 1.33454 | metric 0.00000 | beta 0.000
      valid loss 2.21449 | recon 2.21197 | kl 0.18687 | smooth 0.00000 | trans 0.07303 | lle 0.00639 | geo 0.90455 | metric 0.00000 | r 0.2467 | R² 0.0607 | eta 13:11
      saved best checkpoint -> /home/4429/projects/Neural_VAE_ODE/runs/2026-05-27_192417_6960335/ode_vae_best.pt
[009] train loss 0.97999 | recon 0.97581 | kl 0.26435 | smooth 0.00000 | trans 0.08656 | lle 0.01767 | geo 1.33268 | metric 0.00000 | beta 0.000
      valid loss 2.21549 | recon 2.21281 | kl 0.14489 | smooth 0.00000 | trans 0.07303 | lle 0.00687 | geo 0.85190 | metric 0.00000 | r 0.2434 | R² 0.0588 | eta 13:13
[010] train loss 1.01065 | recon 1.00438 | kl 0.21403 | smooth 0.00000 | trans 0.08755 | lle 0.01138 | geo 1.82569 | metric 0.00000 | beta 0.000
      valid loss 2.21780 | recon 2.21425 | kl 0.18931 | smooth 0.00000 | trans 0.07303 | lle 0.00328 | geo 1.02321 | metric 0.00000 | r 0.2296 | R² 0.0524 | eta 13:02
[011] train loss 0.98300 | recon 0.97787 | kl 0.22302 | smooth 0.00000 | trans 0.08791 | lle 0.01018 | geo 1.34340 | metric 0.00000 | beta 0.000
      valid loss 2.21545 | recon 2.21211 | kl 0.18005 | smooth 0.00000 | trans 0.07303 | lle 0.00567 | geo 0.86858 | metric 0.00000 | r 0.2425 | R² 0.0588 | eta 12:52
[012] train loss 0.98497 | recon 0.97925 | kl 0.25051 | smooth 0.00000 | trans 0.08925 | lle 0.01316 | geo 1.37171 | metric 0.00000 | beta 0.000
      valid loss 2.21449 | recon 2.20985 | kl 0.23638 | smooth 0.00000 | trans 0.07303 | lle 0.00688 | geo 1.11498 | metric 0.00000 | r 0.2555 | R² 0.0653 | eta 12:41
      saved best checkpoint -> /home/4429/projects/Neural_VAE_ODE/runs/2026-05-27_192417_6960335/ode_vae_best.pt
[013] train loss 0.98737 | recon 0.98174 | kl 0.23453 | smooth 0.00000 | trans 0.08947 | lle 0.01376 | geo 1.23952 | metric 0.00000 | beta 0.000
      valid loss 2.22052 | recon 2.21601 | kl 0.24473 | smooth 0.00000 | trans 0.07302 | lle 0.00553 | geo 0.99940 | metric 0.00000 | r 0.2196 | R² 0.0449 | eta 12:37
[014] train loss 0.96426 | recon 0.95803 | kl 0.25168 | smooth 0.00000 | trans 0.08916 | lle 0.01486 | geo 1.27567 | metric 0.00000 | beta 0.000
      valid loss 2.21819 | recon 2.21337 | kl 0.21505 | smooth 0.00000 | trans 0.07302 | lle 0.00493 | geo 0.99096 | metric 0.00000 | r 0.2534 | R² 0.0639 | eta 12:32
[015] train loss 0.97489 | recon 0.96845 | kl 0.24701 | smooth 0.00000 | trans 0.08777 | lle 0.01332 | geo 1.23157 | metric 0.00000 | beta 0.000
      valid loss 2.21698 | recon 2.21231 | kl 0.20061 | smooth 0.00000 | trans 0.07302 | lle 0.00557 | geo 0.89335 | metric 0.00000 | r 0.2497 | R² 0.0610 | eta 12:26
[016] train loss 0.97692 | recon 0.96988 | kl 0.22119 | smooth 0.00000 | trans 0.08909 | lle 0.01323 | geo 1.26096 | metric 0.00000 | beta 0.000
      valid loss 2.21706 | recon 2.21183 | kl 0.15174 | smooth 0.00000 | trans 0.07302 | lle 0.00402 | geo 0.93883 | metric 0.00000 | r 0.2519 | R² 0.0631 | eta 12:16
[017] train loss 0.98113 | recon 0.97366 | kl 0.22785 | smooth 0.00000 | trans 0.09198 | lle 0.01249 | geo 1.25958 | metric 0.00000 | beta 0.000
      valid loss 2.21352 | recon 2.20797 | kl 0.22551 | smooth 0.00000 | trans 0.07302 | lle 0.00681 | geo 0.93615 | metric 0.00000 | r 0.2590 | R² 0.0652 | eta 12:08
      saved best checkpoint -> /home/4429/projects/Neural_VAE_ODE/runs/2026-05-27_192417_6960335/ode_vae_best.pt
[018] train loss 0.96689 | recon 0.95766 | kl 0.26382 | smooth 0.00000 | trans 0.08721 | lle 0.01552 | geo 1.48011 | metric 0.00000 | beta 0.000
      valid loss 2.22190 | recon 2.21393 | kl 0.24094 | smooth 0.00000 | trans 0.07302 | lle 0.00688 | geo 1.28459 | metric 0.00000 | r 0.2417 | R² 0.0526 | eta 12:02
[019] train loss 0.99266 | recon 0.98458 | kl 0.22847 | smooth 0.00000 | trans 0.08954 | lle 0.01260 | geo 1.21817 | metric 0.00000 | beta 0.000
      valid loss 2.22139 | recon 2.21443 | kl 0.20773 | smooth 0.00000 | trans 0.07302 | lle 0.00655 | geo 1.05599 | metric 0.00000 | r 0.2320 | R² 0.0503 | eta 11:55
[020] train loss 0.96632 | recon 0.95807 | kl 0.21427 | smooth 0.00000 | trans 0.08803 | lle 0.01073 | geo 1.18237 | metric 0.00000 | beta 0.000
      valid loss 2.21415 | recon 2.20756 | kl 0.16983 | smooth 0.00000 | trans 0.07301 | lle 0.00519 | geo 0.94718 | metric 0.00000 | r 0.2599 | R² 0.0668 | eta 11:48
[021] train loss 0.94982 | recon 0.94137 | kl 0.20683 | smooth 0.00000 | trans 0.08638 | lle 0.01295 | geo 1.15112 | metric 0.00000 | beta 0.000
      valid loss 2.22026 | recon 2.21250 | kl 0.23207 | smooth 0.00000 | trans 0.07301 | lle 0.00532 | geo 1.06713 | metric 0.00000 | r 0.2331 | R² 0.0488 | eta 11:43
[022] train loss 0.94147 | recon 0.93183 | kl 0.22775 | smooth 0.00000 | trans 0.08616 | lle 0.01587 | geo 1.25568 | metric 0.00000 | beta 0.000
      valid loss 2.22107 | recon 2.21342 | kl 0.19701 | smooth 0.00000 | trans 0.07302 | lle 0.00765 | geo 0.99902 | metric 0.00000 | r 0.2257 | R² 0.0374 | eta 11:37
[023] train loss 0.93183 | recon 0.92215 | kl 0.22328 | smooth 0.00000 | trans 0.08669 | lle 0.01349 | geo 1.20652 | metric 0.00000 | beta 0.000
      valid loss 2.22123 | recon 2.21325 | kl 0.22864 | smooth 0.00000 | trans 0.07301 | lle 0.00757 | geo 0.99701 | metric 0.00000 | r 0.2415 | R² 0.0491 | eta 11:29
[024] train loss 0.92521 | recon 0.91449 | kl 0.23208 | smooth 0.00000 | trans 0.08735 | lle 0.01348 | geo 1.28338 | metric 0.00000 | beta 0.000
      valid loss 2.21169 | recon 2.20431 | kl 0.16829 | smooth 0.00000 | trans 0.07300 | lle 0.00790 | geo 0.87778 | metric 0.00000 | r 0.2654 | R² 0.0693 | eta 11:22
      saved best checkpoint -> /home/4429/projects/Neural_VAE_ODE/runs/2026-05-27_192417_6960335/ode_vae_best.pt
[025] train loss 0.93489 | recon 0.92397 | kl 0.20954 | smooth 0.00000 | trans 0.08957 | lle 0.01273 | geo 1.25213 | metric 0.00000 | beta 0.000
      valid loss 2.21232 | recon 2.20269 | kl 0.19036 | smooth 0.00000 | trans 0.07301 | lle 0.00649 | geo 1.11304 | metric 0.00000 | r 0.2874 | R² 0.0816 | eta 11:17
[026] train loss 0.94424 | recon 0.93320 | kl 0.20905 | smooth 0.00000 | trans 0.08742 | lle 0.01366 | geo 1.21619 | metric 0.00000 | beta 0.000
      valid loss 2.21846 | recon 2.20903 | kl 0.19882 | smooth 0.00000 | trans 0.07300 | lle 0.00859 | geo 1.04359 | metric 0.00000 | r 0.2607 | R² 0.0618 | eta 11:10
[027] train loss 0.94134 | recon 0.92952 | kl 0.21398 | smooth 0.00000 | trans 0.08710 | lle 0.01167 | geo 1.25776 | metric 0.00000 | beta 0.000
      valid loss 2.23351 | recon 2.22244 | kl 0.18361 | smooth 0.00000 | trans 0.07300 | lle 0.00780 | geo 1.18572 | metric 0.00000 | r 0.2479 | R² 0.0571 | eta 11:03
[028] train loss 0.93109 | recon 0.91964 | kl 0.20191 | smooth 0.00000 | trans 0.08736 | lle 0.01098 | geo 1.17258 | metric 0.00000 | beta 0.000
      valid loss 2.22638 | recon 2.21513 | kl 0.20375 | smooth 0.00000 | trans 0.07300 | lle 0.01218 | geo 1.15726 | metric 0.00000 | r 0.2335 | R² 0.0441 | eta 10:58
[029] train loss 0.91849 | recon 0.90695 | kl 0.20564 | smooth 0.00000 | trans 0.08599 | lle 0.01113 | geo 1.14025 | metric 0.00000 | beta 0.000
      valid loss 2.23223 | recon 2.22159 | kl 0.23897 | smooth 0.00000 | trans 0.07301 | lle 0.00817 | geo 1.05654 | metric 0.00000 | r 0.2310 | R² 0.0298 | eta 10:52
[030] train loss 0.92741 | recon 0.91392 | kl 0.20546 | smooth 0.00000 | trans 0.08795 | lle 0.01365 | geo 1.29109 | metric 0.00000 | beta 0.000
      valid loss 2.21929 | recon 2.20943 | kl 0.19576 | smooth 0.00000 | trans 0.07300 | lle 0.00506 | geo 0.94393 | metric 0.00000 | r 0.2503 | R² 0.0569 | eta 10:46
[031] train loss 0.92934 | recon 0.91533 | kl 0.20190 | smooth 0.00000 | trans 0.08978 | lle 0.00923 | geo 1.34637 | metric 0.00000 | beta 0.000
      valid loss 2.22935 | recon 2.21900 | kl 0.19730 | smooth 0.00000 | trans 0.07300 | lle 0.00430 | geo 0.99418 | metric 0.00000 | r 0.2499 | R² 0.0561 | eta 10:41
[032] train loss 0.92602 | recon 0.91308 | kl 0.19290 | smooth 0.00000 | trans 0.08938 | lle 0.01004 | geo 1.23979 | metric 0.00000 | beta 0.000
      valid loss 2.22596 | recon 2.21667 | kl 0.15290 | smooth 0.00000 | trans 0.07300 | lle 0.00484 | geo 0.88788 | metric 0.00000 | r 0.2422 | R² 0.0501 | eta 10:35
[033] train loss 0.93004 | recon 0.91766 | kl 0.19275 | smooth 0.00000 | trans 0.08887 | lle 0.01128 | geo 1.18306 | metric 0.00000 | beta 0.000
      valid loss 2.22359 | recon 2.21226 | kl 0.20770 | smooth 0.00000 | trans 0.07300 | lle 0.01155 | geo 1.08562 | metric 0.00000 | r 0.2670 | R² 0.0696 | eta 10:29
[034] train loss 0.92580 | recon 0.91370 | kl 0.18671 | smooth 0.00000 | trans 0.08718 | lle 0.01014 | geo 1.15640 | metric 0.00000 | beta 0.000
      valid loss 2.22973 | recon 2.21923 | kl 0.18928 | smooth 0.00000 | trans 0.07300 | lle 0.00678 | geo 1.00720 | metric 0.00000 | r 0.2558 | R² 0.0590 | eta 10:24
[035] train loss 0.92617 | recon 0.91263 | kl 0.19802 | smooth 0.00000 | trans 0.08673 | lle 0.01073 | geo 1.29941 | metric 0.00000 | beta 0.000
      valid loss 2.22262 | recon 2.21179 | kl 0.18422 | smooth 0.00000 | trans 0.07300 | lle 0.00371 | geo 1.04337 | metric 0.00000 | r 0.2760 | R² 0.0748 | eta 10:17
[036] train loss 0.91026 | recon 0.89640 | kl 0.20455 | smooth 0.00000 | trans 0.08734 | lle 0.01108 | geo 1.33059 | metric 0.00000 | beta 0.000
      valid loss 2.22882 | recon 2.21924 | kl 0.19405 | smooth 0.00000 | trans 0.07300 | lle 0.00595 | geo 0.91628 | metric 0.00000 | r 0.2676 | R² 0.0675 | eta 10:11
[037] train loss 0.90293 | recon 0.89027 | kl 0.18045 | smooth 0.00000 | trans 0.08715 | lle 0.01014 | geo 1.21188 | metric 0.00000 | beta 0.000
      valid loss 2.23746 | recon 2.22604 | kl 0.20860 | smooth 0.00000 | trans 0.07301 | lle 0.00791 | geo 1.09788 | metric 0.00000 | r 0.2618 | R² 0.0622 | eta 10:06
[038] train loss 0.91110 | recon 0.89879 | kl 0.18682 | smooth 0.00000 | trans 0.08785 | lle 0.00968 | geo 1.17750 | metric 0.00000 | beta 0.000
      valid loss 2.22156 | recon 2.21193 | kl 0.18925 | smooth 0.00000 | trans 0.07299 | lle 0.00463 | geo 0.92173 | metric 0.00000 | r 0.2909 | R² 0.0825 | eta 10:00
[039] train loss 0.90324 | recon 0.89030 | kl 0.19528 | smooth 0.00000 | trans 0.08629 | lle 0.01105 | geo 1.23949 | metric 0.00000 | beta 0.000
      valid loss 2.23390 | recon 2.22483 | kl 0.19103 | smooth 0.00000 | trans 0.07300 | lle 0.00502 | geo 0.86566 | metric 0.00000 | r 0.2711 | R² 0.0699 | eta 09:55
[040] train loss 0.90046 | recon 0.88818 | kl 0.17683 | smooth 0.00000 | trans 0.08637 | lle 0.00888 | geo 1.17609 | metric 0.00000 | beta 0.000
      valid loss 2.25987 | recon 2.24979 | kl 0.25134 | smooth 0.00000 | trans 0.07302 | lle 0.00671 | geo 0.96468 | metric 0.00000 | r 0.2430 | R² 0.0430 | eta 09:49
[041] train loss 0.90710 | recon 0.89398 | kl 0.19595 | smooth 0.00000 | trans 0.08796 | lle 0.01052 | geo 1.25708 | metric 0.00000 | beta 0.000
      valid loss 2.23175 | recon 2.22147 | kl 0.19924 | smooth 0.00000 | trans 0.07300 | lle 0.00426 | geo 0.98696 | metric 0.00000 | r 0.2560 | R² 0.0579 | eta 09:44
[042] train loss 0.88438 | recon 0.87170 | kl 0.18278 | smooth 0.00000 | trans 0.08688 | lle 0.00979 | geo 1.21474 | metric 0.00000 | beta 0.000
      valid loss 2.24814 | recon 2.23743 | kl 0.22988 | smooth 0.00000 | trans 0.07301 | lle 0.00523 | geo 1.02926 | metric 0.00000 | r 0.2511 | R² 0.0498 | eta 09:39
[043] train loss 0.88915 | recon 0.87549 | kl 0.19103 | smooth 0.00000 | trans 0.08717 | lle 0.01007 | geo 1.31297 | metric 0.00000 | beta 0.000
      valid loss 2.24181 | recon 2.23135 | kl 0.22531 | smooth 0.00000 | trans 0.07301 | lle 0.00655 | geo 1.00270 | metric 0.00000 | r 0.2656 | R² 0.0584 | eta 09:33
[044] train loss 0.88812 | recon 0.87487 | kl 0.18045 | smooth 0.00000 | trans 0.08663 | lle 0.00896 | geo 1.27182 | metric 0.00000 | beta 0.000
      valid loss 2.25752 | recon 2.24694 | kl 0.22643 | smooth 0.00000 | trans 0.07302 | lle 0.00529 | geo 1.01621 | metric 0.00000 | r 0.2404 | R² 0.0402 | eta 09:28
[045] train loss 0.88168 | recon 0.86875 | kl 0.19090 | smooth 0.00000 | trans 0.08805 | lle 0.01096 | geo 1.23811 | metric 0.00000 | beta 0.000
      valid loss 2.23944 | recon 2.22921 | kl 0.21524 | smooth 0.00000 | trans 0.07301 | lle 0.00501 | geo 0.98094 | metric 0.00000 | r 0.2608 | R² 0.0602 | eta 09:22
[046] train loss 0.87873 | recon 0.86623 | kl 0.17371 | smooth 0.00000 | trans 0.08607 | lle 0.00841 | geo 1.19855 | metric 0.00000 | beta 0.000
      valid loss 2.32086 | recon 2.30810 | kl 0.27633 | smooth 0.00000 | trans 0.07302 | lle 0.00825 | geo 1.23113 | metric 0.00000 | r 0.2271 | R² -0.0163 | eta 09:17
[047] train loss 0.90465 | recon 0.89195 | kl 0.19979 | smooth 0.00000 | trans 0.08844 | lle 0.01246 | geo 1.21399 | metric 0.00000 | beta 0.000
      valid loss 2.25295 | recon 2.24146 | kl 0.23617 | smooth 0.00000 | trans 0.07300 | lle 0.00405 | geo 1.10915 | metric 0.00000 | r 0.2034 | R² 0.0033 | eta 09:12
[048] train loss 0.88227 | recon 0.87025 | kl 0.17410 | smooth 0.00000 | trans 0.08610 | lle 0.00949 | geo 1.14895 | metric 0.00000 | beta 0.000
      valid loss 2.26600 | recon 2.25356 | kl 0.25509 | smooth 0.00000 | trans 0.07301 | lle 0.00839 | geo 1.19901 | metric 0.00000 | r 0.2069 | R² 0.0024 | eta 09:06
[049] train loss 0.88429 | recon 0.87107 | kl 0.18534 | smooth 0.00000 | trans 0.08736 | lle 0.00976 | geo 1.26837 | metric 0.00000 | beta 0.000
      valid loss 2.27462 | recon 2.26346 | kl 0.27593 | smooth 0.00000 | trans 0.07302 | lle 0.00521 | geo 1.07481 | metric 0.00000 | r 0.2132 | R² 0.0078 | eta 09:00
[050] train loss 0.88797 | recon 0.87479 | kl 0.19243 | smooth 0.00000 | trans 0.09199 | lle 0.00984 | geo 1.26266 | metric 0.00000 | beta 0.000
      valid loss 2.24324 | recon 2.23207 | kl 0.23374 | smooth 0.00000 | trans 0.07299 | lle 0.00441 | geo 1.07569 | metric 0.00000 | r 0.2073 | R² 0.0109 | eta 08:55
[051] train loss 0.88525 | recon 0.87203 | kl 0.18090 | smooth 0.00000 | trans 0.08696 | lle 0.01083 | geo 1.26725 | metric 0.00000 | beta 0.000
      valid loss 2.23835 | recon 2.22793 | kl 0.20506 | smooth 0.00000 | trans 0.07302 | lle 0.00453 | geo 1.00066 | metric 0.00000 | r 0.2492 | R² 0.0485 | eta 08:49
[052] train loss 0.89104 | recon 0.87855 | kl 0.17668 | smooth 0.00000 | trans 0.09604 | lle 0.00971 | geo 1.19088 | metric 0.00000 | beta 0.000
      valid loss 2.27747 | recon 2.26657 | kl 0.24953 | smooth 0.00000 | trans 0.07301 | lle 0.00572 | geo 1.04739 | metric 0.00000 | r 0.2368 | R² 0.0369 | eta 08:44
[053] train loss 0.87723 | recon 0.86451 | kl 0.18986 | smooth 0.00000 | trans 0.08725 | lle 0.01044 | geo 1.21804 | metric 0.00000 | beta 0.000
      valid loss 2.23078 | recon 2.21970 | kl 0.21542 | smooth 0.00000 | trans 0.07300 | lle 0.00499 | geo 1.06656 | metric 0.00000 | r 0.2521 | R² 0.0493 | eta 08:38
[054] train loss 0.88569 | recon 0.87309 | kl 0.18225 | smooth 0.00000 | trans 0.09635 | lle 0.00965 | geo 1.20218 | metric 0.00000 | beta 0.000
      valid loss 2.27647 | recon 2.26469 | kl 0.24077 | smooth 0.00000 | trans 0.07301 | lle 0.00493 | geo 1.13661 | metric 0.00000 | r 0.2396 | R² 0.0373 | eta 08:33
[055] train loss 0.86924 | recon 0.85599 | kl 0.19222 | smooth 0.00000 | trans 0.08626 | lle 0.01117 | geo 1.27054 | metric 0.00000 | beta 0.000
      valid loss 2.24257 | recon 2.23115 | kl 0.22564 | smooth 0.00000 | trans 0.07301 | lle 0.00565 | geo 1.10014 | metric 0.00000 | r 0.2546 | R² 0.0508 | eta 08:27
[056] train loss 0.86247 | recon 0.84903 | kl 0.19036 | smooth 0.00000 | trans 0.08627 | lle 0.01050 | geo 1.29011 | metric 0.00000 | beta 0.000
      valid loss 2.23724 | recon 2.22612 | kl 0.22129 | smooth 0.00000 | trans 0.07300 | lle 0.00705 | geo 1.06870 | metric 0.00000 | r 0.2679 | R² 0.0611 | eta 08:22
[057] train loss 0.88771 | recon 0.87373 | kl 0.19899 | smooth 0.00000 | trans 0.09003 | lle 0.01191 | geo 1.34095 | metric 0.00000 | beta 0.000
      valid loss 2.24368 | recon 2.23305 | kl 0.24541 | smooth 0.00000 | trans 0.07300 | lle 0.00515 | geo 1.02216 | metric 0.00000 | r 0.2536 | R² 0.0511 | eta 08:17
[058] train loss 0.85097 | recon 0.83817 | kl 0.19358 | smooth 0.00000 | trans 0.08713 | lle 0.01109 | geo 1.22496 | metric 0.00000 | beta 0.000
      valid loss 2.26096 | recon 2.24983 | kl 0.24550 | smooth 0.00000 | trans 0.07300 | lle 0.00679 | geo 1.06997 | metric 0.00000 | r 0.2532 | R² 0.0467 | eta 08:11
[059] train loss 0.85220 | recon 0.83834 | kl 0.19869 | smooth 0.00000 | trans 0.08606 | lle 0.01075 | geo 1.33186 | metric 0.00000 | beta 0.000
      valid loss 2.24431 | recon 2.23442 | kl 0.22470 | smooth 0.00000 | trans 0.07300 | lle 0.00599 | geo 0.94705 | metric 0.00000 | r 0.2435 | R² 0.0439 | eta 08:06
[060] train loss 0.84885 | recon 0.83512 | kl 0.19521 | smooth 0.00000 | trans 0.08687 | lle 0.00990 | geo 1.32030 | metric 0.00000 | beta 0.000
      valid loss 2.26793 | recon 2.25671 | kl 0.23301 | smooth 0.00000 | trans 0.07301 | lle 0.00417 | geo 1.08056 | metric 0.00000 | r 0.2277 | R² 0.0325 | eta 08:01
[061] train loss 0.84670 | recon 0.83388 | kl 0.19814 | smooth 0.00000 | trans 0.08671 | lle 0.00953 | geo 1.22973 | metric 0.00000 | beta 0.000
      valid loss 2.25631 | recon 2.24620 | kl 0.24386 | smooth 0.00000 | trans 0.07301 | lle 0.00444 | geo 0.96962 | metric 0.00000 | r 0.2620 | R² 0.0496 | eta 07:55
[062] train loss 0.86283 | recon 0.84947 | kl 0.19785 | smooth 0.00000 | trans 0.09592 | lle 0.01024 | geo 1.27786 | metric 0.00000 | beta 0.000
      valid loss 2.26542 | recon 2.25544 | kl 0.20999 | smooth 0.00000 | trans 0.07301 | lle 0.00604 | geo 0.95530 | metric 0.00000 | r 0.2245 | R² 0.0333 | eta 07:50
[063] train loss 0.84789 | recon 0.83572 | kl 0.20244 | smooth 0.00000 | trans 0.08599 | lle 0.01232 | geo 1.16215 | metric 0.00000 | beta 0.000
      valid loss 2.26589 | recon 2.25573 | kl 0.21293 | smooth 0.00000 | trans 0.07301 | lle 0.00381 | geo 0.97595 | metric 0.00000 | r 0.2154 | R² 0.0257 | eta 07:44
[064] train loss 0.83706 | recon 0.82458 | kl 0.20181 | smooth 0.00000 | trans 0.08692 | lle 0.01120 | geo 1.19258 | metric 0.00000 | beta 0.000
      valid loss 2.25928 | recon 2.24890 | kl 0.23175 | smooth 0.00000 | trans 0.07301 | lle 0.00621 | geo 0.99562 | metric 0.00000 | r 0.2502 | R² 0.0463 | eta 07:38
[065] train loss 0.87213 | recon 0.85944 | kl 0.21522 | smooth 0.00000 | trans 0.08820 | lle 0.01065 | geo 1.21430 | metric 0.00000 | beta 0.000
      valid loss 2.27614 | recon 2.26582 | kl 0.25912 | smooth 0.00000 | trans 0.07302 | lle 0.00735 | geo 0.98845 | metric 0.00000 | r 0.2462 | R² 0.0308 | eta 07:33
[066] train loss 0.85806 | recon 0.84476 | kl 0.20742 | smooth 0.00000 | trans 0.08895 | lle 0.01100 | geo 1.27454 | metric 0.00000 | beta 0.000
      valid loss 2.24215 | recon 2.23157 | kl 0.23042 | smooth 0.00000 | trans 0.07300 | lle 0.00493 | geo 1.01689 | metric 0.00000 | r 0.2504 | R² 0.0459 | eta 07:27
[067] train loss 0.84488 | recon 0.83206 | kl 0.21044 | smooth 0.00000 | trans 0.08733 | lle 0.01198 | geo 1.22595 | metric 0.00000 | beta 0.000
      valid loss 2.26079 | recon 2.25018 | kl 0.25693 | smooth 0.00000 | trans 0.07301 | lle 0.00701 | geo 1.01761 | metric 0.00000 | r 0.2429 | R² 0.0262 | eta 07:22
[068] train loss 0.86838 | recon 0.85502 | kl 0.21456 | smooth 0.00000 | trans 0.09049 | lle 0.01237 | geo 1.27871 | metric 0.00000 | beta 0.000
      valid loss 2.26034 | recon 2.24955 | kl 0.23964 | smooth 0.00000 | trans 0.07300 | lle 0.00480 | geo 1.03786 | metric 0.00000 | r 0.2141 | R² 0.0226 | eta 07:16
[069] train loss 0.84265 | recon 0.83013 | kl 0.21620 | smooth 0.00000 | trans 0.08962 | lle 0.01207 | geo 1.19499 | metric 0.00000 | beta 0.000
      valid loss 2.29589 | recon 2.28452 | kl 0.28630 | smooth 0.00000 | trans 0.07303 | lle 0.00410 | geo 1.09600 | metric 0.00000 | r 0.2290 | R² 0.0156 | eta 07:11
[070] train loss 0.85802 | recon 0.84460 | kl 0.23080 | smooth 0.00000 | trans 0.09191 | lle 0.01050 | geo 1.28578 | metric 0.00000 | beta 0.000
      valid loss 2.27984 | recon 2.26820 | kl 0.27259 | smooth 0.00000 | trans 0.07303 | lle 0.00697 | geo 1.12049 | metric 0.00000 | r 0.2264 | R² 0.0178 | eta 07:05
[071] train loss 0.86425 | recon 0.85031 | kl 0.22534 | smooth 0.00000 | trans 0.09770 | lle 0.01168 | geo 1.33317 | metric 0.00000 | beta 0.000
      valid loss 2.29205 | recon 2.28016 | kl 0.28847 | smooth 0.00000 | trans 0.07301 | lle 0.01134 | geo 1.14137 | metric 0.00000 | r 0.2191 | R² 0.0069 | eta 07:00
[072] train loss 0.84553 | recon 0.83206 | kl 0.22666 | smooth 0.00000 | trans 0.08907 | lle 0.01292 | geo 1.28969 | metric 0.00000 | beta 0.000
      valid loss 2.29005 | recon 2.27878 | kl 0.28247 | smooth 0.00000 | trans 0.07303 | lle 0.00861 | geo 1.08144 | metric 0.00000 | r 0.2152 | R² 0.0080 | eta 06:54
[073] train loss 0.83867 | recon 0.82477 | kl 0.22619 | smooth 0.00000 | trans 0.08695 | lle 0.01091 | geo 1.33600 | metric 0.00000 | beta 0.000
      valid loss 2.33582 | recon 2.32471 | kl 0.29973 | smooth 0.00000 | trans 0.07303 | lle 0.00785 | geo 1.06682 | metric 0.00000 | r 0.2269 | R² 0.0080 | eta 06:49
[074] train loss 0.83450 | recon 0.82123 | kl 0.23110 | smooth 0.00000 | trans 0.08916 | lle 0.01144 | geo 1.27043 | metric 0.00000 | beta 0.000
      valid loss 2.28709 | recon 2.27643 | kl 0.25402 | smooth 0.00000 | trans 0.07302 | lle 0.00716 | geo 1.02234 | metric 0.00000 | r 0.2307 | R² 0.0276 | eta 06:43
[075] train loss 0.84984 | recon 0.83589 | kl 0.24258 | smooth 0.00000 | trans 0.08884 | lle 0.01180 | geo 1.33859 | metric 0.00000 | beta 0.000
      valid loss 2.27984 | recon 2.26950 | kl 0.24463 | smooth 0.00000 | trans 0.07301 | lle 0.00579 | geo 0.99184 | metric 0.00000 | r 0.2317 | R² 0.0273 | eta 06:38
[076] train loss 0.84672 | recon 0.83365 | kl 0.23275 | smooth 0.00000 | trans 0.09104 | lle 0.01143 | geo 1.25052 | metric 0.00000 | beta 0.000
      valid loss 2.30732 | recon 2.29722 | kl 0.28062 | smooth 0.00000 | trans 0.07303 | lle 0.00817 | geo 0.96586 | metric 0.00000 | r 0.2317 | R² 0.0240 | eta 06:32
[077] train loss 0.83052 | recon 0.81708 | kl 0.24002 | smooth 0.00000 | trans 0.08816 | lle 0.01377 | geo 1.28668 | metric 0.00000 | beta 0.000
      valid loss 2.28932 | recon 2.27885 | kl 0.26582 | smooth 0.00000 | trans 0.07301 | lle 0.00685 | geo 1.00278 | metric 0.00000 | r 0.2416 | R² 0.0230 | eta 06:27
[078] train loss 0.81568 | recon 0.80226 | kl 0.24531 | smooth 0.00000 | trans 0.08725 | lle 0.01290 | geo 1.28545 | metric 0.00000 | beta 0.000
      valid loss 2.32788 | recon 2.31678 | kl 0.31042 | smooth 0.00000 | trans 0.07304 | lle 0.00857 | geo 1.06508 | metric 0.00000 | r 0.2284 | R² 0.0091 | eta 06:21
[079] train loss 0.81133 | recon 0.79791 | kl 0.24666 | smooth 0.00000 | trans 0.08597 | lle 0.01342 | geo 1.28519 | metric 0.00000 | beta 0.000
      valid loss 2.25627 | recon 2.24522 | kl 0.24434 | smooth 0.00000 | trans 0.07300 | lle 0.00629 | geo 1.06179 | metric 0.00000 | r 0.2315 | R² 0.0244 | eta 06:16
[080] train loss 0.81848 | recon 0.80514 | kl 0.24647 | smooth 0.00000 | trans 0.08827 | lle 0.01390 | geo 1.27546 | metric 0.00000 | beta 0.000
      valid loss 2.28800 | recon 2.27728 | kl 0.29850 | smooth 0.00000 | trans 0.07302 | lle 0.01063 | geo 1.02513 | metric 0.00000 | r 0.2242 | R² 0.0157 | eta 06:10
[081] train loss 0.81551 | recon 0.80163 | kl 0.25596 | smooth 0.00000 | trans 0.08890 | lle 0.01477 | geo 1.32878 | metric 0.00000 | beta 0.000
      valid loss 2.25994 | recon 2.24914 | kl 0.24741 | smooth 0.00000 | trans 0.07299 | lle 0.00587 | geo 1.03779 | metric 0.00000 | r 0.2522 | R² 0.0390 | eta 06:05
[082] train loss 0.81103 | recon 0.79754 | kl 0.25811 | smooth 0.00000 | trans 0.09053 | lle 0.01414 | geo 1.28971 | metric 0.00000 | beta 0.000
      valid loss 2.26455 | recon 2.25335 | kl 0.26905 | smooth 0.00000 | trans 0.07299 | lle 0.00714 | geo 1.07634 | metric 0.00000 | r 0.2443 | R² 0.0351 | eta 06:00
[083] train loss 0.82549 | recon 0.81191 | kl 0.25733 | smooth 0.00000 | trans 0.08878 | lle 0.01542 | geo 1.29879 | metric 0.00000 | beta 0.000
      valid loss 2.25569 | recon 2.24493 | kl 0.23774 | smooth 0.00000 | trans 0.07297 | lle 0.00690 | geo 1.03272 | metric 0.00000 | r 0.2428 | R² 0.0345 | eta 05:54
[084] train loss 0.80688 | recon 0.79293 | kl 0.25466 | smooth 0.00000 | trans 0.08678 | lle 0.01418 | geo 1.33763 | metric 0.00000 | beta 0.000
      valid loss 2.28168 | recon 2.27063 | kl 0.28230 | smooth 0.00000 | trans 0.07300 | lle 0.00967 | geo 1.05911 | metric 0.00000 | r 0.2367 | R² 0.0249 | eta 05:49
[085] train loss 0.80491 | recon 0.79025 | kl 0.27019 | smooth 0.00000 | trans 0.09027 | lle 0.01507 | geo 1.40541 | metric 0.00000 | beta 0.000
      valid loss 2.27225 | recon 2.26191 | kl 0.26171 | smooth 0.00000 | trans 0.07298 | lle 0.00687 | geo 0.99088 | metric 0.00000 | r 0.2532 | R² 0.0365 | eta 05:43
[086] train loss 0.79330 | recon 0.77989 | kl 0.26604 | smooth 0.00000 | trans 0.08734 | lle 0.01405 | geo 1.28329 | metric 0.00000 | beta 0.000
      valid loss 2.27453 | recon 2.26327 | kl 0.30937 | smooth 0.00000 | trans 0.07300 | lle 0.00562 | geo 1.08426 | metric 0.00000 | r 0.2386 | R² 0.0095 | eta 05:38
[087] train loss 0.81073 | recon 0.79670 | kl 0.27680 | smooth 0.00000 | trans 0.08685 | lle 0.01616 | geo 1.34388 | metric 0.00000 | beta 0.000
      valid loss 2.25330 | recon 2.24335 | kl 0.26782 | smooth 0.00000 | trans 0.07297 | lle 0.00806 | geo 0.94977 | metric 0.00000 | r 0.2504 | R² 0.0306 | eta 05:33
[088] train loss 0.79850 | recon 0.78460 | kl 0.27365 | smooth 0.00000 | trans 0.08659 | lle 0.01695 | geo 1.32989 | metric 0.00000 | beta 0.000
      valid loss 2.25048 | recon 2.24048 | kl 0.29418 | smooth 0.00000 | trans 0.07297 | lle 0.00619 | geo 0.95693 | metric 0.00000 | r 0.2406 | R² 0.0319 | eta 05:27
[089] train loss 0.79916 | recon 0.78549 | kl 0.27894 | smooth 0.00000 | trans 0.08676 | lle 0.01454 | geo 1.30928 | metric 0.00000 | beta 0.000
      valid loss 2.26130 | recon 2.25168 | kl 0.28383 | smooth 0.00000 | trans 0.07298 | lle 0.00518 | geo 0.91969 | metric 0.00000 | r 0.2538 | R² 0.0298 | eta 05:22
[090] train loss 0.78368 | recon 0.77023 | kl 0.27120 | smooth 0.00000 | trans 0.08763 | lle 0.01386 | geo 1.28698 | metric 0.00000 | beta 0.000
      valid loss 2.28814 | recon 2.27788 | kl 0.30122 | smooth 0.00000 | trans 0.07300 | lle 0.00764 | geo 0.98192 | metric 0.00000 | r 0.2149 | R² 0.0089 | eta 05:17
[091] train loss 0.79439 | recon 0.78061 | kl 0.28848 | smooth 0.00000 | trans 0.08995 | lle 0.01660 | geo 1.31662 | metric 0.00000 | beta 0.000
      valid loss 2.27785 | recon 2.26655 | kl 0.32391 | smooth 0.00000 | trans 0.07300 | lle 0.00965 | geo 1.08452 | metric 0.00000 | r 0.2133 | R² -0.0094 | eta 05:11
[092] train loss 0.81370 | recon 0.79853 | kl 0.28524 | smooth 0.00000 | trans 0.08973 | lle 0.01486 | geo 1.45704 | metric 0.00000 | beta 0.000
      valid loss 2.28234 | recon 2.27137 | kl 0.32877 | smooth 0.00000 | trans 0.07300 | lle 0.00999 | geo 1.05082 | metric 0.00000 | r 0.2005 | R² -0.0220 | eta 05:06
[093] train loss 0.78451 | recon 0.76976 | kl 0.29117 | smooth 0.00000 | trans 0.08620 | lle 0.01543 | geo 1.41684 | metric 0.00000 | beta 0.000
      valid loss 2.28990 | recon 2.27880 | kl 0.33105 | smooth 0.00000 | trans 0.07302 | lle 0.00822 | geo 1.06487 | metric 0.00000 | r 0.2217 | R² 0.0030 | eta 05:01
[094] train loss 0.78351 | recon 0.76985 | kl 0.28748 | smooth 0.00000 | trans 0.08758 | lle 0.01797 | geo 1.30466 | metric 0.00000 | beta 0.000
      valid loss 2.28788 | recon 2.27651 | kl 0.33563 | smooth 0.00000 | trans 0.07300 | lle 0.00670 | geo 1.09405 | metric 0.00000 | r 0.2078 | R² -0.0164 | eta 04:55
[095] train loss 0.77618 | recon 0.76246 | kl 0.29306 | smooth 0.00000 | trans 0.08598 | lle 0.01675 | geo 1.31260 | metric 0.00000 | beta 0.000
      valid loss 2.29182 | recon 2.28124 | kl 0.32784 | smooth 0.00000 | trans 0.07301 | lle 0.00715 | geo 1.01455 | metric 0.00000 | r 0.2027 | R² -0.0148 | eta 04:50
[096] train loss 0.77830 | recon 0.76412 | kl 0.30340 | smooth 0.00000 | trans 0.08711 | lle 0.01707 | geo 1.35754 | metric 0.00000 | beta 0.000
      valid loss 2.29597 | recon 2.28553 | kl 0.32650 | smooth 0.00000 | trans 0.07302 | lle 0.00849 | geo 0.99859 | metric 0.00000 | r 0.2007 | R² -0.0157 | eta 04:45
[097] train loss 0.77550 | recon 0.76092 | kl 0.30520 | smooth 0.00000 | trans 0.09046 | lle 0.01723 | geo 1.39606 | metric 0.00000 | beta 0.000
      valid loss 2.29311 | recon 2.28221 | kl 0.35031 | smooth 0.00000 | trans 0.07301 | lle 0.00872 | geo 1.04490 | metric 0.00000 | r 0.2299 | R² -0.0171 | eta 04:39
[098] train loss 0.77915 | recon 0.76476 | kl 0.31196 | smooth 0.00000 | trans 0.08705 | lle 0.01758 | geo 1.37805 | metric 0.00000 | beta 0.000
      valid loss 2.27696 | recon 2.26555 | kl 0.34124 | smooth 0.00000 | trans 0.07300 | lle 0.01086 | geo 1.09379 | metric 0.00000 | r 0.2125 | R² -0.0129 | eta 04:34
[099] train loss 0.77649 | recon 0.76183 | kl 0.31509 | smooth 0.00000 | trans 0.08772 | lle 0.01627 | geo 1.40549 | metric 0.00000 | beta 0.000
      valid loss 2.27802 | recon 2.26741 | kl 0.34771 | smooth 0.00000 | trans 0.07301 | lle 0.01042 | geo 1.01457 | metric 0.00000 | r 0.2094 | R² -0.0178 | eta 04:29
[100] train loss 0.77314 | recon 0.75885 | kl 0.30960 | smooth 0.00000 | trans 0.08696 | lle 0.01903 | geo 1.36723 | metric 0.00000 | beta 0.000
      valid loss 2.28727 | recon 2.27727 | kl 0.34064 | smooth 0.00000 | trans 0.07303 | lle 0.00722 | geo 0.95587 | metric 0.00000 | r 0.2107 | R² -0.0167 | eta 04:23
[101] train loss 0.77473 | recon 0.76012 | kl 0.30978 | smooth 0.00000 | trans 0.09843 | lle 0.01777 | geo 1.39485 | metric 0.00000 | beta 0.000
      valid loss 2.30224 | recon 2.29065 | kl 0.35135 | smooth 0.00000 | trans 0.07301 | lle 0.00962 | geo 1.11335 | metric 0.00000 | r 0.2019 | R² -0.0414 | eta 04:18
[102] train loss 0.77754 | recon 0.76229 | kl 0.32715 | smooth 0.00000 | trans 0.08707 | lle 0.01890 | geo 1.46310 | metric 0.00000 | beta 0.000
      valid loss 2.31305 | recon 2.30146 | kl 0.38429 | smooth 0.00000 | trans 0.07301 | lle 0.00983 | geo 1.11318 | metric 0.00000 | r 0.2063 | R² -0.0378 | eta 04:13
[103] train loss 0.77170 | recon 0.75703 | kl 0.31484 | smooth 0.00000 | trans 0.08622 | lle 0.01959 | geo 1.40488 | metric 0.00000 | beta 0.000
      valid loss 2.31278 | recon 2.30228 | kl 0.35273 | smooth 0.00000 | trans 0.07301 | lle 0.00546 | geo 1.00851 | metric 0.00000 | r 0.1722 | R² -0.0545 | eta 04:07
[104] train loss 0.76552 | recon 0.75161 | kl 0.32462 | smooth 0.00000 | trans 0.08719 | lle 0.01807 | geo 1.32991 | metric 0.00000 | beta 0.000
      valid loss 2.31245 | recon 2.30140 | kl 0.36557 | smooth 0.00000 | trans 0.07301 | lle 0.00851 | geo 1.05972 | metric 0.00000 | r 0.1990 | R² -0.0548 | eta 04:02
[105] train loss 0.76695 | recon 0.75345 | kl 0.33140 | smooth 0.00000 | trans 0.09614 | lle 0.01786 | geo 1.28410 | metric 0.00000 | beta 0.000
      valid loss 2.27378 | recon 2.26322 | kl 0.36042 | smooth 0.00000 | trans 0.07298 | lle 0.00951 | geo 1.00982 | metric 0.00000 | r 0.2206 | R² -0.0148 | eta 03:57
[106] train loss 0.76948 | recon 0.75472 | kl 0.33305 | smooth 0.00000 | trans 0.08860 | lle 0.01820 | geo 1.41316 | metric 0.00000 | beta 0.000
      valid loss 2.30621 | recon 2.29506 | kl 0.35946 | smooth 0.00000 | trans 0.07300 | lle 0.00848 | geo 1.07007 | metric 0.00000 | r 0.2008 | R² -0.0461 | eta 03:51
[107] train loss 0.75058 | recon 0.73608 | kl 0.34890 | smooth 0.00000 | trans 0.08588 | lle 0.02093 | geo 1.38530 | metric 0.00000 | beta 0.000
      valid loss 2.28874 | recon 2.27796 | kl 0.36984 | smooth 0.00000 | trans 0.07298 | lle 0.00805 | geo 1.03283 | metric 0.00000 | r 0.2067 | R² -0.0297 | eta 03:46
[108] train loss 0.75310 | recon 0.73833 | kl 0.35308 | smooth 0.00000 | trans 0.08941 | lle 0.02144 | geo 1.41088 | metric 0.00000 | beta 0.000
      valid loss 2.27850 | recon 2.26741 | kl 0.34670 | smooth 0.00000 | trans 0.07298 | lle 0.01391 | geo 1.05866 | metric 0.00000 | r 0.2100 | R² -0.0177 | eta 03:41
[109] train loss 0.75755 | recon 0.74242 | kl 0.35324 | smooth 0.00000 | trans 0.08784 | lle 0.02049 | geo 1.44873 | metric 0.00000 | beta 0.000
      valid loss 2.32713 | recon 2.31557 | kl 0.40868 | smooth 0.00000 | trans 0.07301 | lle 0.00869 | geo 1.11082 | metric 0.00000 | r 0.1899 | R² -0.0534 | eta 03:35
[110] train loss 0.75131 | recon 0.73717 | kl 0.34058 | smooth 0.00000 | trans 0.08637 | lle 0.01840 | geo 1.35319 | metric 0.00000 | beta 0.000
      valid loss 2.27689 | recon 2.26663 | kl 0.35384 | smooth 0.00000 | trans 0.07296 | lle 0.00762 | geo 0.98218 | metric 0.00000 | r 0.2203 | R² -0.0163 | eta 03:30
[111] train loss 0.76192 | recon 0.74740 | kl 0.35045 | smooth 0.00000 | trans 0.09613 | lle 0.02010 | geo 1.38375 | metric 0.00000 | beta 0.000
      valid loss 2.30563 | recon 2.29376 | kl 0.37458 | smooth 0.00000 | trans 0.07298 | lle 0.01476 | geo 1.13650 | metric 0.00000 | r 0.1922 | R² -0.0396 | eta 03:25
[112] train loss 0.74636 | recon 0.73280 | kl 0.33650 | smooth 0.00000 | trans 0.08578 | lle 0.02063 | geo 1.29224 | metric 0.00000 | beta 0.000
      valid loss 2.30579 | recon 2.29551 | kl 0.35641 | smooth 0.00000 | trans 0.07300 | lle 0.00784 | geo 0.98343 | metric 0.00000 | r 0.1740 | R² -0.0569 | eta 03:19
[113] train loss 0.74533 | recon 0.73102 | kl 0.34631 | smooth 0.00000 | trans 0.08624 | lle 0.02206 | geo 1.36558 | metric 0.00000 | beta 0.000
      valid loss 2.34245 | recon 2.33153 | kl 0.40583 | smooth 0.00000 | trans 0.07305 | lle 0.01207 | geo 1.04266 | metric 0.00000 | r 0.1830 | R² -0.0609 | eta 03:14
[114] train loss 0.74271 | recon 0.72870 | kl 0.35257 | smooth 0.00000 | trans 0.09027 | lle 0.02131 | geo 1.33475 | metric 0.00000 | beta 0.000
      valid loss 2.28422 | recon 2.27382 | kl 0.37993 | smooth 0.00000 | trans 0.07297 | lle 0.01529 | geo 0.98838 | metric 0.00000 | r 0.2195 | R² -0.0309 | eta 03:09
[115] train loss 0.74595 | recon 0.73022 | kl 0.35445 | smooth 0.00000 | trans 0.08635 | lle 0.01927 | geo 1.51009 | metric 0.00000 | beta 0.000
      valid loss 2.34778 | recon 2.33686 | kl 0.41480 | smooth 0.00000 | trans 0.07302 | lle 0.00780 | geo 1.04722 | metric 0.00000 | r 0.1851 | R² -0.0707 | eta 03:04
[116] train loss 0.74420 | recon 0.73055 | kl 0.35986 | smooth 0.00000 | trans 0.08761 | lle 0.02387 | geo 1.29747 | metric 0.00000 | beta 0.000
      valid loss 2.29154 | recon 2.28128 | kl 0.37788 | smooth 0.00000 | trans 0.07300 | lle 0.01320 | geo 0.97706 | metric 0.00000 | r 0.2114 | R² -0.0237 | eta 02:58
[117] train loss 0.73682 | recon 0.72209 | kl 0.35796 | smooth 0.00000 | trans 0.08581 | lle 0.01962 | geo 1.41016 | metric 0.00000 | beta 0.000
      valid loss 2.29484 | recon 2.28426 | kl 0.37715 | smooth 0.00000 | trans 0.07296 | lle 0.01222 | geo 1.00921 | metric 0.00000 | r 0.2212 | R² -0.0117 | eta 02:53
[118] train loss 0.73356 | recon 0.71920 | kl 0.35526 | smooth 0.00000 | trans 0.08702 | lle 0.02041 | geo 1.37205 | metric 0.00000 | beta 0.000
      valid loss 2.27854 | recon 2.26872 | kl 0.36433 | smooth 0.00000 | trans 0.07297 | lle 0.00821 | geo 0.93742 | metric 0.00000 | r 0.2123 | R² -0.0048 | eta 02:48
[119] train loss 0.73949 | recon 0.72596 | kl 0.36176 | smooth 0.00000 | trans 0.08885 | lle 0.02119 | geo 1.28694 | metric 0.00000 | beta 0.000
      valid loss 2.35308 | recon 2.34190 | kl 0.42489 | smooth 0.00000 | trans 0.07301 | lle 0.00930 | geo 1.07246 | metric 0.00000 | r 0.2108 | R² -0.0468 | eta 02:42
[120] train loss 0.77203 | recon 0.75647 | kl 0.37735 | smooth 0.00000 | trans 0.09100 | lle 0.02288 | geo 1.48761 | metric 0.00000 | beta 0.000
      valid loss 2.30691 | recon 2.29578 | kl 0.34555 | smooth 0.00000 | trans 0.07302 | lle 0.00821 | geo 1.06843 | metric 0.00000 | r 0.1702 | R² -0.0691 | eta 02:37
[121] train loss 0.73225 | recon 0.71869 | kl 0.36485 | smooth 0.00000 | trans 0.08595 | lle 0.01910 | geo 1.29415 | metric 0.00000 | beta 0.000
      valid loss 2.31884 | recon 2.30792 | kl 0.39379 | smooth 0.00000 | trans 0.07305 | lle 0.01012 | geo 1.04565 | metric 0.00000 | r 0.2257 | R² -0.0192 | eta 02:32
[122] train loss 0.73770 | recon 0.72253 | kl 0.38190 | smooth 0.00000 | trans 0.09212 | lle 0.02056 | geo 1.45067 | metric 0.00000 | beta 0.000
      valid loss 2.31741 | recon 2.30606 | kl 0.40467 | smooth 0.00000 | trans 0.07305 | lle 0.01186 | geo 1.08645 | metric 0.00000 | r 0.1936 | R² -0.0527 | eta 02:27
[123] train loss 0.71792 | recon 0.70384 | kl 0.38092 | smooth 0.00000 | trans 0.08564 | lle 0.02328 | geo 1.34226 | metric 0.00000 | beta 0.000
      valid loss 2.31981 | recon 2.30851 | kl 0.43497 | smooth 0.00000 | trans 0.07300 | lle 0.00804 | geo 1.08476 | metric 0.00000 | r 0.2080 | R² -0.0339 | eta 02:21
[124] train loss 0.72529 | recon 0.70996 | kl 0.37926 | smooth 0.00000 | trans 0.08639 | lle 0.02010 | geo 1.46900 | metric 0.00000 | beta 0.000
      valid loss 2.36020 | recon 2.34822 | kl 0.45600 | smooth 0.00000 | trans 0.07304 | lle 0.01378 | geo 1.14825 | metric 0.00000 | r 0.2043 | R² -0.0504 | eta 02:16
[125] train loss 0.72277 | recon 0.70827 | kl 0.38170 | smooth 0.00000 | trans 0.08702 | lle 0.02166 | geo 1.38510 | metric 0.00000 | beta 0.000
      valid loss 2.36854 | recon 2.35677 | kl 0.46563 | smooth 0.00000 | trans 0.07302 | lle 0.01440 | geo 1.12606 | metric 0.00000 | r 0.2147 | R² -0.0402 | eta 02:11
[126] train loss 0.71781 | recon 0.70362 | kl 0.39881 | smooth 0.00000 | trans 0.08610 | lle 0.02664 | geo 1.34964 | metric 0.00000 | beta 0.000
      valid loss 2.32192 | recon 2.31122 | kl 0.41783 | smooth 0.00000 | trans 0.07302 | lle 0.00900 | geo 1.02483 | metric 0.00000 | r 0.2028 | R² -0.0295 | eta 02:06
[127] train loss 0.71042 | recon 0.69493 | kl 0.40781 | smooth 0.00000 | trans 0.08574 | lle 0.02498 | geo 1.48164 | metric 0.00000 | beta 0.000
      valid loss 2.32457 | recon 2.31331 | kl 0.45949 | smooth 0.00000 | trans 0.07300 | lle 0.01007 | geo 1.07989 | metric 0.00000 | r 0.2148 | R² -0.0285 | eta 02:00
[128] train loss 0.70679 | recon 0.69344 | kl 0.38558 | smooth 0.00000 | trans 0.08552 | lle 0.02415 | geo 1.26755 | metric 0.00000 | beta 0.000
      valid loss 2.37170 | recon 2.36042 | kl 0.45334 | smooth 0.00000 | trans 0.07303 | lle 0.01258 | geo 1.07814 | metric 0.00000 | r 0.1937 | R² -0.0545 | eta 01:55
[129] train loss 0.72345 | recon 0.70869 | kl 0.40421 | smooth 0.00000 | trans 0.08856 | lle 0.02194 | geo 1.41027 | metric 0.00000 | beta 0.000
      valid loss 2.31054 | recon 2.29957 | kl 0.45138 | smooth 0.00000 | trans 0.07298 | lle 0.01219 | geo 1.04839 | metric 0.00000 | r 0.2087 | R² -0.0468 | eta 01:50
[130] train loss 0.72337 | recon 0.70901 | kl 0.39950 | smooth 0.00000 | trans 0.08681 | lle 0.02469 | geo 1.36815 | metric 0.00000 | beta 0.000
      valid loss 2.34656 | recon 2.33589 | kl 0.44687 | smooth 0.00000 | trans 0.07301 | lle 0.01190 | geo 1.01815 | metric 0.00000 | r 0.1998 | R² -0.0513 | eta 01:45
[131] train loss 0.71232 | recon 0.69853 | kl 0.40361 | smooth 0.00000 | trans 0.08719 | lle 0.02606 | geo 1.30897 | metric 0.00000 | beta 0.000
      valid loss 2.35666 | recon 2.34594 | kl 0.46124 | smooth 0.00000 | trans 0.07302 | lle 0.01021 | geo 1.02546 | metric 0.00000 | r 0.1957 | R² -0.0562 | eta 01:39
[132] train loss 0.70633 | recon 0.69132 | kl 0.41322 | smooth 0.00000 | trans 0.08587 | lle 0.02445 | geo 1.43344 | metric 0.00000 | beta 0.000
      valid loss 2.31784 | recon 2.30653 | kl 0.44751 | smooth 0.00000 | trans 0.07298 | lle 0.01506 | geo 1.07909 | metric 0.00000 | r 0.2049 | R² -0.0643 | eta 01:34
[133] train loss 0.70556 | recon 0.69129 | kl 0.41634 | smooth 0.00000 | trans 0.08623 | lle 0.02670 | geo 1.35664 | metric 0.00000 | beta 0.000
      valid loss 2.34619 | recon 2.33495 | kl 0.45230 | smooth 0.00000 | trans 0.07301 | lle 0.01298 | geo 1.07446 | metric 0.00000 | r 0.2029 | R² -0.0491 | eta 01:29
[134] train loss 0.70126 | recon 0.68694 | kl 0.41571 | smooth 0.00000 | trans 0.08663 | lle 0.02220 | geo 1.36590 | metric 0.00000 | beta 0.000
      valid loss 2.33559 | recon 2.32425 | kl 0.47032 | smooth 0.00000 | trans 0.07302 | lle 0.01466 | geo 1.08268 | metric 0.00000 | r 0.2007 | R² -0.0587 | eta 01:24
[135] train loss 0.71613 | recon 0.70136 | kl 0.42512 | smooth 0.00000 | trans 0.09560 | lle 0.02554 | geo 1.40339 | metric 0.00000 | beta 0.000
      valid loss 2.32463 | recon 2.31428 | kl 0.45552 | smooth 0.00000 | trans 0.07301 | lle 0.01042 | geo 0.98798 | metric 0.00000 | r 0.2063 | R² -0.0518 | eta 01:18
[136] train loss 0.71278 | recon 0.69821 | kl 0.42265 | smooth 0.00000 | trans 0.08733 | lle 0.02386 | geo 1.38918 | metric 0.00000 | beta 0.000
      valid loss 2.30263 | recon 2.29146 | kl 0.45016 | smooth 0.00000 | trans 0.07300 | lle 0.01358 | geo 1.06723 | metric 0.00000 | r 0.2274 | R² -0.0244 | eta 01:13
[137] train loss 0.71236 | recon 0.69856 | kl 0.42903 | smooth 0.00000 | trans 0.09179 | lle 0.02346 | geo 1.31105 | metric 0.00000 | beta 0.000
      valid loss 2.29044 | recon 2.27898 | kl 0.42538 | smooth 0.00000 | trans 0.07297 | lle 0.01135 | geo 1.09795 | metric 0.00000 | r 0.2214 | R² -0.0270 | eta 01:08
[138] train loss 0.70493 | recon 0.69069 | kl 0.43217 | smooth 0.00000 | trans 0.08564 | lle 0.02390 | geo 1.35674 | metric 0.00000 | beta 0.000
      valid loss 2.31000 | recon 2.29841 | kl 0.47140 | smooth 0.00000 | trans 0.07298 | lle 0.01395 | geo 1.10866 | metric 0.00000 | r 0.1618 | R² -0.0982 | eta 01:03
[139] train loss 0.72364 | recon 0.71013 | kl 0.40671 | smooth 0.00000 | trans 0.09021 | lle 0.02534 | geo 1.28020 | metric 0.00000 | beta 0.000
      valid loss 2.42600 | recon 2.41419 | kl 0.52217 | smooth 0.00000 | trans 0.07308 | lle 0.01554 | geo 1.12866 | metric 0.00000 | r 0.1418 | R² -0.1674 | eta 00:57
[140] train loss 0.70702 | recon 0.69330 | kl 0.43069 | smooth 0.00000 | trans 0.08569 | lle 0.02752 | geo 1.30090 | metric 0.00000 | beta 0.000
      valid loss 2.29915 | recon 2.28760 | kl 0.49965 | smooth 0.00000 | trans 0.07297 | lle 0.01570 | geo 1.10321 | metric 0.00000 | r 0.1728 | R² -0.0925 | eta 00:52
[141] train loss 0.72375 | recon 0.70956 | kl 0.42747 | smooth 0.00000 | trans 0.08742 | lle 0.02725 | geo 1.34813 | metric 0.00000 | beta 0.000
      valid loss 2.31806 | recon 2.30709 | kl 0.46260 | smooth 0.00000 | trans 0.07298 | lle 0.01384 | geo 1.04708 | metric 0.00000 | r 0.1693 | R² -0.0805 | eta 00:47
[142] train loss 0.70530 | recon 0.69211 | kl 0.42281 | smooth 0.00000 | trans 0.08791 | lle 0.02604 | geo 1.24912 | metric 0.00000 | beta 0.000
      valid loss 2.34588 | recon 2.33539 | kl 0.52708 | smooth 0.00000 | trans 0.07297 | lle 0.01306 | geo 0.99947 | metric 0.00000 | r 0.2051 | R² -0.0967 | eta 00:42
[143] train loss 0.72375 | recon 0.71007 | kl 0.43065 | smooth 0.00000 | trans 0.08695 | lle 0.02541 | geo 1.29879 | metric 0.00000 | beta 0.000
      valid loss 2.35132 | recon 2.33925 | kl 0.47452 | smooth 0.00000 | trans 0.07304 | lle 0.01826 | geo 1.15234 | metric 0.00000 | r 0.1689 | R² -0.1023 | eta 00:36
[144] train loss 0.71788 | recon 0.70371 | kl 0.42306 | smooth 0.00000 | trans 0.08667 | lle 0.02568 | geo 1.34799 | metric 0.00000 | beta 0.000
      valid loss 2.34220 | recon 2.33139 | kl 0.44634 | smooth 0.00000 | trans 0.07300 | lle 0.01479 | geo 1.03012 | metric 0.00000 | r 0.1655 | R² -0.0963 | eta 00:31
[145] train loss 0.70176 | recon 0.68784 | kl 0.43206 | smooth 0.00000 | trans 0.08585 | lle 0.02721 | geo 1.32186 | metric 0.00000 | beta 0.000
      valid loss 2.34280 | recon 2.33096 | kl 0.46518 | smooth 0.00000 | trans 0.07306 | lle 0.01355 | geo 1.13393 | metric 0.00000 | r 0.2078 | R² -0.0450 | eta 00:26
[146] train loss 0.70558 | recon 0.69058 | kl 0.44634 | smooth 0.00000 | trans 0.09356 | lle 0.02818 | geo 1.42537 | metric 0.00000 | beta 0.000
      valid loss 2.34512 | recon 2.33340 | kl 0.47362 | smooth 0.00000 | trans 0.07299 | lle 0.01257 | geo 1.12304 | metric 0.00000 | r 0.2010 | R² -0.0741 | eta 00:20
[147] train loss 0.70748 | recon 0.69254 | kl 0.45521 | smooth 0.00000 | trans 0.08785 | lle 0.02886 | geo 1.42161 | metric 0.00000 | beta 0.000
      valid loss 2.36657 | recon 2.35583 | kl 0.48521 | smooth 0.00000 | trans 0.07306 | lle 0.01798 | geo 1.01940 | metric 0.00000 | r 0.1932 | R² -0.0631 | eta 00:15
[148] train loss 0.70007 | recon 0.68594 | kl 0.44182 | smooth 0.00000 | trans 0.09087 | lle 0.02849 | geo 1.33909 | metric 0.00000 | beta 0.000
      valid loss 2.36817 | recon 2.35707 | kl 0.45242 | smooth 0.00000 | trans 0.07303 | lle 0.00978 | geo 1.06337 | metric 0.00000 | r 0.1888 | R² -0.0683 | eta 00:10
[149] train loss 0.69481 | recon 0.68010 | kl 0.45317 | smooth 0.00000 | trans 0.08977 | lle 0.03004 | geo 1.39642 | metric 0.00000 | beta 0.000
      valid loss 2.39972 | recon 2.38701 | kl 0.49880 | smooth 0.00000 | trans 0.07312 | lle 0.01349 | geo 1.22111 | metric 0.00000 | r 0.2068 | R² -0.0583 | eta 00:05
[150] train loss 0.69585 | recon 0.68210 | kl 0.44539 | smooth 0.00000 | trans 0.08618 | lle 0.02631 | geo 1.30572 | metric 0.00000 | beta 0.000
      valid loss 2.36309 | recon 2.35290 | kl 0.46264 | smooth 0.00000 | trans 0.07304 | lle 0.01176 | geo 0.97096 | metric 0.00000 | r 0.1901 | R² -0.0739 | eta 00:00
/home/4429/envs/odevae/lib/python3.11/site-packages/sklearn/manifold/_mds.py:754: FutureWarning: The default value of `init` will change from 'random' to 'classical_mds' in 1.10. To suppress this warning, provide some value of `init`.
  warnings.warn(
/home/4429/envs/odevae/lib/python3.11/site-packages/sklearn/manifold/_mds.py:771: FutureWarning: The `dissimilarity` parameter is deprecated and will be removed in 1.10. Use `metric` instead.
  warnings.warn(
      wrote /home/4429/projects/Neural_VAE_ODE/runs/2026-05-27_192417_6960335/latent_manifold_mds.png
done.
experts.0.0.bias 0.15732528269290924
experts.0.2.bias -0.024750877171754837
experts.0.4.bias 0.002179898088797927
experts.1.0.bias 0.13887204229831696
experts.1.2.bias -0.02533406764268875
experts.1.4.bias 0.002730234758928418
experts.2.0.bias 0.14743539690971375
experts.2.2.bias -0.03369472175836563
experts.2.4.bias 0.0022124899551272392
experts.3.0.bias 0.19242054224014282
experts.3.2.bias -0.015914903953671455
experts.3.4.bias 0.001823218772187829
experts.4.0.bias 0.16278275847434998
experts.4.2.bias -0.03076435998082161
experts.4.4.bias 0.0005332829314284027
experts.5.0.bias 0.1262454241514206
experts.5.2.bias -0.027724452316761017
experts.5.4.bias 0.0025602690875530243
experts.6.0.bias 0.13260546326637268
experts.6.2.bias -0.027128085494041443
experts.6.4.bias 0.002165095880627632
experts.7.0.bias 0.16331800818443298
experts.7.2.bias -0.032077811658382416
experts.7.4.bias 0.0013561664381995797
Saved run metadata → /home/4429/projects/Neural_VAE_ODE/runs/2026-05-27_192417_6960335/run_metadata.json
Final r: 0.1901
Final R²: -0.0739
Results logged to /home/4429/projects/Neural_VAE_ODE/src/training_results.txt
Exception ignored in: Exception ignored in sys.unraisablehook