Running script: v6_neural_vae.py
Loading configuration from /home/4429/projects/Neural_VAE_ODE/runs/2026-05-27_195251_81f7249/config.txt
Device: cuda
Train-std neuron filter: removed 4 train-silent neurons; kept 353 neurons (threshold=1e-07).
MIND split: train trials=163 | test trials=17
MIND neuron filter: removed 18 silent neurons; kept 357 active neurons.
Sequence alignment: position (Position); coordinate range 0.000-1.000
Model type: manifold_ae
[001] train loss 0.01165 | recon 0.01145 | kl 0.00278 | smooth 0.00000 | trans 0.00007 | lle 0.00000 | geo 0.58139 | metric 0.00000 | beta 0.000
      valid loss 0.01041 | recon 0.01019 | kl 0.00208 | smooth 0.00000 | trans 0.00005 | lle 0.00000 | geo 0.65531 | metric 0.00000 | r 0.1775 | R² 0.0301 | eta 01:22
      saved best checkpoint -> /home/4429/projects/Neural_VAE_ODE/runs/2026-05-27_195251_81f7249/ode_vae_best.pt
[002] train loss 0.01181 | recon 0.01141 | kl 0.00176 | smooth 0.00000 | trans 0.00007 | lle 0.00000 | geo 0.60976 | metric 0.00000 | beta 0.000
      valid loss 0.01063 | recon 0.01016 | kl 0.00155 | smooth 0.00000 | trans 0.00005 | lle 0.00000 | geo 0.70937 | metric 0.00000 | r 0.1809 | R² 0.0326 | eta 01:34
[003] train loss 0.01217 | recon 0.01143 | kl 0.00148 | smooth 0.00000 | trans 0.00007 | lle 0.00000 | geo 0.73824 | metric 0.00000 | beta 0.000
      valid loss 0.01087 | recon 0.01011 | kl 0.00139 | smooth 0.00000 | trans 0.00005 | lle 0.00000 | geo 0.75560 | metric 0.00000 | r 0.1793 | R² 0.0321 | eta 01:25
[004] train loss 0.01261 | recon 0.01139 | kl 0.00132 | smooth 0.00000 | trans 0.00007 | lle 0.00000 | geo 0.91725 | metric 0.00000 | beta 0.000
      valid loss 0.01124 | recon 0.01015 | kl 0.00128 | smooth 0.00000 | trans 0.00005 | lle 0.00000 | geo 0.82213 | metric 0.00000 | r 0.1829 | R² 0.0330 | eta 01:21
[005] train loss 0.01284 | recon 0.01133 | kl 0.00125 | smooth 0.00000 | trans 0.00007 | lle 0.00000 | geo 0.90344 | metric 0.00000 | beta 0.000
      valid loss 0.01145 | recon 0.01013 | kl 0.00121 | smooth 0.00000 | trans 0.00005 | lle 0.00000 | geo 0.79291 | metric 0.00000 | r 0.1830 | R² 0.0335 | eta 01:17
[006] train loss 0.01308 | recon 0.01133 | kl 0.00119 | smooth 0.00000 | trans 0.00007 | lle 0.00000 | geo 0.87425 | metric 0.00000 | beta 0.000
      valid loss 0.01140 | recon 0.01012 | kl 0.00117 | smooth 0.00000 | trans 0.00005 | lle 0.00000 | geo 0.64256 | metric 0.00000 | r 0.1893 | R² 0.0357 | eta 01:15
[007] train loss 0.01387 | recon 0.01133 | kl 0.00114 | smooth 0.00000 | trans 0.00007 | lle 0.00000 | geo 1.08946 | metric 0.00000 | beta 0.000
      valid loss 0.01162 | recon 0.01013 | kl 0.00112 | smooth 0.00000 | trans 0.00005 | lle 0.00000 | geo 0.64164 | metric 0.00000 | r 0.1842 | R² 0.0337 | eta 01:13
[008] train loss 0.01394 | recon 0.01136 | kl 0.00110 | smooth 0.00000 | trans 0.00007 | lle 0.00000 | geo 0.96660 | metric 0.00000 | beta 0.000
      valid loss 0.01185 | recon 0.01014 | kl 0.00108 | smooth 0.00000 | trans 0.00005 | lle 0.00000 | geo 0.64177 | metric 0.00000 | r 0.1785 | R² 0.0317 | eta 01:11
[009] train loss 0.01411 | recon 0.01121 | kl 0.00107 | smooth 0.00000 | trans 0.00007 | lle 0.00000 | geo 0.96537 | metric 0.00000 | beta 0.000
      valid loss 0.01186 | recon 0.01013 | kl 0.00107 | smooth 0.00000 | trans 0.00005 | lle 0.00000 | geo 0.57411 | metric 0.00000 | r 0.1850 | R² 0.0339 | eta 01:09
[010] train loss 0.01599 | recon 0.01135 | kl 0.00105 | smooth 0.00000 | trans 0.00007 | lle 0.00000 | geo 1.39268 | metric 0.00000 | beta 0.000
      valid loss 0.01287 | recon 0.01012 | kl 0.00104 | smooth 0.00000 | trans 0.00005 | lle 0.00000 | geo 0.82344 | metric 0.00000 | r 0.1830 | R² 0.0334 | eta 01:07
[011] train loss 0.01581 | recon 0.01141 | kl 0.00106 | smooth 0.00000 | trans 0.00007 | lle 0.00000 | geo 1.19866 | metric 0.00000 | beta 0.000
      valid loss 0.01312 | recon 0.01013 | kl 0.00103 | smooth 0.00000 | trans 0.00005 | lle 0.00000 | geo 0.81484 | metric 0.00000 | r 0.1820 | R² 0.0329 | eta 01:06
[012] train loss 0.01509 | recon 0.01119 | kl 0.00101 | smooth 0.00000 | trans 0.00007 | lle 0.00000 | geo 0.97549 | metric 0.00000 | beta 0.000
      valid loss 0.01273 | recon 0.01015 | kl 0.00101 | smooth 0.00000 | trans 0.00005 | lle 0.00000 | geo 0.64648 | metric 0.00000 | r 0.1827 | R² 0.0332 | eta 01:05
[013] train loss 0.01485 | recon 0.01131 | kl 0.00100 | smooth 0.00000 | trans 0.00007 | lle 0.00000 | geo 0.81602 | metric 0.00000 | beta 0.000
      valid loss 0.01261 | recon 0.01010 | kl 0.00099 | smooth 0.00000 | trans 0.00005 | lle 0.00000 | geo 0.58067 | metric 0.00000 | r 0.1875 | R² 0.0351 | eta 01:03
[014] train loss 0.01514 | recon 0.01127 | kl 0.00099 | smooth 0.00000 | trans 0.00007 | lle 0.00000 | geo 0.82985 | metric 0.00000 | beta 0.000
      valid loss 0.01468 | recon 0.01013 | kl 0.00098 | smooth 0.00000 | trans 0.00005 | lle 0.00000 | geo 0.97463 | metric 0.00000 | r 0.1859 | R² 0.0345 | eta 01:03
[015] train loss 0.01565 | recon 0.01118 | kl 0.00097 | smooth 0.00000 | trans 0.00007 | lle 0.00000 | geo 0.89446 | metric 0.00000 | beta 0.000
      valid loss 0.01263 | recon 0.01012 | kl 0.00096 | smooth 0.00000 | trans 0.00005 | lle 0.00000 | geo 0.50264 | metric 0.00000 | r 0.1863 | R² 0.0346 | eta 01:02
[016] train loss 0.01632 | recon 0.01134 | kl 0.00096 | smooth 0.00000 | trans 0.00007 | lle 0.00000 | geo 0.93191 | metric 0.00000 | beta 0.000
      valid loss 0.02739 | recon 0.01012 | kl 0.00095 | smooth 0.00000 | trans 0.00005 | lle 0.00000 | geo 3.23632 | metric 0.00000 | r 0.1845 | R² 0.0340 | eta 01:01
[017] train loss 0.01600 | recon 0.01135 | kl 0.00096 | smooth 0.00000 | trans 0.00007 | lle 0.00000 | geo 0.81990 | metric 0.00000 | beta 0.000
      valid loss 0.01334 | recon 0.01012 | kl 0.00098 | smooth 0.00000 | trans 0.00005 | lle 0.00000 | geo 0.56875 | metric 0.00000 | r 0.1886 | R² 0.0354 | eta 00:59
[018] train loss 0.01529 | recon 0.01139 | kl 0.00098 | smooth 0.00000 | trans 0.00007 | lle 0.00000 | geo 0.65053 | metric 0.00000 | beta 0.000
      valid loss 0.01341 | recon 0.01012 | kl 0.00097 | smooth 0.00000 | trans 0.00005 | lle 0.00000 | geo 0.54754 | metric 0.00000 | r 0.1839 | R² 0.0338 | eta 00:58
[019] train loss 0.01538 | recon 0.01136 | kl 0.00097 | smooth 0.00000 | trans 0.00007 | lle 0.00000 | geo 0.63477 | metric 0.00000 | beta 0.000
      valid loss 0.01485 | recon 0.01013 | kl 0.00095 | smooth 0.00000 | trans 0.00005 | lle 0.00000 | geo 0.74657 | metric 0.00000 | r 0.1874 | R² 0.0351 | eta 00:57
[020] train loss 0.01679 | recon 0.01118 | kl 0.00094 | smooth 0.00000 | trans 0.00007 | lle 0.00000 | geo 0.84186 | metric 0.00000 | beta 0.000
      valid loss 0.01345 | recon 0.01011 | kl 0.00096 | smooth 0.00000 | trans 0.00005 | lle 0.00000 | geo 0.50010 | metric 0.00000 | r 0.1878 | R² 0.0352 | eta 00:57
[021] train loss 0.01596 | recon 0.01122 | kl 0.00096 | smooth 0.00000 | trans 0.00007 | lle 0.00000 | geo 0.67786 | metric 0.00000 | beta 0.000
      valid loss 0.01360 | recon 0.01014 | kl 0.00097 | smooth 0.00000 | trans 0.00005 | lle 0.00000 | geo 0.49462 | metric 0.00000 | r 0.1844 | R² 0.0337 | eta 00:56
[022] train loss 0.01589 | recon 0.01137 | kl 0.00096 | smooth 0.00000 | trans 0.00007 | lle 0.00000 | geo 0.61724 | metric 0.00000 | beta 0.000
      valid loss 0.01448 | recon 0.01010 | kl 0.00096 | smooth 0.00000 | trans 0.00005 | lle 0.00000 | geo 0.59744 | metric 0.00000 | r 0.1881 | R² 0.0354 | eta 00:56
[023] train loss 0.01583 | recon 0.01133 | kl 0.00095 | smooth 0.00000 | trans 0.00007 | lle 0.00000 | geo 0.58693 | metric 0.00000 | beta 0.000
      valid loss 0.01402 | recon 0.01012 | kl 0.00096 | smooth 0.00000 | trans 0.00005 | lle 0.00000 | geo 0.50928 | metric 0.00000 | r 0.1858 | R² 0.0345 | eta 00:55
[024] train loss 0.01658 | recon 0.01124 | kl 0.00095 | smooth 0.00000 | trans 0.00007 | lle 0.00000 | geo 0.66677 | metric 0.00000 | beta 0.000
      valid loss 0.01432 | recon 0.01013 | kl 0.00090 | smooth 0.00000 | trans 0.00005 | lle 0.00000 | geo 0.52434 | metric 0.00000 | r 0.1857 | R² 0.0343 | eta 00:55
[025] train loss 0.01768 | recon 0.01143 | kl 0.00087 | smooth 0.00000 | trans 0.00007 | lle 0.00000 | geo 0.75058 | metric 0.00000 | beta 0.000
      valid loss 0.01493 | recon 0.01012 | kl 0.00083 | smooth 0.00000 | trans 0.00005 | lle 0.00000 | geo 0.57683 | metric 0.00000 | r 0.1871 | R² 0.0349 | eta 00:54
[026] train loss 0.01624 | recon 0.01121 | kl 0.00079 | smooth 0.00000 | trans 0.00007 | lle 0.00000 | geo 0.57960 | metric 0.00000 | beta 0.000
      valid loss 0.01493 | recon 0.01013 | kl 0.00077 | smooth 0.00000 | trans 0.00005 | lle 0.00000 | geo 0.55472 | metric 0.00000 | r 0.1828 | R² 0.0332 | eta 00:54
[027] train loss 0.01655 | recon 0.01136 | kl 0.00074 | smooth 0.00000 | trans 0.00007 | lle 0.00000 | geo 0.57660 | metric 0.00000 | beta 0.000
      valid loss 0.01487 | recon 0.01013 | kl 0.00067 | smooth 0.00000 | trans 0.00005 | lle 0.00000 | geo 0.52694 | metric 0.00000 | r 0.1841 | R² 0.0338 | eta 00:54
[028] train loss 0.01656 | recon 0.01112 | kl 0.00060 | smooth 0.00000 | trans 0.00007 | lle 0.00000 | geo 0.58338 | metric 0.00000 | beta 0.000
      valid loss 0.01482 | recon 0.01013 | kl 0.00054 | smooth 0.00000 | trans 0.00005 | lle 0.00000 | geo 0.50338 | metric 0.00000 | r 0.1849 | R² 0.0341 | eta 00:53
[029] train loss 0.01641 | recon 0.01152 | kl 0.00050 | smooth 0.00000 | trans 0.00007 | lle 0.00000 | geo 0.50587 | metric 0.00000 | beta 0.000
      valid loss 0.01475 | recon 0.01012 | kl 0.00045 | smooth 0.00000 | trans 0.00005 | lle 0.00000 | geo 0.47933 | metric 0.00000 | r 0.1857 | R² 0.0343 | eta 00:52
[030] train loss 0.01651 | recon 0.01125 | kl 0.00041 | smooth 0.00000 | trans 0.00007 | lle 0.00000 | geo 0.52535 | metric 0.00000 | beta 0.000
      valid loss 0.01609 | recon 0.01013 | kl 0.00038 | smooth 0.00000 | trans 0.00005 | lle 0.00000 | geo 0.59596 | metric 0.00000 | r 0.1845 | R² 0.0337 | eta 00:51
[031] train loss 0.01723 | recon 0.01116 | kl 0.00038 | smooth 0.00000 | trans 0.00007 | lle 0.00000 | geo 0.60709 | metric 0.00000 | beta 0.000
      valid loss 0.01507 | recon 0.01012 | kl 0.00039 | smooth 0.00000 | trans 0.00005 | lle 0.00000 | geo 0.49482 | metric 0.00000 | r 0.1854 | R² 0.0344 | eta 00:51
[032] train loss 0.01640 | recon 0.01133 | kl 0.00040 | smooth 0.00000 | trans 0.00007 | lle 0.00000 | geo 0.50699 | metric 0.00000 | beta 0.000
      valid loss 0.01610 | recon 0.01011 | kl 0.00040 | smooth 0.00000 | trans 0.00005 | lle 0.00000 | geo 0.59897 | metric 0.00000 | r 0.1868 | R² 0.0348 | eta 00:50
[033] train loss 0.01573 | recon 0.01125 | kl 0.00041 | smooth 0.00000 | trans 0.00007 | lle 0.00000 | geo 0.44769 | metric 0.00000 | beta 0.000
      valid loss 0.01613 | recon 0.01013 | kl 0.00044 | smooth 0.00000 | trans 0.00005 | lle 0.00000 | geo 0.60029 | metric 0.00000 | r 0.1834 | R² 0.0335 | eta 00:50
[034] train loss 0.01606 | recon 0.01139 | kl 0.00041 | smooth 0.00000 | trans 0.00007 | lle 0.00000 | geo 0.46695 | metric 0.00000 | beta 0.000
      valid loss 0.01558 | recon 0.01012 | kl 0.00037 | smooth 0.00000 | trans 0.00005 | lle 0.00000 | geo 0.54622 | metric 0.00000 | r 0.1859 | R² 0.0345 | eta 00:49
[035] train loss 0.01598 | recon 0.01119 | kl 0.00036 | smooth 0.00000 | trans 0.00007 | lle 0.00000 | geo 0.47900 | metric 0.00000 | beta 0.000
      valid loss 0.01558 | recon 0.01012 | kl 0.00035 | smooth 0.00000 | trans 0.00005 | lle 0.00000 | geo 0.54599 | metric 0.00000 | r 0.1857 | R² 0.0343 | eta 00:49
[036] train loss 0.01584 | recon 0.01131 | kl 0.00035 | smooth 0.00000 | trans 0.00007 | lle 0.00000 | geo 0.45360 | metric 0.00000 | beta 0.000
      valid loss 0.01499 | recon 0.01012 | kl 0.00035 | smooth 0.00000 | trans 0.00005 | lle 0.00000 | geo 0.48760 | metric 0.00000 | r 0.1858 | R² 0.0344 | eta 00:49
[037] train loss 0.01567 | recon 0.01142 | kl 0.00034 | smooth 0.00000 | trans 0.00007 | lle 0.00000 | geo 0.42500 | metric 0.00000 | beta 0.000
      valid loss 0.01505 | recon 0.01012 | kl 0.00033 | smooth 0.00000 | trans 0.00005 | lle 0.00000 | geo 0.49254 | metric 0.00000 | r 0.1833 | R² 0.0335 | eta 00:48
[038] train loss 0.01547 | recon 0.01122 | kl 0.00032 | smooth 0.00000 | trans 0.00007 | lle 0.00000 | geo 0.42564 | metric 0.00000 | beta 0.000
      valid loss 0.01561 | recon 0.01013 | kl 0.00033 | smooth 0.00000 | trans 0.00005 | lle 0.00000 | geo 0.54863 | metric 0.00000 | r 0.1853 | R² 0.0342 | eta 00:48
[039] train loss 0.01541 | recon 0.01119 | kl 0.00034 | smooth 0.00000 | trans 0.00007 | lle 0.00000 | geo 0.42170 | metric 0.00000 | beta 0.000
      valid loss 0.01822 | recon 0.01013 | kl 0.00034 | smooth 0.00000 | trans 0.00005 | lle 0.00000 | geo 0.80862 | metric 0.00000 | r 0.1859 | R² 0.0344 | eta 00:47
[040] train loss 0.01555 | recon 0.01125 | kl 0.00033 | smooth 0.00000 | trans 0.00007 | lle 0.00000 | geo 0.43038 | metric 0.00000 | beta 0.000
      valid loss 0.01545 | recon 0.01011 | kl 0.00032 | smooth 0.00000 | trans 0.00005 | lle 0.00000 | geo 0.53458 | metric 0.00000 | r 0.1859 | R² 0.0345 | eta 00:46
[041] train loss 0.01532 | recon 0.01133 | kl 0.00034 | smooth 0.00000 | trans 0.00007 | lle 0.00000 | geo 0.39946 | metric 0.00000 | beta 0.000
      valid loss 0.01503 | recon 0.01013 | kl 0.00037 | smooth 0.00000 | trans 0.00005 | lle 0.00000 | geo 0.49044 | metric 0.00000 | r 0.1857 | R² 0.0343 | eta 00:46
[042] train loss 0.01514 | recon 0.01136 | kl 0.00038 | smooth 0.00000 | trans 0.00007 | lle 0.00000 | geo 0.37829 | metric 0.00000 | beta 0.000
      valid loss 0.01529 | recon 0.01013 | kl 0.00040 | smooth 0.00000 | trans 0.00005 | lle 0.00000 | geo 0.51637 | metric 0.00000 | r 0.1845 | R² 0.0339 | eta 00:45
[043] train loss 0.01558 | recon 0.01123 | kl 0.00041 | smooth 0.00000 | trans 0.00007 | lle 0.00000 | geo 0.43500 | metric 0.00000 | beta 0.000
      valid loss 0.01573 | recon 0.01012 | kl 0.00041 | smooth 0.00000 | trans 0.00005 | lle 0.00000 | geo 0.56116 | metric 0.00000 | r 0.1846 | R² 0.0340 | eta 00:45
[044] train loss 0.01562 | recon 0.01129 | kl 0.00041 | smooth 0.00000 | trans 0.00007 | lle 0.00000 | geo 0.43244 | metric 0.00000 | beta 0.000
      valid loss 0.01509 | recon 0.01013 | kl 0.00041 | smooth 0.00000 | trans 0.00005 | lle 0.00000 | geo 0.49666 | metric 0.00000 | r 0.1854 | R² 0.0342 | eta 00:45
[045] train loss 0.01572 | recon 0.01125 | kl 0.00042 | smooth 0.00000 | trans 0.00007 | lle 0.00000 | geo 0.44679 | metric 0.00000 | beta 0.000
      valid loss 0.01569 | recon 0.01012 | kl 0.00044 | smooth 0.00000 | trans 0.00005 | lle 0.00000 | geo 0.55726 | metric 0.00000 | r 0.1849 | R² 0.0341 | eta 00:44
[046] train loss 0.01501 | recon 0.01128 | kl 0.00047 | smooth 0.00000 | trans 0.00007 | lle 0.00000 | geo 0.37306 | metric 0.00000 | beta 0.000
      valid loss 0.01530 | recon 0.01012 | kl 0.00049 | smooth 0.00000 | trans 0.00005 | lle 0.00000 | geo 0.51752 | metric 0.00000 | r 0.1870 | R² 0.0348 | eta 00:44
[047] train loss 0.01479 | recon 0.01130 | kl 0.00049 | smooth 0.00000 | trans 0.00007 | lle 0.00000 | geo 0.34896 | metric 0.00000 | beta 0.000
      valid loss 0.01515 | recon 0.01013 | kl 0.00049 | smooth 0.00000 | trans 0.00005 | lle 0.00000 | geo 0.50274 | metric 0.00000 | r 0.1861 | R² 0.0345 | eta 00:43
[048] train loss 0.01499 | recon 0.01135 | kl 0.00050 | smooth 0.00000 | trans 0.00007 | lle 0.00000 | geo 0.36318 | metric 0.00000 | beta 0.000
      valid loss 0.01559 | recon 0.01013 | kl 0.00050 | smooth 0.00000 | trans 0.00005 | lle 0.00000 | geo 0.54567 | metric 0.00000 | r 0.1848 | R² 0.0340 | eta 00:43
[049] train loss 0.01556 | recon 0.01130 | kl 0.00048 | smooth 0.00000 | trans 0.00007 | lle 0.00000 | geo 0.42637 | metric 0.00000 | beta 0.000
      valid loss 0.01555 | recon 0.01013 | kl 0.00048 | smooth 0.00000 | trans 0.00005 | lle 0.00000 | geo 0.54269 | metric 0.00000 | r 0.1863 | R² 0.0346 | eta 00:42
[050] train loss 0.01504 | recon 0.01130 | kl 0.00048 | smooth 0.00000 | trans 0.00007 | lle 0.00000 | geo 0.37471 | metric 0.00000 | beta 0.000
      valid loss 0.01607 | recon 0.01012 | kl 0.00047 | smooth 0.00000 | trans 0.00005 | lle 0.00000 | geo 0.59572 | metric 0.00000 | r 0.1857 | R² 0.0343 | eta 00:42
[051] train loss 0.01486 | recon 0.01129 | kl 0.00045 | smooth 0.00000 | trans 0.00007 | lle 0.00000 | geo 0.35675 | metric 0.00000 | beta 0.000
      valid loss 0.01477 | recon 0.01012 | kl 0.00044 | smooth 0.00000 | trans 0.00005 | lle 0.00000 | geo 0.46497 | metric 0.00000 | r 0.1860 | R² 0.0344 | eta 00:41
[052] train loss 0.01491 | recon 0.01127 | kl 0.00043 | smooth 0.00000 | trans 0.00007 | lle 0.00000 | geo 0.36395 | metric 0.00000 | beta 0.000
      valid loss 0.01530 | recon 0.01013 | kl 0.00042 | smooth 0.00000 | trans 0.00005 | lle 0.00000 | geo 0.51737 | metric 0.00000 | r 0.1845 | R² 0.0339 | eta 00:41
[053] train loss 0.01516 | recon 0.01145 | kl 0.00042 | smooth 0.00000 | trans 0.00007 | lle 0.00000 | geo 0.37109 | metric 0.00000 | beta 0.000
      valid loss 0.01565 | recon 0.01012 | kl 0.00046 | smooth 0.00000 | trans 0.00005 | lle 0.00000 | geo 0.55296 | metric 0.00000 | r 0.1861 | R² 0.0345 | eta 00:41
[054] train loss 0.01487 | recon 0.01119 | kl 0.00048 | smooth 0.00000 | trans 0.00007 | lle 0.00000 | geo 0.36797 | metric 0.00000 | beta 0.000
      valid loss 0.01516 | recon 0.01013 | kl 0.00051 | smooth 0.00000 | trans 0.00005 | lle 0.00000 | geo 0.50330 | metric 0.00000 | r 0.1840 | R² 0.0336 | eta 00:40
[055] train loss 0.01487 | recon 0.01123 | kl 0.00051 | smooth 0.00000 | trans 0.00007 | lle 0.00000 | geo 0.36453 | metric 0.00000 | beta 0.000
      valid loss 0.01589 | recon 0.01013 | kl 0.00052 | smooth 0.00000 | trans 0.00005 | lle 0.00000 | geo 0.57566 | metric 0.00000 | r 0.1846 | R² 0.0338 | eta 00:40
[056] train loss 0.01521 | recon 0.01124 | kl 0.00051 | smooth 0.00000 | trans 0.00007 | lle 0.00000 | geo 0.39778 | metric 0.00000 | beta 0.000
      valid loss 0.01547 | recon 0.01012 | kl 0.00052 | smooth 0.00000 | trans 0.00005 | lle 0.00000 | geo 0.53512 | metric 0.00000 | r 0.1850 | R² 0.0341 | eta 00:39
[057] train loss 0.01482 | recon 0.01124 | kl 0.00052 | smooth 0.00000 | trans 0.00007 | lle 0.00000 | geo 0.35804 | metric 0.00000 | beta 0.000
      valid loss 0.01508 | recon 0.01012 | kl 0.00051 | smooth 0.00000 | trans 0.00005 | lle 0.00000 | geo 0.49554 | metric 0.00000 | r 0.1862 | R² 0.0345 | eta 00:39
[058] train loss 0.01479 | recon 0.01128 | kl 0.00048 | smooth 0.00000 | trans 0.00007 | lle 0.00000 | geo 0.35092 | metric 0.00000 | beta 0.000
      valid loss 0.01515 | recon 0.01012 | kl 0.00046 | smooth 0.00000 | trans 0.00005 | lle 0.00000 | geo 0.50279 | metric 0.00000 | r 0.1860 | R² 0.0344 | eta 00:39
[059] train loss 0.01438 | recon 0.01140 | kl 0.00044 | smooth 0.00000 | trans 0.00007 | lle 0.00000 | geo 0.29702 | metric 0.00000 | beta 0.000
      valid loss 0.01507 | recon 0.01012 | kl 0.00041 | smooth 0.00000 | trans 0.00005 | lle 0.00000 | geo 0.49441 | metric 0.00000 | r 0.1857 | R² 0.0344 | eta 00:38
[060] train loss 0.01416 | recon 0.01123 | kl 0.00039 | smooth 0.00000 | trans 0.00007 | lle 0.00000 | geo 0.29309 | metric 0.00000 | beta 0.000
      valid loss 0.01548 | recon 0.01014 | kl 0.00037 | smooth 0.00000 | trans 0.00005 | lle 0.00000 | geo 0.53479 | metric 0.00000 | r 0.1844 | R² 0.0337 | eta 00:38
[061] train loss 0.01405 | recon 0.01119 | kl 0.00036 | smooth 0.00000 | trans 0.00007 | lle 0.00000 | geo 0.28608 | metric 0.00000 | beta 0.000
      valid loss 0.01528 | recon 0.01013 | kl 0.00033 | smooth 0.00000 | trans 0.00005 | lle 0.00000 | geo 0.51495 | metric 0.00000 | r 0.1838 | R² 0.0335 | eta 00:38
[062] train loss 0.01393 | recon 0.01124 | kl 0.00030 | smooth 0.00000 | trans 0.00007 | lle 0.00000 | geo 0.26938 | metric 0.00000 | beta 0.000
      valid loss 0.01475 | recon 0.01013 | kl 0.00028 | smooth 0.00000 | trans 0.00005 | lle 0.00000 | geo 0.46246 | metric 0.00000 | r 0.1854 | R² 0.0342 | eta 00:37
[063] train loss 0.01399 | recon 0.01134 | kl 0.00027 | smooth 0.00000 | trans 0.00007 | lle 0.00000 | geo 0.26538 | metric 0.00000 | beta 0.000
      valid loss 0.01476 | recon 0.01012 | kl 0.00026 | smooth 0.00000 | trans 0.00005 | lle 0.00000 | geo 0.46387 | metric 0.00000 | r 0.1855 | R² 0.0342 | eta 00:37
[064] train loss 0.01388 | recon 0.01128 | kl 0.00026 | smooth 0.00000 | trans 0.00007 | lle 0.00000 | geo 0.25987 | metric 0.00000 | beta 0.000
      valid loss 0.01535 | recon 0.01013 | kl 0.00026 | smooth 0.00000 | trans 0.00005 | lle 0.00000 | geo 0.52193 | metric 0.00000 | r 0.1864 | R² 0.0346 | eta 00:36
[065] train loss 0.01383 | recon 0.01115 | kl 0.00027 | smooth 0.00000 | trans 0.00007 | lle 0.00000 | geo 0.26801 | metric 0.00000 | beta 0.000
      valid loss 0.01467 | recon 0.01012 | kl 0.00028 | smooth 0.00000 | trans 0.00005 | lle 0.00000 | geo 0.45511 | metric 0.00000 | r 0.1878 | R² 0.0352 | eta 00:36
[066] train loss 0.01409 | recon 0.01112 | kl 0.00028 | smooth 0.00000 | trans 0.00007 | lle 0.00000 | geo 0.29692 | metric 0.00000 | beta 0.000
      valid loss 0.01454 | recon 0.01013 | kl 0.00028 | smooth 0.00000 | trans 0.00005 | lle 0.00000 | geo 0.44124 | metric 0.00000 | r 0.1852 | R² 0.0342 | eta 00:36
[067] train loss 0.01415 | recon 0.01113 | kl 0.00028 | smooth 0.00000 | trans 0.00007 | lle 0.00000 | geo 0.30144 | metric 0.00000 | beta 0.000
      valid loss 0.01438 | recon 0.01012 | kl 0.00028 | smooth 0.00000 | trans 0.00005 | lle 0.00000 | geo 0.42552 | metric 0.00000 | r 0.1854 | R² 0.0343 | eta 00:35
[068] train loss 0.01422 | recon 0.01135 | kl 0.00028 | smooth 0.00000 | trans 0.00007 | lle 0.00000 | geo 0.28644 | metric 0.00000 | beta 0.000
      valid loss 0.01489 | recon 0.01012 | kl 0.00028 | smooth 0.00000 | trans 0.00005 | lle 0.00000 | geo 0.47646 | metric 0.00000 | r 0.1870 | R² 0.0349 | eta 00:35
[069] train loss 0.01398 | recon 0.01114 | kl 0.00028 | smooth 0.00000 | trans 0.00007 | lle 0.00000 | geo 0.28416 | metric 0.00000 | beta 0.000
      valid loss 0.01433 | recon 0.01012 | kl 0.00029 | smooth 0.00000 | trans 0.00005 | lle 0.00000 | geo 0.42117 | metric 0.00000 | r 0.1865 | R² 0.0347 | eta 00:35
[070] train loss 0.01393 | recon 0.01117 | kl 0.00030 | smooth 0.00000 | trans 0.00007 | lle 0.00000 | geo 0.27573 | metric 0.00000 | beta 0.000
      valid loss 0.01510 | recon 0.01012 | kl 0.00030 | smooth 0.00000 | trans 0.00005 | lle 0.00000 | geo 0.49752 | metric 0.00000 | r 0.1852 | R² 0.0341 | eta 00:34
[071] train loss 0.01418 | recon 0.01115 | kl 0.00030 | smooth 0.00000 | trans 0.00007 | lle 0.00000 | geo 0.30292 | metric 0.00000 | beta 0.000
      valid loss 0.01489 | recon 0.01012 | kl 0.00032 | smooth 0.00000 | trans 0.00005 | lle 0.00000 | geo 0.47753 | metric 0.00000 | r 0.1861 | R² 0.0345 | eta 00:34
[072] train loss 0.01404 | recon 0.01113 | kl 0.00034 | smooth 0.00000 | trans 0.00007 | lle 0.00000 | geo 0.29108 | metric 0.00000 | beta 0.000
      valid loss 0.01463 | recon 0.01012 | kl 0.00035 | smooth 0.00000 | trans 0.00005 | lle 0.00000 | geo 0.45076 | metric 0.00000 | r 0.1865 | R² 0.0347 | eta 00:33
[073] train loss 0.01410 | recon 0.01125 | kl 0.00035 | smooth 0.00000 | trans 0.00007 | lle 0.00000 | geo 0.28511 | metric 0.00000 | beta 0.000
      valid loss 0.01462 | recon 0.01012 | kl 0.00036 | smooth 0.00000 | trans 0.00005 | lle 0.00000 | geo 0.44935 | metric 0.00000 | r 0.1853 | R² 0.0342 | eta 00:33
[074] train loss 0.01417 | recon 0.01135 | kl 0.00036 | smooth 0.00000 | trans 0.00007 | lle 0.00000 | geo 0.28218 | metric 0.00000 | beta 0.000
      valid loss 0.01548 | recon 0.01013 | kl 0.00034 | smooth 0.00000 | trans 0.00005 | lle 0.00000 | geo 0.53493 | metric 0.00000 | r 0.1845 | R² 0.0339 | eta 00:32
[075] train loss 0.01381 | recon 0.01120 | kl 0.00032 | smooth 0.00000 | trans 0.00007 | lle 0.00000 | geo 0.25998 | metric 0.00000 | beta 0.000
      valid loss 0.01493 | recon 0.01012 | kl 0.00029 | smooth 0.00000 | trans 0.00005 | lle 0.00000 | geo 0.48033 | metric 0.00000 | r 0.1864 | R² 0.0346 | eta 00:32
[076] train loss 0.01384 | recon 0.01136 | kl 0.00028 | smooth 0.00000 | trans 0.00007 | lle 0.00000 | geo 0.24777 | metric 0.00000 | beta 0.000
      valid loss 0.01485 | recon 0.01013 | kl 0.00028 | smooth 0.00000 | trans 0.00005 | lle 0.00000 | geo 0.47257 | metric 0.00000 | r 0.1864 | R² 0.0345 | eta 00:31
[077] train loss 0.01371 | recon 0.01127 | kl 0.00027 | smooth 0.00000 | trans 0.00007 | lle 0.00000 | geo 0.24348 | metric 0.00000 | beta 0.000
      valid loss 0.01521 | recon 0.01014 | kl 0.00026 | smooth 0.00000 | trans 0.00005 | lle 0.00000 | geo 0.50718 | metric 0.00000 | r 0.1841 | R² 0.0336 | eta 00:31
[078] train loss 0.01375 | recon 0.01137 | kl 0.00025 | smooth 0.00000 | trans 0.00007 | lle 0.00000 | geo 0.23769 | metric 0.00000 | beta 0.000
      valid loss 0.01587 | recon 0.01012 | kl 0.00025 | smooth 0.00000 | trans 0.00005 | lle 0.00000 | geo 0.57455 | metric 0.00000 | r 0.1851 | R² 0.0341 | eta 00:30
[079] train loss 0.01375 | recon 0.01128 | kl 0.00024 | smooth 0.00000 | trans 0.00007 | lle 0.00000 | geo 0.24723 | metric 0.00000 | beta 0.000
      valid loss 0.01504 | recon 0.01013 | kl 0.00024 | smooth 0.00000 | trans 0.00005 | lle 0.00000 | geo 0.49142 | metric 0.00000 | r 0.1846 | R² 0.0339 | eta 00:30
[080] train loss 0.01374 | recon 0.01128 | kl 0.00024 | smooth 0.00000 | trans 0.00007 | lle 0.00000 | geo 0.24644 | metric 0.00000 | beta 0.000
      valid loss 0.01537 | recon 0.01013 | kl 0.00023 | smooth 0.00000 | trans 0.00005 | lle 0.00000 | geo 0.52346 | metric 0.00000 | r 0.1847 | R² 0.0338 | eta 00:30
[081] train loss 0.01404 | recon 0.01128 | kl 0.00022 | smooth 0.00000 | trans 0.00007 | lle 0.00000 | geo 0.27590 | metric 0.00000 | beta 0.000
      valid loss 0.01586 | recon 0.01013 | kl 0.00021 | smooth 0.00000 | trans 0.00005 | lle 0.00000 | geo 0.57321 | metric 0.00000 | r 0.1860 | R² 0.0344 | eta 00:29
[082] train loss 0.01365 | recon 0.01115 | kl 0.00019 | smooth 0.00000 | trans 0.00007 | lle 0.00000 | geo 0.24910 | metric 0.00000 | beta 0.000
      valid loss 0.01496 | recon 0.01012 | kl 0.00018 | smooth 0.00000 | trans 0.00005 | lle 0.00000 | geo 0.48342 | metric 0.00000 | r 0.1856 | R² 0.0342 | eta 00:29
[083] train loss 0.01416 | recon 0.01144 | kl 0.00018 | smooth 0.00000 | trans 0.00007 | lle 0.00000 | geo 0.27195 | metric 0.00000 | beta 0.000
      valid loss 0.01528 | recon 0.01012 | kl 0.00017 | smooth 0.00000 | trans 0.00005 | lle 0.00000 | geo 0.51548 | metric 0.00000 | r 0.1859 | R² 0.0344 | eta 00:28
[084] train loss 0.01444 | recon 0.01159 | kl 0.00017 | smooth 0.00000 | trans 0.00007 | lle 0.00000 | geo 0.28438 | metric 0.00000 | beta 0.000
      valid loss 0.01551 | recon 0.01013 | kl 0.00017 | smooth 0.00000 | trans 0.00005 | lle 0.00000 | geo 0.53769 | metric 0.00000 | r 0.1850 | R² 0.0339 | eta 00:28
[085] train loss 0.01393 | recon 0.01124 | kl 0.00017 | smooth 0.00000 | trans 0.00007 | lle 0.00000 | geo 0.26936 | metric 0.00000 | beta 0.000
      valid loss 0.01534 | recon 0.01013 | kl 0.00018 | smooth 0.00000 | trans 0.00005 | lle 0.00000 | geo 0.52073 | metric 0.00000 | r 0.1867 | R² 0.0346 | eta 00:27
[086] train loss 0.01374 | recon 0.01128 | kl 0.00017 | smooth 0.00000 | trans 0.00007 | lle 0.00000 | geo 0.24580 | metric 0.00000 | beta 0.000
      valid loss 0.01493 | recon 0.01011 | kl 0.00017 | smooth 0.00000 | trans 0.00005 | lle 0.00000 | geo 0.48207 | metric 0.00000 | r 0.1872 | R² 0.0348 | eta 00:27
[087] train loss 0.01363 | recon 0.01119 | kl 0.00016 | smooth 0.00000 | trans 0.00007 | lle 0.00000 | geo 0.24433 | metric 0.00000 | beta 0.000
      valid loss 0.01486 | recon 0.01013 | kl 0.00016 | smooth 0.00000 | trans 0.00005 | lle 0.00000 | geo 0.47348 | metric 0.00000 | r 0.1860 | R² 0.0343 | eta 00:27
[088] train loss 0.01361 | recon 0.01126 | kl 0.00015 | smooth 0.00000 | trans 0.00007 | lle 0.00000 | geo 0.23479 | metric 0.00000 | beta 0.000
      valid loss 0.01540 | recon 0.01013 | kl 0.00015 | smooth 0.00000 | trans 0.00005 | lle 0.00000 | geo 0.52624 | metric 0.00000 | r 0.1844 | R² 0.0338 | eta 00:26
[089] train loss 0.01373 | recon 0.01124 | kl 0.00015 | smooth 0.00000 | trans 0.00007 | lle 0.00000 | geo 0.24910 | metric 0.00000 | beta 0.000
      valid loss 0.01513 | recon 0.01013 | kl 0.00015 | smooth 0.00000 | trans 0.00005 | lle 0.00000 | geo 0.50030 | metric 0.00000 | r 0.1847 | R² 0.0339 | eta 00:26
[090] train loss 0.01403 | recon 0.01124 | kl 0.00015 | smooth 0.00000 | trans 0.00007 | lle 0.00000 | geo 0.27840 | metric 0.00000 | beta 0.000
      valid loss 0.01616 | recon 0.01013 | kl 0.00015 | smooth 0.00000 | trans 0.00005 | lle 0.00000 | geo 0.60244 | metric 0.00000 | r 0.1858 | R² 0.0343 | eta 00:25
[091] train loss 0.01381 | recon 0.01123 | kl 0.00015 | smooth 0.00000 | trans 0.00007 | lle 0.00000 | geo 0.25817 | metric 0.00000 | beta 0.000
      valid loss 0.01565 | recon 0.01013 | kl 0.00015 | smooth 0.00000 | trans 0.00005 | lle 0.00000 | geo 0.55176 | metric 0.00000 | r 0.1860 | R² 0.0344 | eta 00:25
[092] train loss 0.01369 | recon 0.01123 | kl 0.00015 | smooth 0.00000 | trans 0.00007 | lle 0.00000 | geo 0.24552 | metric 0.00000 | beta 0.000
      valid loss 0.01453 | recon 0.01013 | kl 0.00015 | smooth 0.00000 | trans 0.00005 | lle 0.00000 | geo 0.44006 | metric 0.00000 | r 0.1854 | R² 0.0341 | eta 00:24
[093] train loss 0.01406 | recon 0.01115 | kl 0.00014 | smooth 0.00000 | trans 0.00007 | lle 0.00000 | geo 0.29028 | metric 0.00000 | beta 0.000
      valid loss 0.01542 | recon 0.01012 | kl 0.00013 | smooth 0.00000 | trans 0.00005 | lle 0.00000 | geo 0.52993 | metric 0.00000 | r 0.1871 | R² 0.0348 | eta 00:24
[094] train loss 0.01459 | recon 0.01146 | kl 0.00014 | smooth 0.00000 | trans 0.00007 | lle 0.00000 | geo 0.31380 | metric 0.00000 | beta 0.000
      valid loss 0.01513 | recon 0.01011 | kl 0.00015 | smooth 0.00000 | trans 0.00005 | lle 0.00000 | geo 0.50128 | metric 0.00000 | r 0.1876 | R² 0.0350 | eta 00:23
[095] train loss 0.01479 | recon 0.01125 | kl 0.00015 | smooth 0.00000 | trans 0.00007 | lle 0.00000 | geo 0.35373 | metric 0.00000 | beta 0.000
      valid loss 0.01532 | recon 0.01013 | kl 0.00013 | smooth 0.00000 | trans 0.00005 | lle 0.00000 | geo 0.51848 | metric 0.00000 | r 0.1846 | R² 0.0338 | eta 00:23
[096] train loss 0.01524 | recon 0.01162 | kl 0.00012 | smooth 0.00000 | trans 0.00007 | lle 0.00000 | geo 0.36204 | metric 0.00000 | beta 0.000
      valid loss 0.01561 | recon 0.01012 | kl 0.00012 | smooth 0.00000 | trans 0.00005 | lle 0.00000 | geo 0.54950 | metric 0.00000 | r 0.1869 | R² 0.0347 | eta 00:23
[097] train loss 0.01433 | recon 0.01122 | kl 0.00012 | smooth 0.00000 | trans 0.00007 | lle 0.00000 | geo 0.31070 | metric 0.00000 | beta 0.000
      valid loss 0.01492 | recon 0.01013 | kl 0.00012 | smooth 0.00000 | trans 0.00005 | lle 0.00000 | geo 0.47897 | metric 0.00000 | r 0.1856 | R² 0.0342 | eta 00:22
[098] train loss 0.01421 | recon 0.01137 | kl 0.00013 | smooth 0.00000 | trans 0.00007 | lle 0.00000 | geo 0.28396 | metric 0.00000 | beta 0.000
      valid loss 0.01490 | recon 0.01013 | kl 0.00013 | smooth 0.00000 | trans 0.00005 | lle 0.00000 | geo 0.47666 | metric 0.00000 | r 0.1861 | R² 0.0344 | eta 00:22
[099] train loss 0.01429 | recon 0.01132 | kl 0.00013 | smooth 0.00000 | trans 0.00007 | lle 0.00000 | geo 0.29677 | metric 0.00000 | beta 0.000
      valid loss 0.01479 | recon 0.01014 | kl 0.00013 | smooth 0.00000 | trans 0.00005 | lle 0.00000 | geo 0.46590 | metric 0.00000 | r 0.1846 | R² 0.0337 | eta 00:21
[100] train loss 0.01416 | recon 0.01129 | kl 0.00012 | smooth 0.00000 | trans 0.00007 | lle 0.00000 | geo 0.28759 | metric 0.00000 | beta 0.000
      valid loss 0.01539 | recon 0.01013 | kl 0.00009 | smooth 0.00000 | trans 0.00005 | lle 0.00000 | geo 0.52568 | metric 0.00000 | r 0.1850 | R² 0.0340 | eta 00:21
[101] train loss 0.01384 | recon 0.01118 | kl 0.00008 | smooth 0.00000 | trans 0.00007 | lle 0.00000 | geo 0.26624 | metric 0.00000 | beta 0.000
      valid loss 0.01481 | recon 0.01012 | kl 0.00008 | smooth 0.00000 | trans 0.00005 | lle 0.00000 | geo 0.46892 | metric 0.00000 | r 0.1865 | R² 0.0346 | eta 00:20
[102] train loss 0.01365 | recon 0.01123 | kl 0.00008 | smooth 0.00000 | trans 0.00007 | lle 0.00000 | geo 0.24219 | metric 0.00000 | beta 0.000
      valid loss 0.01608 | recon 0.01012 | kl 0.00008 | smooth 0.00000 | trans 0.00005 | lle 0.00000 | geo 0.59649 | metric 0.00000 | r 0.1872 | R² 0.0348 | eta 00:20
[103] train loss 0.01356 | recon 0.01123 | kl 0.00008 | smooth 0.00000 | trans 0.00007 | lle 0.00000 | geo 0.23356 | metric 0.00000 | beta 0.000
      valid loss 0.01502 | recon 0.01013 | kl 0.00008 | smooth 0.00000 | trans 0.00005 | lle 0.00000 | geo 0.48947 | metric 0.00000 | r 0.1856 | R² 0.0342 | eta 00:19
[104] train loss 0.01359 | recon 0.01133 | kl 0.00007 | smooth 0.00000 | trans 0.00007 | lle 0.00000 | geo 0.22507 | metric 0.00000 | beta 0.000
      valid loss 0.01475 | recon 0.01013 | kl 0.00008 | smooth 0.00000 | trans 0.00005 | lle 0.00000 | geo 0.46255 | metric 0.00000 | r 0.1859 | R² 0.0343 | eta 00:19
[105] train loss 0.01352 | recon 0.01136 | kl 0.00008 | smooth 0.00000 | trans 0.00007 | lle 0.00000 | geo 0.21559 | metric 0.00000 | beta 0.000
      valid loss 0.01495 | recon 0.01012 | kl 0.00009 | smooth 0.00000 | trans 0.00005 | lle 0.00000 | geo 0.48287 | metric 0.00000 | r 0.1854 | R² 0.0342 | eta 00:19
[106] train loss 0.01339 | recon 0.01126 | kl 0.00009 | smooth 0.00000 | trans 0.00007 | lle 0.00000 | geo 0.21332 | metric 0.00000 | beta 0.000
      valid loss 0.01467 | recon 0.01013 | kl 0.00009 | smooth 0.00000 | trans 0.00005 | lle 0.00000 | geo 0.45423 | metric 0.00000 | r 0.1857 | R² 0.0342 | eta 00:18
[107] train loss 0.01341 | recon 0.01125 | kl 0.00009 | smooth 0.00000 | trans 0.00007 | lle 0.00000 | geo 0.21582 | metric 0.00000 | beta 0.000
      valid loss 0.01522 | recon 0.01013 | kl 0.00009 | smooth 0.00000 | trans 0.00005 | lle 0.00000 | geo 0.50913 | metric 0.00000 | r 0.1863 | R² 0.0345 | eta 00:18
[108] train loss 0.01344 | recon 0.01113 | kl 0.00008 | smooth 0.00000 | trans 0.00007 | lle 0.00000 | geo 0.23073 | metric 0.00000 | beta 0.000
      valid loss 0.01454 | recon 0.01013 | kl 0.00008 | smooth 0.00000 | trans 0.00005 | lle 0.00000 | geo 0.44025 | metric 0.00000 | r 0.1861 | R² 0.0343 | eta 00:17
[109] train loss 0.01356 | recon 0.01129 | kl 0.00008 | smooth 0.00000 | trans 0.00007 | lle 0.00000 | geo 0.22715 | metric 0.00000 | beta 0.000
      valid loss 0.01464 | recon 0.01012 | kl 0.00007 | smooth 0.00000 | trans 0.00005 | lle 0.00000 | geo 0.45143 | metric 0.00000 | r 0.1869 | R² 0.0347 | eta 00:17
[110] train loss 0.01374 | recon 0.01123 | kl 0.00007 | smooth 0.00000 | trans 0.00007 | lle 0.00000 | geo 0.25117 | metric 0.00000 | beta 0.000
      valid loss 0.01486 | recon 0.01013 | kl 0.00006 | smooth 0.00000 | trans 0.00005 | lle 0.00000 | geo 0.47335 | metric 0.00000 | r 0.1864 | R² 0.0345 | eta 00:17
[111] train loss 0.01366 | recon 0.01133 | kl 0.00006 | smooth 0.00000 | trans 0.00007 | lle 0.00000 | geo 0.23335 | metric 0.00000 | beta 0.000
      valid loss 0.01503 | recon 0.01013 | kl 0.00006 | smooth 0.00000 | trans 0.00005 | lle 0.00000 | geo 0.49046 | metric 0.00000 | r 0.1865 | R² 0.0346 | eta 00:16
[112] train loss 0.01342 | recon 0.01120 | kl 0.00007 | smooth 0.00000 | trans 0.00007 | lle 0.00000 | geo 0.22225 | metric 0.00000 | beta 0.000
      valid loss 0.01506 | recon 0.01013 | kl 0.00008 | smooth 0.00000 | trans 0.00005 | lle 0.00000 | geo 0.49311 | metric 0.00000 | r 0.1862 | R² 0.0344 | eta 00:16
[113] train loss 0.01383 | recon 0.01136 | kl 0.00007 | smooth 0.00000 | trans 0.00007 | lle 0.00000 | geo 0.24607 | metric 0.00000 | beta 0.000
      valid loss 0.01469 | recon 0.01013 | kl 0.00007 | smooth 0.00000 | trans 0.00005 | lle 0.00000 | geo 0.45600 | metric 0.00000 | r 0.1861 | R² 0.0344 | eta 00:15
[114] train loss 0.01384 | recon 0.01125 | kl 0.00007 | smooth 0.00000 | trans 0.00007 | lle 0.00000 | geo 0.25885 | metric 0.00000 | beta 0.000
      valid loss 0.01518 | recon 0.01013 | kl 0.00007 | smooth 0.00000 | trans 0.00005 | lle 0.00000 | geo 0.50455 | metric 0.00000 | r 0.1860 | R² 0.0343 | eta 00:15
[115] train loss 0.01406 | recon 0.01137 | kl 0.00007 | smooth 0.00000 | trans 0.00007 | lle 0.00000 | geo 0.26948 | metric 0.00000 | beta 0.000
      valid loss 0.01432 | recon 0.01013 | kl 0.00006 | smooth 0.00000 | trans 0.00005 | lle 0.00000 | geo 0.41879 | metric 0.00000 | r 0.1849 | R² 0.0339 | eta 00:14
[116] train loss 0.01372 | recon 0.01118 | kl 0.00006 | smooth 0.00000 | trans 0.00007 | lle 0.00000 | geo 0.25434 | metric 0.00000 | beta 0.000
      valid loss 0.01456 | recon 0.01013 | kl 0.00005 | smooth 0.00000 | trans 0.00005 | lle 0.00000 | geo 0.44313 | metric 0.00000 | r 0.1868 | R² 0.0346 | eta 00:14
[117] train loss 0.01379 | recon 0.01119 | kl 0.00005 | smooth 0.00000 | trans 0.00007 | lle 0.00000 | geo 0.25965 | metric 0.00000 | beta 0.000
      valid loss 0.01431 | recon 0.01013 | kl 0.00004 | smooth 0.00000 | trans 0.00005 | lle 0.00000 | geo 0.41813 | metric 0.00000 | r 0.1867 | R² 0.0346 | eta 00:14
[118] train loss 0.01344 | recon 0.01112 | kl 0.00005 | smooth 0.00000 | trans 0.00007 | lle 0.00000 | geo 0.23214 | metric 0.00000 | beta 0.000
      valid loss 0.01505 | recon 0.01013 | kl 0.00006 | smooth 0.00000 | trans 0.00005 | lle 0.00000 | geo 0.49115 | metric 0.00000 | r 0.1849 | R² 0.0339 | eta 00:13
[119] train loss 0.01346 | recon 0.01128 | kl 0.00006 | smooth 0.00000 | trans 0.00007 | lle 0.00000 | geo 0.21740 | metric 0.00000 | beta 0.000
      valid loss 0.01506 | recon 0.01013 | kl 0.00007 | smooth 0.00000 | trans 0.00005 | lle 0.00000 | geo 0.49316 | metric 0.00000 | r 0.1864 | R² 0.0345 | eta 00:13
[120] train loss 0.01353 | recon 0.01140 | kl 0.00007 | smooth 0.00000 | trans 0.00007 | lle 0.00000 | geo 0.21379 | metric 0.00000 | beta 0.000
      valid loss 0.01478 | recon 0.01013 | kl 0.00007 | smooth 0.00000 | trans 0.00005 | lle 0.00000 | geo 0.46500 | metric 0.00000 | r 0.1856 | R² 0.0342 | eta 00:12
[121] train loss 0.01345 | recon 0.01115 | kl 0.00006 | smooth 0.00000 | trans 0.00007 | lle 0.00000 | geo 0.22985 | metric 0.00000 | beta 0.000
      valid loss 0.01502 | recon 0.01013 | kl 0.00005 | smooth 0.00000 | trans 0.00005 | lle 0.00000 | geo 0.48936 | metric 0.00000 | r 0.1856 | R² 0.0342 | eta 00:12
[122] train loss 0.01344 | recon 0.01122 | kl 0.00005 | smooth 0.00000 | trans 0.00007 | lle 0.00000 | geo 0.22198 | metric 0.00000 | beta 0.000
      valid loss 0.01473 | recon 0.01013 | kl 0.00005 | smooth 0.00000 | trans 0.00005 | lle 0.00000 | geo 0.46029 | metric 0.00000 | r 0.1857 | R² 0.0342 | eta 00:11
[123] train loss 0.01329 | recon 0.01125 | kl 0.00005 | smooth 0.00000 | trans 0.00007 | lle 0.00000 | geo 0.20350 | metric 0.00000 | beta 0.000
      valid loss 0.01443 | recon 0.01012 | kl 0.00005 | smooth 0.00000 | trans 0.00005 | lle 0.00000 | geo 0.43043 | metric 0.00000 | r 0.1865 | R² 0.0345 | eta 00:11
[124] train loss 0.01314 | recon 0.01113 | kl 0.00005 | smooth 0.00000 | trans 0.00007 | lle 0.00000 | geo 0.20135 | metric 0.00000 | beta 0.000
      valid loss 0.01477 | recon 0.01013 | kl 0.00005 | smooth 0.00000 | trans 0.00005 | lle 0.00000 | geo 0.46403 | metric 0.00000 | r 0.1853 | R² 0.0341 | eta 00:11
[125] train loss 0.01329 | recon 0.01126 | kl 0.00005 | smooth 0.00000 | trans 0.00007 | lle 0.00000 | geo 0.20276 | metric 0.00000 | beta 0.000
      valid loss 0.01476 | recon 0.01013 | kl 0.00004 | smooth 0.00000 | trans 0.00005 | lle 0.00000 | geo 0.46331 | metric 0.00000 | r 0.1861 | R² 0.0344 | eta 00:10
[126] train loss 0.01327 | recon 0.01132 | kl 0.00004 | smooth 0.00000 | trans 0.00007 | lle 0.00000 | geo 0.19510 | metric 0.00000 | beta 0.000
      valid loss 0.01438 | recon 0.01013 | kl 0.00004 | smooth 0.00000 | trans 0.00005 | lle 0.00000 | geo 0.42554 | metric 0.00000 | r 0.1863 | R² 0.0344 | eta 00:10
[127] train loss 0.01331 | recon 0.01118 | kl 0.00004 | smooth 0.00000 | trans 0.00007 | lle 0.00000 | geo 0.21336 | metric 0.00000 | beta 0.000
      valid loss 0.01482 | recon 0.01013 | kl 0.00004 | smooth 0.00000 | trans 0.00005 | lle 0.00000 | geo 0.46903 | metric 0.00000 | r 0.1851 | R² 0.0339 | eta 00:09
[128] train loss 0.01333 | recon 0.01123 | kl 0.00003 | smooth 0.00000 | trans 0.00007 | lle 0.00000 | geo 0.20964 | metric 0.00000 | beta 0.000
      valid loss 0.01470 | recon 0.01013 | kl 0.00002 | smooth 0.00000 | trans 0.00005 | lle 0.00000 | geo 0.45649 | metric 0.00000 | r 0.1857 | R² 0.0342 | eta 00:09
[129] train loss 0.01337 | recon 0.01128 | kl 0.00001 | smooth 0.00000 | trans 0.00007 | lle 0.00000 | geo 0.20834 | metric 0.00000 | beta 0.000
      valid loss 0.01430 | recon 0.01013 | kl 0.00001 | smooth 0.00000 | trans 0.00005 | lle 0.00000 | geo 0.41727 | metric 0.00000 | r 0.1857 | R² 0.0342 | eta 00:08
[130] train loss 0.01311 | recon 0.01113 | kl 0.00001 | smooth 0.00000 | trans 0.00007 | lle 0.00000 | geo 0.19814 | metric 0.00000 | beta 0.000
      valid loss 0.01469 | recon 0.01013 | kl 0.00002 | smooth 0.00000 | trans 0.00005 | lle 0.00000 | geo 0.45565 | metric 0.00000 | r 0.1850 | R² 0.0339 | eta 00:08
[131] train loss 0.01320 | recon 0.01129 | kl 0.00002 | smooth 0.00000 | trans 0.00007 | lle 0.00000 | geo 0.19110 | metric 0.00000 | beta 0.000
      valid loss 0.01470 | recon 0.01013 | kl 0.00002 | smooth 0.00000 | trans 0.00005 | lle 0.00000 | geo 0.45652 | metric 0.00000 | r 0.1852 | R² 0.0340 | eta 00:08
[132] train loss 0.01313 | recon 0.01128 | kl 0.00003 | smooth 0.00000 | trans 0.00007 | lle 0.00000 | geo 0.18535 | metric 0.00000 | beta 0.000
      valid loss 0.01449 | recon 0.01013 | kl 0.00003 | smooth 0.00000 | trans 0.00005 | lle 0.00000 | geo 0.43636 | metric 0.00000 | r 0.1857 | R² 0.0342 | eta 00:07
[133] train loss 0.01372 | recon 0.01125 | kl 0.00003 | smooth 0.00000 | trans 0.00007 | lle 0.00000 | geo 0.24700 | metric 0.00000 | beta 0.000
      valid loss 0.01464 | recon 0.01013 | kl 0.00003 | smooth 0.00000 | trans 0.00005 | lle 0.00000 | geo 0.45159 | metric 0.00000 | r 0.1858 | R² 0.0342 | eta 00:07
[134] train loss 0.01324 | recon 0.01116 | kl 0.00003 | smooth 0.00000 | trans 0.00007 | lle 0.00000 | geo 0.20873 | metric 0.00000 | beta 0.000
      valid loss 0.01489 | recon 0.01013 | kl 0.00002 | smooth 0.00000 | trans 0.00005 | lle 0.00000 | geo 0.47602 | metric 0.00000 | r 0.1861 | R² 0.0343 | eta 00:06
[135] train loss 0.01333 | recon 0.01127 | kl 0.00001 | smooth 0.00000 | trans 0.00007 | lle 0.00000 | geo 0.20647 | metric 0.00000 | beta 0.000
      valid loss 0.01480 | recon 0.01013 | kl 0.00001 | smooth 0.00000 | trans 0.00005 | lle 0.00000 | geo 0.46748 | metric 0.00000 | r 0.1856 | R² 0.0342 | eta 00:06
[136] train loss 0.01317 | recon 0.01125 | kl 0.00001 | smooth 0.00000 | trans 0.00007 | lle 0.00000 | geo 0.19252 | metric 0.00000 | beta 0.000
      valid loss 0.01509 | recon 0.01013 | kl 0.00001 | smooth 0.00000 | trans 0.00005 | lle 0.00000 | geo 0.49535 | metric 0.00000 | r 0.1865 | R² 0.0345 | eta 00:05
[137] train loss 0.01303 | recon 0.01109 | kl 0.00002 | smooth 0.00000 | trans 0.00007 | lle 0.00000 | geo 0.19402 | metric 0.00000 | beta 0.000
      valid loss 0.01497 | recon 0.01013 | kl 0.00002 | smooth 0.00000 | trans 0.00005 | lle 0.00000 | geo 0.48387 | metric 0.00000 | r 0.1858 | R² 0.0342 | eta 00:05
[138] train loss 0.01398 | recon 0.01132 | kl 0.00002 | smooth 0.00000 | trans 0.00007 | lle 0.00000 | geo 0.26662 | metric 0.00000 | beta 0.000
      valid loss 0.01424 | recon 0.01013 | kl 0.00002 | smooth 0.00000 | trans 0.00005 | lle 0.00000 | geo 0.41072 | metric 0.00000 | r 0.1851 | R² 0.0340 | eta 00:05
[139] train loss 0.01358 | recon 0.01137 | kl 0.00003 | smooth 0.00000 | trans 0.00007 | lle 0.00000 | geo 0.22110 | metric 0.00000 | beta 0.000
      valid loss 0.01476 | recon 0.01012 | kl 0.00003 | smooth 0.00000 | trans 0.00005 | lle 0.00000 | geo 0.46329 | metric 0.00000 | r 0.1863 | R² 0.0344 | eta 00:04
[140] train loss 0.01356 | recon 0.01145 | kl 0.00003 | smooth 0.00000 | trans 0.00007 | lle 0.00000 | geo 0.21054 | metric 0.00000 | beta 0.000
      valid loss 0.01470 | recon 0.01013 | kl 0.00003 | smooth 0.00000 | trans 0.00005 | lle 0.00000 | geo 0.45715 | metric 0.00000 | r 0.1859 | R² 0.0342 | eta 00:04
[141] train loss 0.01310 | recon 0.01111 | kl 0.00003 | smooth 0.00000 | trans 0.00007 | lle 0.00000 | geo 0.19918 | metric 0.00000 | beta 0.000
      valid loss 0.01502 | recon 0.01013 | kl 0.00003 | smooth 0.00000 | trans 0.00005 | lle 0.00000 | geo 0.48859 | metric 0.00000 | r 0.1854 | R² 0.0341 | eta 00:03
[142] train loss 0.01343 | recon 0.01125 | kl 0.00003 | smooth 0.00000 | trans 0.00007 | lle 0.00000 | geo 0.21782 | metric 0.00000 | beta 0.000
      valid loss 0.01441 | recon 0.01013 | kl 0.00003 | smooth 0.00000 | trans 0.00005 | lle 0.00000 | geo 0.42814 | metric 0.00000 | r 0.1863 | R² 0.0344 | eta 00:03
[143] train loss 0.01330 | recon 0.01123 | kl 0.00003 | smooth 0.00000 | trans 0.00007 | lle 0.00000 | geo 0.20667 | metric 0.00000 | beta 0.000
      valid loss 0.01453 | recon 0.01013 | kl 0.00003 | smooth 0.00000 | trans 0.00005 | lle 0.00000 | geo 0.44048 | metric 0.00000 | r 0.1855 | R² 0.0341 | eta 00:02
[144] train loss 0.01365 | recon 0.01134 | kl 0.00003 | smooth 0.00000 | trans 0.00007 | lle 0.00000 | geo 0.23024 | metric 0.00000 | beta 0.000
      valid loss 0.01389 | recon 0.01013 | kl 0.00002 | smooth 0.00000 | trans 0.00005 | lle 0.00000 | geo 0.37615 | metric 0.00000 | r 0.1862 | R² 0.0344 | eta 00:02
[145] train loss 0.01339 | recon 0.01124 | kl 0.00003 | smooth 0.00000 | trans 0.00007 | lle 0.00000 | geo 0.21509 | metric 0.00000 | beta 0.000
      valid loss 0.01428 | recon 0.01013 | kl 0.00003 | smooth 0.00000 | trans 0.00005 | lle 0.00000 | geo 0.41558 | metric 0.00000 | r 0.1865 | R² 0.0345 | eta 00:02
[146] train loss 0.01348 | recon 0.01145 | kl 0.00003 | smooth 0.00000 | trans 0.00007 | lle 0.00000 | geo 0.20365 | metric 0.00000 | beta 0.000
      valid loss 0.01463 | recon 0.01012 | kl 0.00002 | smooth 0.00000 | trans 0.00005 | lle 0.00000 | geo 0.45060 | metric 0.00000 | r 0.1870 | R² 0.0347 | eta 00:01
[147] train loss 0.01303 | recon 0.01111 | kl 0.00003 | smooth 0.00000 | trans 0.00007 | lle 0.00000 | geo 0.19227 | metric 0.00000 | beta 0.000
      valid loss 0.01460 | recon 0.01013 | kl 0.00002 | smooth 0.00000 | trans 0.00005 | lle 0.00000 | geo 0.44707 | metric 0.00000 | r 0.1855 | R² 0.0341 | eta 00:01
[148] train loss 0.01325 | recon 0.01132 | kl 0.00002 | smooth 0.00000 | trans 0.00007 | lle 0.00000 | geo 0.19293 | metric 0.00000 | beta 0.000
      valid loss 0.01465 | recon 0.01012 | kl 0.00002 | smooth 0.00000 | trans 0.00005 | lle 0.00000 | geo 0.45249 | metric 0.00000 | r 0.1868 | R² 0.0347 | eta 00:00
[149] train loss 0.01313 | recon 0.01125 | kl 0.00002 | smooth 0.00000 | trans 0.00007 | lle 0.00000 | geo 0.18797 | metric 0.00000 | beta 0.000
      valid loss 0.01486 | recon 0.01012 | kl 0.00002 | smooth 0.00000 | trans 0.00005 | lle 0.00000 | geo 0.47357 | metric 0.00000 | r 0.1881 | R² 0.0352 | eta 00:00
[150] train loss 0.01343 | recon 0.01124 | kl 0.00002 | smooth 0.00000 | trans 0.00007 | lle 0.00000 | geo 0.21895 | metric 0.00000 | beta 0.000
      valid loss 0.01432 | recon 0.01013 | kl 0.00003 | smooth 0.00000 | trans 0.00005 | lle 0.00000 | geo 0.41916 | metric 0.00000 | r 0.1862 | R² 0.0344 | eta 00:00
/home/4429/envs/odevae/lib/python3.11/site-packages/sklearn/manifold/_mds.py:754: FutureWarning: The default value of `init` will change from 'random' to 'classical_mds' in 1.10. To suppress this warning, provide some value of `init`.
  warnings.warn(
/home/4429/envs/odevae/lib/python3.11/site-packages/sklearn/manifold/_mds.py:771: FutureWarning: The `dissimilarity` parameter is deprecated and will be removed in 1.10. Use `metric` instead.
  warnings.warn(
      wrote /home/4429/projects/Neural_VAE_ODE/runs/2026-05-27_195251_81f7249/latent_manifold_mds.png
done.
experts.0.0.bias 2.106348732586194e-12
experts.0.2.bias 4.0306833398062736e-05
experts.0.4.bias 0.0002690134570002556
experts.1.0.bias 1.4168239498291157e-11
experts.1.2.bias -0.00010215327347395942
experts.1.4.bias -0.00011576553515624255
experts.2.0.bias 2.1371925063018438e-10
experts.2.2.bias -5.944977965555154e-05
experts.2.4.bias 0.0001806881627999246
experts.3.0.bias 1.7505285415664318e-11
experts.3.2.bias -0.0001411542616551742
experts.3.4.bias -0.0002306386741111055
experts.4.0.bias 1.6097536715067862e-12
experts.4.2.bias -6.213568849489093e-05
experts.4.4.bias 0.0006890175282023847
experts.5.0.bias 2.0406155931684822e-10
experts.5.2.bias 2.635934106365312e-05
experts.5.4.bias -0.00014302838826552033
experts.6.0.bias 8.200842227523708e-10
experts.6.2.bias 8.948331378633156e-05
experts.6.4.bias -0.00013600195234175771
experts.7.0.bias 1.7814697633733445e-11
experts.7.2.bias -8.371479634661227e-05
experts.7.4.bias 0.00036440641270019114
Saved run metadata → /home/4429/projects/Neural_VAE_ODE/runs/2026-05-27_195251_81f7249/run_metadata.json
Final r: 0.1862
Final R²: 0.0344
Results logged to /home/4429/projects/Neural_VAE_ODE/src/training_results.txt
Exception ignored in: Exception ignored in sys.unraisablehook