Running script: v5_neural_vae.py
Loading configuration from /home/4429/projects/Neural_VAE_ODE/runs/2026-04-19_113248_e5102b1/config.txt
Device: cuda
Selecting 100 landmark trials (greedy coverage)...
Subsampled to 100 sequences.
Built sequences: B=100, :=120, N=375
/home/4429/envs/odevae/lib/python3.11/site-packages/torch/nn/modules/transformer.py:379: UserWarning: enable_nested_tensor is True, but self.use_nested_tensor is False because encoder_layer.self_attn.batch_first was not True(use batch_first for better inference performance)
  warnings.warn(
[001] train loss 0.01043 | recon 0.00942 | kl 0.60496 | smooth 0.60260 | trans 0.00016 | lle 0.00030 | beta 0.001
      valid loss 0.01747 | recon 0.00412 | kl 0.64828 | smooth 0.37978 | trans 0.00014 | lle 0.00003 | r 0.2594 | R² 0.0494 | eta 08:04
      saved best checkpoint -> /home/4429/projects/Neural_VAE_ODE/runs/2026-04-19_113248_e5102b1/ode_vae_best.pt
[002] train loss 0.00984 | recon 0.00885 | kl 0.38944 | smooth 0.47412 | trans 0.00016 | lle 0.00026 | beta 0.001
      valid loss 0.00713 | recon 0.00407 | kl 0.11978 | smooth 0.66205 | trans 0.00014 | lle 0.00004 | r 0.2780 | R² 0.0610 | eta 07:43
      saved best checkpoint -> /home/4429/projects/Neural_VAE_ODE/runs/2026-04-19_113248_e5102b1/ode_vae_best.pt
[003] train loss 0.00966 | recon 0.00886 | kl 0.05642 | smooth 0.68465 | trans 0.00016 | lle 0.00029 | beta 0.002
      valid loss 0.00546 | recon 0.00394 | kl 0.03894 | smooth 0.74167 | trans 0.00014 | lle 0.00005 | r 0.3124 | R² 0.0905 | eta 07:33
      saved best checkpoint -> /home/4429/projects/Neural_VAE_ODE/runs/2026-04-19_113248_e5102b1/ode_vae_best.pt
[004] train loss 0.00964 | recon 0.00881 | kl 0.04862 | smooth 0.70409 | trans 0.00016 | lle 0.00030 | beta 0.003
      valid loss 0.00536 | recon 0.00408 | kl 0.02559 | smooth 0.77039 | trans 0.00014 | lle 0.00005 | r 0.2680 | R² 0.0585 | eta 07:28
      saved best checkpoint -> /home/4429/projects/Neural_VAE_ODE/runs/2026-04-19_113248_e5102b1/ode_vae_best.pt
[005] train loss 0.00953 | recon 0.00875 | kl 0.02190 | smooth 0.69992 | trans 0.00016 | lle 0.00032 | beta 0.003
      valid loss 0.00503 | recon 0.00403 | kl 0.01516 | smooth 0.69491 | trans 0.00014 | lle 0.00005 | r 0.2842 | R² 0.0696 | eta 07:22
      saved best checkpoint -> /home/4429/projects/Neural_VAE_ODE/runs/2026-04-19_113248_e5102b1/ode_vae_best.pt
[006] train loss 0.00950 | recon 0.00873 | kl 0.01685 | smooth 0.70273 | trans 0.00016 | lle 0.00029 | beta 0.004
      valid loss 0.00538 | recon 0.00416 | kl 0.01994 | smooth 0.82501 | trans 0.00014 | lle 0.00006 | r 0.2381 | R² 0.0393 | eta 07:24
[007] train loss 0.00955 | recon 0.00879 | kl 0.01319 | smooth 0.70646 | trans 0.00016 | lle 0.00031 | beta 0.005
      valid loss 0.00493 | recon 0.00398 | kl 0.01718 | smooth 0.60859 | trans 0.00014 | lle 0.00005 | r 0.3013 | R² 0.0813 | eta 07:19
      saved best checkpoint -> /home/4429/projects/Neural_VAE_ODE/runs/2026-04-19_113248_e5102b1/ode_vae_best.pt
[008] train loss 0.00947 | recon 0.00871 | kl 0.01298 | smooth 0.68570 | trans 0.00016 | lle 0.00032 | beta 0.005
      valid loss 0.00494 | recon 0.00400 | kl 0.00986 | smooth 0.74284 | trans 0.00014 | lle 0.00006 | r 0.2922 | R² 0.0770 | eta 07:15
[009] train loss 0.00941 | recon 0.00866 | kl 0.00887 | smooth 0.69966 | trans 0.00016 | lle 0.00033 | beta 0.006
      valid loss 0.00472 | recon 0.00387 | kl 0.00723 | smooth 0.70357 | trans 0.00014 | lle 0.00005 | r 0.3326 | R² 0.1066 | eta 07:08
      saved best checkpoint -> /home/4429/projects/Neural_VAE_ODE/runs/2026-04-19_113248_e5102b1/ode_vae_best.pt
[010] train loss 0.00945 | recon 0.00874 | kl 0.00786 | smooth 0.65265 | trans 0.00016 | lle 0.00030 | beta 0.007
      valid loss 0.00466 | recon 0.00401 | kl 0.00561 | smooth 0.54206 | trans 0.00014 | lle 0.00004 | r 0.2895 | R² 0.0746 | eta 07:04
      saved best checkpoint -> /home/4429/projects/Neural_VAE_ODE/runs/2026-04-19_113248_e5102b1/ode_vae_best.pt
[011] train loss 0.00933 | recon 0.00865 | kl 0.00628 | smooth 0.63811 | trans 0.00016 | lle 0.00029 | beta 0.007
      valid loss 0.00474 | recon 0.00407 | kl 0.00472 | smooth 0.58068 | trans 0.00014 | lle 0.00005 | r 0.2632 | R² 0.0601 | eta 07:02
[012] train loss 0.00938 | recon 0.00871 | kl 0.00404 | smooth 0.63398 | trans 0.00016 | lle 0.00030 | beta 0.008
      valid loss 0.00464 | recon 0.00400 | kl 0.00399 | smooth 0.55830 | trans 0.00014 | lle 0.00004 | r 0.2971 | R² 0.0766 | eta 06:58
      saved best checkpoint -> /home/4429/projects/Neural_VAE_ODE/runs/2026-04-19_113248_e5102b1/ode_vae_best.pt
[013] train loss 0.00929 | recon 0.00864 | kl 0.00342 | smooth 0.61898 | trans 0.00016 | lle 0.00031 | beta 0.009
      valid loss 0.00477 | recon 0.00404 | kl 0.00319 | smooth 0.66656 | trans 0.00014 | lle 0.00006 | r 0.2614 | R² 0.0654 | eta 06:55
[014] train loss 0.00927 | recon 0.00864 | kl 0.00323 | smooth 0.59361 | trans 0.00016 | lle 0.00030 | beta 0.009
      valid loss 0.00480 | recon 0.00414 | kl 0.00280 | smooth 0.60425 | trans 0.00014 | lle 0.00004 | r 0.2637 | R² 0.0452 | eta 06:51
[015] train loss 0.00934 | recon 0.00873 | kl 0.00264 | smooth 0.58325 | trans 0.00016 | lle 0.00030 | beta 0.010
      valid loss 0.00468 | recon 0.00413 | kl 0.00203 | smooth 0.50849 | trans 0.00014 | lle 0.00004 | r 0.2687 | R² 0.0470 | eta 06:48
[016] train loss 0.00915 | recon 0.00858 | kl 0.00237 | smooth 0.54252 | trans 0.00016 | lle 0.00032 | beta 0.011
      valid loss 0.00461 | recon 0.00409 | kl 0.00122 | smooth 0.49320 | trans 0.00014 | lle 0.00006 | r 0.2478 | R² 0.0539 | eta 06:44
      saved best checkpoint -> /home/4429/projects/Neural_VAE_ODE/runs/2026-04-19_113248_e5102b1/ode_vae_best.pt
[017] train loss 0.00924 | recon 0.00867 | kl 0.00204 | smooth 0.53709 | trans 0.00016 | lle 0.00028 | beta 0.011
      valid loss 0.00455 | recon 0.00398 | kl 0.00149 | smooth 0.53684 | trans 0.00014 | lle 0.00005 | r 0.2992 | R² 0.0814 | eta 06:43
      saved best checkpoint -> /home/4429/projects/Neural_VAE_ODE/runs/2026-04-19_113248_e5102b1/ode_vae_best.pt
[018] train loss 0.00926 | recon 0.00869 | kl 0.00148 | smooth 0.54450 | trans 0.00016 | lle 0.00030 | beta 0.012
      valid loss 0.00458 | recon 0.00399 | kl 0.00130 | smooth 0.56499 | trans 0.00014 | lle 0.00004 | r 0.2947 | R² 0.0798 | eta 06:39
[019] train loss 0.00926 | recon 0.00875 | kl 0.00165 | smooth 0.49381 | trans 0.00016 | lle 0.00026 | beta 0.013
      valid loss 0.00442 | recon 0.00406 | kl 0.00123 | smooth 0.33619 | trans 0.00014 | lle 0.00003 | r 0.2722 | R² 0.0631 | eta 06:35
      saved best checkpoint -> /home/4429/projects/Neural_VAE_ODE/runs/2026-04-19_113248_e5102b1/ode_vae_best.pt
[020] train loss 0.00919 | recon 0.00871 | kl 0.00104 | smooth 0.47038 | trans 0.00016 | lle 0.00027 | beta 0.013
      valid loss 0.00451 | recon 0.00400 | kl 0.00055 | smooth 0.50368 | trans 0.00014 | lle 0.00005 | r 0.2894 | R² 0.0767 | eta 06:32
[021] train loss 0.00899 | recon 0.00851 | kl 0.00113 | smooth 0.46029 | trans 0.00016 | lle 0.00026 | beta 0.014
      valid loss 0.00467 | recon 0.00412 | kl 0.00067 | smooth 0.53338 | trans 0.00014 | lle 0.00005 | r 0.2584 | R² 0.0486 | eta 06:28
[022] train loss 0.00918 | recon 0.00870 | kl 0.00068 | smooth 0.47319 | trans 0.00016 | lle 0.00027 | beta 0.015
      valid loss 0.00463 | recon 0.00414 | kl 0.00042 | smooth 0.48620 | trans 0.00014 | lle 0.00005 | r 0.2627 | R² 0.0458 | eta 06:24
[023] train loss 0.00910 | recon 0.00866 | kl 0.00075 | smooth 0.42479 | trans 0.00016 | lle 0.00026 | beta 0.015
      valid loss 0.00447 | recon 0.00409 | kl 0.00039 | smooth 0.37026 | trans 0.00014 | lle 0.00004 | r 0.2707 | R² 0.0567 | eta 06:20
[024] train loss 0.00912 | recon 0.00871 | kl 0.00083 | smooth 0.39779 | trans 0.00016 | lle 0.00025 | beta 0.016
      valid loss 0.00440 | recon 0.00395 | kl 0.00115 | smooth 0.43390 | trans 0.00014 | lle 0.00004 | r 0.3029 | R² 0.0883 | eta 06:16
      saved best checkpoint -> /home/4429/projects/Neural_VAE_ODE/runs/2026-04-19_113248_e5102b1/ode_vae_best.pt
[025] train loss 0.00900 | recon 0.00866 | kl 0.00078 | smooth 0.33039 | trans 0.00016 | lle 0.00025 | beta 0.017
      valid loss 0.00430 | recon 0.00397 | kl 0.00064 | smooth 0.31499 | trans 0.00014 | lle 0.00003 | r 0.3009 | R² 0.0837 | eta 06:13
      saved best checkpoint -> /home/4429/projects/Neural_VAE_ODE/runs/2026-04-19_113248_e5102b1/ode_vae_best.pt
[026] train loss 0.00906 | recon 0.00872 | kl 0.00072 | smooth 0.32611 | trans 0.00016 | lle 0.00024 | beta 0.017
      valid loss 0.00430 | recon 0.00399 | kl 0.00093 | smooth 0.29041 | trans 0.00014 | lle 0.00003 | r 0.2934 | R² 0.0786 | eta 06:10
[027] train loss 0.00897 | recon 0.00867 | kl 0.00064 | smooth 0.28528 | trans 0.00016 | lle 0.00021 | beta 0.018
      valid loss 0.00427 | recon 0.00402 | kl 0.00034 | smooth 0.24625 | trans 0.00014 | lle 0.00002 | r 0.2782 | R² 0.0711 | eta 06:07
      saved best checkpoint -> /home/4429/projects/Neural_VAE_ODE/runs/2026-04-19_113248_e5102b1/ode_vae_best.pt
[028] train loss 0.00890 | recon 0.00865 | kl 0.00062 | smooth 0.23047 | trans 0.00016 | lle 0.00020 | beta 0.019
      valid loss 0.00446 | recon 0.00414 | kl 0.00045 | smooth 0.30856 | trans 0.00014 | lle 0.00003 | r 0.2648 | R² 0.0457 | eta 06:06
[029] train loss 0.00896 | recon 0.00870 | kl 0.00067 | smooth 0.24373 | trans 0.00016 | lle 0.00019 | beta 0.019
      valid loss 0.00413 | recon 0.00399 | kl 0.00023 | smooth 0.13544 | trans 0.00014 | lle 0.00002 | r 0.2870 | R² 0.0778 | eta 06:03
      saved best checkpoint -> /home/4429/projects/Neural_VAE_ODE/runs/2026-04-19_113248_e5102b1/ode_vae_best.pt
[030] train loss 0.00891 | recon 0.00870 | kl 0.00043 | smooth 0.19703 | trans 0.00016 | lle 0.00017 | beta 0.020
      valid loss 0.00421 | recon 0.00400 | kl 0.00049 | smooth 0.20055 | trans 0.00014 | lle 0.00002 | r 0.2892 | R² 0.0775 | eta 06:00
[031] train loss 0.00882 | recon 0.00867 | kl 0.00053 | smooth 0.13427 | trans 0.00016 | lle 0.00014 | beta 0.020
      valid loss 0.00414 | recon 0.00402 | kl 0.00074 | smooth 0.10304 | trans 0.00014 | lle 0.00002 | r 0.2881 | R² 0.0724 | eta 05:56
[032] train loss 0.00879 | recon 0.00868 | kl 0.00046 | smooth 0.09000 | trans 0.00016 | lle 0.00011 | beta 0.020
      valid loss 0.00399 | recon 0.00390 | kl 0.00027 | smooth 0.08277 | trans 0.00014 | lle 0.00001 | r 0.3187 | R² 0.0984 | eta 05:53
      saved best checkpoint -> /home/4429/projects/Neural_VAE_ODE/runs/2026-04-19_113248_e5102b1/ode_vae_best.pt
[033] train loss 0.00885 | recon 0.00875 | kl 0.00046 | smooth 0.09003 | trans 0.00016 | lle 0.00012 | beta 0.020
      valid loss 0.00405 | recon 0.00396 | kl 0.00048 | smooth 0.07925 | trans 0.00014 | lle 0.00001 | r 0.2971 | R² 0.0845 | eta 05:50
[034] train loss 0.00871 | recon 0.00863 | kl 0.00045 | smooth 0.06917 | trans 0.00016 | lle 0.00009 | beta 0.020
      valid loss 0.00401 | recon 0.00396 | kl 0.00025 | smooth 0.05236 | trans 0.00014 | lle 0.00001 | r 0.2987 | R² 0.0860 | eta 05:46
[035] train loss 0.00874 | recon 0.00870 | kl 0.00024 | smooth 0.03026 | trans 0.00016 | lle 0.00005 | beta 0.020
      valid loss 0.00404 | recon 0.00402 | kl 0.00019 | smooth 0.02231 | trans 0.00014 | lle 0.00000 | r 0.2751 | R² 0.0713 | eta 05:42
[036] train loss 0.00876 | recon 0.00872 | kl 0.00020 | smooth 0.03624 | trans 0.00016 | lle 0.00006 | beta 0.020
      valid loss 0.00402 | recon 0.00400 | kl 0.00033 | smooth 0.01287 | trans 0.00014 | lle 0.00000 | r 0.2863 | R² 0.0759 | eta 05:39
[037] train loss 0.00876 | recon 0.00871 | kl 0.00029 | smooth 0.03666 | trans 0.00016 | lle 0.00007 | beta 0.020
      valid loss 0.00401 | recon 0.00399 | kl 0.00013 | smooth 0.01925 | trans 0.00014 | lle 0.00000 | r 0.2995 | R² 0.0797 | eta 05:36
[038] train loss 0.00863 | recon 0.00861 | kl 0.00018 | smooth 0.01376 | trans 0.00016 | lle 0.00003 | beta 0.020
      valid loss 0.00410 | recon 0.00407 | kl 0.00014 | smooth 0.02523 | trans 0.00014 | lle 0.00000 | r 0.2691 | R² 0.0593 | eta 05:32
[039] train loss 0.00872 | recon 0.00870 | kl 0.00012 | smooth 0.01151 | trans 0.00016 | lle 0.00002 | beta 0.020
      valid loss 0.00407 | recon 0.00406 | kl 0.00012 | smooth 0.00847 | trans 0.00014 | lle 0.00000 | r 0.2720 | R² 0.0623 | eta 05:29
[040] train loss 0.00864 | recon 0.00862 | kl 0.00011 | smooth 0.01032 | trans 0.00016 | lle 0.00003 | beta 0.020
      valid loss 0.00403 | recon 0.00401 | kl 0.00007 | smooth 0.01809 | trans 0.00014 | lle 0.00000 | r 0.2853 | R² 0.0743 | eta 05:26
[041] train loss 0.00870 | recon 0.00869 | kl 0.00015 | smooth 0.01081 | trans 0.00016 | lle 0.00002 | beta 0.020
      valid loss 0.00400 | recon 0.00399 | kl 0.00011 | smooth 0.00751 | trans 0.00014 | lle 0.00000 | r 0.2893 | R² 0.0775 | eta 05:22
[042] train loss 0.00868 | recon 0.00867 | kl 0.00015 | smooth 0.01067 | trans 0.00016 | lle 0.00002 | beta 0.020
      valid loss 0.00398 | recon 0.00397 | kl 0.00014 | smooth 0.00352 | trans 0.00014 | lle 0.00000 | r 0.3026 | R² 0.0827 | eta 05:19
      saved best checkpoint -> /home/4429/projects/Neural_VAE_ODE/runs/2026-04-19_113248_e5102b1/ode_vae_best.pt
[043] train loss 0.00868 | recon 0.00867 | kl 0.00021 | smooth 0.00882 | trans 0.00016 | lle 0.00002 | beta 0.020
      valid loss 0.00394 | recon 0.00392 | kl 0.00012 | smooth 0.00794 | trans 0.00014 | lle 0.00000 | r 0.3116 | R² 0.0932 | eta 05:16
      saved best checkpoint -> /home/4429/projects/Neural_VAE_ODE/runs/2026-04-19_113248_e5102b1/ode_vae_best.pt
[044] train loss 0.00869 | recon 0.00868 | kl 0.00024 | smooth 0.00774 | trans 0.00016 | lle 0.00002 | beta 0.020
      valid loss 0.00402 | recon 0.00401 | kl 0.00014 | smooth 0.00362 | trans 0.00014 | lle 0.00000 | r 0.2817 | R² 0.0731 | eta 05:14
[045] train loss 0.00870 | recon 0.00869 | kl 0.00017 | smooth 0.00763 | trans 0.00016 | lle 0.00002 | beta 0.020
      valid loss 0.00405 | recon 0.00404 | kl 0.00008 | smooth 0.00353 | trans 0.00014 | lle 0.00000 | r 0.2868 | R² 0.0678 | eta 05:10
[046] train loss 0.00858 | recon 0.00857 | kl 0.00011 | smooth 0.00482 | trans 0.00016 | lle 0.00001 | beta 0.020
      valid loss 0.00402 | recon 0.00402 | kl 0.00005 | smooth 0.00366 | trans 0.00014 | lle 0.00000 | r 0.2792 | R² 0.0723 | eta 05:07
[047] train loss 0.00874 | recon 0.00874 | kl 0.00008 | smooth 0.00227 | trans 0.00016 | lle 0.00001 | beta 0.020
      valid loss 0.00404 | recon 0.00404 | kl 0.00003 | smooth 0.00193 | trans 0.00014 | lle 0.00000 | r 0.2767 | R² 0.0669 | eta 05:04
[048] train loss 0.00853 | recon 0.00853 | kl 0.00005 | smooth 0.00186 | trans 0.00016 | lle 0.00001 | beta 0.020
      valid loss 0.00401 | recon 0.00401 | kl 0.00005 | smooth 0.00237 | trans 0.00014 | lle 0.00000 | r 0.2844 | R² 0.0739 | eta 05:00
[049] train loss 0.00861 | recon 0.00860 | kl 0.00004 | smooth 0.00195 | trans 0.00016 | lle 0.00001 | beta 0.020
      valid loss 0.00400 | recon 0.00400 | kl 0.00004 | smooth 0.00245 | trans 0.00014 | lle 0.00000 | r 0.2873 | R² 0.0770 | eta 04:58
[050] train loss 0.00869 | recon 0.00868 | kl 0.00004 | smooth 0.00173 | trans 0.00016 | lle 0.00000 | beta 0.020
      valid loss 0.00398 | recon 0.00398 | kl 0.00004 | smooth 0.00136 | trans 0.00014 | lle 0.00000 | r 0.2942 | R² 0.0807 | eta 04:54
[051] train loss 0.00865 | recon 0.00865 | kl 0.00003 | smooth 0.00160 | trans 0.00016 | lle 0.00000 | beta 0.020
      valid loss 0.00402 | recon 0.00402 | kl 0.00002 | smooth 0.00144 | trans 0.00014 | lle 0.00000 | r 0.2873 | R² 0.0720 | eta 04:51
[052] train loss 0.00869 | recon 0.00869 | kl 0.00003 | smooth 0.00276 | trans 0.00016 | lle 0.00001 | beta 0.020
      valid loss 0.00404 | recon 0.00403 | kl 0.00003 | smooth 0.01067 | trans 0.00014 | lle 0.00000 | r 0.2807 | R² 0.0700 | eta 04:48
[053] train loss 0.00873 | recon 0.00872 | kl 0.00003 | smooth 0.00645 | trans 0.00016 | lle 0.00002 | beta 0.020
      valid loss 0.00403 | recon 0.00402 | kl 0.00002 | smooth 0.00472 | trans 0.00014 | lle 0.00000 | r 0.2849 | R² 0.0718 | eta 04:45
[054] train loss 0.00865 | recon 0.00865 | kl 0.00003 | smooth 0.00308 | trans 0.00016 | lle 0.00001 | beta 0.020
      valid loss 0.00408 | recon 0.00407 | kl 0.00004 | smooth 0.00365 | trans 0.00014 | lle 0.00000 | r 0.2708 | R² 0.0601 | eta 04:41
[055] train loss 0.00869 | recon 0.00869 | kl 0.00004 | smooth 0.00196 | trans 0.00016 | lle 0.00001 | beta 0.020
      valid loss 0.00402 | recon 0.00402 | kl 0.00002 | smooth 0.00055 | trans 0.00014 | lle 0.00000 | r 0.2863 | R² 0.0724 | eta 04:38
[056] train loss 0.00861 | recon 0.00861 | kl 0.00004 | smooth 0.00224 | trans 0.00016 | lle 0.00001 | beta 0.020
      valid loss 0.00404 | recon 0.00404 | kl 0.00002 | smooth 0.00548 | trans 0.00014 | lle 0.00000 | r 0.2796 | R² 0.0680 | eta 04:35
[057] train loss 0.00870 | recon 0.00869 | kl 0.00004 | smooth 0.00349 | trans 0.00016 | lle 0.00001 | beta 0.020
      valid loss 0.00401 | recon 0.00401 | kl 0.00003 | smooth 0.00171 | trans 0.00014 | lle 0.00000 | r 0.2836 | R² 0.0739 | eta 04:32
[058] train loss 0.00866 | recon 0.00865 | kl 0.00003 | smooth 0.00226 | trans 0.00016 | lle 0.00001 | beta 0.020
      valid loss 0.00402 | recon 0.00402 | kl 0.00002 | smooth 0.00097 | trans 0.00014 | lle 0.00000 | r 0.2825 | R² 0.0724 | eta 04:29
[059] train loss 0.00866 | recon 0.00866 | kl 0.00003 | smooth 0.00130 | trans 0.00016 | lle 0.00000 | beta 0.020
      valid loss 0.00402 | recon 0.00402 | kl 0.00002 | smooth 0.00235 | trans 0.00014 | lle 0.00000 | r 0.2837 | R² 0.0719 | eta 04:26
[060] train loss 0.00870 | recon 0.00870 | kl 0.00002 | smooth 0.00100 | trans 0.00016 | lle 0.00000 | beta 0.020
      valid loss 0.00403 | recon 0.00403 | kl 0.00001 | smooth 0.00049 | trans 0.00014 | lle 0.00000 | r 0.2855 | R² 0.0700 | eta 04:23
[061] train loss 0.00862 | recon 0.00862 | kl 0.00003 | smooth 0.00290 | trans 0.00016 | lle 0.00001 | beta 0.020
      valid loss 0.00399 | recon 0.00399 | kl 0.00006 | smooth 0.00345 | trans 0.00014 | lle 0.00000 | r 0.2910 | R² 0.0788 | eta 04:20
[062] train loss 0.00869 | recon 0.00868 | kl 0.00003 | smooth 0.00317 | trans 0.00016 | lle 0.00001 | beta 0.020
      valid loss 0.00405 | recon 0.00404 | kl 0.00003 | smooth 0.00277 | trans 0.00014 | lle 0.00000 | r 0.2855 | R² 0.0671 | eta 04:17
[063] train loss 0.00865 | recon 0.00865 | kl 0.00003 | smooth 0.00199 | trans 0.00016 | lle 0.00001 | beta 0.020
      valid loss 0.00402 | recon 0.00401 | kl 0.00003 | smooth 0.00286 | trans 0.00014 | lle 0.00000 | r 0.2833 | R² 0.0733 | eta 04:14
[064] train loss 0.00867 | recon 0.00866 | kl 0.00003 | smooth 0.00341 | trans 0.00016 | lle 0.00001 | beta 0.020
      valid loss 0.00402 | recon 0.00401 | kl 0.00005 | smooth 0.00500 | trans 0.00014 | lle 0.00000 | r 0.2910 | R² 0.0740 | eta 04:11
[065] train loss 0.00870 | recon 0.00870 | kl 0.00004 | smooth 0.00299 | trans 0.00016 | lle 0.00001 | beta 0.020
      valid loss 0.00397 | recon 0.00397 | kl 0.00002 | smooth 0.00053 | trans 0.00014 | lle 0.00000 | r 0.2929 | R² 0.0826 | eta 04:08
[066] train loss 0.00869 | recon 0.00868 | kl 0.00004 | smooth 0.00170 | trans 0.00016 | lle 0.00000 | beta 0.020
      valid loss 0.00400 | recon 0.00399 | kl 0.00003 | smooth 0.00105 | trans 0.00014 | lle 0.00000 | r 0.2892 | R² 0.0777 | eta 04:05
[067] train loss 0.00868 | recon 0.00867 | kl 0.00006 | smooth 0.00645 | trans 0.00016 | lle 0.00002 | beta 0.020
      valid loss 0.00406 | recon 0.00405 | kl 0.00004 | smooth 0.00858 | trans 0.00014 | lle 0.00000 | r 0.2754 | R² 0.0654 | eta 04:02
[068] train loss 0.00870 | recon 0.00870 | kl 0.00007 | smooth 0.00633 | trans 0.00016 | lle 0.00002 | beta 0.020
      valid loss 0.00406 | recon 0.00405 | kl 0.00006 | smooth 0.00469 | trans 0.00014 | lle 0.00000 | r 0.2766 | R² 0.0648 | eta 03:59
[069] train loss 0.00870 | recon 0.00869 | kl 0.00006 | smooth 0.00204 | trans 0.00016 | lle 0.00001 | beta 0.020
      valid loss 0.00400 | recon 0.00400 | kl 0.00003 | smooth 0.00136 | trans 0.00014 | lle 0.00000 | r 0.2853 | R² 0.0761 | eta 03:56
[070] train loss 0.00852 | recon 0.00851 | kl 0.00005 | smooth 0.00156 | trans 0.00016 | lle 0.00000 | beta 0.020
      valid loss 0.00406 | recon 0.00405 | kl 0.00003 | smooth 0.00283 | trans 0.00014 | lle 0.00000 | r 0.2773 | R² 0.0646 | eta 03:53
[071] train loss 0.00869 | recon 0.00869 | kl 0.00003 | smooth 0.00245 | trans 0.00016 | lle 0.00001 | beta 0.020
      valid loss 0.00404 | recon 0.00403 | kl 0.00005 | smooth 0.00482 | trans 0.00014 | lle 0.00000 | r 0.2865 | R² 0.0700 | eta 03:50
[072] train loss 0.00862 | recon 0.00861 | kl 0.00003 | smooth 0.00269 | trans 0.00016 | lle 0.00001 | beta 0.020
      valid loss 0.00403 | recon 0.00403 | kl 0.00001 | smooth 0.00390 | trans 0.00014 | lle 0.00000 | r 0.2846 | R² 0.0705 | eta 03:47
[073] train loss 0.00862 | recon 0.00861 | kl 0.00003 | smooth 0.00116 | trans 0.00016 | lle 0.00000 | beta 0.020
      valid loss 0.00402 | recon 0.00401 | kl 0.00001 | smooth 0.00081 | trans 0.00014 | lle 0.00000 | r 0.2869 | R² 0.0736 | eta 03:44
[074] train loss 0.00858 | recon 0.00858 | kl 0.00002 | smooth 0.00051 | trans 0.00016 | lle 0.00000 | beta 0.020
      valid loss 0.00400 | recon 0.00400 | kl 0.00001 | smooth 0.00045 | trans 0.00014 | lle 0.00000 | r 0.2852 | R² 0.0753 | eta 03:41
[075] train loss 0.00871 | recon 0.00870 | kl 0.00001 | smooth 0.00073 | trans 0.00016 | lle 0.00000 | beta 0.020
      valid loss 0.00403 | recon 0.00403 | kl 0.00001 | smooth 0.00109 | trans 0.00014 | lle 0.00000 | r 0.2797 | R² 0.0691 | eta 03:38
[076] train loss 0.00861 | recon 0.00861 | kl 0.00001 | smooth 0.00151 | trans 0.00016 | lle 0.00000 | beta 0.020
      valid loss 0.00400 | recon 0.00400 | kl 0.00001 | smooth 0.00082 | trans 0.00014 | lle 0.00000 | r 0.2897 | R² 0.0764 | eta 03:35
[077] train loss 0.00858 | recon 0.00858 | kl 0.00002 | smooth 0.00092 | trans 0.00016 | lle 0.00000 | beta 0.020
      valid loss 0.00400 | recon 0.00400 | kl 0.00001 | smooth 0.00021 | trans 0.00014 | lle 0.00000 | r 0.2901 | R² 0.0756 | eta 03:32
[078] train loss 0.00868 | recon 0.00868 | kl 0.00002 | smooth 0.00037 | trans 0.00016 | lle 0.00000 | beta 0.020
      valid loss 0.00400 | recon 0.00400 | kl 0.00001 | smooth 0.00014 | trans 0.00014 | lle 0.00000 | r 0.2899 | R² 0.0758 | eta 03:29
[079] train loss 0.00865 | recon 0.00864 | kl 0.00001 | smooth 0.00025 | trans 0.00016 | lle 0.00000 | beta 0.020
      valid loss 0.00407 | recon 0.00407 | kl 0.00001 | smooth 0.00007 | trans 0.00014 | lle 0.00000 | r 0.2776 | R² 0.0616 | eta 03:26
[080] train loss 0.00857 | recon 0.00857 | kl 0.00001 | smooth 0.00018 | trans 0.00016 | lle 0.00000 | beta 0.020
      valid loss 0.00402 | recon 0.00402 | kl 0.00001 | smooth 0.00040 | trans 0.00014 | lle 0.00000 | r 0.2878 | R² 0.0715 | eta 03:23
[081] train loss 0.00863 | recon 0.00863 | kl 0.00001 | smooth 0.00039 | trans 0.00016 | lle 0.00000 | beta 0.020
      valid loss 0.00401 | recon 0.00401 | kl 0.00001 | smooth 0.00004 | trans 0.00014 | lle 0.00000 | r 0.2875 | R² 0.0739 | eta 03:20
[082] train loss 0.00857 | recon 0.00857 | kl 0.00002 | smooth 0.00089 | trans 0.00016 | lle 0.00000 | beta 0.020
      valid loss 0.00399 | recon 0.00399 | kl 0.00001 | smooth 0.00155 | trans 0.00014 | lle 0.00000 | r 0.2879 | R² 0.0789 | eta 03:17
[083] train loss 0.00866 | recon 0.00866 | kl 0.00002 | smooth 0.00143 | trans 0.00016 | lle 0.00000 | beta 0.020
      valid loss 0.00407 | recon 0.00407 | kl 0.00001 | smooth 0.00040 | trans 0.00014 | lle 0.00000 | r 0.2722 | R² 0.0613 | eta 03:14
[084] train loss 0.00864 | recon 0.00864 | kl 0.00001 | smooth 0.00113 | trans 0.00016 | lle 0.00000 | beta 0.020
      valid loss 0.00401 | recon 0.00401 | kl 0.00001 | smooth 0.00020 | trans 0.00014 | lle 0.00000 | r 0.2837 | R² 0.0734 | eta 03:11
[085] train loss 0.00868 | recon 0.00867 | kl 0.00001 | smooth 0.00081 | trans 0.00016 | lle 0.00000 | beta 0.020
      valid loss 0.00401 | recon 0.00401 | kl 0.00000 | smooth 0.00115 | trans 0.00014 | lle 0.00000 | r 0.2857 | R² 0.0740 | eta 03:08
[086] train loss 0.00868 | recon 0.00867 | kl 0.00001 | smooth 0.00065 | trans 0.00016 | lle 0.00000 | beta 0.020
      valid loss 0.00402 | recon 0.00402 | kl 0.00000 | smooth 0.00046 | trans 0.00014 | lle 0.00000 | r 0.2842 | R² 0.0710 | eta 03:05
[087] train loss 0.00872 | recon 0.00872 | kl 0.00000 | smooth 0.00023 | trans 0.00016 | lle 0.00000 | beta 0.020
      valid loss 0.00403 | recon 0.00403 | kl 0.00000 | smooth 0.00019 | trans 0.00014 | lle 0.00000 | r 0.2816 | R² 0.0701 | eta 03:02
[088] train loss 0.00838 | recon 0.00838 | kl 0.00000 | smooth 0.00010 | trans 0.00016 | lle 0.00000 | beta 0.020
      valid loss 0.00401 | recon 0.00401 | kl 0.00000 | smooth 0.00005 | trans 0.00014 | lle 0.00000 | r 0.2880 | R² 0.0743 | eta 02:59
[089] train loss 0.00861 | recon 0.00861 | kl 0.00000 | smooth 0.00006 | trans 0.00016 | lle 0.00000 | beta 0.020
      valid loss 0.00400 | recon 0.00400 | kl 0.00000 | smooth 0.00003 | trans 0.00014 | lle 0.00000 | r 0.2908 | R² 0.0761 | eta 02:56
[090] train loss 0.00871 | recon 0.00871 | kl 0.00000 | smooth 0.00003 | trans 0.00016 | lle 0.00000 | beta 0.020
      valid loss 0.00403 | recon 0.00403 | kl 0.00000 | smooth 0.00002 | trans 0.00014 | lle 0.00000 | r 0.2828 | R² 0.0699 | eta 02:54
[091] train loss 0.00863 | recon 0.00862 | kl 0.00000 | smooth 0.00003 | trans 0.00016 | lle 0.00000 | beta 0.020
      valid loss 0.00401 | recon 0.00401 | kl 0.00000 | smooth 0.00003 | trans 0.00014 | lle 0.00000 | r 0.2877 | R² 0.0739 | eta 02:51
[092] train loss 0.00869 | recon 0.00869 | kl 0.00000 | smooth 0.00003 | trans 0.00016 | lle 0.00000 | beta 0.020
      valid loss 0.00402 | recon 0.00402 | kl 0.00000 | smooth 0.00003 | trans 0.00014 | lle 0.00000 | r 0.2810 | R² 0.0708 | eta 02:48
[093] train loss 0.00872 | recon 0.00872 | kl 0.00000 | smooth 0.00006 | trans 0.00016 | lle 0.00000 | beta 0.020
      valid loss 0.00402 | recon 0.00402 | kl 0.00000 | smooth 0.00016 | trans 0.00014 | lle 0.00000 | r 0.2873 | R² 0.0728 | eta 02:45
[094] train loss 0.00864 | recon 0.00863 | kl 0.00000 | smooth 0.00007 | trans 0.00016 | lle 0.00000 | beta 0.020
      valid loss 0.00403 | recon 0.00403 | kl 0.00000 | smooth 0.00002 | trans 0.00014 | lle 0.00000 | r 0.2815 | R² 0.0703 | eta 02:42
[095] train loss 0.00867 | recon 0.00867 | kl 0.00000 | smooth 0.00004 | trans 0.00016 | lle 0.00000 | beta 0.020
      valid loss 0.00401 | recon 0.00401 | kl 0.00000 | smooth 0.00003 | trans 0.00014 | lle 0.00000 | r 0.2848 | R² 0.0734 | eta 02:39
[096] train loss 0.00869 | recon 0.00869 | kl 0.00000 | smooth 0.00003 | trans 0.00016 | lle 0.00000 | beta 0.020
      valid loss 0.00402 | recon 0.00402 | kl 0.00000 | smooth 0.00001 | trans 0.00014 | lle 0.00000 | r 0.2850 | R² 0.0720 | eta 02:36
[097] train loss 0.00867 | recon 0.00866 | kl 0.00000 | smooth 0.00007 | trans 0.00016 | lle 0.00000 | beta 0.020
      valid loss 0.00402 | recon 0.00402 | kl 0.00000 | smooth 0.00023 | trans 0.00014 | lle 0.00000 | r 0.2849 | R² 0.0710 | eta 02:33
[098] train loss 0.00859 | recon 0.00859 | kl 0.00000 | smooth 0.00017 | trans 0.00016 | lle 0.00000 | beta 0.020
      valid loss 0.00402 | recon 0.00402 | kl 0.00000 | smooth 0.00007 | trans 0.00014 | lle 0.00000 | r 0.2841 | R² 0.0714 | eta 02:30
[099] train loss 0.00863 | recon 0.00863 | kl 0.00000 | smooth 0.00006 | trans 0.00016 | lle 0.00000 | beta 0.020
      valid loss 0.00403 | recon 0.00403 | kl 0.00000 | smooth 0.00002 | trans 0.00014 | lle 0.00000 | r 0.2822 | R² 0.0700 | eta 02:27
[100] train loss 0.00864 | recon 0.00864 | kl 0.00000 | smooth 0.00013 | trans 0.00016 | lle 0.00000 | beta 0.020
      valid loss 0.00401 | recon 0.00401 | kl 0.00000 | smooth 0.00004 | trans 0.00014 | lle 0.00000 | r 0.2856 | R² 0.0735 | eta 02:24
[101] train loss 0.00861 | recon 0.00861 | kl 0.00000 | smooth 0.00025 | trans 0.00016 | lle 0.00000 | beta 0.020
      valid loss 0.00402 | recon 0.00402 | kl 0.00000 | smooth 0.00004 | trans 0.00014 | lle 0.00000 | r 0.2851 | R² 0.0727 | eta 02:21
[102] train loss 0.00858 | recon 0.00858 | kl 0.00000 | smooth 0.00007 | trans 0.00016 | lle 0.00000 | beta 0.020
      valid loss 0.00401 | recon 0.00401 | kl 0.00000 | smooth 0.00003 | trans 0.00014 | lle 0.00000 | r 0.2883 | R² 0.0740 | eta 02:18
[103] train loss 0.00868 | recon 0.00868 | kl 0.00000 | smooth 0.00002 | trans 0.00016 | lle 0.00000 | beta 0.020
      valid loss 0.00403 | recon 0.00403 | kl 0.00000 | smooth 0.00006 | trans 0.00014 | lle 0.00000 | r 0.2828 | R² 0.0703 | eta 02:15
[104] train loss 0.00858 | recon 0.00858 | kl 0.00000 | smooth 0.00005 | trans 0.00016 | lle 0.00000 | beta 0.020
      valid loss 0.00402 | recon 0.00402 | kl 0.00000 | smooth 0.00001 | trans 0.00014 | lle 0.00000 | r 0.2867 | R² 0.0726 | eta 02:12
[105] train loss 0.00860 | recon 0.00860 | kl 0.00000 | smooth 0.00003 | trans 0.00016 | lle 0.00000 | beta 0.020
      valid loss 0.00400 | recon 0.00400 | kl 0.00000 | smooth 0.00000 | trans 0.00014 | lle 0.00000 | r 0.2891 | R² 0.0769 | eta 02:10
[106] train loss 0.00865 | recon 0.00865 | kl 0.00000 | smooth 0.00001 | trans 0.00016 | lle 0.00000 | beta 0.020
      valid loss 0.00400 | recon 0.00400 | kl 0.00000 | smooth 0.00000 | trans 0.00014 | lle 0.00000 | r 0.2884 | R² 0.0757 | eta 02:07
[107] train loss 0.00858 | recon 0.00857 | kl 0.00000 | smooth 0.00001 | trans 0.00016 | lle 0.00000 | beta 0.020
      valid loss 0.00402 | recon 0.00402 | kl 0.00000 | smooth 0.00001 | trans 0.00014 | lle 0.00000 | r 0.2846 | R² 0.0724 | eta 02:04
[108] train loss 0.00868 | recon 0.00868 | kl 0.00000 | smooth 0.00001 | trans 0.00016 | lle 0.00000 | beta 0.020
      valid loss 0.00400 | recon 0.00400 | kl 0.00000 | smooth 0.00002 | trans 0.00014 | lle 0.00000 | r 0.2910 | R² 0.0766 | eta 02:01
[109] train loss 0.00865 | recon 0.00865 | kl 0.00000 | smooth 0.00002 | trans 0.00016 | lle 0.00000 | beta 0.020
      valid loss 0.00403 | recon 0.00403 | kl 0.00000 | smooth 0.00004 | trans 0.00014 | lle 0.00000 | r 0.2871 | R² 0.0706 | eta 01:58
[110] train loss 0.00869 | recon 0.00869 | kl 0.00000 | smooth 0.00003 | trans 0.00016 | lle 0.00000 | beta 0.020
      valid loss 0.00402 | recon 0.00402 | kl 0.00000 | smooth 0.00002 | trans 0.00014 | lle 0.00000 | r 0.2858 | R² 0.0716 | eta 01:55
[111] train loss 0.00869 | recon 0.00869 | kl 0.00000 | smooth 0.00002 | trans 0.00016 | lle 0.00000 | beta 0.020
      valid loss 0.00402 | recon 0.00402 | kl 0.00000 | smooth 0.00005 | trans 0.00014 | lle 0.00000 | r 0.2838 | R² 0.0721 | eta 01:52
[112] train loss 0.00861 | recon 0.00861 | kl 0.00000 | smooth 0.00002 | trans 0.00016 | lle 0.00000 | beta 0.020
      valid loss 0.00402 | recon 0.00402 | kl 0.00000 | smooth 0.00001 | trans 0.00014 | lle 0.00000 | r 0.2855 | R² 0.0723 | eta 01:49
[113] train loss 0.00866 | recon 0.00865 | kl 0.00000 | smooth 0.00004 | trans 0.00016 | lle 0.00000 | beta 0.020
      valid loss 0.00401 | recon 0.00401 | kl 0.00000 | smooth 0.00004 | trans 0.00014 | lle 0.00000 | r 0.2900 | R² 0.0750 | eta 01:46
[114] train loss 0.00865 | recon 0.00865 | kl 0.00000 | smooth 0.00012 | trans 0.00016 | lle 0.00000 | beta 0.020
      valid loss 0.00401 | recon 0.00400 | kl 0.00000 | smooth 0.00009 | trans 0.00014 | lle 0.00000 | r 0.2897 | R² 0.0753 | eta 01:43
[115] train loss 0.00869 | recon 0.00869 | kl 0.00000 | smooth 0.00007 | trans 0.00016 | lle 0.00000 | beta 0.020
      valid loss 0.00401 | recon 0.00401 | kl 0.00000 | smooth 0.00001 | trans 0.00014 | lle 0.00000 | r 0.2879 | R² 0.0748 | eta 01:41
[116] train loss 0.00872 | recon 0.00872 | kl 0.00000 | smooth 0.00003 | trans 0.00016 | lle 0.00000 | beta 0.020
      valid loss 0.00402 | recon 0.00402 | kl 0.00000 | smooth 0.00001 | trans 0.00014 | lle 0.00000 | r 0.2837 | R² 0.0717 | eta 01:38
[117] train loss 0.00860 | recon 0.00860 | kl 0.00000 | smooth 0.00001 | trans 0.00016 | lle 0.00000 | beta 0.020
      valid loss 0.00403 | recon 0.00403 | kl 0.00000 | smooth 0.00002 | trans 0.00014 | lle 0.00000 | r 0.2811 | R² 0.0696 | eta 01:35
[118] train loss 0.00863 | recon 0.00863 | kl 0.00000 | smooth 0.00002 | trans 0.00016 | lle 0.00000 | beta 0.020
      valid loss 0.00403 | recon 0.00403 | kl 0.00000 | smooth 0.00001 | trans 0.00014 | lle 0.00000 | r 0.2834 | R² 0.0706 | eta 01:32
[119] train loss 0.00867 | recon 0.00866 | kl 0.00000 | smooth 0.00004 | trans 0.00016 | lle 0.00000 | beta 0.020
      valid loss 0.00402 | recon 0.00402 | kl 0.00000 | smooth 0.00002 | trans 0.00014 | lle 0.00000 | r 0.2855 | R² 0.0724 | eta 01:29
[120] train loss 0.00869 | recon 0.00869 | kl 0.00000 | smooth 0.00006 | trans 0.00016 | lle 0.00000 | beta 0.020
      valid loss 0.00402 | recon 0.00402 | kl 0.00000 | smooth 0.00000 | trans 0.00014 | lle 0.00000 | r 0.2859 | R² 0.0710 | eta 01:26
[121] train loss 0.00867 | recon 0.00867 | kl 0.00000 | smooth 0.00003 | trans 0.00016 | lle 0.00000 | beta 0.020
      valid loss 0.00402 | recon 0.00402 | kl 0.00000 | smooth 0.00000 | trans 0.00014 | lle 0.00000 | r 0.2851 | R² 0.0716 | eta 01:23
[122] train loss 0.00871 | recon 0.00871 | kl 0.00000 | smooth 0.00003 | trans 0.00016 | lle 0.00000 | beta 0.020
      valid loss 0.00402 | recon 0.00402 | kl 0.00000 | smooth 0.00000 | trans 0.00014 | lle 0.00000 | r 0.2846 | R² 0.0711 | eta 01:20
[123] train loss 0.00865 | recon 0.00865 | kl 0.00000 | smooth 0.00003 | trans 0.00016 | lle 0.00000 | beta 0.020
      valid loss 0.00401 | recon 0.00401 | kl 0.00000 | smooth 0.00002 | trans 0.00014 | lle 0.00000 | r 0.2900 | R² 0.0752 | eta 01:17
[124] train loss 0.00871 | recon 0.00871 | kl 0.00000 | smooth 0.00005 | trans 0.00016 | lle 0.00000 | beta 0.020
      valid loss 0.00401 | recon 0.00401 | kl 0.00000 | smooth 0.00002 | trans 0.00014 | lle 0.00000 | r 0.2885 | R² 0.0741 | eta 01:15
[125] train loss 0.00869 | recon 0.00869 | kl 0.00000 | smooth 0.00003 | trans 0.00016 | lle 0.00000 | beta 0.020
      valid loss 0.00402 | recon 0.00402 | kl 0.00000 | smooth 0.00001 | trans 0.00014 | lle 0.00000 | r 0.2834 | R² 0.0714 | eta 01:12
[126] train loss 0.00867 | recon 0.00867 | kl 0.00000 | smooth 0.00001 | trans 0.00016 | lle 0.00000 | beta 0.020
      valid loss 0.00403 | recon 0.00403 | kl 0.00000 | smooth 0.00008 | trans 0.00014 | lle 0.00000 | r 0.2808 | R² 0.0687 | eta 01:09
[127] train loss 0.00866 | recon 0.00866 | kl 0.00000 | smooth 0.00004 | trans 0.00016 | lle 0.00000 | beta 0.020
      valid loss 0.00402 | recon 0.00401 | kl 0.00000 | smooth 0.00002 | trans 0.00014 | lle 0.00000 | r 0.2880 | R² 0.0732 | eta 01:06
[128] train loss 0.00869 | recon 0.00869 | kl 0.00000 | smooth 0.00002 | trans 0.00016 | lle 0.00000 | beta 0.020
      valid loss 0.00402 | recon 0.00402 | kl 0.00000 | smooth 0.00001 | trans 0.00014 | lle 0.00000 | r 0.2859 | R² 0.0716 | eta 01:03
[129] train loss 0.00863 | recon 0.00863 | kl 0.00000 | smooth 0.00002 | trans 0.00016 | lle 0.00000 | beta 0.020
      valid loss 0.00402 | recon 0.00402 | kl 0.00000 | smooth 0.00002 | trans 0.00014 | lle 0.00000 | r 0.2857 | R² 0.0721 | eta 01:00
[130] train loss 0.00866 | recon 0.00866 | kl 0.00000 | smooth 0.00004 | trans 0.00016 | lle 0.00000 | beta 0.020
      valid loss 0.00402 | recon 0.00401 | kl 0.00000 | smooth 0.00005 | trans 0.00014 | lle 0.00000 | r 0.2868 | R² 0.0730 | eta 00:57
[131] train loss 0.00862 | recon 0.00862 | kl 0.00000 | smooth 0.00005 | trans 0.00016 | lle 0.00000 | beta 0.020
      valid loss 0.00401 | recon 0.00401 | kl 0.00000 | smooth 0.00009 | trans 0.00014 | lle 0.00000 | r 0.2891 | R² 0.0737 | eta 00:54
[132] train loss 0.00869 | recon 0.00869 | kl 0.00000 | smooth 0.00007 | trans 0.00016 | lle 0.00000 | beta 0.020
      valid loss 0.00402 | recon 0.00402 | kl 0.00000 | smooth 0.00005 | trans 0.00014 | lle 0.00000 | r 0.2845 | R² 0.0712 | eta 00:51
[133] train loss 0.00870 | recon 0.00870 | kl 0.00000 | smooth 0.00004 | trans 0.00016 | lle 0.00000 | beta 0.020
      valid loss 0.00401 | recon 0.00401 | kl 0.00000 | smooth 0.00000 | trans 0.00014 | lle 0.00000 | r 0.2875 | R² 0.0750 | eta 00:49
[134] train loss 0.00869 | recon 0.00869 | kl 0.00000 | smooth 0.00007 | trans 0.00016 | lle 0.00000 | beta 0.020
      valid loss 0.00403 | recon 0.00403 | kl 0.00000 | smooth 0.00010 | trans 0.00014 | lle 0.00000 | r 0.2836 | R² 0.0706 | eta 00:46
[135] train loss 0.00869 | recon 0.00869 | kl 0.00000 | smooth 0.00007 | trans 0.00016 | lle 0.00000 | beta 0.020
      valid loss 0.00402 | recon 0.00402 | kl 0.00000 | smooth 0.00009 | trans 0.00014 | lle 0.00000 | r 0.2845 | R² 0.0722 | eta 00:43
[136] train loss 0.00866 | recon 0.00866 | kl 0.00000 | smooth 0.00002 | trans 0.00016 | lle 0.00000 | beta 0.020
      valid loss 0.00402 | recon 0.00402 | kl 0.00000 | smooth 0.00000 | trans 0.00014 | lle 0.00000 | r 0.2851 | R² 0.0722 | eta 00:40
[137] train loss 0.00867 | recon 0.00867 | kl 0.00000 | smooth 0.00001 | trans 0.00016 | lle 0.00000 | beta 0.020
      valid loss 0.00403 | recon 0.00403 | kl 0.00000 | smooth 0.00001 | trans 0.00014 | lle 0.00000 | r 0.2843 | R² 0.0708 | eta 00:37
[138] train loss 0.00867 | recon 0.00867 | kl 0.00000 | smooth 0.00001 | trans 0.00016 | lle 0.00000 | beta 0.020
      valid loss 0.00401 | recon 0.00401 | kl 0.00000 | smooth 0.00000 | trans 0.00014 | lle 0.00000 | r 0.2888 | R² 0.0744 | eta 00:34
[139] train loss 0.00861 | recon 0.00860 | kl 0.00000 | smooth 0.00001 | trans 0.00016 | lle 0.00000 | beta 0.020
      valid loss 0.00401 | recon 0.00400 | kl 0.00000 | smooth 0.00000 | trans 0.00014 | lle 0.00000 | r 0.2887 | R² 0.0754 | eta 00:31
[140] train loss 0.00861 | recon 0.00861 | kl 0.00000 | smooth 0.00001 | trans 0.00016 | lle 0.00000 | beta 0.020
      valid loss 0.00401 | recon 0.00401 | kl 0.00000 | smooth 0.00001 | trans 0.00014 | lle 0.00000 | r 0.2875 | R² 0.0733 | eta 00:28
[141] train loss 0.00866 | recon 0.00865 | kl 0.00000 | smooth 0.00001 | trans 0.00016 | lle 0.00000 | beta 0.020
      valid loss 0.00402 | recon 0.00402 | kl 0.00000 | smooth 0.00001 | trans 0.00014 | lle 0.00000 | r 0.2857 | R² 0.0724 | eta 00:25
[142] train loss 0.00863 | recon 0.00863 | kl 0.00000 | smooth 0.00001 | trans 0.00016 | lle 0.00000 | beta 0.020
      valid loss 0.00401 | recon 0.00401 | kl 0.00000 | smooth 0.00000 | trans 0.00014 | lle 0.00000 | r 0.2862 | R² 0.0734 | eta 00:23
[143] train loss 0.00868 | recon 0.00868 | kl 0.00000 | smooth 0.00000 | trans 0.00016 | lle 0.00000 | beta 0.020
      valid loss 0.00402 | recon 0.00402 | kl 0.00000 | smooth 0.00000 | trans 0.00014 | lle 0.00000 | r 0.2855 | R² 0.0728 | eta 00:20
[144] train loss 0.00867 | recon 0.00867 | kl 0.00000 | smooth 0.00000 | trans 0.00016 | lle 0.00000 | beta 0.020
      valid loss 0.00403 | recon 0.00403 | kl 0.00000 | smooth 0.00000 | trans 0.00014 | lle 0.00000 | r 0.2826 | R² 0.0704 | eta 00:17
[145] train loss 0.00868 | recon 0.00868 | kl 0.00000 | smooth 0.00000 | trans 0.00016 | lle 0.00000 | beta 0.020
      valid loss 0.00402 | recon 0.00402 | kl 0.00000 | smooth 0.00000 | trans 0.00014 | lle 0.00000 | r 0.2834 | R² 0.0712 | eta 00:14
[146] train loss 0.00869 | recon 0.00869 | kl 0.00000 | smooth 0.00000 | trans 0.00016 | lle 0.00000 | beta 0.020
      valid loss 0.00403 | recon 0.00403 | kl 0.00000 | smooth 0.00000 | trans 0.00014 | lle 0.00000 | r 0.2830 | R² 0.0706 | eta 00:11
[147] train loss 0.00868 | recon 0.00868 | kl 0.00000 | smooth 0.00000 | trans 0.00016 | lle 0.00000 | beta 0.020
      valid loss 0.00404 | recon 0.00404 | kl 0.00000 | smooth 0.00000 | trans 0.00014 | lle 0.00000 | r 0.2810 | R² 0.0679 | eta 00:08
[148] train loss 0.00868 | recon 0.00868 | kl 0.00000 | smooth 0.00000 | trans 0.00016 | lle 0.00000 | beta 0.020
      valid loss 0.00404 | recon 0.00404 | kl 0.00000 | smooth 0.00000 | trans 0.00014 | lle 0.00000 | r 0.2822 | R² 0.0685 | eta 00:05
[149] train loss 0.00866 | recon 0.00866 | kl 0.00000 | smooth 0.00000 | trans 0.00016 | lle 0.00000 | beta 0.020
      valid loss 0.00402 | recon 0.00402 | kl 0.00000 | smooth 0.00000 | trans 0.00014 | lle 0.00000 | r 0.2851 | R² 0.0716 | eta 00:02
[150] train loss 0.00863 | recon 0.00863 | kl 0.00000 | smooth 0.00000 | trans 0.00016 | lle 0.00000 | beta 0.020
      valid loss 0.00403 | recon 0.00403 | kl 0.00000 | smooth 0.00000 | trans 0.00014 | lle 0.00000 | r 0.2823 | R² 0.0703 | eta 00:00
/home/4429/envs/odevae/lib/python3.11/site-packages/sklearn/manifold/_mds.py:754: FutureWarning: The default value of `init` will change from 'random' to 'classical_mds' in 1.10. To suppress this warning, provide some value of `init`.
  warnings.warn(
/home/4429/envs/odevae/lib/python3.11/site-packages/sklearn/manifold/_mds.py:771: FutureWarning: The `dissimilarity` parameter is deprecated and will be removed in 1.10. Use `metric` instead.
  warnings.warn(
      wrote /home/4429/projects/Neural_VAE_ODE/runs/2026-04-19_113248_e5102b1/latent_manifold_mds.png
done.
experts.0.0.bias 0.00190264405682683
experts.0.2.bias 0.00952921248972416
experts.0.4.bias 0.005974903702735901
experts.1.0.bias 0.0006720796809531748
experts.1.2.bias 0.008261091075837612
experts.1.4.bias 0.006478851195424795
experts.2.0.bias 0.0009188088588416576
experts.2.2.bias 0.008765049278736115
experts.2.4.bias 0.006589715369045734
experts.3.0.bias 0.0001566703140269965
experts.3.2.bias 0.006235797889530659
experts.3.4.bias 0.006823588162660599
experts.4.0.bias 0.0009163409704342484
experts.4.2.bias 0.007778300438076258
experts.4.4.bias 0.006694343406707048
experts.5.0.bias 0.00045837301877327263
experts.5.2.bias 0.007432961370795965
experts.5.4.bias 0.005913369357585907
experts.6.0.bias 0.0030582481995224953
experts.6.2.bias 0.012139488011598587
experts.6.4.bias 0.00743128964677453
experts.7.0.bias 0.00036659359466284513
experts.7.2.bias 0.0071258991956710815
experts.7.4.bias 0.0063284034840762615
Saved run metadata → /home/4429/projects/Neural_VAE_ODE/runs/2026-04-19_113248_e5102b1/run_metadata.json
Final r: 0.2823
Final R²: 0.0703
Results logged to /home/4429/projects/Neural_VAE_ODE/src/training_results.txt
Exception ignored in: Exception ignored in sys.unraisablehook