Running script: v6_neural_vae.py
Loading configuration from /home/4429/projects/Neural_VAE_ODE/runs/2026-05-27_201400_f2c5475/config.txt
Device: cuda
Train-std neuron filter: removed 4 train-silent neurons; kept 353 neurons (threshold=1e-07).
MIND split: train trials=163 | test trials=17
MIND neuron filter: removed 18 silent neurons; kept 357 active neurons.
Sequence alignment: position (Position); coordinate range 0.000-1.000
Model type: manifold_ae
[001] train loss 0.97540 | recon 0.97445 | kl 0.00251 | smooth 0.00000 | trans 0.00007 | lle 0.00000 | geo 0.57219 | metric 0.00000 | beta 0.000
      valid loss 0.99456 | recon 0.99337 | kl 0.00158 | smooth 0.00000 | trans 0.00005 | lle 0.00000 | geo 0.71451 | metric 0.00000 | r 0.1774 | R² 0.0300 | eta 01:29
      saved best checkpoint -> /home/4429/projects/Neural_VAE_ODE/runs/2026-05-27_201400_f2c5475/ode_vae_best.pt
[002] train loss 0.96847 | recon 0.96643 | kl 0.00134 | smooth 0.00000 | trans 0.00007 | lle 0.00000 | geo 0.61388 | metric 0.00000 | beta 0.000
      valid loss 0.99237 | recon 0.99002 | kl 0.00121 | smooth 0.00000 | trans 0.00005 | lle 0.00000 | geo 0.70676 | metric 0.00000 | r 0.1787 | R² 0.0319 | eta 01:46
      saved best checkpoint -> /home/4429/projects/Neural_VAE_ODE/runs/2026-05-27_201400_f2c5475/ode_vae_best.pt
[003] train loss 0.96720 | recon 0.96322 | kl 0.00124 | smooth 0.00000 | trans 0.00007 | lle 0.00000 | geo 0.79635 | metric 0.00000 | beta 0.000
      valid loss 0.98488 | recon 0.98172 | kl 0.00121 | smooth 0.00000 | trans 0.00005 | lle 0.00000 | geo 0.63322 | metric 0.00000 | r 0.1770 | R² 0.0313 | eta 01:46
      saved best checkpoint -> /home/4429/projects/Neural_VAE_ODE/runs/2026-05-27_201400_f2c5475/ode_vae_best.pt
[004] train loss 0.96669 | recon 0.96090 | kl 0.00116 | smooth 0.00000 | trans 0.00007 | lle 0.00000 | geo 0.86893 | metric 0.00000 | beta 0.000
      valid loss 0.99463 | recon 0.98948 | kl 0.00116 | smooth 0.00000 | trans 0.00005 | lle 0.00000 | geo 0.77253 | metric 0.00000 | r 0.1818 | R² 0.0326 | eta 01:47
[005] train loss 0.97000 | recon 0.96269 | kl 0.00116 | smooth 0.00000 | trans 0.00007 | lle 0.00000 | geo 0.87655 | metric 0.00000 | beta 0.000
      valid loss 0.99359 | recon 0.98786 | kl 0.00113 | smooth 0.00000 | trans 0.00005 | lle 0.00000 | geo 0.68751 | metric 0.00000 | r 0.1819 | R² 0.0330 | eta 01:39
[006] train loss 0.97159 | recon 0.96158 | kl 0.00110 | smooth 0.00000 | trans 0.00007 | lle 0.00000 | geo 1.00182 | metric 0.00000 | beta 0.000
      valid loss 0.99304 | recon 0.98713 | kl 0.00108 | smooth 0.00000 | trans 0.00005 | lle 0.00000 | geo 0.59121 | metric 0.00000 | r 0.1901 | R² 0.0361 | eta 01:33
[007] train loss 0.97132 | recon 0.96012 | kl 0.00108 | smooth 0.00000 | trans 0.00007 | lle 0.00000 | geo 0.96057 | metric 0.00000 | beta 0.000
      valid loss 0.99865 | recon 0.98951 | kl 0.00108 | smooth 0.00000 | trans 0.00005 | lle 0.00000 | geo 0.78324 | metric 0.00000 | r 0.1815 | R² 0.0324 | eta 01:28
[008] train loss 0.97384 | recon 0.95991 | kl 0.00110 | smooth 0.00000 | trans 0.00007 | lle 0.00000 | geo 1.04506 | metric 0.00000 | beta 0.000
      valid loss 0.99827 | recon 0.98872 | kl 0.00109 | smooth 0.00000 | trans 0.00005 | lle 0.00000 | geo 0.71624 | metric 0.00000 | r 0.1766 | R² 0.0311 | eta 01:25
[009] train loss 0.97438 | recon 0.96053 | kl 0.00108 | smooth 0.00000 | trans 0.00007 | lle 0.00000 | geo 0.92284 | metric 0.00000 | beta 0.000
      valid loss 1.00088 | recon 0.98998 | kl 0.00109 | smooth 0.00000 | trans 0.00005 | lle 0.00000 | geo 0.72672 | metric 0.00000 | r 0.1830 | R² 0.0331 | eta 01:22
[010] train loss 0.97664 | recon 0.95772 | kl 0.00110 | smooth 0.00000 | trans 0.00007 | lle 0.00000 | geo 1.13501 | metric 0.00000 | beta 0.000
      valid loss 1.00104 | recon 0.98659 | kl 0.00110 | smooth 0.00000 | trans 0.00005 | lle 0.00000 | geo 0.86695 | metric 0.00000 | r 0.1836 | R² 0.0336 | eta 01:19
[011] train loss 0.97863 | recon 0.95875 | kl 0.00110 | smooth 0.00000 | trans 0.00007 | lle 0.00000 | geo 1.08448 | metric 0.00000 | beta 0.000
      valid loss 1.02558 | recon 0.98772 | kl 0.00110 | smooth 0.00000 | trans 0.00005 | lle 0.00000 | geo 2.06491 | metric 0.00000 | r 0.1827 | R² 0.0328 | eta 01:17
[012] train loss 0.97304 | recon 0.95685 | kl 0.00110 | smooth 0.00000 | trans 0.00007 | lle 0.00000 | geo 0.80969 | metric 0.00000 | beta 0.000
      valid loss 1.00316 | recon 0.99027 | kl 0.00111 | smooth 0.00000 | trans 0.00005 | lle 0.00000 | geo 0.64413 | metric 0.00000 | r 0.1830 | R² 0.0330 | eta 01:16
[013] train loss 0.97402 | recon 0.95800 | kl 0.00110 | smooth 0.00000 | trans 0.00007 | lle 0.00000 | geo 0.73944 | metric 0.00000 | beta 0.000
      valid loss 1.00428 | recon 0.98667 | kl 0.00110 | smooth 0.00000 | trans 0.00005 | lle 0.00000 | geo 0.81256 | metric 0.00000 | r 0.1845 | R² 0.0337 | eta 01:14
[014] train loss 0.97616 | recon 0.95810 | kl 0.00108 | smooth 0.00000 | trans 0.00007 | lle 0.00000 | geo 0.77405 | metric 0.00000 | beta 0.000
      valid loss 1.00053 | recon 0.98775 | kl 0.00108 | smooth 0.00000 | trans 0.00005 | lle 0.00000 | geo 0.54801 | metric 0.00000 | r 0.1823 | R² 0.0329 | eta 01:12
[015] train loss 0.97880 | recon 0.95752 | kl 0.00108 | smooth 0.00000 | trans 0.00007 | lle 0.00000 | geo 0.85147 | metric 0.00000 | beta 0.000
      valid loss 1.00260 | recon 0.98704 | kl 0.00110 | smooth 0.00000 | trans 0.00005 | lle 0.00000 | geo 0.62240 | metric 0.00000 | r 0.1854 | R² 0.0341 | eta 01:12
[016] train loss 0.97808 | recon 0.95643 | kl 0.00111 | smooth 0.00000 | trans 0.00007 | lle 0.00000 | geo 0.81189 | metric 0.00000 | beta 0.000
      valid loss 1.00134 | recon 0.98538 | kl 0.00111 | smooth 0.00000 | trans 0.00005 | lle 0.00000 | geo 0.59852 | metric 0.00000 | r 0.1855 | R² 0.0343 | eta 01:11
[017] train loss 0.97715 | recon 0.95821 | kl 0.00111 | smooth 0.00000 | trans 0.00007 | lle 0.00000 | geo 0.66869 | metric 0.00000 | beta 0.000
      valid loss 1.00789 | recon 0.98758 | kl 0.00111 | smooth 0.00000 | trans 0.00005 | lle 0.00000 | geo 0.71657 | metric 0.00000 | r 0.1866 | R² 0.0344 | eta 01:10
[018] train loss 0.98284 | recon 0.95899 | kl 0.00112 | smooth 0.00000 | trans 0.00007 | lle 0.00000 | geo 0.79495 | metric 0.00000 | beta 0.000
      valid loss 1.01494 | recon 0.98613 | kl 0.00114 | smooth 0.00000 | trans 0.00005 | lle 0.00000 | geo 0.96036 | metric 0.00000 | r 0.1821 | R² 0.0329 | eta 01:09
[019] train loss 0.97840 | recon 0.95875 | kl 0.00116 | smooth 0.00000 | trans 0.00007 | lle 0.00000 | geo 0.62067 | metric 0.00000 | beta 0.000
      valid loss 1.02195 | recon 0.98608 | kl 0.00116 | smooth 0.00000 | trans 0.00005 | lle 0.00000 | geo 1.13272 | metric 0.00000 | r 0.1849 | R² 0.0340 | eta 01:08
[020] train loss 0.97675 | recon 0.95548 | kl 0.00115 | smooth 0.00000 | trans 0.00007 | lle 0.00000 | geo 0.63789 | metric 0.00000 | beta 0.000
      valid loss 1.02293 | recon 0.98795 | kl 0.00115 | smooth 0.00000 | trans 0.00005 | lle 0.00000 | geo 1.04929 | metric 0.00000 | r 0.1862 | R² 0.0342 | eta 01:07
[021] train loss 0.98172 | recon 0.95938 | kl 0.00115 | smooth 0.00000 | trans 0.00007 | lle 0.00000 | geo 0.63820 | metric 0.00000 | beta 0.000
      valid loss 1.02247 | recon 0.98908 | kl 0.00115 | smooth 0.00000 | trans 0.00005 | lle 0.00000 | geo 0.95403 | metric 0.00000 | r 0.1848 | R² 0.0337 | eta 01:06
[022] train loss 0.98606 | recon 0.95826 | kl 0.00115 | smooth 0.00000 | trans 0.00007 | lle 0.00000 | geo 0.75808 | metric 0.00000 | beta 0.000
      valid loss 1.01698 | recon 0.98687 | kl 0.00114 | smooth 0.00000 | trans 0.00005 | lle 0.00000 | geo 0.82124 | metric 0.00000 | r 0.1851 | R² 0.0341 | eta 01:05
[023] train loss 0.98466 | recon 0.95787 | kl 0.00114 | smooth 0.00000 | trans 0.00007 | lle 0.00000 | geo 0.69880 | metric 0.00000 | beta 0.000
      valid loss 1.02875 | recon 0.98455 | kl 0.00114 | smooth 0.00000 | trans 0.00005 | lle 0.00000 | geo 1.15312 | metric 0.00000 | r 0.1855 | R² 0.0342 | eta 01:04
[024] train loss 0.98583 | recon 0.96016 | kl 0.00115 | smooth 0.00000 | trans 0.00007 | lle 0.00000 | geo 0.64173 | metric 0.00000 | beta 0.000
      valid loss 1.03737 | recon 0.98854 | kl 0.00115 | smooth 0.00000 | trans 0.00005 | lle 0.00000 | geo 1.22068 | metric 0.00000 | r 0.1832 | R² 0.0326 | eta 01:02
[025] train loss 0.98231 | recon 0.95866 | kl 0.00115 | smooth 0.00000 | trans 0.00007 | lle 0.00000 | geo 0.56746 | metric 0.00000 | beta 0.000
      valid loss 1.01196 | recon 0.98880 | kl 0.00114 | smooth 0.00000 | trans 0.00005 | lle 0.00000 | geo 0.55606 | metric 0.00000 | r 0.1800 | R² 0.0316 | eta 01:01
[026] train loss 0.98477 | recon 0.95818 | kl 0.00114 | smooth 0.00000 | trans 0.00007 | lle 0.00000 | geo 0.61354 | metric 0.00000 | beta 0.000
      valid loss 1.01092 | recon 0.98493 | kl 0.00116 | smooth 0.00000 | trans 0.00005 | lle 0.00000 | geo 0.59984 | metric 0.00000 | r 0.1806 | R² 0.0324 | eta 01:00
[027] train loss 1.01378 | recon 0.95851 | kl 0.00117 | smooth 0.00000 | trans 0.00007 | lle 0.00000 | geo 1.22830 | metric 0.00000 | beta 0.000
      valid loss 1.01502 | recon 0.98734 | kl 0.00119 | smooth 0.00000 | trans 0.00005 | lle 0.00000 | geo 0.61519 | metric 0.00000 | r 0.1841 | R² 0.0335 | eta 00:59
[028] train loss 1.00320 | recon 0.95640 | kl 0.00119 | smooth 0.00000 | trans 0.00007 | lle 0.00000 | geo 1.00277 | metric 0.00000 | beta 0.000
      valid loss 1.01639 | recon 0.99162 | kl 0.00119 | smooth 0.00000 | trans 0.00005 | lle 0.00000 | geo 0.53080 | metric 0.00000 | r 0.1818 | R² 0.0324 | eta 00:58
[029] train loss 0.98544 | recon 0.95884 | kl 0.00118 | smooth 0.00000 | trans 0.00007 | lle 0.00000 | geo 0.55027 | metric 0.00000 | beta 0.000
      valid loss 1.01378 | recon 0.98700 | kl 0.00118 | smooth 0.00000 | trans 0.00005 | lle 0.00000 | geo 0.55394 | metric 0.00000 | r 0.1838 | R² 0.0334 | eta 00:57
[030] train loss 0.98990 | recon 0.95838 | kl 0.00118 | smooth 0.00000 | trans 0.00007 | lle 0.00000 | geo 0.63052 | metric 0.00000 | beta 0.000
      valid loss 1.01956 | recon 0.98972 | kl 0.00119 | smooth 0.00000 | trans 0.00005 | lle 0.00000 | geo 0.59667 | metric 0.00000 | r 0.1856 | R² 0.0342 | eta 00:57
[031] train loss 0.98718 | recon 0.95597 | kl 0.00119 | smooth 0.00000 | trans 0.00007 | lle 0.00000 | geo 0.62430 | metric 0.00000 | beta 0.000
      valid loss 1.02154 | recon 0.99435 | kl 0.00118 | smooth 0.00000 | trans 0.00005 | lle 0.00000 | geo 0.54385 | metric 0.00000 | r 0.1852 | R² 0.0332 | eta 00:56
[032] train loss 0.99135 | recon 0.95952 | kl 0.00122 | smooth 0.00000 | trans 0.00007 | lle 0.00000 | geo 0.63672 | metric 0.00000 | beta 0.000
      valid loss 1.01035 | recon 0.98689 | kl 0.00123 | smooth 0.00000 | trans 0.00005 | lle 0.00000 | geo 0.46925 | metric 0.00000 | r 0.1810 | R² 0.0319 | eta 00:56
[033] train loss 0.98814 | recon 0.95967 | kl 0.00124 | smooth 0.00000 | trans 0.00007 | lle 0.00000 | geo 0.56947 | metric 0.00000 | beta 0.000
      valid loss 1.01674 | recon 0.98876 | kl 0.00124 | smooth 0.00000 | trans 0.00005 | lle 0.00000 | geo 0.55959 | metric 0.00000 | r 0.1777 | R² 0.0313 | eta 00:55
[034] train loss 0.99760 | recon 0.96113 | kl 0.00123 | smooth 0.00000 | trans 0.00007 | lle 0.00000 | geo 0.72942 | metric 0.00000 | beta 0.000
      valid loss 1.00791 | recon 0.98368 | kl 0.00124 | smooth 0.00000 | trans 0.00005 | lle 0.00000 | geo 0.48451 | metric 0.00000 | r 0.1807 | R² 0.0323 | eta 00:54
[035] train loss 0.99345 | recon 0.96070 | kl 0.00124 | smooth 0.00000 | trans 0.00007 | lle 0.00000 | geo 0.65504 | metric 0.00000 | beta 0.000
      valid loss 1.01437 | recon 0.98342 | kl 0.00125 | smooth 0.00000 | trans 0.00005 | lle 0.00000 | geo 0.61894 | metric 0.00000 | r 0.1816 | R² 0.0328 | eta 00:54
[036] train loss 1.00040 | recon 0.96068 | kl 0.00124 | smooth 0.00000 | trans 0.00007 | lle 0.00000 | geo 0.79429 | metric 0.00000 | beta 0.000
      valid loss 1.00799 | recon 0.98116 | kl 0.00124 | smooth 0.00000 | trans 0.00005 | lle 0.00000 | geo 0.53656 | metric 0.00000 | r 0.1817 | R² 0.0330 | eta 00:53
[037] train loss 0.99645 | recon 0.95808 | kl 0.00124 | smooth 0.00000 | trans 0.00007 | lle 0.00000 | geo 0.76738 | metric 0.00000 | beta 0.000
      valid loss 1.01164 | recon 0.98467 | kl 0.00123 | smooth 0.00000 | trans 0.00005 | lle 0.00000 | geo 0.53947 | metric 0.00000 | r 0.1850 | R² 0.0340 | eta 00:52
[038] train loss 0.99476 | recon 0.95736 | kl 0.00124 | smooth 0.00000 | trans 0.00007 | lle 0.00000 | geo 0.74810 | metric 0.00000 | beta 0.000
      valid loss 1.01111 | recon 0.98322 | kl 0.00125 | smooth 0.00000 | trans 0.00005 | lle 0.00000 | geo 0.55792 | metric 0.00000 | r 0.1865 | R² 0.0348 | eta 00:51
[039] train loss 0.99142 | recon 0.95766 | kl 0.00124 | smooth 0.00000 | trans 0.00007 | lle 0.00000 | geo 0.67536 | metric 0.00000 | beta 0.000
      valid loss 1.01088 | recon 0.98643 | kl 0.00125 | smooth 0.00000 | trans 0.00005 | lle 0.00000 | geo 0.48919 | metric 0.00000 | r 0.1877 | R² 0.0350 | eta 00:51
[040] train loss 0.98840 | recon 0.95916 | kl 0.00126 | smooth 0.00000 | trans 0.00007 | lle 0.00000 | geo 0.58481 | metric 0.00000 | beta 0.000
      valid loss 1.00738 | recon 0.98106 | kl 0.00126 | smooth 0.00000 | trans 0.00005 | lle 0.00000 | geo 0.52643 | metric 0.00000 | r 0.1840 | R² 0.0336 | eta 00:51
[041] train loss 1.03370 | recon 0.96054 | kl 0.00126 | smooth 0.00000 | trans 0.00007 | lle 0.00000 | geo 1.46309 | metric 0.00000 | beta 0.000
      valid loss 1.01881 | recon 0.99218 | kl 0.00128 | smooth 0.00000 | trans 0.00005 | lle 0.00000 | geo 0.53250 | metric 0.00000 | r 0.1819 | R² 0.0325 | eta 00:50
[042] train loss 0.99060 | recon 0.95920 | kl 0.00127 | smooth 0.00000 | trans 0.00007 | lle 0.00000 | geo 0.62814 | metric 0.00000 | beta 0.000
      valid loss 1.02542 | recon 0.99411 | kl 0.00126 | smooth 0.00000 | trans 0.00005 | lle 0.00000 | geo 0.62628 | metric 0.00000 | r 0.1836 | R² 0.0330 | eta 00:50
[043] train loss 0.98910 | recon 0.95902 | kl 0.00129 | smooth 0.00000 | trans 0.00007 | lle 0.00000 | geo 0.60161 | metric 0.00000 | beta 0.000
      valid loss 1.02240 | recon 0.99318 | kl 0.00128 | smooth 0.00000 | trans 0.00005 | lle 0.00000 | geo 0.58436 | metric 0.00000 | r 0.1819 | R² 0.0329 | eta 00:49
[044] train loss 0.99221 | recon 0.96019 | kl 0.00130 | smooth 0.00000 | trans 0.00007 | lle 0.00000 | geo 0.64055 | metric 0.00000 | beta 0.000
      valid loss 1.01466 | recon 0.98592 | kl 0.00136 | smooth 0.00000 | trans 0.00005 | lle 0.00000 | geo 0.57470 | metric 0.00000 | r 0.1798 | R² 0.0323 | eta 00:49
[045] train loss 0.98948 | recon 0.95909 | kl 0.00136 | smooth 0.00000 | trans 0.00007 | lle 0.00000 | geo 0.60787 | metric 0.00000 | beta 0.000
      valid loss 1.01344 | recon 0.98461 | kl 0.00135 | smooth 0.00000 | trans 0.00005 | lle 0.00000 | geo 0.57661 | metric 0.00000 | r 0.1848 | R² 0.0336 | eta 00:48
[046] train loss 0.98771 | recon 0.95893 | kl 0.00136 | smooth 0.00000 | trans 0.00007 | lle 0.00000 | geo 0.57551 | metric 0.00000 | beta 0.000
      valid loss 1.01504 | recon 0.98877 | kl 0.00135 | smooth 0.00000 | trans 0.00005 | lle 0.00000 | geo 0.52534 | metric 0.00000 | r 0.1845 | R² 0.0333 | eta 00:47
[047] train loss 0.98606 | recon 0.95719 | kl 0.00137 | smooth 0.00000 | trans 0.00007 | lle 0.00000 | geo 0.57737 | metric 0.00000 | beta 0.000
      valid loss 1.02082 | recon 0.98723 | kl 0.00137 | smooth 0.00000 | trans 0.00005 | lle 0.00000 | geo 0.67193 | metric 0.00000 | r 0.1843 | R² 0.0338 | eta 00:47
[048] train loss 0.99050 | recon 0.95973 | kl 0.00136 | smooth 0.00000 | trans 0.00007 | lle 0.00000 | geo 0.61535 | metric 0.00000 | beta 0.000
      valid loss 1.01893 | recon 0.98867 | kl 0.00138 | smooth 0.00000 | trans 0.00005 | lle 0.00000 | geo 0.60512 | metric 0.00000 | r 0.1846 | R² 0.0340 | eta 00:46
[049] train loss 0.99612 | recon 0.95888 | kl 0.00140 | smooth 0.00000 | trans 0.00007 | lle 0.00000 | geo 0.74486 | metric 0.00000 | beta 0.000
      valid loss 1.01570 | recon 0.98374 | kl 0.00143 | smooth 0.00000 | trans 0.00005 | lle 0.00000 | geo 0.63912 | metric 0.00000 | r 0.1826 | R² 0.0333 | eta 00:46
[050] train loss 0.98818 | recon 0.95995 | kl 0.00143 | smooth 0.00000 | trans 0.00007 | lle 0.00000 | geo 0.56459 | metric 0.00000 | beta 0.000
      valid loss 1.02684 | recon 0.98209 | kl 0.00147 | smooth 0.00000 | trans 0.00005 | lle 0.00000 | geo 0.89501 | metric 0.00000 | r 0.1840 | R² 0.0338 | eta 00:45
[051] train loss 0.98783 | recon 0.95943 | kl 0.00145 | smooth 0.00000 | trans 0.00007 | lle 0.00000 | geo 0.56794 | metric 0.00000 | beta 0.000
      valid loss 1.02837 | recon 0.98492 | kl 0.00143 | smooth 0.00000 | trans 0.00005 | lle 0.00000 | geo 0.86894 | metric 0.00000 | r 0.1899 | R² 0.0357 | eta 00:45
[052] train loss 0.99064 | recon 0.95971 | kl 0.00144 | smooth 0.00000 | trans 0.00007 | lle 0.00000 | geo 0.61866 | metric 0.00000 | beta 0.000
      valid loss 1.04641 | recon 0.99407 | kl 0.00146 | smooth 0.00000 | trans 0.00005 | lle 0.00000 | geo 1.04692 | metric 0.00000 | r 0.1804 | R² 0.0311 | eta 00:44
[053] train loss 0.99225 | recon 0.95898 | kl 0.00149 | smooth 0.00000 | trans 0.00007 | lle 0.00000 | geo 0.66537 | metric 0.00000 | beta 0.000
      valid loss 1.02664 | recon 0.98768 | kl 0.00151 | smooth 0.00000 | trans 0.00005 | lle 0.00000 | geo 0.77910 | metric 0.00000 | r 0.1820 | R² 0.0326 | eta 00:44
[054] train loss 0.98810 | recon 0.95839 | kl 0.00153 | smooth 0.00000 | trans 0.00007 | lle 0.00000 | geo 0.59417 | metric 0.00000 | beta 0.000
      valid loss 1.03678 | recon 0.98840 | kl 0.00155 | smooth 0.00000 | trans 0.00005 | lle 0.00000 | geo 0.96764 | metric 0.00000 | r 0.1827 | R² 0.0331 | eta 00:43
[055] train loss 0.99141 | recon 0.95715 | kl 0.00154 | smooth 0.00000 | trans 0.00007 | lle 0.00000 | geo 0.68536 | metric 0.00000 | beta 0.000
      valid loss 1.06703 | recon 0.98710 | kl 0.00154 | smooth 0.00000 | trans 0.00005 | lle 0.00000 | geo 1.59857 | metric 0.00000 | r 0.1853 | R² 0.0338 | eta 00:43
[056] train loss 0.99225 | recon 0.96230 | kl 0.00158 | smooth 0.00000 | trans 0.00007 | lle 0.00000 | geo 0.59885 | metric 0.00000 | beta 0.000
      valid loss 1.03580 | recon 0.98516 | kl 0.00157 | smooth 0.00000 | trans 0.00005 | lle 0.00000 | geo 1.01294 | metric 0.00000 | r 0.1836 | R² 0.0335 | eta 00:42
[057] train loss 0.98686 | recon 0.95854 | kl 0.00159 | smooth 0.00000 | trans 0.00007 | lle 0.00000 | geo 0.56636 | metric 0.00000 | beta 0.000
      valid loss 1.03296 | recon 0.98489 | kl 0.00162 | smooth 0.00000 | trans 0.00005 | lle 0.00000 | geo 0.96139 | metric 0.00000 | r 0.1842 | R² 0.0339 | eta 00:42
[058] train loss 0.98447 | recon 0.95865 | kl 0.00161 | smooth 0.00000 | trans 0.00007 | lle 0.00000 | geo 0.51647 | metric 0.00000 | beta 0.000
      valid loss 1.04422 | recon 0.98503 | kl 0.00162 | smooth 0.00000 | trans 0.00005 | lle 0.00000 | geo 1.18374 | metric 0.00000 | r 0.1870 | R² 0.0347 | eta 00:41
[059] train loss 0.98840 | recon 0.95691 | kl 0.00165 | smooth 0.00000 | trans 0.00007 | lle 0.00000 | geo 0.62987 | metric 0.00000 | beta 0.000
      valid loss 1.04020 | recon 0.98444 | kl 0.00166 | smooth 0.00000 | trans 0.00005 | lle 0.00000 | geo 1.11534 | metric 0.00000 | r 0.1835 | R² 0.0336 | eta 00:41
[060] train loss 0.98522 | recon 0.95749 | kl 0.00164 | smooth 0.00000 | trans 0.00007 | lle 0.00000 | geo 0.55457 | metric 0.00000 | beta 0.000
      valid loss 1.03143 | recon 0.98719 | kl 0.00166 | smooth 0.00000 | trans 0.00005 | lle 0.00000 | geo 0.88464 | metric 0.00000 | r 0.1802 | R² 0.0323 | eta 00:40
[061] train loss 0.98700 | recon 0.95827 | kl 0.00164 | smooth 0.00000 | trans 0.00007 | lle 0.00000 | geo 0.57472 | metric 0.00000 | beta 0.000
      valid loss 1.04429 | recon 0.98702 | kl 0.00164 | smooth 0.00000 | trans 0.00005 | lle 0.00000 | geo 1.14554 | metric 0.00000 | r 0.1817 | R² 0.0328 | eta 00:40
[062] train loss 0.98463 | recon 0.95797 | kl 0.00165 | smooth 0.00000 | trans 0.00007 | lle 0.00000 | geo 0.53312 | metric 0.00000 | beta 0.000
      valid loss 1.02294 | recon 0.98641 | kl 0.00168 | smooth 0.00000 | trans 0.00005 | lle 0.00000 | geo 0.73072 | metric 0.00000 | r 0.1833 | R² 0.0335 | eta 00:39
[063] train loss 0.98217 | recon 0.95816 | kl 0.00168 | smooth 0.00000 | trans 0.00007 | lle 0.00000 | geo 0.48035 | metric 0.00000 | beta 0.000
      valid loss 1.01945 | recon 0.98848 | kl 0.00167 | smooth 0.00000 | trans 0.00005 | lle 0.00000 | geo 0.61937 | metric 0.00000 | r 0.1831 | R² 0.0329 | eta 00:39
[064] train loss 0.98066 | recon 0.95717 | kl 0.00167 | smooth 0.00000 | trans 0.00007 | lle 0.00000 | geo 0.46979 | metric 0.00000 | beta 0.000
      valid loss 1.02920 | recon 0.98775 | kl 0.00168 | smooth 0.00000 | trans 0.00005 | lle 0.00000 | geo 0.82894 | metric 0.00000 | r 0.1840 | R² 0.0337 | eta 00:38
[065] train loss 0.98499 | recon 0.96012 | kl 0.00170 | smooth 0.00000 | trans 0.00007 | lle 0.00000 | geo 0.49740 | metric 0.00000 | beta 0.000
      valid loss 1.02921 | recon 0.98799 | kl 0.00169 | smooth 0.00000 | trans 0.00005 | lle 0.00000 | geo 0.82427 | metric 0.00000 | r 0.1896 | R² 0.0356 | eta 00:38
[066] train loss 0.98780 | recon 0.96058 | kl 0.00171 | smooth 0.00000 | trans 0.00007 | lle 0.00000 | geo 0.54438 | metric 0.00000 | beta 0.000
      valid loss 1.02015 | recon 0.99057 | kl 0.00171 | smooth 0.00000 | trans 0.00005 | lle 0.00000 | geo 0.59146 | metric 0.00000 | r 0.1800 | R² 0.0322 | eta 00:37
[067] train loss 0.98152 | recon 0.95753 | kl 0.00179 | smooth 0.00000 | trans 0.00007 | lle 0.00000 | geo 0.47981 | metric 0.00000 | beta 0.000
      valid loss 1.01067 | recon 0.98501 | kl 0.00181 | smooth 0.00000 | trans 0.00005 | lle 0.00000 | geo 0.51321 | metric 0.00000 | r 0.1843 | R² 0.0336 | eta 00:37
[068] train loss 0.98671 | recon 0.96158 | kl 0.00179 | smooth 0.00000 | trans 0.00007 | lle 0.00000 | geo 0.50258 | metric 0.00000 | beta 0.000
      valid loss 1.01428 | recon 0.98584 | kl 0.00188 | smooth 0.00000 | trans 0.00005 | lle 0.00000 | geo 0.56898 | metric 0.00000 | r 0.1925 | R² 0.0371 | eta 00:36
[069] train loss 0.98603 | recon 0.95783 | kl 0.00191 | smooth 0.00000 | trans 0.00007 | lle 0.00000 | geo 0.56392 | metric 0.00000 | beta 0.000
      valid loss 1.01474 | recon 0.98591 | kl 0.00187 | smooth 0.00000 | trans 0.00005 | lle 0.00000 | geo 0.57660 | metric 0.00000 | r 0.1894 | R² 0.0357 | eta 00:36
[070] train loss 0.98996 | recon 0.96083 | kl 0.00188 | smooth 0.00000 | trans 0.00007 | lle 0.00000 | geo 0.58257 | metric 0.00000 | beta 0.000
      valid loss 1.02605 | recon 0.98530 | kl 0.00193 | smooth 0.00000 | trans 0.00005 | lle 0.00000 | geo 0.81491 | metric 0.00000 | r 0.1850 | R² 0.0342 | eta 00:35
[071] train loss 0.98727 | recon 0.95928 | kl 0.00190 | smooth 0.00000 | trans 0.00007 | lle 0.00000 | geo 0.55983 | metric 0.00000 | beta 0.000
      valid loss 1.02020 | recon 0.98888 | kl 0.00188 | smooth 0.00000 | trans 0.00005 | lle 0.00000 | geo 0.62652 | metric 0.00000 | r 0.1873 | R² 0.0344 | eta 00:35
[072] train loss 0.98504 | recon 0.95689 | kl 0.00191 | smooth 0.00000 | trans 0.00007 | lle 0.00000 | geo 0.56304 | metric 0.00000 | beta 0.000
      valid loss 1.01182 | recon 0.98689 | kl 0.00193 | smooth 0.00000 | trans 0.00005 | lle 0.00000 | geo 0.49848 | metric 0.00000 | r 0.1853 | R² 0.0342 | eta 00:34
[073] train loss 0.98279 | recon 0.95949 | kl 0.00193 | smooth 0.00000 | trans 0.00007 | lle 0.00000 | geo 0.46590 | metric 0.00000 | beta 0.000
      valid loss 1.01942 | recon 0.98939 | kl 0.00195 | smooth 0.00000 | trans 0.00005 | lle 0.00000 | geo 0.60054 | metric 0.00000 | r 0.1824 | R² 0.0327 | eta 00:34
[074] train loss 0.97990 | recon 0.95835 | kl 0.00196 | smooth 0.00000 | trans 0.00007 | lle 0.00000 | geo 0.43106 | metric 0.00000 | beta 0.000
      valid loss 1.01821 | recon 0.98816 | kl 0.00197 | smooth 0.00000 | trans 0.00005 | lle 0.00000 | geo 0.60097 | metric 0.00000 | r 0.1817 | R² 0.0326 | eta 00:33
[075] train loss 0.97825 | recon 0.95652 | kl 0.00197 | smooth 0.00000 | trans 0.00007 | lle 0.00000 | geo 0.43458 | metric 0.00000 | beta 0.000
      valid loss 1.01386 | recon 0.98765 | kl 0.00197 | smooth 0.00000 | trans 0.00005 | lle 0.00000 | geo 0.52415 | metric 0.00000 | r 0.1864 | R² 0.0345 | eta 00:33
[076] train loss 0.98236 | recon 0.95865 | kl 0.00198 | smooth 0.00000 | trans 0.00007 | lle 0.00000 | geo 0.47417 | metric 0.00000 | beta 0.000
      valid loss 1.01339 | recon 0.98550 | kl 0.00206 | smooth 0.00000 | trans 0.00005 | lle 0.00000 | geo 0.55777 | metric 0.00000 | r 0.1812 | R² 0.0328 | eta 00:32
[077] train loss 0.98321 | recon 0.96126 | kl 0.00203 | smooth 0.00000 | trans 0.00007 | lle 0.00000 | geo 0.43898 | metric 0.00000 | beta 0.000
      valid loss 1.01649 | recon 0.98665 | kl 0.00222 | smooth 0.00000 | trans 0.00005 | lle 0.00000 | geo 0.59685 | metric 0.00000 | r 0.1786 | R² 0.0319 | eta 00:32
[078] train loss 0.98131 | recon 0.95913 | kl 0.00230 | smooth 0.00000 | trans 0.00007 | lle 0.00000 | geo 0.44351 | metric 0.00000 | beta 0.000
      valid loss 1.01573 | recon 0.98850 | kl 0.00224 | smooth 0.00000 | trans 0.00005 | lle 0.00000 | geo 0.54467 | metric 0.00000 | r 0.1826 | R² 0.0324 | eta 00:31
[079] train loss 0.97937 | recon 0.95744 | kl 0.00233 | smooth 0.00000 | trans 0.00007 | lle 0.00000 | geo 0.43873 | metric 0.00000 | beta 0.000
      valid loss 1.01450 | recon 0.98773 | kl 0.00239 | smooth 0.00000 | trans 0.00005 | lle 0.00000 | geo 0.53553 | metric 0.00000 | r 0.1820 | R² 0.0330 | eta 00:31
[080] train loss 0.98017 | recon 0.95945 | kl 0.00235 | smooth 0.00000 | trans 0.00007 | lle 0.00000 | geo 0.41438 | metric 0.00000 | beta 0.000
      valid loss 1.01439 | recon 0.98644 | kl 0.00244 | smooth 0.00000 | trans 0.00005 | lle 0.00000 | geo 0.55908 | metric 0.00000 | r 0.1839 | R² 0.0337 | eta 00:30
[081] train loss 0.97804 | recon 0.95806 | kl 0.00243 | smooth 0.00000 | trans 0.00007 | lle 0.00000 | geo 0.39959 | metric 0.00000 | beta 0.000
      valid loss 1.00863 | recon 0.98529 | kl 0.00249 | smooth 0.00000 | trans 0.00005 | lle 0.00000 | geo 0.46680 | metric 0.00000 | r 0.1838 | R² 0.0337 | eta 00:30
[082] train loss 0.97836 | recon 0.95790 | kl 0.00248 | smooth 0.00000 | trans 0.00007 | lle 0.00000 | geo 0.40935 | metric 0.00000 | beta 0.000
      valid loss 1.01157 | recon 0.98509 | kl 0.00254 | smooth 0.00000 | trans 0.00005 | lle 0.00000 | geo 0.52976 | metric 0.00000 | r 0.1807 | R² 0.0325 | eta 00:29
[083] train loss 0.97654 | recon 0.95750 | kl 0.00259 | smooth 0.00000 | trans 0.00007 | lle 0.00000 | geo 0.38081 | metric 0.00000 | beta 0.000
      valid loss 1.01490 | recon 0.98967 | kl 0.00255 | smooth 0.00000 | trans 0.00005 | lle 0.00000 | geo 0.50470 | metric 0.00000 | r 0.1821 | R² 0.0326 | eta 00:29
[084] train loss 0.97767 | recon 0.95852 | kl 0.00257 | smooth 0.00000 | trans 0.00007 | lle 0.00000 | geo 0.38307 | metric 0.00000 | beta 0.000
      valid loss 1.01781 | recon 0.98706 | kl 0.00272 | smooth 0.00000 | trans 0.00005 | lle 0.00000 | geo 0.61490 | metric 0.00000 | r 0.1791 | R² 0.0321 | eta 00:28
[085] train loss 0.97554 | recon 0.95644 | kl 0.00268 | smooth 0.00000 | trans 0.00007 | lle 0.00000 | geo 0.38205 | metric 0.00000 | beta 0.000
      valid loss 1.01568 | recon 0.98809 | kl 0.00268 | smooth 0.00000 | trans 0.00005 | lle 0.00000 | geo 0.55175 | metric 0.00000 | r 0.1847 | R² 0.0338 | eta 00:28
[086] train loss 0.97766 | recon 0.95946 | kl 0.00276 | smooth 0.00000 | trans 0.00007 | lle 0.00000 | geo 0.36406 | metric 0.00000 | beta 0.000
      valid loss 1.01274 | recon 0.98622 | kl 0.00270 | smooth 0.00000 | trans 0.00005 | lle 0.00000 | geo 0.53040 | metric 0.00000 | r 0.1851 | R² 0.0339 | eta 00:27
[087] train loss 0.97754 | recon 0.95975 | kl 0.00273 | smooth 0.00000 | trans 0.00007 | lle 0.00000 | geo 0.35582 | metric 0.00000 | beta 0.000
      valid loss 1.01415 | recon 0.98644 | kl 0.00289 | smooth 0.00000 | trans 0.00005 | lle 0.00000 | geo 0.55423 | metric 0.00000 | r 0.1831 | R² 0.0335 | eta 00:27
[088] train loss 0.97719 | recon 0.96020 | kl 0.00297 | smooth 0.00000 | trans 0.00007 | lle 0.00000 | geo 0.33983 | metric 0.00000 | beta 0.000
      valid loss 1.01912 | recon 0.99228 | kl 0.00302 | smooth 0.00000 | trans 0.00005 | lle 0.00000 | geo 0.53685 | metric 0.00000 | r 0.1795 | R² 0.0318 | eta 00:27
[089] train loss 0.97333 | recon 0.95695 | kl 0.00315 | smooth 0.00000 | trans 0.00007 | lle 0.00000 | geo 0.32753 | metric 0.00000 | beta 0.000
      valid loss 1.01307 | recon 0.98613 | kl 0.00320 | smooth 0.00000 | trans 0.00005 | lle 0.00000 | geo 0.53869 | metric 0.00000 | r 0.1823 | R² 0.0331 | eta 00:26
[090] train loss 0.97281 | recon 0.95576 | kl 0.00315 | smooth 0.00000 | trans 0.00007 | lle 0.00000 | geo 0.34106 | metric 0.00000 | beta 0.000
      valid loss 1.01985 | recon 0.98637 | kl 0.00322 | smooth 0.00000 | trans 0.00005 | lle 0.00000 | geo 0.66965 | metric 0.00000 | r 0.1869 | R² 0.0348 | eta 00:26
[091] train loss 0.97497 | recon 0.95827 | kl 0.00324 | smooth 0.00000 | trans 0.00007 | lle 0.00000 | geo 0.33386 | metric 0.00000 | beta 0.000
      valid loss 1.01572 | recon 0.98683 | kl 0.00326 | smooth 0.00000 | trans 0.00005 | lle 0.00000 | geo 0.57787 | metric 0.00000 | r 0.1855 | R² 0.0342 | eta 00:25
[092] train loss 0.97486 | recon 0.95903 | kl 0.00324 | smooth 0.00000 | trans 0.00007 | lle 0.00000 | geo 0.31654 | metric 0.00000 | beta 0.000
      valid loss 1.01029 | recon 0.98480 | kl 0.00331 | smooth 0.00000 | trans 0.00005 | lle 0.00000 | geo 0.50972 | metric 0.00000 | r 0.1847 | R² 0.0341 | eta 00:25
[093] train loss 0.97170 | recon 0.95631 | kl 0.00333 | smooth 0.00000 | trans 0.00007 | lle 0.00000 | geo 0.30788 | metric 0.00000 | beta 0.000
      valid loss 1.01546 | recon 0.98609 | kl 0.00331 | smooth 0.00000 | trans 0.00005 | lle 0.00000 | geo 0.58745 | metric 0.00000 | r 0.1890 | R² 0.0356 | eta 00:24
[094] train loss 0.97287 | recon 0.95759 | kl 0.00331 | smooth 0.00000 | trans 0.00007 | lle 0.00000 | geo 0.30560 | metric 0.00000 | beta 0.000
      valid loss 1.01395 | recon 0.98513 | kl 0.00344 | smooth 0.00000 | trans 0.00005 | lle 0.00000 | geo 0.57636 | metric 0.00000 | r 0.1867 | R² 0.0348 | eta 00:24
[095] train loss 0.97224 | recon 0.95782 | kl 0.00348 | smooth 0.00000 | trans 0.00007 | lle 0.00000 | geo 0.28841 | metric 0.00000 | beta 0.000
      valid loss 1.01743 | recon 0.98683 | kl 0.00359 | smooth 0.00000 | trans 0.00005 | lle 0.00000 | geo 0.61203 | metric 0.00000 | r 0.1821 | R² 0.0331 | eta 00:23
[096] train loss 0.97396 | recon 0.95826 | kl 0.00359 | smooth 0.00000 | trans 0.00007 | lle 0.00000 | geo 0.31403 | metric 0.00000 | beta 0.000
      valid loss 1.01574 | recon 0.98447 | kl 0.00364 | smooth 0.00000 | trans 0.00005 | lle 0.00000 | geo 0.62534 | metric 0.00000 | r 0.1870 | R² 0.0349 | eta 00:23
[097] train loss 0.97311 | recon 0.95851 | kl 0.00362 | smooth 0.00000 | trans 0.00007 | lle 0.00000 | geo 0.29207 | metric 0.00000 | beta 0.000
      valid loss 1.01273 | recon 0.98594 | kl 0.00376 | smooth 0.00000 | trans 0.00005 | lle 0.00000 | geo 0.53566 | metric 0.00000 | r 0.1853 | R² 0.0343 | eta 00:22
[098] train loss 0.97207 | recon 0.95772 | kl 0.00385 | smooth 0.00000 | trans 0.00007 | lle 0.00000 | geo 0.28703 | metric 0.00000 | beta 0.000
      valid loss 1.01624 | recon 0.98681 | kl 0.00385 | smooth 0.00000 | trans 0.00005 | lle 0.00000 | geo 0.58854 | metric 0.00000 | r 0.1860 | R² 0.0345 | eta 00:22
[099] train loss 0.97112 | recon 0.95725 | kl 0.00377 | smooth 0.00000 | trans 0.00007 | lle 0.00000 | geo 0.27752 | metric 0.00000 | beta 0.000
      valid loss 1.01251 | recon 0.98538 | kl 0.00409 | smooth 0.00000 | trans 0.00005 | lle 0.00000 | geo 0.54250 | metric 0.00000 | r 0.1829 | R² 0.0334 | eta 00:22
[100] train loss 0.97232 | recon 0.95693 | kl 0.00425 | smooth 0.00000 | trans 0.00007 | lle 0.00000 | geo 0.30772 | metric 0.00000 | beta 0.000
      valid loss 1.01654 | recon 0.98647 | kl 0.00429 | smooth 0.00000 | trans 0.00005 | lle 0.00000 | geo 0.60154 | metric 0.00000 | r 0.1846 | R² 0.0339 | eta 00:21
[101] train loss 0.97029 | recon 0.95619 | kl 0.00431 | smooth 0.00000 | trans 0.00007 | lle 0.00000 | geo 0.28190 | metric 0.00000 | beta 0.000
      valid loss 1.01388 | recon 0.98681 | kl 0.00436 | smooth 0.00000 | trans 0.00005 | lle 0.00000 | geo 0.54130 | metric 0.00000 | r 0.1861 | R² 0.0343 | eta 00:21
[102] train loss 0.97090 | recon 0.95701 | kl 0.00433 | smooth 0.00000 | trans 0.00007 | lle 0.00000 | geo 0.27775 | metric 0.00000 | beta 0.000
      valid loss 1.01268 | recon 0.98449 | kl 0.00444 | smooth 0.00000 | trans 0.00005 | lle 0.00000 | geo 0.56381 | metric 0.00000 | r 0.1866 | R² 0.0347 | eta 00:20
[103] train loss 0.97077 | recon 0.95646 | kl 0.00450 | smooth 0.00000 | trans 0.00007 | lle 0.00000 | geo 0.28626 | metric 0.00000 | beta 0.000
      valid loss 1.01499 | recon 0.98723 | kl 0.00453 | smooth 0.00000 | trans 0.00005 | lle 0.00000 | geo 0.55523 | metric 0.00000 | r 0.1843 | R² 0.0338 | eta 00:20
[104] train loss 0.97041 | recon 0.95712 | kl 0.00447 | smooth 0.00000 | trans 0.00007 | lle 0.00000 | geo 0.26587 | metric 0.00000 | beta 0.000
      valid loss 1.01535 | recon 0.98701 | kl 0.00460 | smooth 0.00000 | trans 0.00005 | lle 0.00000 | geo 0.56684 | metric 0.00000 | r 0.1852 | R² 0.0341 | eta 00:19
[105] train loss 0.96937 | recon 0.95603 | kl 0.00468 | smooth 0.00000 | trans 0.00007 | lle 0.00000 | geo 0.26684 | metric 0.00000 | beta 0.000
      valid loss 1.01788 | recon 0.98694 | kl 0.00467 | smooth 0.00000 | trans 0.00005 | lle 0.00000 | geo 0.61879 | metric 0.00000 | r 0.1848 | R² 0.0339 | eta 00:19
[106] train loss 0.96985 | recon 0.95666 | kl 0.00464 | smooth 0.00000 | trans 0.00007 | lle 0.00000 | geo 0.26385 | metric 0.00000 | beta 0.000
      valid loss 1.01775 | recon 0.98845 | kl 0.00466 | smooth 0.00000 | trans 0.00005 | lle 0.00000 | geo 0.58582 | metric 0.00000 | r 0.1859 | R² 0.0342 | eta 00:18
[107] train loss 0.97045 | recon 0.95700 | kl 0.00472 | smooth 0.00000 | trans 0.00007 | lle 0.00000 | geo 0.26903 | metric 0.00000 | beta 0.000
      valid loss 1.01457 | recon 0.98708 | kl 0.00478 | smooth 0.00000 | trans 0.00005 | lle 0.00000 | geo 0.54979 | metric 0.00000 | r 0.1861 | R² 0.0344 | eta 00:18
[108] train loss 0.97167 | recon 0.95740 | kl 0.00472 | smooth 0.00000 | trans 0.00007 | lle 0.00000 | geo 0.28535 | metric 0.00000 | beta 0.000
      valid loss 1.01684 | recon 0.98782 | kl 0.00487 | smooth 0.00000 | trans 0.00005 | lle 0.00000 | geo 0.58034 | metric 0.00000 | r 0.1855 | R² 0.0342 | eta 00:18
[109] train loss 0.96941 | recon 0.95617 | kl 0.00498 | smooth 0.00000 | trans 0.00007 | lle 0.00000 | geo 0.26471 | metric 0.00000 | beta 0.000
      valid loss 1.01526 | recon 0.98559 | kl 0.00506 | smooth 0.00000 | trans 0.00005 | lle 0.00000 | geo 0.59352 | metric 0.00000 | r 0.1862 | R² 0.0346 | eta 00:17
[110] train loss 0.97311 | recon 0.95790 | kl 0.00504 | smooth 0.00000 | trans 0.00007 | lle 0.00000 | geo 0.30430 | metric 0.00000 | beta 0.000
      valid loss 1.01976 | recon 0.98642 | kl 0.00505 | smooth 0.00000 | trans 0.00005 | lle 0.00000 | geo 0.66662 | metric 0.00000 | r 0.1840 | R² 0.0337 | eta 00:17
[111] train loss 0.97099 | recon 0.95720 | kl 0.00506 | smooth 0.00000 | trans 0.00007 | lle 0.00000 | geo 0.27591 | metric 0.00000 | beta 0.000
      valid loss 1.01797 | recon 0.98705 | kl 0.00508 | smooth 0.00000 | trans 0.00005 | lle 0.00000 | geo 0.61856 | metric 0.00000 | r 0.1846 | R² 0.0338 | eta 00:16
[112] train loss 0.97076 | recon 0.95756 | kl 0.00502 | smooth 0.00000 | trans 0.00007 | lle 0.00000 | geo 0.26387 | metric 0.00000 | beta 0.000
      valid loss 1.01564 | recon 0.98721 | kl 0.00512 | smooth 0.00000 | trans 0.00005 | lle 0.00000 | geo 0.56864 | metric 0.00000 | r 0.1842 | R² 0.0336 | eta 00:16
[113] train loss 0.97055 | recon 0.95614 | kl 0.00534 | smooth 0.00000 | trans 0.00007 | lle 0.00000 | geo 0.28824 | metric 0.00000 | beta 0.000
      valid loss 1.02104 | recon 0.98640 | kl 0.00546 | smooth 0.00000 | trans 0.00005 | lle 0.00000 | geo 0.69263 | metric 0.00000 | r 0.1841 | R² 0.0338 | eta 00:15
[114] train loss 0.96918 | recon 0.95591 | kl 0.00546 | smooth 0.00000 | trans 0.00007 | lle 0.00000 | geo 0.26547 | metric 0.00000 | beta 0.000
      valid loss 1.02072 | recon 0.98829 | kl 0.00542 | smooth 0.00000 | trans 0.00005 | lle 0.00000 | geo 0.64844 | metric 0.00000 | r 0.1845 | R² 0.0336 | eta 00:15
[115] train loss 0.96961 | recon 0.95671 | kl 0.00552 | smooth 0.00000 | trans 0.00007 | lle 0.00000 | geo 0.25793 | metric 0.00000 | beta 0.000
      valid loss 1.01771 | recon 0.98844 | kl 0.00556 | smooth 0.00000 | trans 0.00005 | lle 0.00000 | geo 0.58544 | metric 0.00000 | r 0.1846 | R² 0.0336 | eta 00:15
[116] train loss 0.97360 | recon 0.95950 | kl 0.00561 | smooth 0.00000 | trans 0.00007 | lle 0.00000 | geo 0.28194 | metric 0.00000 | beta 0.000
      valid loss 1.02419 | recon 0.98830 | kl 0.00576 | smooth 0.00000 | trans 0.00005 | lle 0.00000 | geo 0.71778 | metric 0.00000 | r 0.1864 | R² 0.0345 | eta 00:14
[117] train loss 0.97404 | recon 0.95673 | kl 0.00576 | smooth 0.00000 | trans 0.00007 | lle 0.00000 | geo 0.34615 | metric 0.00000 | beta 0.000
      valid loss 1.01996 | recon 0.98789 | kl 0.00577 | smooth 0.00000 | trans 0.00005 | lle 0.00000 | geo 0.64153 | metric 0.00000 | r 0.1860 | R² 0.0343 | eta 00:14
[118] train loss 0.97144 | recon 0.95828 | kl 0.00577 | smooth 0.00000 | trans 0.00007 | lle 0.00000 | geo 0.26318 | metric 0.00000 | beta 0.000
      valid loss 1.01704 | recon 0.98682 | kl 0.00587 | smooth 0.00000 | trans 0.00005 | lle 0.00000 | geo 0.60452 | metric 0.00000 | r 0.1831 | R² 0.0334 | eta 00:13
[119] train loss 0.97048 | recon 0.95715 | kl 0.00595 | smooth 0.00000 | trans 0.00007 | lle 0.00000 | geo 0.26658 | metric 0.00000 | beta 0.000
      valid loss 1.01894 | recon 0.98344 | kl 0.00598 | smooth 0.00000 | trans 0.00005 | lle 0.00000 | geo 0.71004 | metric 0.00000 | r 0.1862 | R² 0.0347 | eta 00:13
[120] train loss 0.96968 | recon 0.95659 | kl 0.00596 | smooth 0.00000 | trans 0.00007 | lle 0.00000 | geo 0.26187 | metric 0.00000 | beta 0.000
      valid loss 1.01385 | recon 0.98540 | kl 0.00592 | smooth 0.00000 | trans 0.00005 | lle 0.00000 | geo 0.56895 | metric 0.00000 | r 0.1856 | R² 0.0343 | eta 00:12
[121] train loss 0.97048 | recon 0.95665 | kl 0.00592 | smooth 0.00000 | trans 0.00007 | lle 0.00000 | geo 0.27648 | metric 0.00000 | beta 0.000
      valid loss 1.01940 | recon 0.98734 | kl 0.00585 | smooth 0.00000 | trans 0.00005 | lle 0.00000 | geo 0.64109 | metric 0.00000 | r 0.1862 | R² 0.0342 | eta 00:12
[122] train loss 0.97041 | recon 0.95747 | kl 0.00591 | smooth 0.00000 | trans 0.00007 | lle 0.00000 | geo 0.25883 | metric 0.00000 | beta 0.000
      valid loss 1.01824 | recon 0.98629 | kl 0.00597 | smooth 0.00000 | trans 0.00005 | lle 0.00000 | geo 0.63901 | metric 0.00000 | r 0.1851 | R² 0.0340 | eta 00:12
[123] train loss 0.96900 | recon 0.95674 | kl 0.00599 | smooth 0.00000 | trans 0.00007 | lle 0.00000 | geo 0.24511 | metric 0.00000 | beta 0.000
      valid loss 1.01672 | recon 0.98564 | kl 0.00603 | smooth 0.00000 | trans 0.00005 | lle 0.00000 | geo 0.62152 | metric 0.00000 | r 0.1870 | R² 0.0348 | eta 00:11
[124] train loss 0.97139 | recon 0.95874 | kl 0.00606 | smooth 0.00000 | trans 0.00007 | lle 0.00000 | geo 0.25298 | metric 0.00000 | beta 0.000
      valid loss 1.01483 | recon 0.98675 | kl 0.00603 | smooth 0.00000 | trans 0.00005 | lle 0.00000 | geo 0.56175 | metric 0.00000 | r 0.1852 | R² 0.0341 | eta 00:11
[125] train loss 0.96976 | recon 0.95673 | kl 0.00612 | smooth 0.00000 | trans 0.00007 | lle 0.00000 | geo 0.26052 | metric 0.00000 | beta 0.000
      valid loss 1.01767 | recon 0.98655 | kl 0.00609 | smooth 0.00000 | trans 0.00005 | lle 0.00000 | geo 0.62251 | metric 0.00000 | r 0.1855 | R² 0.0342 | eta 00:10
[126] train loss 0.96952 | recon 0.95660 | kl 0.00612 | smooth 0.00000 | trans 0.00007 | lle 0.00000 | geo 0.25852 | metric 0.00000 | beta 0.000
      valid loss 1.01429 | recon 0.98687 | kl 0.00616 | smooth 0.00000 | trans 0.00005 | lle 0.00000 | geo 0.54847 | metric 0.00000 | r 0.1858 | R² 0.0343 | eta 00:10
[127] train loss 0.96972 | recon 0.95680 | kl 0.00617 | smooth 0.00000 | trans 0.00007 | lle 0.00000 | geo 0.25849 | metric 0.00000 | beta 0.000
      valid loss 1.01599 | recon 0.98709 | kl 0.00623 | smooth 0.00000 | trans 0.00005 | lle 0.00000 | geo 0.57812 | metric 0.00000 | r 0.1841 | R² 0.0336 | eta 00:09
[128] train loss 0.96845 | recon 0.95552 | kl 0.00633 | smooth 0.00000 | trans 0.00007 | lle 0.00000 | geo 0.25866 | metric 0.00000 | beta 0.000
      valid loss 1.01681 | recon 0.98800 | kl 0.00630 | smooth 0.00000 | trans 0.00005 | lle 0.00000 | geo 0.57633 | metric 0.00000 | r 0.1844 | R² 0.0337 | eta 00:09
[129] train loss 0.96863 | recon 0.95609 | kl 0.00624 | smooth 0.00000 | trans 0.00007 | lle 0.00000 | geo 0.25075 | metric 0.00000 | beta 0.000
      valid loss 1.01650 | recon 0.98835 | kl 0.00623 | smooth 0.00000 | trans 0.00005 | lle 0.00000 | geo 0.56299 | metric 0.00000 | r 0.1852 | R² 0.0339 | eta 00:09
[130] train loss 0.96742 | recon 0.95498 | kl 0.00636 | smooth 0.00000 | trans 0.00007 | lle 0.00000 | geo 0.24890 | metric 0.00000 | beta 0.000
      valid loss 1.01632 | recon 0.98770 | kl 0.00639 | smooth 0.00000 | trans 0.00005 | lle 0.00000 | geo 0.57246 | metric 0.00000 | r 0.1840 | R² 0.0336 | eta 00:08
[131] train loss 0.96961 | recon 0.95751 | kl 0.00636 | smooth 0.00000 | trans 0.00007 | lle 0.00000 | geo 0.24193 | metric 0.00000 | beta 0.000
      valid loss 1.02029 | recon 0.98841 | kl 0.00634 | smooth 0.00000 | trans 0.00005 | lle 0.00000 | geo 0.63767 | metric 0.00000 | r 0.1853 | R² 0.0339 | eta 00:08
[132] train loss 0.96997 | recon 0.95807 | kl 0.00645 | smooth 0.00000 | trans 0.00007 | lle 0.00000 | geo 0.23807 | metric 0.00000 | beta 0.000
      valid loss 1.01487 | recon 0.98482 | kl 0.00653 | smooth 0.00000 | trans 0.00005 | lle 0.00000 | geo 0.60093 | metric 0.00000 | r 0.1858 | R² 0.0344 | eta 00:07
[133] train loss 0.96974 | recon 0.95593 | kl 0.00655 | smooth 0.00000 | trans 0.00007 | lle 0.00000 | geo 0.27631 | metric 0.00000 | beta 0.000
      valid loss 1.01467 | recon 0.98623 | kl 0.00648 | smooth 0.00000 | trans 0.00005 | lle 0.00000 | geo 0.56878 | metric 0.00000 | r 0.1867 | R² 0.0346 | eta 00:07
[134] train loss 0.96718 | recon 0.95502 | kl 0.00641 | smooth 0.00000 | trans 0.00007 | lle 0.00000 | geo 0.24327 | metric 0.00000 | beta 0.000
      valid loss 1.01582 | recon 0.98638 | kl 0.00649 | smooth 0.00000 | trans 0.00005 | lle 0.00000 | geo 0.58885 | metric 0.00000 | r 0.1871 | R² 0.0347 | eta 00:06
[135] train loss 0.96634 | recon 0.95415 | kl 0.00652 | smooth 0.00000 | trans 0.00007 | lle 0.00000 | geo 0.24367 | metric 0.00000 | beta 0.000
      valid loss 1.01672 | recon 0.98798 | kl 0.00656 | smooth 0.00000 | trans 0.00005 | lle 0.00000 | geo 0.57466 | metric 0.00000 | r 0.1853 | R² 0.0341 | eta 00:06
[136] train loss 0.96941 | recon 0.95733 | kl 0.00651 | smooth 0.00000 | trans 0.00007 | lle 0.00000 | geo 0.24167 | metric 0.00000 | beta 0.000
      valid loss 1.02130 | recon 0.98917 | kl 0.00662 | smooth 0.00000 | trans 0.00005 | lle 0.00000 | geo 0.64267 | metric 0.00000 | r 0.1861 | R² 0.0344 | eta 00:06
[137] train loss 0.96960 | recon 0.95758 | kl 0.00677 | smooth 0.00000 | trans 0.00007 | lle 0.00000 | geo 0.24026 | metric 0.00000 | beta 0.000
      valid loss 1.01697 | recon 0.98640 | kl 0.00678 | smooth 0.00000 | trans 0.00005 | lle 0.00000 | geo 0.61139 | metric 0.00000 | r 0.1850 | R² 0.0341 | eta 00:05
[138] train loss 0.97058 | recon 0.95614 | kl 0.00687 | smooth 0.00000 | trans 0.00007 | lle 0.00000 | geo 0.28880 | metric 0.00000 | beta 0.000
      valid loss 1.01292 | recon 0.98627 | kl 0.00685 | smooth 0.00000 | trans 0.00005 | lle 0.00000 | geo 0.53306 | metric 0.00000 | r 0.1824 | R² 0.0331 | eta 00:05
[139] train loss 0.96958 | recon 0.95712 | kl 0.00677 | smooth 0.00000 | trans 0.00007 | lle 0.00000 | geo 0.24931 | metric 0.00000 | beta 0.000
      valid loss 1.01312 | recon 0.98592 | kl 0.00676 | smooth 0.00000 | trans 0.00005 | lle 0.00000 | geo 0.54407 | metric 0.00000 | r 0.1856 | R² 0.0341 | eta 00:04
[140] train loss 0.96948 | recon 0.95683 | kl 0.00685 | smooth 0.00000 | trans 0.00007 | lle 0.00000 | geo 0.25296 | metric 0.00000 | beta 0.000
      valid loss 1.01502 | recon 0.98689 | kl 0.00682 | smooth 0.00000 | trans 0.00005 | lle 0.00000 | geo 0.56263 | metric 0.00000 | r 0.1861 | R² 0.0344 | eta 00:04
[141] train loss 0.97264 | recon 0.96028 | kl 0.00686 | smooth 0.00000 | trans 0.00007 | lle 0.00000 | geo 0.24718 | metric 0.00000 | beta 0.000
      valid loss 1.01484 | recon 0.98616 | kl 0.00692 | smooth 0.00000 | trans 0.00005 | lle 0.00000 | geo 0.57360 | metric 0.00000 | r 0.1857 | R² 0.0344 | eta 00:03
[142] train loss 0.96899 | recon 0.95570 | kl 0.00691 | smooth 0.00000 | trans 0.00007 | lle 0.00000 | geo 0.26588 | metric 0.00000 | beta 0.000
      valid loss 1.01381 | recon 0.98592 | kl 0.00681 | smooth 0.00000 | trans 0.00005 | lle 0.00000 | geo 0.55781 | metric 0.00000 | r 0.1862 | R² 0.0345 | eta 00:03
[143] train loss 0.96961 | recon 0.95747 | kl 0.00675 | smooth 0.00000 | trans 0.00007 | lle 0.00000 | geo 0.24279 | metric 0.00000 | beta 0.000
      valid loss 1.01585 | recon 0.98745 | kl 0.00674 | smooth 0.00000 | trans 0.00005 | lle 0.00000 | geo 0.56801 | metric 0.00000 | r 0.1857 | R² 0.0342 | eta 00:03
[144] train loss 0.97102 | recon 0.95767 | kl 0.00674 | smooth 0.00000 | trans 0.00007 | lle 0.00000 | geo 0.26682 | metric 0.00000 | beta 0.000
      valid loss 1.01361 | recon 0.98665 | kl 0.00672 | smooth 0.00000 | trans 0.00005 | lle 0.00000 | geo 0.53920 | metric 0.00000 | r 0.1870 | R² 0.0347 | eta 00:02
[145] train loss 0.96908 | recon 0.95674 | kl 0.00679 | smooth 0.00000 | trans 0.00007 | lle 0.00000 | geo 0.24670 | metric 0.00000 | beta 0.000
      valid loss 1.01446 | recon 0.98653 | kl 0.00681 | smooth 0.00000 | trans 0.00005 | lle 0.00000 | geo 0.55855 | metric 0.00000 | r 0.1867 | R² 0.0347 | eta 00:02
[146] train loss 0.96834 | recon 0.95638 | kl 0.00673 | smooth 0.00000 | trans 0.00007 | lle 0.00000 | geo 0.23904 | metric 0.00000 | beta 0.000
      valid loss 1.02077 | recon 0.98801 | kl 0.00667 | smooth 0.00000 | trans 0.00005 | lle 0.00000 | geo 0.65510 | metric 0.00000 | r 0.1872 | R² 0.0347 | eta 00:01
[147] train loss 0.96937 | recon 0.95775 | kl 0.00675 | smooth 0.00000 | trans 0.00007 | lle 0.00000 | geo 0.23245 | metric 0.00000 | beta 0.000
      valid loss 1.01599 | recon 0.98706 | kl 0.00681 | smooth 0.00000 | trans 0.00005 | lle 0.00000 | geo 0.57860 | metric 0.00000 | r 0.1859 | R² 0.0344 | eta 00:01
[148] train loss 0.96911 | recon 0.95730 | kl 0.00696 | smooth 0.00000 | trans 0.00007 | lle 0.00000 | geo 0.23620 | metric 0.00000 | beta 0.000
      valid loss 1.01324 | recon 0.98430 | kl 0.00700 | smooth 0.00000 | trans 0.00005 | lle 0.00000 | geo 0.57879 | metric 0.00000 | r 0.1872 | R² 0.0350 | eta 00:00
[149] train loss 0.96810 | recon 0.95608 | kl 0.00688 | smooth 0.00000 | trans 0.00007 | lle 0.00000 | geo 0.24020 | metric 0.00000 | beta 0.000
      valid loss 1.01995 | recon 0.98756 | kl 0.00685 | smooth 0.00000 | trans 0.00005 | lle 0.00000 | geo 0.64775 | metric 0.00000 | r 0.1888 | R² 0.0353 | eta 00:00
[150] train loss 0.96980 | recon 0.95681 | kl 0.00692 | smooth 0.00000 | trans 0.00007 | lle 0.00000 | geo 0.25983 | metric 0.00000 | beta 0.000
      valid loss 1.01225 | recon 0.98652 | kl 0.00700 | smooth 0.00000 | trans 0.00005 | lle 0.00000 | geo 0.51457 | metric 0.00000 | r 0.1854 | R² 0.0342 | eta 00:00
/home/4429/envs/odevae/lib/python3.11/site-packages/sklearn/manifold/_mds.py:754: FutureWarning: The default value of `init` will change from 'random' to 'classical_mds' in 1.10. To suppress this warning, provide some value of `init`.
  warnings.warn(
/home/4429/envs/odevae/lib/python3.11/site-packages/sklearn/manifold/_mds.py:771: FutureWarning: The `dissimilarity` parameter is deprecated and will be removed in 1.10. Use `metric` instead.
  warnings.warn(
      wrote /home/4429/projects/Neural_VAE_ODE/runs/2026-05-27_201400_f2c5475/latent_manifold_mds.png
done.
experts.0.0.bias 0.03130310773849487
experts.0.2.bias -0.0006369539769366384
experts.0.4.bias 0.0067177764140069485
experts.1.0.bias 0.03609761595726013
experts.1.2.bias -0.001002362696453929
experts.1.4.bias 0.0015334371710196137
experts.2.0.bias 0.038287580013275146
experts.2.2.bias 0.0007419819012284279
experts.2.4.bias 0.0024772929027676582
experts.3.0.bias 0.03063955530524254
experts.3.2.bias -0.0006310604512691498
experts.3.4.bias 0.006361396051943302
experts.4.0.bias 0.03958636149764061
experts.4.2.bias -0.0002617870341055095
experts.4.4.bias 0.006369436625391245
experts.5.0.bias 0.0402919165790081
experts.5.2.bias -0.0030668512918055058
experts.5.4.bias 0.0046540796756744385
experts.6.0.bias 0.035919174551963806
experts.6.2.bias -0.0014081536792218685
experts.6.4.bias 0.002645729808136821
experts.7.0.bias 0.04306121543049812
experts.7.2.bias -0.00041229077032767236
experts.7.4.bias 0.0015978728188201785
Saved run metadata → /home/4429/projects/Neural_VAE_ODE/runs/2026-05-27_201400_f2c5475/run_metadata.json
Final r: 0.1854
Final R²: 0.0342
Results logged to /home/4429/projects/Neural_VAE_ODE/src/training_results.txt
Exception ignored in: Exception ignored in sys.unraisablehook