Running script: v6_neural_vae.py
Loading configuration from /home/4429/projects/Neural_VAE_ODE/runs/2026-05-27_181510_b8d648b/config.txt
Device: cuda
Train-std neuron filter: removed 4 train-silent neurons; kept 353 neurons (threshold=1e-07).
MIND split: train trials=163 | test trials=17
MIND neuron filter: removed 18 silent neurons; kept 357 active neurons.
Sequence alignment: position (Position); coordinate range 0.000-1.000
/home/4429/envs/odevae/lib/python3.11/site-packages/torch/nn/modules/transformer.py:379: UserWarning: enable_nested_tensor is True, but self.use_nested_tensor is False because encoder_layer.self_attn.batch_first was not True(use batch_first for better inference performance)
  warnings.warn(
[001] train loss 0.99061 | recon 0.99032 | kl 0.36240 | smooth 0.00000 | trans 0.08696 | lle 0.02503 | metric 0.79079 | beta 0.000
      valid loss 2.21801 | recon 2.21772 | kl 0.21986 | smooth 0.00000 | trans 0.07304 | lle 0.00555 | metric 0.83723 | r 0.2155 | R² 0.0464 | eta 14:40
      saved best checkpoint -> /home/4429/projects/Neural_VAE_ODE/runs/2026-05-27_181510_b8d648b/ode_vae_best.pt
[002] train loss 0.99429 | recon 0.99373 | kl 0.23505 | smooth 0.00000 | trans 0.08623 | lle 0.01531 | metric 0.78692 | beta 0.000
      valid loss 2.21756 | recon 2.21693 | kl 0.16319 | smooth 0.00000 | trans 0.07304 | lle 0.00923 | metric 0.89701 | r 0.2268 | R² 0.0514 | eta 14:15
      saved best checkpoint -> /home/4429/projects/Neural_VAE_ODE/runs/2026-05-27_181510_b8d648b/ode_vae_best.pt
[003] train loss 0.99347 | recon 0.99263 | kl 0.24720 | smooth 0.00000 | trans 0.08766 | lle 0.01610 | metric 0.78378 | beta 0.000
      valid loss 2.21602 | recon 2.21510 | kl 0.19167 | smooth 0.00000 | trans 0.07304 | lle 0.00673 | metric 0.87755 | r 0.2405 | R² 0.0577 | eta 14:13
      saved best checkpoint -> /home/4429/projects/Neural_VAE_ODE/runs/2026-05-27_181510_b8d648b/ode_vae_best.pt
[004] train loss 0.98653 | recon 0.98525 | kl 0.34257 | smooth 0.00000 | trans 0.08728 | lle 0.03335 | metric 0.88768 | beta 0.000
      valid loss 2.21662 | recon 2.21535 | kl 0.36436 | smooth 0.00000 | trans 0.07304 | lle 0.01317 | metric 0.89891 | r 0.2272 | R² 0.0512 | eta 13:59
[005] train loss 0.98135 | recon 0.97969 | kl 0.43375 | smooth 0.00000 | trans 0.08667 | lle 0.03199 | metric 0.91999 | beta 0.000
      valid loss 2.21575 | recon 2.21422 | kl 0.28907 | smooth 0.00000 | trans 0.07304 | lle 0.01157 | metric 0.87283 | r 0.2330 | R² 0.0541 | eta 13:40
      saved best checkpoint -> /home/4429/projects/Neural_VAE_ODE/runs/2026-05-27_181510_b8d648b/ode_vae_best.pt
[006] train loss 0.97854 | recon 0.97640 | kl 0.57051 | smooth 0.00000 | trans 0.08792 | lle 0.04089 | metric 0.98796 | beta 0.000
      valid loss 2.21662 | recon 2.21485 | kl 0.37090 | smooth 0.00000 | trans 0.07304 | lle 0.01079 | metric 0.83707 | r 0.2381 | R² 0.0567 | eta 13:32
[007] train loss 0.99647 | recon 0.99369 | kl 0.64167 | smooth 0.00000 | trans 0.08762 | lle 0.05106 | metric 1.09504 | beta 0.000
      valid loss 2.21894 | recon 2.21680 | kl 0.43378 | smooth 0.00000 | trans 0.07303 | lle 0.01070 | metric 0.86949 | r 0.2256 | R² 0.0499 | eta 13:19
[008] train loss 0.97302 | recon 0.96982 | kl 0.68991 | smooth 0.00000 | trans 0.09611 | lle 0.06256 | metric 1.08752 | beta 0.000
      valid loss 2.21511 | recon 2.21277 | kl 0.43751 | smooth 0.00000 | trans 0.07303 | lle 0.01413 | metric 0.82424 | r 0.2471 | R² 0.0608 | eta 13:04
      saved best checkpoint -> /home/4429/projects/Neural_VAE_ODE/runs/2026-05-27_181510_b8d648b/ode_vae_best.pt
[009] train loss 0.96146 | recon 0.95788 | kl 0.71485 | smooth 0.00000 | trans 0.08655 | lle 0.05553 | metric 1.09693 | beta 0.000
      valid loss 2.21154 | recon 2.20886 | kl 0.48580 | smooth 0.00000 | trans 0.07303 | lle 0.02479 | metric 0.83214 | r 0.2667 | R² 0.0709 | eta 12:59
      saved best checkpoint -> /home/4429/projects/Neural_VAE_ODE/runs/2026-05-27_181510_b8d648b/ode_vae_best.pt
[010] train loss 0.98282 | recon 0.97825 | kl 0.79998 | smooth 0.00000 | trans 0.08754 | lle 0.07790 | metric 1.24847 | beta 0.000
      valid loss 2.21871 | recon 2.21566 | kl 0.50595 | smooth 0.00000 | trans 0.07303 | lle 0.01428 | metric 0.86329 | r 0.2525 | R² 0.0632 | eta 12:56
[011] train loss 0.95506 | recon 0.95075 | kl 0.79617 | smooth 0.00000 | trans 0.08790 | lle 0.06411 | metric 1.06597 | beta 0.000
      valid loss 2.22375 | recon 2.22059 | kl 0.54222 | smooth 0.00000 | trans 0.07303 | lle 0.01861 | metric 0.80773 | r 0.2500 | R² 0.0612 | eta 12:46
[012] train loss 0.95560 | recon 0.95098 | kl 0.86301 | smooth 0.00000 | trans 0.08924 | lle 0.07175 | metric 1.03907 | beta 0.000
      valid loss 2.22119 | recon 2.21776 | kl 0.50533 | smooth 0.00000 | trans 0.07303 | lle 0.01103 | metric 0.80980 | r 0.2355 | R² 0.0547 | eta 12:37
[013] train loss 0.95260 | recon 0.94695 | kl 0.94954 | smooth 0.00000 | trans 0.08946 | lle 0.08076 | metric 1.17769 | beta 0.000
      valid loss 2.21327 | recon 2.20921 | kl 0.65696 | smooth 0.00000 | trans 0.07302 | lle 0.01888 | metric 0.88128 | r 0.2814 | R² 0.0792 | eta 12:30
[014] train loss 0.93230 | recon 0.92672 | kl 0.87893 | smooth 0.00000 | trans 0.08915 | lle 0.07937 | metric 1.07286 | beta 0.000
      valid loss 2.22776 | recon 2.22359 | kl 0.91712 | smooth 0.00000 | trans 0.07302 | lle 0.02555 | metric 0.83014 | r 0.2550 | R² 0.0625 | eta 12:23
[015] train loss 0.93737 | recon 0.93122 | kl 0.99485 | smooth 0.00000 | trans 0.08775 | lle 0.08076 | metric 1.10493 | beta 0.000
      valid loss 2.21900 | recon 2.21452 | kl 0.76501 | smooth 0.00000 | trans 0.07302 | lle 0.01671 | metric 0.84300 | r 0.2692 | R² 0.0717 | eta 12:17
[016] train loss 0.93824 | recon 0.93181 | kl 0.92589 | smooth 0.00000 | trans 0.08907 | lle 0.08530 | metric 1.07591 | beta 0.000
      valid loss 2.21789 | recon 2.21307 | kl 0.73263 | smooth 0.00000 | trans 0.07302 | lle 0.01382 | metric 0.85457 | r 0.2615 | R² 0.0680 | eta 12:08
[017] train loss 0.94248 | recon 0.93508 | kl 0.96188 | smooth 0.00000 | trans 0.09197 | lle 0.08017 | metric 1.17964 | beta 0.000
      valid loss 2.22638 | recon 2.22091 | kl 0.98892 | smooth 0.00000 | trans 0.07301 | lle 0.03730 | metric 0.89162 | r 0.2738 | R² 0.0705 | eta 12:00
[018] train loss 0.93014 | recon 0.92276 | kl 0.98937 | smooth 0.00000 | trans 0.08720 | lle 0.08226 | metric 1.10461 | beta 0.000
      valid loss 2.22153 | recon 2.21568 | kl 0.78098 | smooth 0.00000 | trans 0.07302 | lle 0.03252 | metric 0.90522 | r 0.2625 | R² 0.0667 | eta 11:52
[019] train loss 0.94859 | recon 0.94088 | kl 0.92363 | smooth 0.00000 | trans 0.08953 | lle 0.08216 | metric 1.09153 | beta 0.000
      valid loss 2.22415 | recon 2.21847 | kl 0.78693 | smooth 0.00000 | trans 0.07301 | lle 0.02174 | metric 0.83825 | r 0.2474 | R² 0.0604 | eta 11:45
[020] train loss 0.92561 | recon 0.91791 | kl 0.86266 | smooth 0.00000 | trans 0.08802 | lle 0.06648 | metric 1.04489 | beta 0.000
      valid loss 2.21541 | recon 2.20925 | kl 0.75927 | smooth 0.00000 | trans 0.07301 | lle 0.01975 | metric 0.86870 | r 0.2707 | R² 0.0690 | eta 11:37
[021] train loss 0.90473 | recon 0.89699 | kl 0.87712 | smooth 0.00000 | trans 0.08636 | lle 0.07993 | metric 0.98352 | beta 0.000
      valid loss 2.22967 | recon 2.22299 | kl 0.80964 | smooth 0.00000 | trans 0.07301 | lle 0.02129 | metric 0.89701 | r 0.2441 | R² 0.0569 | eta 11:30
[022] train loss 0.89926 | recon 0.89086 | kl 0.96542 | smooth 0.00000 | trans 0.08614 | lle 0.08071 | metric 1.02243 | beta 0.000
      valid loss 2.22827 | recon 2.22173 | kl 0.69417 | smooth 0.00000 | trans 0.07302 | lle 0.02604 | metric 0.82880 | r 0.2440 | R² 0.0533 | eta 11:24
[023] train loss 0.88514 | recon 0.87618 | kl 0.96194 | smooth 0.00000 | trans 0.08667 | lle 0.08507 | metric 1.04079 | beta 0.000
      valid loss 2.23008 | recon 2.22300 | kl 0.96895 | smooth 0.00000 | trans 0.07301 | lle 0.02639 | metric 0.86053 | r 0.2475 | R² 0.0531 | eta 11:18
[024] train loss 0.88114 | recon 0.87206 | kl 0.98548 | smooth 0.00000 | trans 0.08733 | lle 0.07776 | metric 1.01358 | beta 0.000
      valid loss 2.21892 | recon 2.21175 | kl 0.89934 | smooth 0.00000 | trans 0.07300 | lle 0.04201 | metric 0.81849 | r 0.2741 | R² 0.0689 | eta 11:13
[025] train loss 0.88634 | recon 0.87606 | kl 1.00696 | smooth 0.00000 | trans 0.08955 | lle 0.10398 | metric 1.08470 | beta 0.000
      valid loss 2.23327 | recon 2.22470 | kl 0.97600 | smooth 0.00000 | trans 0.07301 | lle 0.02898 | metric 0.96304 | r 0.2289 | R² 0.0365 | eta 11:07
[026] train loss 0.89176 | recon 0.88112 | kl 1.08298 | smooth 0.00000 | trans 0.08740 | lle 0.09673 | metric 1.08797 | beta 0.000
      valid loss 2.22142 | recon 2.21313 | kl 0.77031 | smooth 0.00000 | trans 0.07300 | lle 0.03394 | metric 0.88604 | r 0.2461 | R² 0.0537 | eta 11:00
[027] train loss 0.89633 | recon 0.88569 | kl 0.97666 | smooth 0.00000 | trans 0.08708 | lle 0.08569 | metric 1.05280 | beta 0.000
      valid loss 2.23149 | recon 2.22257 | kl 0.85412 | smooth 0.00000 | trans 0.07301 | lle 0.01992 | metric 0.93498 | r 0.2316 | R² 0.0388 | eta 10:54
[028] train loss 0.88372 | recon 0.87302 | kl 0.97550 | smooth 0.00000 | trans 0.08734 | lle 0.08592 | metric 1.01647 | beta 0.000
      valid loss 2.24047 | recon 2.23194 | kl 0.97899 | smooth 0.00000 | trans 0.07300 | lle 0.03550 | metric 0.84097 | r 0.2320 | R² 0.0436 | eta 10:47
[029] train loss 0.86892 | recon 0.85762 | kl 0.98562 | smooth 0.00000 | trans 0.08597 | lle 0.08630 | metric 1.03965 | beta 0.000
      valid loss 2.24129 | recon 2.23277 | kl 1.01667 | smooth 0.00000 | trans 0.07301 | lle 0.02740 | metric 0.81778 | r 0.2380 | R² 0.0462 | eta 10:41
[030] train loss 0.87734 | recon 0.86546 | kl 1.02143 | smooth 0.00000 | trans 0.08792 | lle 0.09907 | metric 1.04465 | beta 0.000
      valid loss 2.23588 | recon 2.22715 | kl 0.91956 | smooth 0.00000 | trans 0.07300 | lle 0.02626 | metric 0.81029 | r 0.2474 | R² 0.0477 | eta 10:35
[031] train loss 0.87410 | recon 0.86254 | kl 1.04395 | smooth 0.00000 | trans 0.08976 | lle 0.08870 | metric 1.02186 | beta 0.000
      valid loss 2.23405 | recon 2.22401 | kl 0.87345 | smooth 0.00000 | trans 0.07300 | lle 0.02040 | metric 0.94725 | r 0.2361 | R² 0.0419 | eta 10:29
[032] train loss 0.86433 | recon 0.85311 | kl 1.02799 | smooth 0.00000 | trans 0.08936 | lle 0.08363 | metric 0.99355 | beta 0.000
      valid loss 2.24075 | recon 2.23141 | kl 0.98671 | smooth 0.00000 | trans 0.07300 | lle 0.02759 | metric 0.87003 | r 0.2337 | R² 0.0390 | eta 10:23
[033] train loss 0.85296 | recon 0.84145 | kl 1.04182 | smooth 0.00000 | trans 0.08883 | lle 0.11145 | metric 0.99492 | beta 0.000
      valid loss 2.24884 | recon 2.23952 | kl 0.96548 | smooth 0.00000 | trans 0.07301 | lle 0.04702 | metric 0.84928 | r 0.2274 | R² 0.0333 | eta 10:17
[034] train loss 0.84833 | recon 0.83641 | kl 1.14408 | smooth 0.00000 | trans 0.08714 | lle 0.10250 | metric 1.04657 | beta 0.000
      valid loss 2.24082 | recon 2.23111 | kl 1.02817 | smooth 0.00000 | trans 0.07300 | lle 0.03537 | metric 0.89902 | r 0.2378 | R² 0.0393 | eta 10:11
[035] train loss 0.84897 | recon 0.83713 | kl 1.14619 | smooth 0.00000 | trans 0.08668 | lle 0.09603 | metric 1.04488 | beta 0.000
      valid loss 2.25107 | recon 2.24139 | kl 1.04642 | smooth 0.00000 | trans 0.07301 | lle 0.02180 | metric 0.91005 | r 0.2476 | R² 0.0420 | eta 10:05
[036] train loss 0.83924 | recon 0.82781 | kl 1.16364 | smooth 0.00000 | trans 0.08730 | lle 0.11148 | metric 0.98766 | beta 0.000
      valid loss 2.23578 | recon 2.22667 | kl 0.98226 | smooth 0.00000 | trans 0.07300 | lle 0.02619 | metric 0.84796 | r 0.2185 | R² 0.0299 | eta 09:59
[037] train loss 0.83943 | recon 0.82785 | kl 1.12959 | smooth 0.00000 | trans 0.08711 | lle 0.10100 | metric 1.01315 | beta 0.000
      valid loss 2.25044 | recon 2.24112 | kl 1.11751 | smooth 0.00000 | trans 0.07299 | lle 0.05026 | metric 0.84535 | r 0.2241 | R² 0.0258 | eta 09:54
[038] train loss 0.84462 | recon 0.83310 | kl 1.19857 | smooth 0.00000 | trans 0.08780 | lle 0.10377 | metric 1.00449 | beta 0.000
      valid loss 2.24539 | recon 2.23615 | kl 1.19913 | smooth 0.00000 | trans 0.07299 | lle 0.03368 | metric 0.85455 | r 0.2200 | R² 0.0254 | eta 09:48
[039] train loss 0.83876 | recon 0.82645 | kl 1.21077 | smooth 0.00000 | trans 0.08625 | lle 0.11952 | metric 1.06866 | beta 0.000
      valid loss 2.23947 | recon 2.23041 | kl 0.96965 | smooth 0.00000 | trans 0.07300 | lle 0.03826 | metric 0.83206 | r 0.2338 | R² 0.0341 | eta 09:42
[040] train loss 0.83343 | recon 0.82218 | kl 1.14572 | smooth 0.00000 | trans 0.08632 | lle 0.10306 | metric 0.97791 | beta 0.000
      valid loss 2.25061 | recon 2.24093 | kl 1.22442 | smooth 0.00000 | trans 0.07300 | lle 0.04791 | metric 0.88387 | r 0.2350 | R² 0.0169 | eta 09:36
[041] train loss 0.84830 | recon 0.83665 | kl 1.22152 | smooth 0.00000 | trans 0.08791 | lle 0.10680 | metric 1.01464 | beta 0.000
      valid loss 2.25752 | recon 2.24781 | kl 1.06168 | smooth 0.00000 | trans 0.07301 | lle 0.03668 | metric 0.89844 | r 0.2162 | R² 0.0290 | eta 09:31
[042] train loss 0.82262 | recon 0.81139 | kl 1.12522 | smooth 0.00000 | trans 0.08684 | lle 0.10234 | metric 0.97742 | beta 0.000
      valid loss 2.26319 | recon 2.25324 | kl 1.06705 | smooth 0.00000 | trans 0.07300 | lle 0.03301 | metric 0.92536 | r 0.2060 | R² 0.0116 | eta 09:25
[043] train loss 0.82414 | recon 0.81205 | kl 1.19463 | smooth 0.00000 | trans 0.08712 | lle 0.11577 | metric 1.04994 | beta 0.000
      valid loss 2.25638 | recon 2.24746 | kl 1.17524 | smooth 0.00000 | trans 0.07300 | lle 0.04639 | metric 0.80990 | r 0.2095 | R² 0.0124 | eta 09:20
[044] train loss 0.81893 | recon 0.80710 | kl 1.24881 | smooth 0.00000 | trans 0.08657 | lle 0.11032 | metric 1.02946 | beta 0.000
      valid loss 2.25643 | recon 2.24712 | kl 1.11558 | smooth 0.00000 | trans 0.07300 | lle 0.03589 | metric 0.85860 | r 0.1898 | R² 0.0007 | eta 09:15
[045] train loss 0.81093 | recon 0.79884 | kl 1.24096 | smooth 0.00000 | trans 0.08799 | lle 0.12415 | metric 1.04112 | beta 0.000
      valid loss 2.26295 | recon 2.25326 | kl 1.13020 | smooth 0.00000 | trans 0.07301 | lle 0.03220 | metric 0.90046 | r 0.2019 | R² 0.0037 | eta 09:10
[046] train loss 0.80020 | recon 0.78875 | kl 1.20958 | smooth 0.00000 | trans 0.08601 | lle 0.10112 | metric 1.00046 | beta 0.000
      valid loss 2.27575 | recon 2.26624 | kl 1.34700 | smooth 0.00000 | trans 0.07300 | lle 0.02714 | metric 0.88731 | r 0.2123 | R² 0.0087 | eta 09:04
[047] train loss 0.80705 | recon 0.79468 | kl 1.34397 | smooth 0.00000 | trans 0.08836 | lle 0.14815 | metric 1.04438 | beta 0.000
      valid loss 2.25691 | recon 2.24726 | kl 1.32470 | smooth 0.00000 | trans 0.07300 | lle 0.03872 | metric 0.89026 | r 0.1854 | R² -0.0051 | eta 08:59
[048] train loss 0.79555 | recon 0.78412 | kl 1.30466 | smooth 0.00000 | trans 0.08604 | lle 0.12588 | metric 0.97363 | beta 0.000
      valid loss 2.27850 | recon 2.26834 | kl 1.37340 | smooth 0.00000 | trans 0.07300 | lle 0.06158 | metric 0.91784 | r 0.1883 | R² -0.0181 | eta 08:53
[049] train loss 0.79866 | recon 0.78675 | kl 1.34371 | smooth 0.00000 | trans 0.08728 | lle 0.12541 | metric 1.02178 | beta 0.000
      valid loss 2.29136 | recon 2.28158 | kl 1.33426 | smooth 0.00000 | trans 0.07301 | lle 0.04388 | metric 0.89740 | r 0.1788 | R² -0.0245 | eta 08:48
[050] train loss 0.79782 | recon 0.78508 | kl 1.39363 | smooth 0.00000 | trans 0.09192 | lle 0.13390 | metric 1.09374 | beta 0.000
      valid loss 2.27248 | recon 2.26241 | kl 1.26446 | smooth 0.00000 | trans 0.07300 | lle 0.03074 | metric 0.93924 | r 0.1940 | R² -0.0064 | eta 08:43
[051] train loss 0.79412 | recon 0.78193 | kl 1.34988 | smooth 0.00000 | trans 0.08688 | lle 0.13539 | metric 1.03982 | beta 0.000
      valid loss 2.28990 | recon 2.28065 | kl 1.36869 | smooth 0.00000 | trans 0.07301 | lle 0.04554 | metric 0.84304 | r 0.1953 | R² -0.0155 | eta 08:37
[052] train loss 0.79892 | recon 0.78697 | kl 1.34213 | smooth 0.00000 | trans 0.09596 | lle 0.13259 | metric 1.01446 | beta 0.000
      valid loss 2.28819 | recon 2.27867 | kl 1.30418 | smooth 0.00000 | trans 0.07302 | lle 0.04495 | metric 0.87070 | r 0.1899 | R² -0.0090 | eta 08:32
[053] train loss 0.79024 | recon 0.77819 | kl 1.36292 | smooth 0.00000 | trans 0.08717 | lle 0.12258 | metric 1.03972 | beta 0.000
      valid loss 2.30088 | recon 2.29171 | kl 1.45792 | smooth 0.00000 | trans 0.07300 | lle 0.04155 | metric 0.83924 | r 0.1661 | R² -0.0375 | eta 08:26
[054] train loss 0.79579 | recon 0.78365 | kl 1.37970 | smooth 0.00000 | trans 0.09627 | lle 0.13196 | metric 1.03410 | beta 0.000
      valid loss 2.28499 | recon 2.27548 | kl 1.36780 | smooth 0.00000 | trans 0.07300 | lle 0.03767 | metric 0.87697 | r 0.1693 | R² -0.0535 | eta 08:21
[055] train loss 0.77153 | recon 0.75946 | kl 1.46445 | smooth 0.00000 | trans 0.08618 | lle 0.15088 | metric 1.01280 | beta 0.000
      valid loss 2.29354 | recon 2.28407 | kl 1.50761 | smooth 0.00000 | trans 0.07300 | lle 0.05665 | metric 0.85311 | r 0.1592 | R² -0.0529 | eta 08:15
[056] train loss 0.76910 | recon 0.75744 | kl 1.45499 | smooth 0.00000 | trans 0.08618 | lle 0.14055 | metric 0.98246 | beta 0.000
      valid loss 2.32292 | recon 2.31324 | kl 1.50025 | smooth 0.00000 | trans 0.07302 | lle 0.06477 | metric 0.86674 | r 0.1621 | R² -0.0551 | eta 08:10
[057] train loss 0.79010 | recon 0.77736 | kl 1.52035 | smooth 0.00000 | trans 0.08992 | lle 0.16030 | metric 1.06960 | beta 0.000
      valid loss 2.30236 | recon 2.29283 | kl 1.53702 | smooth 0.00000 | trans 0.07301 | lle 0.06056 | metric 0.85556 | r 0.1638 | R² -0.0643 | eta 08:05
[058] train loss 0.75777 | recon 0.74609 | kl 1.48196 | smooth 0.00000 | trans 0.08704 | lle 0.14726 | metric 0.97727 | beta 0.000
      valid loss 2.30287 | recon 2.29345 | kl 1.57841 | smooth 0.00000 | trans 0.07301 | lle 0.06160 | metric 0.84428 | r 0.1745 | R² -0.0487 | eta 08:00
[059] train loss 0.75342 | recon 0.74116 | kl 1.54093 | smooth 0.00000 | trans 0.08595 | lle 0.15394 | metric 1.02915 | beta 0.000
      valid loss 2.29435 | recon 2.28471 | kl 1.61335 | smooth 0.00000 | trans 0.07299 | lle 0.07026 | metric 0.85729 | r 0.1546 | R² -0.0674 | eta 07:54
[060] train loss 0.75077 | recon 0.73872 | kl 1.56065 | smooth 0.00000 | trans 0.08677 | lle 0.15330 | metric 1.00793 | beta 0.000
      valid loss 2.30721 | recon 2.29753 | kl 1.68069 | smooth 0.00000 | trans 0.07300 | lle 0.05239 | metric 0.87817 | r 0.1611 | R² -0.0630 | eta 07:49
[061] train loss 0.74725 | recon 0.73481 | kl 1.58569 | smooth 0.00000 | trans 0.08661 | lle 0.15270 | metric 1.04840 | beta 0.000
      valid loss 2.28902 | recon 2.27974 | kl 1.67382 | smooth 0.00000 | trans 0.07299 | lle 0.04646 | metric 0.84494 | r 0.1520 | R² -0.0737 | eta 07:44
[062] train loss 0.75254 | recon 0.74019 | kl 1.61232 | smooth 0.00000 | trans 0.09580 | lle 0.14647 | metric 1.04080 | beta 0.000
      valid loss 2.29063 | recon 2.28030 | kl 1.65047 | smooth 0.00000 | trans 0.07299 | lle 0.08623 | metric 0.91018 | r 0.1640 | R² -0.0581 | eta 07:38
[063] train loss 0.73862 | recon 0.72704 | kl 1.60498 | smooth 0.00000 | trans 0.08587 | lle 0.17209 | metric 0.94302 | beta 0.000
      valid loss 2.30382 | recon 2.29390 | kl 1.73827 | smooth 0.00000 | trans 0.07301 | lle 0.06412 | metric 0.89138 | r 0.1521 | R² -0.0808 | eta 07:33
[064] train loss 0.73302 | recon 0.72083 | kl 1.63271 | smooth 0.00000 | trans 0.08680 | lle 0.17204 | metric 1.00338 | beta 0.000
      valid loss 2.31203 | recon 2.30160 | kl 1.81196 | smooth 0.00000 | trans 0.07300 | lle 0.08767 | metric 0.91816 | r 0.1588 | R² -0.0878 | eta 07:27
[065] train loss 0.75805 | recon 0.74564 | kl 1.70375 | smooth 0.00000 | trans 0.08806 | lle 0.15885 | metric 1.03837 | beta 0.000
      valid loss 2.30373 | recon 2.29326 | kl 1.82646 | smooth 0.00000 | trans 0.07302 | lle 0.07081 | metric 0.93962 | r 0.1880 | R² -0.0502 | eta 07:22
[066] train loss 0.75279 | recon 0.73985 | kl 1.70621 | smooth 0.00000 | trans 0.08882 | lle 0.15469 | metric 1.09488 | beta 0.000
      valid loss 2.28531 | recon 2.27516 | kl 1.73136 | smooth 0.00000 | trans 0.07298 | lle 0.06452 | metric 0.91338 | r 0.1657 | R² -0.0699 | eta 07:17
[067] train loss 0.74110 | recon 0.72880 | kl 1.60521 | smooth 0.00000 | trans 0.08719 | lle 0.15973 | metric 1.02736 | beta 0.000
      valid loss 2.29743 | recon 2.28705 | kl 1.91651 | smooth 0.00000 | trans 0.07301 | lle 0.08628 | metric 0.91464 | r 0.1793 | R² -0.0580 | eta 07:12
[068] train loss 0.75395 | recon 0.74043 | kl 1.71585 | smooth 0.00000 | trans 0.09034 | lle 0.17222 | metric 1.13423 | beta 0.000
      valid loss 2.30414 | recon 2.29364 | kl 1.65107 | smooth 0.00000 | trans 0.07302 | lle 0.07970 | metric 0.93335 | r 0.1641 | R² -0.0498 | eta 07:07
[069] train loss 0.73633 | recon 0.72420 | kl 1.62643 | smooth 0.00000 | trans 0.08949 | lle 0.16980 | metric 0.99900 | beta 0.000
      valid loss 2.32167 | recon 2.31055 | kl 1.82238 | smooth 0.00000 | trans 0.07300 | lle 0.04270 | metric 1.03288 | r 0.1626 | R² -0.0769 | eta 07:01
[070] train loss 0.73819 | recon 0.72574 | kl 1.79253 | smooth 0.00000 | trans 0.09175 | lle 0.14574 | metric 1.05300 | beta 0.000
      valid loss 2.30912 | recon 2.29860 | kl 1.74559 | smooth 0.00000 | trans 0.07300 | lle 0.07075 | metric 0.94433 | r 0.1729 | R² -0.0562 | eta 06:57
[071] train loss 0.74992 | recon 0.73703 | kl 1.72514 | smooth 0.00000 | trans 0.09756 | lle 0.17628 | metric 1.06415 | beta 0.000
      valid loss 2.29709 | recon 2.28591 | kl 1.71130 | smooth 0.00000 | trans 0.07300 | lle 0.09223 | metric 0.98905 | r 0.1812 | R² -0.0523 | eta 06:51
[072] train loss 0.72743 | recon 0.71466 | kl 1.73036 | smooth 0.00000 | trans 0.08891 | lle 0.17871 | metric 1.05451 | beta 0.000
      valid loss 2.30794 | recon 2.29768 | kl 1.73897 | smooth 0.00000 | trans 0.07300 | lle 0.08300 | metric 0.90690 | r 0.1594 | R² -0.0669 | eta 06:46
[073] train loss 0.71841 | recon 0.70570 | kl 1.80165 | smooth 0.00000 | trans 0.08680 | lle 0.16111 | metric 1.06635 | beta 0.000
      valid loss 2.30803 | recon 2.29747 | kl 1.80052 | smooth 0.00000 | trans 0.07300 | lle 0.06708 | metric 0.95235 | r 0.1734 | R² -0.0626 | eta 06:41
[074] train loss 0.72641 | recon 0.71420 | kl 1.74786 | smooth 0.00000 | trans 0.08901 | lle 0.16871 | metric 1.00743 | beta 0.000
      valid loss 2.31644 | recon 2.30586 | kl 1.73387 | smooth 0.00000 | trans 0.07300 | lle 0.07425 | metric 0.94662 | r 0.1516 | R² -0.0752 | eta 06:36
[075] train loss 0.73372 | recon 0.72157 | kl 1.84507 | smooth 0.00000 | trans 0.08867 | lle 0.17171 | metric 0.99907 | beta 0.000
      valid loss 2.31954 | recon 2.30869 | kl 1.90756 | smooth 0.00000 | trans 0.07300 | lle 0.06934 | metric 0.97930 | r 0.1314 | R² -0.1130 | eta 06:31
[076] train loss 0.73644 | recon 0.72351 | kl 1.85480 | smooth 0.00000 | trans 0.09088 | lle 0.18158 | metric 1.06653 | beta 0.000
      valid loss 2.32096 | recon 2.31026 | kl 1.83230 | smooth 0.00000 | trans 0.07304 | lle 0.10971 | metric 0.92368 | r 0.1568 | R² -0.0884 | eta 06:25
[077] train loss 0.72264 | recon 0.71048 | kl 1.78220 | smooth 0.00000 | trans 0.08801 | lle 0.18135 | metric 0.99036 | beta 0.000
      valid loss 2.32072 | recon 2.31043 | kl 1.87698 | smooth 0.00000 | trans 0.07301 | lle 0.07322 | metric 0.91976 | r 0.1526 | R² -0.0869 | eta 06:20
[078] train loss 0.70326 | recon 0.69089 | kl 1.84903 | smooth 0.00000 | trans 0.08708 | lle 0.18328 | metric 1.00993 | beta 0.000
      valid loss 2.30618 | recon 2.29553 | kl 1.80756 | smooth 0.00000 | trans 0.07301 | lle 0.08796 | metric 0.94081 | r 0.1489 | R² -0.0867 | eta 06:15
[079] train loss 0.69985 | recon 0.68778 | kl 1.90707 | smooth 0.00000 | trans 0.08580 | lle 0.17614 | metric 0.98784 | beta 0.000
      valid loss 2.32066 | recon 2.30972 | kl 2.00832 | smooth 0.00000 | trans 0.07300 | lle 0.09291 | metric 0.96467 | r 0.1572 | R² -0.0956 | eta 06:09
[080] train loss 0.70565 | recon 0.69376 | kl 1.82832 | smooth 0.00000 | trans 0.08810 | lle 0.17420 | metric 0.97078 | beta 0.000
      valid loss 2.32990 | recon 2.31859 | kl 2.09427 | smooth 0.00000 | trans 0.07302 | lle 0.12389 | metric 0.97067 | r 0.1643 | R² -0.1117 | eta 06:04
[081] train loss 0.70531 | recon 0.69277 | kl 1.95393 | smooth 0.00000 | trans 0.08873 | lle 0.20008 | metric 1.00940 | beta 0.000
      valid loss 2.32883 | recon 2.31833 | kl 2.01016 | smooth 0.00000 | trans 0.07303 | lle 0.07768 | metric 0.93496 | r 0.1586 | R² -0.0966 | eta 05:59
[082] train loss 0.69622 | recon 0.68387 | kl 1.96327 | smooth 0.00000 | trans 0.09034 | lle 0.19518 | metric 0.99462 | beta 0.000
      valid loss 2.36768 | recon 2.35745 | kl 2.14705 | smooth 0.00000 | trans 0.07302 | lle 0.08608 | metric 0.90041 | r 0.1290 | R² -0.1503 | eta 05:54
[083] train loss 0.70858 | recon 0.69518 | kl 2.01626 | smooth 0.00000 | trans 0.08860 | lle 0.21748 | metric 1.07821 | beta 0.000
      valid loss 2.31787 | recon 2.30765 | kl 2.22894 | smooth 0.00000 | trans 0.07301 | lle 0.08351 | metric 0.90182 | r 0.1683 | R² -0.1001 | eta 05:48
[084] train loss 0.68484 | recon 0.67228 | kl 1.97988 | smooth 0.00000 | trans 0.08658 | lle 0.20678 | metric 1.00637 | beta 0.000
      valid loss 2.34881 | recon 2.33824 | kl 2.25605 | smooth 0.00000 | trans 0.07302 | lle 0.11505 | metric 0.90526 | r 0.1453 | R² -0.1182 | eta 05:43
[085] train loss 0.67985 | recon 0.66645 | kl 2.06066 | smooth 0.00000 | trans 0.09005 | lle 0.20722 | metric 1.08754 | beta 0.000
      valid loss 2.34064 | recon 2.33034 | kl 2.22006 | smooth 0.00000 | trans 0.07300 | lle 0.08499 | metric 0.90860 | r 0.1555 | R² -0.1198 | eta 05:38
[086] train loss 0.67618 | recon 0.66363 | kl 2.01610 | smooth 0.00000 | trans 0.08713 | lle 0.20745 | metric 1.00461 | beta 0.000
      valid loss 2.34321 | recon 2.33267 | kl 2.30220 | smooth 0.00000 | trans 0.07304 | lle 0.06408 | metric 0.95321 | r 0.1543 | R² -0.1084 | eta 05:32
[087] train loss 0.68718 | recon 0.67453 | kl 2.07683 | smooth 0.00000 | trans 0.08664 | lle 0.22802 | metric 0.99383 | beta 0.000
      valid loss 2.34956 | recon 2.33919 | kl 2.25112 | smooth 0.00000 | trans 0.07304 | lle 0.09020 | metric 0.91050 | r 0.1582 | R² -0.1124 | eta 05:27
[088] train loss 0.67523 | recon 0.66273 | kl 2.08366 | smooth 0.00000 | trans 0.08637 | lle 0.20963 | metric 0.99714 | beta 0.000
      valid loss 2.31355 | recon 2.30384 | kl 2.22435 | smooth 0.00000 | trans 0.07301 | lle 0.07811 | metric 0.85668 | r 0.1768 | R² -0.0867 | eta 05:22
[089] train loss 0.67718 | recon 0.66462 | kl 2.12258 | smooth 0.00000 | trans 0.08655 | lle 0.19923 | metric 1.01395 | beta 0.000
      valid loss 2.34660 | recon 2.33663 | kl 2.35053 | smooth 0.00000 | trans 0.07303 | lle 0.06186 | metric 0.89895 | r 0.1525 | R² -0.1107 | eta 05:17
[090] train loss 0.67017 | recon 0.65818 | kl 2.08459 | smooth 0.00000 | trans 0.08742 | lle 0.18332 | metric 0.97222 | beta 0.000
      valid loss 2.33298 | recon 2.32267 | kl 2.35046 | smooth 0.00000 | trans 0.07299 | lle 0.11555 | metric 0.87917 | r 0.1433 | R² -0.1481 | eta 05:12
[091] train loss 0.68242 | recon 0.66893 | kl 2.07691 | smooth 0.00000 | trans 0.08974 | lle 0.25294 | metric 1.05116 | beta 0.000
      valid loss 2.35637 | recon 2.34585 | kl 2.29601 | smooth 0.00000 | trans 0.07305 | lle 0.09491 | metric 0.92033 | r 0.1650 | R² -0.1058 | eta 05:06
[092] train loss 0.68881 | recon 0.67539 | kl 2.15996 | smooth 0.00000 | trans 0.08949 | lle 0.21739 | metric 1.08005 | beta 0.000
      valid loss 2.32759 | recon 2.31706 | kl 2.13687 | smooth 0.00000 | trans 0.07302 | lle 0.09433 | metric 0.92162 | r 0.1733 | R² -0.0961 | eta 05:01
[093] train loss 0.66035 | recon 0.64765 | kl 2.15791 | smooth 0.00000 | trans 0.08597 | lle 0.21923 | metric 1.00829 | beta 0.000
      valid loss 2.32548 | recon 2.31534 | kl 2.10590 | smooth 0.00000 | trans 0.07301 | lle 0.07790 | metric 0.89957 | r 0.1674 | R² -0.0807 | eta 04:56
[094] train loss 0.66565 | recon 0.65230 | kl 2.14717 | smooth 0.00000 | trans 0.08735 | lle 0.23924 | metric 1.05223 | beta 0.000
      valid loss 2.33624 | recon 2.32531 | kl 2.28684 | smooth 0.00000 | trans 0.07302 | lle 0.05863 | metric 0.99773 | r 0.1646 | R² -0.0868 | eta 04:50
[095] train loss 0.66001 | recon 0.64702 | kl 2.21637 | smooth 0.00000 | trans 0.08575 | lle 0.21521 | metric 1.04082 | beta 0.000
      valid loss 2.33462 | recon 2.32366 | kl 2.23645 | smooth 0.00000 | trans 0.07304 | lle 0.07096 | metric 0.98852 | r 0.1684 | R² -0.0836 | eta 04:45
[096] train loss 0.65825 | recon 0.64498 | kl 2.21490 | smooth 0.00000 | trans 0.08687 | lle 0.22664 | metric 1.05668 | beta 0.000
      valid loss 2.37315 | recon 2.36278 | kl 2.28535 | smooth 0.00000 | trans 0.07305 | lle 0.09012 | metric 0.90949 | r 0.1430 | R² -0.1148 | eta 04:40
[097] train loss 0.65123 | recon 0.63818 | kl 2.22629 | smooth 0.00000 | trans 0.09020 | lle 0.23433 | metric 1.02570 | beta 0.000
      valid loss 2.34654 | recon 2.33654 | kl 2.48018 | smooth 0.00000 | trans 0.07302 | lle 0.07004 | metric 0.89350 | r 0.1605 | R² -0.1382 | eta 04:35
[098] train loss 0.64726 | recon 0.63327 | kl 2.34594 | smooth 0.00000 | trans 0.08677 | lle 0.24088 | metric 1.11473 | beta 0.000
      valid loss 2.34351 | recon 2.33229 | kl 2.34526 | smooth 0.00000 | trans 0.07304 | lle 0.10963 | metric 0.97496 | r 0.1504 | R² -0.1055 | eta 04:29
[099] train loss 0.64609 | recon 0.63278 | kl 2.36298 | smooth 0.00000 | trans 0.08744 | lle 0.21295 | metric 1.07427 | beta 0.000
      valid loss 2.33347 | recon 2.32261 | kl 2.37136 | smooth 0.00000 | trans 0.07304 | lle 0.12371 | metric 0.92646 | r 0.1585 | R² -0.1032 | eta 04:24
[100] train loss 0.64205 | recon 0.62839 | kl 2.33800 | smooth 0.00000 | trans 0.08668 | lle 0.26290 | metric 1.06035 | beta 0.000
      valid loss 2.35505 | recon 2.34455 | kl 2.44973 | smooth 0.00000 | trans 0.07303 | lle 0.08554 | metric 0.92826 | r 0.1498 | R² -0.1209 | eta 04:19
[101] train loss 0.64808 | recon 0.63461 | kl 2.32953 | smooth 0.00000 | trans 0.09818 | lle 0.24890 | metric 1.04902 | beta 0.000
      valid loss 2.34330 | recon 2.33231 | kl 2.39236 | smooth 0.00000 | trans 0.07306 | lle 0.09938 | metric 0.96293 | r 0.1530 | R² -0.1191 | eta 04:14
[102] train loss 0.64499 | recon 0.63138 | kl 2.43402 | smooth 0.00000 | trans 0.08677 | lle 0.27588 | metric 1.04180 | beta 0.000
      valid loss 2.34261 | recon 2.33293 | kl 2.55964 | smooth 0.00000 | trans 0.07302 | lle 0.07566 | metric 0.85578 | r 0.1500 | R² -0.1355 | eta 04:09
[103] train loss 0.63859 | recon 0.62522 | kl 2.42223 | smooth 0.00000 | trans 0.08595 | lle 0.25183 | metric 1.04237 | beta 0.000
      valid loss 2.38131 | recon 2.37086 | kl 2.38975 | smooth 0.00000 | trans 0.07311 | lle 0.05959 | metric 0.94917 | r 0.1462 | R² -0.1197 | eta 04:03
[104] train loss 0.63899 | recon 0.62613 | kl 2.42125 | smooth 0.00000 | trans 0.08693 | lle 0.23556 | metric 1.00668 | beta 0.000
      valid loss 2.34222 | recon 2.33084 | kl 2.47139 | smooth 0.00000 | trans 0.07303 | lle 0.09097 | metric 1.01085 | r 0.1560 | R² -0.1228 | eta 03:58
[105] train loss 0.64530 | recon 0.63235 | kl 2.41752 | smooth 0.00000 | trans 0.09587 | lle 0.24414 | metric 1.00245 | beta 0.000
      valid loss 2.35249 | recon 2.34198 | kl 2.38467 | smooth 0.00000 | trans 0.07310 | lle 0.08541 | metric 0.92859 | r 0.1468 | R² -0.1274 | eta 03:53
[106] train loss 0.64510 | recon 0.63123 | kl 2.41279 | smooth 0.00000 | trans 0.08830 | lle 0.24533 | metric 1.09798 | beta 0.000
      valid loss 2.35975 | recon 2.34900 | kl 2.59745 | smooth 0.00000 | trans 0.07302 | lle 0.08045 | metric 0.95781 | r 0.1592 | R² -0.1211 | eta 03:48
[107] train loss 0.62516 | recon 0.61053 | kl 2.54695 | smooth 0.00000 | trans 0.08559 | lle 0.26089 | metric 1.15933 | beta 0.000
      valid loss 2.34866 | recon 2.33852 | kl 2.44041 | smooth 0.00000 | trans 0.07304 | lle 0.08413 | metric 0.89325 | r 0.1516 | R² -0.1214 | eta 03:42
[108] train loss 0.62800 | recon 0.61451 | kl 2.44497 | smooth 0.00000 | trans 0.08912 | lle 0.27808 | metric 1.02570 | beta 0.000
      valid loss 2.35720 | recon 2.34640 | kl 2.49362 | smooth 0.00000 | trans 0.07305 | lle 0.13078 | metric 0.91304 | r 0.1495 | R² -0.1292 | eta 03:37
[109] train loss 0.62603 | recon 0.61351 | kl 2.56573 | smooth 0.00000 | trans 0.08754 | lle 0.25892 | metric 0.94920 | beta 0.000
      valid loss 2.35939 | recon 2.34905 | kl 2.49450 | smooth 0.00000 | trans 0.07310 | lle 0.09490 | metric 0.90313 | r 0.1607 | R² -0.1218 | eta 03:32
[110] train loss 0.62263 | recon 0.60943 | kl 2.52235 | smooth 0.00000 | trans 0.08606 | lle 0.25593 | metric 1.02166 | beta 0.000
      valid loss 2.34973 | recon 2.33959 | kl 2.58750 | smooth 0.00000 | trans 0.07301 | lle 0.09009 | metric 0.88779 | r 0.1497 | R² -0.1430 | eta 03:27
[111] train loss 0.63233 | recon 0.61924 | kl 2.46388 | smooth 0.00000 | trans 0.09581 | lle 0.25272 | metric 1.00775 | beta 0.000
      valid loss 2.36199 | recon 2.35001 | kl 2.61019 | smooth 0.00000 | trans 0.07305 | lle 0.13616 | metric 1.02544 | r 0.1514 | R² -0.1291 | eta 03:22
[112] train loss 0.61383 | recon 0.60056 | kl 2.55671 | smooth 0.00000 | trans 0.08545 | lle 0.29055 | metric 0.99369 | beta 0.000
      valid loss 2.36040 | recon 2.34963 | kl 2.60723 | smooth 0.00000 | trans 0.07307 | lle 0.08324 | metric 0.95750 | r 0.1367 | R² -0.1437 | eta 03:16
[113] train loss 0.61619 | recon 0.60238 | kl 2.56800 | smooth 0.00000 | trans 0.08591 | lle 0.28986 | metric 1.04782 | beta 0.000
      valid loss 2.37874 | recon 2.36736 | kl 2.69251 | smooth 0.00000 | trans 0.07308 | lle 0.10220 | metric 0.99994 | r 0.1478 | R² -0.1346 | eta 03:11
[114] train loss 0.61572 | recon 0.60197 | kl 2.60234 | smooth 0.00000 | trans 0.08994 | lle 0.26521 | metric 1.06472 | beta 0.000
      valid loss 2.38531 | recon 2.37460 | kl 2.85002 | smooth 0.00000 | trans 0.07306 | lle 0.13270 | metric 0.90252 | r 0.1250 | R² -0.1736 | eta 03:06
[115] train loss 0.61361 | recon 0.59936 | kl 2.60850 | smooth 0.00000 | trans 0.08601 | lle 0.28105 | metric 1.10062 | beta 0.000
      valid loss 2.36988 | recon 2.35956 | kl 2.59902 | smooth 0.00000 | trans 0.07307 | lle 0.06847 | metric 0.92785 | r 0.1292 | R² -0.1486 | eta 03:01
[116] train loss 0.62679 | recon 0.61367 | kl 2.58156 | smooth 0.00000 | trans 0.08731 | lle 0.28302 | metric 0.98567 | beta 0.000
      valid loss 2.38891 | recon 2.37844 | kl 2.68746 | smooth 0.00000 | trans 0.07310 | lle 0.12269 | metric 0.88800 | r 0.1437 | R² -0.1560 | eta 02:56
[117] train loss 0.63684 | recon 0.62330 | kl 2.55100 | smooth 0.00000 | trans 0.08554 | lle 0.25833 | metric 1.05305 | beta 0.000
      valid loss 2.33361 | recon 2.32231 | kl 2.31291 | smooth 0.00000 | trans 0.07303 | lle 0.13324 | metric 0.95982 | r 0.1648 | R² -0.1160 | eta 02:50
[118] train loss 0.64268 | recon 0.62950 | kl 2.49774 | smooth 0.00000 | trans 0.08677 | lle 0.26168 | metric 1.01272 | beta 0.000
      valid loss 2.37287 | recon 2.36277 | kl 2.85986 | smooth 0.00000 | trans 0.07302 | lle 0.08530 | metric 0.88891 | r 0.1503 | R² -0.1402 | eta 02:45
[119] train loss 0.64621 | recon 0.63331 | kl 2.46962 | smooth 0.00000 | trans 0.08861 | lle 0.24654 | metric 0.99963 | beta 0.000
      valid loss 2.37659 | recon 2.36638 | kl 2.84131 | smooth 0.00000 | trans 0.07302 | lle 0.09530 | metric 0.88856 | r 0.1405 | R² -0.1280 | eta 02:40
[120] train loss 0.69577 | recon 0.68130 | kl 2.50061 | smooth 0.00000 | trans 0.09079 | lle 0.26989 | metric 1.13184 | beta 0.000
      valid loss 2.39862 | recon 2.38836 | kl 2.91675 | smooth 0.00000 | trans 0.07303 | lle 0.09559 | metric 0.89366 | r 0.1244 | R² -0.1853 | eta 02:35
[121] train loss 0.65405 | recon 0.64137 | kl 2.35766 | smooth 0.00000 | trans 0.08575 | lle 0.22036 | metric 1.00498 | beta 0.000
      valid loss 2.34041 | recon 2.32980 | kl 2.20597 | smooth 0.00000 | trans 0.07305 | lle 0.11553 | metric 0.90945 | r 0.1514 | R² -0.1040 | eta 02:30
[122] train loss 0.66698 | recon 0.65340 | kl 2.43484 | smooth 0.00000 | trans 0.09192 | lle 0.22921 | metric 1.08306 | beta 0.000
      valid loss 2.31986 | recon 2.30975 | kl 2.28551 | smooth 0.00000 | trans 0.07304 | lle 0.08742 | metric 0.88746 | r 0.1592 | R² -0.1001 | eta 02:24
[123] train loss 0.64516 | recon 0.63195 | kl 2.22542 | smooth 0.00000 | trans 0.08542 | lle 0.24667 | metric 1.03179 | beta 0.000
      valid loss 2.37911 | recon 2.36826 | kl 2.59243 | smooth 0.00000 | trans 0.07311 | lle 0.08578 | metric 0.96288 | r 0.1774 | R² -0.1207 | eta 02:19
[124] train loss 0.65157 | recon 0.63822 | kl 2.44321 | smooth 0.00000 | trans 0.08620 | lle 0.24238 | metric 1.04986 | beta 0.000
      valid loss 2.34824 | recon 2.33754 | kl 2.28507 | smooth 0.00000 | trans 0.07309 | lle 0.11515 | metric 0.91884 | r 0.1411 | R² -0.1077 | eta 02:14
[125] train loss 0.63563 | recon 0.62220 | kl 2.44031 | smooth 0.00000 | trans 0.08675 | lle 0.25255 | metric 1.04710 | beta 0.000
      valid loss 2.31681 | recon 2.30610 | kl 2.44805 | smooth 0.00000 | trans 0.07306 | lle 0.13695 | metric 0.89800 | r 0.1764 | R² -0.1212 | eta 02:09
[126] train loss 0.62460 | recon 0.61083 | kl 2.58604 | smooth 0.00000 | trans 0.08587 | lle 0.29572 | metric 1.03844 | beta 0.000
      valid loss 2.33292 | recon 2.32295 | kl 2.41470 | smooth 0.00000 | trans 0.07307 | lle 0.07420 | metric 0.88612 | r 0.1737 | R² -0.0947 | eta 02:04
[127] train loss 0.60732 | recon 0.59333 | kl 2.64749 | smooth 0.00000 | trans 0.08545 | lle 0.29574 | metric 1.06008 | beta 0.000
      valid loss 2.35386 | recon 2.34476 | kl 2.52015 | smooth 0.00000 | trans 0.07307 | lle 0.07560 | metric 0.79721 | r 0.1604 | R² -0.1072 | eta 01:59
[128] train loss 0.60540 | recon 0.59246 | kl 2.59361 | smooth 0.00000 | trans 0.08526 | lle 0.30056 | metric 0.95099 | beta 0.000
      valid loss 2.35187 | recon 2.34184 | kl 2.52445 | smooth 0.00000 | trans 0.07306 | lle 0.09144 | metric 0.87477 | r 0.1659 | R² -0.1292 | eta 01:53
[129] train loss 0.61931 | recon 0.60598 | kl 2.62945 | smooth 0.00000 | trans 0.08833 | lle 0.25348 | metric 1.03535 | beta 0.000
      valid loss 2.35137 | recon 2.34100 | kl 2.68557 | smooth 0.00000 | trans 0.07305 | lle 0.12473 | metric 0.87606 | r 0.1786 | R² -0.1190 | eta 01:48
[130] train loss 0.61934 | recon 0.60599 | kl 2.54854 | smooth 0.00000 | trans 0.08653 | lle 0.29222 | metric 0.99976 | beta 0.000
      valid loss 2.37191 | recon 2.36164 | kl 2.69278 | smooth 0.00000 | trans 0.07308 | lle 0.10918 | metric 0.88093 | r 0.1644 | R² -0.1443 | eta 01:43
[131] train loss 0.60230 | recon 0.58931 | kl 2.62701 | smooth 0.00000 | trans 0.08692 | lle 0.28191 | metric 0.97296 | beta 0.000
      valid loss 2.36669 | recon 2.35695 | kl 2.63584 | smooth 0.00000 | trans 0.07310 | lle 0.08865 | metric 0.84880 | r 0.1503 | R² -0.1493 | eta 01:38
[132] train loss 0.59923 | recon 0.58568 | kl 2.66692 | smooth 0.00000 | trans 0.08557 | lle 0.29739 | metric 1.01427 | beta 0.000
      valid loss 2.36852 | recon 2.35791 | kl 2.60271 | smooth 0.00000 | trans 0.07308 | lle 0.12633 | metric 0.89811 | r 0.1580 | R² -0.1542 | eta 01:33
[133] train loss 0.59432 | recon 0.58067 | kl 2.67527 | smooth 0.00000 | trans 0.08593 | lle 0.31103 | metric 1.01036 | beta 0.000
      valid loss 2.35745 | recon 2.34709 | kl 2.72453 | smooth 0.00000 | trans 0.07304 | lle 0.11192 | metric 0.88706 | r 0.1596 | R² -0.1633 | eta 01:27
[134] train loss 0.58868 | recon 0.57552 | kl 2.64862 | smooth 0.00000 | trans 0.08631 | lle 0.26199 | metric 1.01030 | beta 0.000
      valid loss 2.36286 | recon 2.35241 | kl 2.71904 | smooth 0.00000 | trans 0.07310 | lle 0.12844 | metric 0.88009 | r 0.1535 | R² -0.1638 | eta 01:22
[135] train loss 0.60095 | recon 0.58707 | kl 2.72160 | smooth 0.00000 | trans 0.09527 | lle 0.31509 | metric 1.02508 | beta 0.000
      valid loss 2.36535 | recon 2.35501 | kl 2.76180 | smooth 0.00000 | trans 0.07307 | lle 0.09689 | metric 0.90042 | r 0.1321 | R² -0.1924 | eta 01:17
[136] train loss 0.59861 | recon 0.58460 | kl 2.80605 | smooth 0.00000 | trans 0.08702 | lle 0.28786 | metric 1.06996 | beta 0.000
      valid loss 2.32885 | recon 2.31830 | kl 2.56417 | smooth 0.00000 | trans 0.07303 | lle 0.12614 | metric 0.89253 | r 0.1660 | R² -0.1415 | eta 01:12
[137] train loss 0.59259 | recon 0.57857 | kl 2.77908 | smooth 0.00000 | trans 0.09144 | lle 0.28257 | metric 1.07311 | beta 0.000
      valid loss 2.34105 | recon 2.33042 | kl 2.37911 | smooth 0.00000 | trans 0.07308 | lle 0.10464 | metric 0.92187 | r 0.1594 | R² -0.1349 | eta 01:07
[138] train loss 0.57956 | recon 0.56653 | kl 2.75129 | smooth 0.00000 | trans 0.08528 | lle 0.27457 | metric 0.98641 | beta 0.000
      valid loss 2.34638 | recon 2.33565 | kl 2.50233 | smooth 0.00000 | trans 0.07306 | lle 0.11028 | metric 0.92612 | r 0.1428 | R² -0.1805 | eta 01:02
[139] train loss 0.58512 | recon 0.57148 | kl 2.70511 | smooth 0.00000 | trans 0.08981 | lle 0.29465 | metric 1.02413 | beta 0.000
      valid loss 2.34264 | recon 2.33278 | kl 2.42628 | smooth 0.00000 | trans 0.07309 | lle 0.09140 | metric 0.85763 | r 0.1566 | R² -0.1334 | eta 00:56
[140] train loss 0.57586 | recon 0.56248 | kl 2.81439 | smooth 0.00000 | trans 0.08531 | lle 0.30528 | metric 0.98989 | beta 0.000
      valid loss 2.34066 | recon 2.33025 | kl 2.67486 | smooth 0.00000 | trans 0.07306 | lle 0.11765 | metric 0.88652 | r 0.1445 | R² -0.1710 | eta 00:51
[141] train loss 0.58477 | recon 0.57091 | kl 2.85757 | smooth 0.00000 | trans 0.08705 | lle 0.32090 | metric 1.02106 | beta 0.000
      valid loss 2.34683 | recon 2.33715 | kl 2.57567 | smooth 0.00000 | trans 0.07307 | lle 0.09759 | metric 0.83422 | r 0.1482 | R² -0.1556 | eta 00:46
[142] train loss 0.58282 | recon 0.56903 | kl 2.85266 | smooth 0.00000 | trans 0.08755 | lle 0.31776 | metric 1.01741 | beta 0.000
      valid loss 2.37427 | recon 2.36435 | kl 2.74999 | smooth 0.00000 | trans 0.07312 | lle 0.09154 | metric 0.86404 | r 0.1599 | R² -0.1529 | eta 00:41
[143] train loss 0.59068 | recon 0.57699 | kl 2.89324 | smooth 0.00000 | trans 0.08655 | lle 0.30676 | metric 1.01923 | beta 0.000
      valid loss 2.35343 | recon 2.34268 | kl 2.55143 | smooth 0.00000 | trans 0.07309 | lle 0.11495 | metric 0.92344 | r 0.1675 | R² -0.1380 | eta 00:36
[144] train loss 0.57917 | recon 0.56517 | kl 2.82305 | smooth 0.00000 | trans 0.08626 | lle 0.29609 | metric 1.06056 | beta 0.000
      valid loss 2.36059 | recon 2.34940 | kl 2.62261 | smooth 0.00000 | trans 0.07308 | lle 0.14087 | metric 0.94125 | r 0.1550 | R² -0.1554 | eta 00:30
[145] train loss 0.57432 | recon 0.56032 | kl 2.90277 | smooth 0.00000 | trans 0.08546 | lle 0.31096 | metric 1.04724 | beta 0.000
      valid loss 2.36117 | recon 2.35061 | kl 2.67293 | smooth 0.00000 | trans 0.07309 | lle 0.10665 | metric 0.91357 | r 0.1584 | R² -0.1563 | eta 00:25
[146] train loss 0.58448 | recon 0.57096 | kl 2.93942 | smooth 0.00000 | trans 0.09317 | lle 0.30681 | metric 0.99885 | beta 0.000
      valid loss 2.38895 | recon 2.37880 | kl 2.73302 | smooth 0.00000 | trans 0.07313 | lle 0.12803 | metric 0.84975 | r 0.1665 | R² -0.1779 | eta 00:20
[147] train loss 0.57590 | recon 0.56154 | kl 2.94600 | smooth 0.00000 | trans 0.08742 | lle 0.33949 | metric 1.05257 | beta 0.000
      valid loss 2.37159 | recon 2.36074 | kl 2.69443 | smooth 0.00000 | trans 0.07316 | lle 0.15637 | metric 0.89255 | r 0.1757 | R² -0.1306 | eta 00:15
[148] train loss 0.57319 | recon 0.55884 | kl 2.94474 | smooth 0.00000 | trans 0.09049 | lle 0.32986 | metric 1.06024 | beta 0.000
      valid loss 2.37490 | recon 2.36435 | kl 2.64620 | smooth 0.00000 | trans 0.07317 | lle 0.08774 | metric 0.93145 | r 0.1745 | R² -0.1232 | eta 00:10
[149] train loss 0.56403 | recon 0.54942 | kl 2.94295 | smooth 0.00000 | trans 0.08936 | lle 0.36331 | metric 1.05254 | beta 0.000
      valid loss 2.36032 | recon 2.34978 | kl 2.59935 | smooth 0.00000 | trans 0.07313 | lle 0.13339 | metric 0.88393 | r 0.1664 | R² -0.1519 | eta 00:05
[150] train loss 0.56278 | recon 0.54911 | kl 2.90411 | smooth 0.00000 | trans 0.08577 | lle 0.29451 | metric 1.02980 | beta 0.000
      valid loss 2.38158 | recon 2.37118 | kl 2.67726 | smooth 0.00000 | trans 0.07320 | lle 0.08712 | metric 0.91617 | r 0.1696 | R² -0.1355 | eta 00:00
/home/4429/envs/odevae/lib/python3.11/site-packages/sklearn/manifold/_mds.py:754: FutureWarning: The default value of `init` will change from 'random' to 'classical_mds' in 1.10. To suppress this warning, provide some value of `init`.
  warnings.warn(
/home/4429/envs/odevae/lib/python3.11/site-packages/sklearn/manifold/_mds.py:771: FutureWarning: The `dissimilarity` parameter is deprecated and will be removed in 1.10. Use `metric` instead.
  warnings.warn(
      wrote /home/4429/projects/Neural_VAE_ODE/runs/2026-05-27_181510_b8d648b/latent_manifold_mds.png
done.
experts.0.0.bias 0.07797951251268387
experts.0.2.bias -0.01982733979821205
experts.0.4.bias 0.0019799089059233665
experts.1.0.bias 0.04052485525608063
experts.1.2.bias -0.03064911440014839
experts.1.4.bias 0.0024768828880041838
experts.2.0.bias 0.046843521296978
experts.2.2.bias -0.02975410968065262
experts.2.4.bias 0.0021275640465319157
experts.3.0.bias 0.03311070799827576
experts.3.2.bias -0.030030641704797745
experts.3.4.bias 0.001615784247405827
experts.4.0.bias 0.05121229216456413
experts.4.2.bias -0.029537750408053398
experts.4.4.bias 0.0004396420845296234
experts.5.0.bias 0.03674027696251869
experts.5.2.bias -0.021866939961910248
experts.5.4.bias 0.0023187363985925913
experts.6.0.bias 0.02387678250670433
experts.6.2.bias -0.01935613341629505
experts.6.4.bias 0.002108700107783079
experts.7.0.bias 0.049482762813568115
experts.7.2.bias -0.023514945060014725
experts.7.4.bias 0.0014108304167166352
Saved run metadata → /home/4429/projects/Neural_VAE_ODE/runs/2026-05-27_181510_b8d648b/run_metadata.json
Final r: 0.1696
Final R²: -0.1355
Results logged to /home/4429/projects/Neural_VAE_ODE/src/training_results.txt
Exception ignored in: Exception ignored in sys.unraisablehook