Running script: v6_neural_vae.py
Loading configuration from /home/4429/projects/Neural_VAE_ODE/runs/2026-05-27_201042_a82e1c8/config.txt
Device: cuda
Train-std neuron filter: removed 4 train-silent neurons; kept 353 neurons (threshold=1e-07).
MIND split: train trials=163 | test trials=17
MIND neuron filter: removed 18 silent neurons; kept 357 active neurons.
Sequence alignment: position (Position); coordinate range 0.000-1.000
Model type: manifold_ae
[001] train loss 1.00096 | recon 1.00000 | kl 0.00284 | smooth 0.00000 | trans 0.00007 | lle 0.00000 | geo 0.57282 | metric 0.00000 | beta 0.000
      valid loss 1.00116 | recon 0.99995 | kl 0.00241 | smooth 0.00000 | trans 0.00005 | lle 0.00000 | geo 0.73090 | metric 0.00000 | r -0.0265 | R² -0.0212 | eta 01:35
      saved best checkpoint -> /home/4429/projects/Neural_VAE_ODE/runs/2026-05-27_201042_a82e1c8/ode_vae_best.pt
[002] train loss 1.00204 | recon 0.99991 | kl 0.00226 | smooth 0.00000 | trans 0.00007 | lle 0.00000 | geo 0.63993 | metric 0.00000 | beta 0.000
      valid loss 1.00233 | recon 0.99998 | kl 0.00215 | smooth 0.00000 | trans 0.00005 | lle 0.00000 | geo 0.70306 | metric 0.00000 | r -0.0210 | R² -0.0123 | eta 01:47
[003] train loss 1.00361 | recon 0.99998 | kl 0.00210 | smooth 0.00000 | trans 0.00007 | lle 0.00000 | geo 0.72631 | metric 0.00000 | beta 0.000
      valid loss 1.00322 | recon 0.99999 | kl 0.00203 | smooth 0.00000 | trans 0.00005 | lle 0.00000 | geo 0.64701 | metric 0.00000 | r -0.0200 | R² -0.0072 | eta 01:42
[004] train loss 1.00586 | recon 0.99998 | kl 0.00198 | smooth 0.00000 | trans 0.00007 | lle 0.00000 | geo 0.88182 | metric 0.00000 | beta 0.000
      valid loss 1.00444 | recon 0.99999 | kl 0.00195 | smooth 0.00000 | trans 0.00005 | lle 0.00000 | geo 0.66754 | metric 0.00000 | r -0.0166 | R² -0.0040 | eta 01:33
[005] train loss 1.00951 | recon 0.99998 | kl 0.00192 | smooth 0.00000 | trans 0.00007 | lle 0.00000 | geo 1.14311 | metric 0.00000 | beta 0.000
      valid loss 1.00586 | recon 0.99999 | kl 0.00191 | smooth 0.00000 | trans 0.00005 | lle 0.00000 | geo 0.70409 | metric 0.00000 | r -0.0123 | R² -0.0021 | eta 01:28
[006] train loss 1.01172 | recon 0.99998 | kl 0.00190 | smooth 0.00000 | trans 0.00007 | lle 0.00000 | geo 1.17428 | metric 0.00000 | beta 0.000
      valid loss 1.00644 | recon 0.99999 | kl 0.00189 | smooth 0.00000 | trans 0.00005 | lle 0.00000 | geo 0.64471 | metric 0.00000 | r -0.0093 | R² -0.0012 | eta 01:24
[007] train loss 1.01333 | recon 0.99998 | kl 0.00189 | smooth 0.00000 | trans 0.00007 | lle 0.00000 | geo 1.14422 | metric 0.00000 | beta 0.000
      valid loss 1.01203 | recon 0.99999 | kl 0.00189 | smooth 0.00000 | trans 0.00005 | lle 0.00000 | geo 1.03223 | metric 0.00000 | r -0.0077 | R² -0.0007 | eta 01:21
[008] train loss 1.01315 | recon 0.99998 | kl 0.00189 | smooth 0.00000 | trans 0.00007 | lle 0.00000 | geo 0.98782 | metric 0.00000 | beta 0.000
      valid loss 1.00979 | recon 0.99999 | kl 0.00187 | smooth 0.00000 | trans 0.00005 | lle 0.00000 | geo 0.73482 | metric 0.00000 | r -0.0067 | R² -0.0004 | eta 01:18
[009] train loss 1.01378 | recon 0.99998 | kl 0.00184 | smooth 0.00000 | trans 0.00007 | lle 0.00000 | geo 0.91963 | metric 0.00000 | beta 0.000
      valid loss 1.00992 | recon 0.99999 | kl 0.00182 | smooth 0.00000 | trans 0.00005 | lle 0.00000 | geo 0.66186 | metric 0.00000 | r -0.0057 | R² -0.0002 | eta 01:16
[010] train loss 1.01431 | recon 0.99998 | kl 0.00181 | smooth 0.00000 | trans 0.00007 | lle 0.00000 | geo 0.85946 | metric 0.00000 | beta 0.000
      valid loss 1.01132 | recon 0.99999 | kl 0.00180 | smooth 0.00000 | trans 0.00005 | lle 0.00000 | geo 0.67970 | metric 0.00000 | r -0.0052 | R² -0.0001 | eta 01:15
[011] train loss 1.01433 | recon 0.99998 | kl 0.00179 | smooth 0.00000 | trans 0.00007 | lle 0.00000 | geo 0.78267 | metric 0.00000 | beta 0.000
      valid loss 1.01245 | recon 0.99999 | kl 0.00179 | smooth 0.00000 | trans 0.00005 | lle 0.00000 | geo 0.67940 | metric 0.00000 | r -0.0053 | R² -0.0001 | eta 01:13
[012] train loss 1.01538 | recon 0.99998 | kl 0.00178 | smooth 0.00000 | trans 0.00007 | lle 0.00000 | geo 0.77010 | metric 0.00000 | beta 0.000
      valid loss 1.01588 | recon 0.99999 | kl 0.00178 | smooth 0.00000 | trans 0.00005 | lle 0.00000 | geo 0.79475 | metric 0.00000 | r -0.0060 | R² -0.0001 | eta 01:12
[013] train loss 1.01625 | recon 0.99998 | kl 0.00178 | smooth 0.00000 | trans 0.00007 | lle 0.00000 | geo 0.75061 | metric 0.00000 | beta 0.000
      valid loss 1.01327 | recon 0.99999 | kl 0.00178 | smooth 0.00000 | trans 0.00005 | lle 0.00000 | geo 0.61304 | metric 0.00000 | r -0.0065 | R² -0.0001 | eta 01:11
[014] train loss 1.02126 | recon 0.99998 | kl 0.00178 | smooth 0.00000 | trans 0.00007 | lle 0.00000 | geo 0.91208 | metric 0.00000 | beta 0.000
      valid loss 1.01926 | recon 0.99999 | kl 0.00177 | smooth 0.00000 | trans 0.00005 | lle 0.00000 | geo 0.82590 | metric 0.00000 | r -0.0074 | R² -0.0001 | eta 01:09
[015] train loss 1.01729 | recon 0.99998 | kl 0.00176 | smooth 0.00000 | trans 0.00007 | lle 0.00000 | geo 0.69245 | metric 0.00000 | beta 0.000
      valid loss 1.02756 | recon 0.99999 | kl 0.00174 | smooth 0.00000 | trans 0.00005 | lle 0.00000 | geo 1.10277 | metric 0.00000 | r -0.0082 | R² -0.0000 | eta 01:07
[016] train loss 1.02172 | recon 0.99998 | kl 0.00173 | smooth 0.00000 | trans 0.00007 | lle 0.00000 | geo 0.81506 | metric 0.00000 | beta 0.000
      valid loss 1.07531 | recon 0.99999 | kl 0.00171 | smooth 0.00000 | trans 0.00005 | lle 0.00000 | geo 2.82459 | metric 0.00000 | r -0.0097 | R² -0.0000 | eta 01:06
[017] train loss 1.02627 | recon 0.99998 | kl 0.00170 | smooth 0.00000 | trans 0.00007 | lle 0.00000 | geo 0.92804 | metric 0.00000 | beta 0.000
      valid loss 1.02748 | recon 0.99999 | kl 0.00168 | smooth 0.00000 | trans 0.00005 | lle 0.00000 | geo 0.97014 | metric 0.00000 | r -0.0104 | R² -0.0000 | eta 01:04
[018] train loss 1.02027 | recon 0.99998 | kl 0.00166 | smooth 0.00000 | trans 0.00007 | lle 0.00000 | geo 0.67637 | metric 0.00000 | beta 0.000
      valid loss 1.02606 | recon 0.99999 | kl 0.00165 | smooth 0.00000 | trans 0.00005 | lle 0.00000 | geo 0.86888 | metric 0.00000 | r -0.0110 | R² -0.0000 | eta 01:03
[019] train loss 1.02248 | recon 0.99998 | kl 0.00164 | smooth 0.00000 | trans 0.00007 | lle 0.00000 | geo 0.71033 | metric 0.00000 | beta 0.000
      valid loss 1.04311 | recon 0.99999 | kl 0.00164 | smooth 0.00000 | trans 0.00005 | lle 0.00000 | geo 1.36165 | metric 0.00000 | r -0.0113 | R² -0.0000 | eta 01:02
[020] train loss 1.02353 | recon 0.99998 | kl 0.00163 | smooth 0.00000 | trans 0.00007 | lle 0.00000 | geo 0.70646 | metric 0.00000 | beta 0.000
      valid loss 1.06694 | recon 0.99999 | kl 0.00163 | smooth 0.00000 | trans 0.00005 | lle 0.00000 | geo 2.00840 | metric 0.00000 | r -0.0105 | R² -0.0000 | eta 01:01
[021] train loss 1.03195 | recon 0.99998 | kl 0.00162 | smooth 0.00000 | trans 0.00007 | lle 0.00000 | geo 0.91340 | metric 0.00000 | beta 0.000
      valid loss 1.02431 | recon 0.99999 | kl 0.00161 | smooth 0.00000 | trans 0.00005 | lle 0.00000 | geo 0.69493 | metric 0.00000 | r -0.0113 | R² -0.0000 | eta 01:00
[022] train loss 1.02604 | recon 0.99998 | kl 0.00161 | smooth 0.00000 | trans 0.00007 | lle 0.00000 | geo 0.71068 | metric 0.00000 | beta 0.000
      valid loss 1.03411 | recon 0.99999 | kl 0.00161 | smooth 0.00000 | trans 0.00005 | lle 0.00000 | geo 0.93048 | metric 0.00000 | r -0.0103 | R² -0.0000 | eta 00:59
[023] train loss 1.02912 | recon 0.99998 | kl 0.00161 | smooth 0.00000 | trans 0.00007 | lle 0.00000 | geo 0.76004 | metric 0.00000 | beta 0.000
      valid loss 1.03017 | recon 0.99999 | kl 0.00161 | smooth 0.00000 | trans 0.00005 | lle 0.00000 | geo 0.78729 | metric 0.00000 | r -0.0124 | R² -0.0000 | eta 00:59
[024] train loss 1.02670 | recon 0.99998 | kl 0.00160 | smooth 0.00000 | trans 0.00007 | lle 0.00000 | geo 0.66805 | metric 0.00000 | beta 0.000
      valid loss 1.02863 | recon 0.99999 | kl 0.00160 | smooth 0.00000 | trans 0.00005 | lle 0.00000 | geo 0.71596 | metric 0.00000 | r -0.0124 | R² -0.0000 | eta 00:58
[025] train loss 1.03280 | recon 0.99998 | kl 0.00159 | smooth 0.00000 | trans 0.00007 | lle 0.00000 | geo 0.78763 | metric 0.00000 | beta 0.000
      valid loss 1.03382 | recon 0.99999 | kl 0.00159 | smooth 0.00000 | trans 0.00005 | lle 0.00000 | geo 0.81188 | metric 0.00000 | r -0.0118 | R² -0.0000 | eta 00:57
[026] train loss 1.02859 | recon 0.99998 | kl 0.00158 | smooth 0.00000 | trans 0.00007 | lle 0.00000 | geo 0.66021 | metric 0.00000 | beta 0.000
      valid loss 1.03650 | recon 0.99999 | kl 0.00157 | smooth 0.00000 | trans 0.00005 | lle 0.00000 | geo 0.84254 | metric 0.00000 | r -0.0131 | R² -0.0000 | eta 00:57
[027] train loss 1.03057 | recon 0.99998 | kl 0.00157 | smooth 0.00000 | trans 0.00007 | lle 0.00000 | geo 0.67972 | metric 0.00000 | beta 0.000
      valid loss 1.02538 | recon 0.99999 | kl 0.00157 | smooth 0.00000 | trans 0.00005 | lle 0.00000 | geo 0.56423 | metric 0.00000 | r -0.0130 | R² -0.0000 | eta 00:56
[028] train loss 1.02947 | recon 0.99998 | kl 0.00157 | smooth 0.00000 | trans 0.00007 | lle 0.00000 | geo 0.63181 | metric 0.00000 | beta 0.000
      valid loss 1.03483 | recon 0.99999 | kl 0.00156 | smooth 0.00000 | trans 0.00005 | lle 0.00000 | geo 0.74647 | metric 0.00000 | r -0.0131 | R² -0.0000 | eta 00:56
[029] train loss 1.03178 | recon 0.99998 | kl 0.00156 | smooth 0.00000 | trans 0.00007 | lle 0.00000 | geo 0.65797 | metric 0.00000 | beta 0.000
      valid loss 1.03203 | recon 0.99999 | kl 0.00156 | smooth 0.00000 | trans 0.00005 | lle 0.00000 | geo 0.66295 | metric 0.00000 | r -0.0147 | R² -0.0000 | eta 00:55
[030] train loss 1.04667 | recon 0.99998 | kl 0.00157 | smooth 0.00000 | trans 0.00007 | lle 0.00000 | geo 0.93382 | metric 0.00000 | beta 0.000
      valid loss 1.02568 | recon 0.99999 | kl 0.00158 | smooth 0.00000 | trans 0.00005 | lle 0.00000 | geo 0.51380 | metric 0.00000 | r -0.0096 | R² -0.0000 | eta 00:55
[031] train loss 1.03044 | recon 0.99998 | kl 0.00158 | smooth 0.00000 | trans 0.00007 | lle 0.00000 | geo 0.60925 | metric 0.00000 | beta 0.000
      valid loss 1.02665 | recon 0.99999 | kl 0.00158 | smooth 0.00000 | trans 0.00005 | lle 0.00000 | geo 0.53316 | metric 0.00000 | r -0.0140 | R² -0.0000 | eta 00:54
[032] train loss 1.03131 | recon 0.99998 | kl 0.00159 | smooth 0.00000 | trans 0.00007 | lle 0.00000 | geo 0.62646 | metric 0.00000 | beta 0.000
      valid loss 1.02782 | recon 0.99999 | kl 0.00160 | smooth 0.00000 | trans 0.00005 | lle 0.00000 | geo 0.55656 | metric 0.00000 | r -0.0149 | R² -0.0000 | eta 00:54
[033] train loss 1.03141 | recon 0.99998 | kl 0.00159 | smooth 0.00000 | trans 0.00007 | lle 0.00000 | geo 0.62858 | metric 0.00000 | beta 0.000
      valid loss 1.02816 | recon 0.99999 | kl 0.00157 | smooth 0.00000 | trans 0.00005 | lle 0.00000 | geo 0.56337 | metric 0.00000 | r -0.0179 | R² -0.0000 | eta 00:53
[034] train loss 1.03232 | recon 0.99998 | kl 0.00154 | smooth 0.00000 | trans 0.00007 | lle 0.00000 | geo 0.64681 | metric 0.00000 | beta 0.000
      valid loss 1.02622 | recon 0.99999 | kl 0.00152 | smooth 0.00000 | trans 0.00005 | lle 0.00000 | geo 0.52454 | metric 0.00000 | r -0.0147 | R² -0.0000 | eta 00:53
[035] train loss 1.02925 | recon 0.99998 | kl 0.00152 | smooth 0.00000 | trans 0.00007 | lle 0.00000 | geo 0.58529 | metric 0.00000 | beta 0.000
      valid loss 1.02923 | recon 0.99999 | kl 0.00151 | smooth 0.00000 | trans 0.00005 | lle 0.00000 | geo 0.58485 | metric 0.00000 | r -0.0119 | R² -0.0000 | eta 00:52
[036] train loss 1.02889 | recon 0.99998 | kl 0.00149 | smooth 0.00000 | trans 0.00007 | lle 0.00000 | geo 0.57819 | metric 0.00000 | beta 0.000
      valid loss 1.02523 | recon 0.99999 | kl 0.00148 | smooth 0.00000 | trans 0.00005 | lle 0.00000 | geo 0.50484 | metric 0.00000 | r -0.0248 | R² -0.0000 | eta 00:52
[037] train loss 1.03320 | recon 0.99998 | kl 0.00147 | smooth 0.00000 | trans 0.00007 | lle 0.00000 | geo 0.66432 | metric 0.00000 | beta 0.000
      valid loss 1.02593 | recon 0.99999 | kl 0.00147 | smooth 0.00000 | trans 0.00005 | lle 0.00000 | geo 0.51875 | metric 0.00000 | r -0.0239 | R² -0.0000 | eta 00:51
[038] train loss 1.03140 | recon 0.99998 | kl 0.00145 | smooth 0.00000 | trans 0.00007 | lle 0.00000 | geo 0.62833 | metric 0.00000 | beta 0.000
      valid loss 1.03003 | recon 0.99999 | kl 0.00145 | smooth 0.00000 | trans 0.00005 | lle 0.00000 | geo 0.60085 | metric 0.00000 | r -0.0120 | R² -0.0000 | eta 00:51
[039] train loss 1.03369 | recon 0.99998 | kl 0.00144 | smooth 0.00000 | trans 0.00007 | lle 0.00000 | geo 0.67419 | metric 0.00000 | beta 0.000
      valid loss 1.02678 | recon 0.99999 | kl 0.00143 | smooth 0.00000 | trans 0.00005 | lle 0.00000 | geo 0.53574 | metric 0.00000 | r -0.0154 | R² -0.0000 | eta 00:50
[040] train loss 1.03082 | recon 0.99998 | kl 0.00143 | smooth 0.00000 | trans 0.00007 | lle 0.00000 | geo 0.61667 | metric 0.00000 | beta 0.000
      valid loss 1.02474 | recon 0.99999 | kl 0.00143 | smooth 0.00000 | trans 0.00005 | lle 0.00000 | geo 0.49490 | metric 0.00000 | r -0.0259 | R² -0.0000 | eta 00:50
[041] train loss 1.03198 | recon 0.99998 | kl 0.00144 | smooth 0.00000 | trans 0.00007 | lle 0.00000 | geo 0.63986 | metric 0.00000 | beta 0.000
      valid loss 1.02725 | recon 0.99999 | kl 0.00146 | smooth 0.00000 | trans 0.00005 | lle 0.00000 | geo 0.54515 | metric 0.00000 | r -0.0238 | R² -0.0000 | eta 00:49
[042] train loss 1.03556 | recon 0.99998 | kl 0.00145 | smooth 0.00000 | trans 0.00007 | lle 0.00000 | geo 0.71162 | metric 0.00000 | beta 0.000
      valid loss 1.02989 | recon 0.99999 | kl 0.00144 | smooth 0.00000 | trans 0.00005 | lle 0.00000 | geo 0.59810 | metric 0.00000 | r -0.0404 | R² -0.0000 | eta 00:49
[043] train loss 1.03165 | recon 0.99998 | kl 0.00142 | smooth 0.00000 | trans 0.00007 | lle 0.00000 | geo 0.63333 | metric 0.00000 | beta 0.000
      valid loss 1.02407 | recon 0.99999 | kl 0.00140 | smooth 0.00000 | trans 0.00005 | lle 0.00000 | geo 0.48165 | metric 0.00000 | r -0.0304 | R² -0.0000 | eta 00:48
[044] train loss 1.03200 | recon 0.99998 | kl 0.00138 | smooth 0.00000 | trans 0.00007 | lle 0.00000 | geo 0.64029 | metric 0.00000 | beta 0.000
      valid loss 1.03007 | recon 0.99999 | kl 0.00137 | smooth 0.00000 | trans 0.00005 | lle 0.00000 | geo 0.60153 | metric 0.00000 | r -0.0095 | R² -0.0000 | eta 00:47
[045] train loss 1.03237 | recon 0.99998 | kl 0.00137 | smooth 0.00000 | trans 0.00007 | lle 0.00000 | geo 0.64780 | metric 0.00000 | beta 0.000
      valid loss 1.02555 | recon 0.99999 | kl 0.00137 | smooth 0.00000 | trans 0.00005 | lle 0.00000 | geo 0.51116 | metric 0.00000 | r -0.0273 | R² -0.0000 | eta 00:47
[046] train loss 1.02740 | recon 0.99998 | kl 0.00137 | smooth 0.00000 | trans 0.00007 | lle 0.00000 | geo 0.54844 | metric 0.00000 | beta 0.000
      valid loss 1.02968 | recon 0.99999 | kl 0.00138 | smooth 0.00000 | trans 0.00005 | lle 0.00000 | geo 0.59375 | metric 0.00000 | r -0.0313 | R² -0.0000 | eta 00:46
[047] train loss 1.02960 | recon 0.99998 | kl 0.00138 | smooth 0.00000 | trans 0.00007 | lle 0.00000 | geo 0.59236 | metric 0.00000 | beta 0.000
      valid loss 1.03033 | recon 0.99999 | kl 0.00137 | smooth 0.00000 | trans 0.00005 | lle 0.00000 | geo 0.60686 | metric 0.00000 | r -0.0236 | R² -0.0000 | eta 00:46
[048] train loss 1.02857 | recon 0.99998 | kl 0.00136 | smooth 0.00000 | trans 0.00007 | lle 0.00000 | geo 0.57175 | metric 0.00000 | beta 0.000
      valid loss 1.02985 | recon 0.99999 | kl 0.00135 | smooth 0.00000 | trans 0.00005 | lle 0.00000 | geo 0.59730 | metric 0.00000 | r -0.0212 | R² -0.0000 | eta 00:45
[049] train loss 1.02972 | recon 0.99998 | kl 0.00135 | smooth 0.00000 | trans 0.00007 | lle 0.00000 | geo 0.59466 | metric 0.00000 | beta 0.000
      valid loss 1.03221 | recon 0.99999 | kl 0.00135 | smooth 0.00000 | trans 0.00005 | lle 0.00000 | geo 0.64439 | metric 0.00000 | r -0.0290 | R² -0.0000 | eta 00:45
[050] train loss 1.02621 | recon 0.99998 | kl 0.00135 | smooth 0.00000 | trans 0.00007 | lle 0.00000 | geo 0.52456 | metric 0.00000 | beta 0.000
      valid loss 1.02691 | recon 0.99999 | kl 0.00137 | smooth 0.00000 | trans 0.00005 | lle 0.00000 | geo 0.53847 | metric 0.00000 | r -0.0340 | R² -0.0000 | eta 00:44
[051] train loss 1.02839 | recon 0.99998 | kl 0.00138 | smooth 0.00000 | trans 0.00007 | lle 0.00000 | geo 0.56813 | metric 0.00000 | beta 0.000
      valid loss 1.02667 | recon 0.99999 | kl 0.00138 | smooth 0.00000 | trans 0.00005 | lle 0.00000 | geo 0.53369 | metric 0.00000 | r -0.0381 | R² -0.0000 | eta 00:44
[052] train loss 1.02837 | recon 0.99998 | kl 0.00139 | smooth 0.00000 | trans 0.00007 | lle 0.00000 | geo 0.56767 | metric 0.00000 | beta 0.000
      valid loss 1.02848 | recon 0.99999 | kl 0.00137 | smooth 0.00000 | trans 0.00005 | lle 0.00000 | geo 0.56976 | metric 0.00000 | r -0.0261 | R² -0.0000 | eta 00:43
[053] train loss 1.03175 | recon 0.99998 | kl 0.00134 | smooth 0.00000 | trans 0.00007 | lle 0.00000 | geo 0.63527 | metric 0.00000 | beta 0.000
      valid loss 1.02887 | recon 0.99999 | kl 0.00134 | smooth 0.00000 | trans 0.00005 | lle 0.00000 | geo 0.57766 | metric 0.00000 | r -0.0057 | R² -0.0000 | eta 00:43
[054] train loss 1.02815 | recon 0.99998 | kl 0.00133 | smooth 0.00000 | trans 0.00007 | lle 0.00000 | geo 0.56339 | metric 0.00000 | beta 0.000
      valid loss 1.02357 | recon 0.99999 | kl 0.00131 | smooth 0.00000 | trans 0.00005 | lle 0.00000 | geo 0.47160 | metric 0.00000 | r -0.0318 | R² -0.0000 | eta 00:42
[055] train loss 1.03986 | recon 0.99998 | kl 0.00129 | smooth 0.00000 | trans 0.00007 | lle 0.00000 | geo 0.79748 | metric 0.00000 | beta 0.000
      valid loss 1.02634 | recon 0.99999 | kl 0.00127 | smooth 0.00000 | trans 0.00005 | lle 0.00000 | geo 0.52709 | metric 0.00000 | r -0.0359 | R² -0.0000 | eta 00:42
[056] train loss 1.02566 | recon 0.99998 | kl 0.00127 | smooth 0.00000 | trans 0.00007 | lle 0.00000 | geo 0.51351 | metric 0.00000 | beta 0.000
      valid loss 1.02700 | recon 0.99999 | kl 0.00129 | smooth 0.00000 | trans 0.00005 | lle 0.00000 | geo 0.54018 | metric 0.00000 | r -0.0157 | R² -0.0000 | eta 00:41
[057] train loss 1.02689 | recon 0.99998 | kl 0.00131 | smooth 0.00000 | trans 0.00007 | lle 0.00000 | geo 0.53816 | metric 0.00000 | beta 0.000
      valid loss 1.03064 | recon 0.99999 | kl 0.00132 | smooth 0.00000 | trans 0.00005 | lle 0.00000 | geo 0.61294 | metric 0.00000 | r -0.0349 | R² -0.0000 | eta 00:41
[058] train loss 1.02707 | recon 0.99998 | kl 0.00133 | smooth 0.00000 | trans 0.00007 | lle 0.00000 | geo 0.54179 | metric 0.00000 | beta 0.000
      valid loss 1.02560 | recon 0.99999 | kl 0.00132 | smooth 0.00000 | trans 0.00005 | lle 0.00000 | geo 0.51228 | metric 0.00000 | r -0.0368 | R² -0.0000 | eta 00:40
[059] train loss 1.02769 | recon 0.99998 | kl 0.00130 | smooth 0.00000 | trans 0.00007 | lle 0.00000 | geo 0.55406 | metric 0.00000 | beta 0.000
      valid loss 1.02824 | recon 0.99999 | kl 0.00125 | smooth 0.00000 | trans 0.00005 | lle 0.00000 | geo 0.56506 | metric 0.00000 | r -0.0202 | R² -0.0000 | eta 00:40
[060] train loss 1.02410 | recon 0.99998 | kl 0.00122 | smooth 0.00000 | trans 0.00007 | lle 0.00000 | geo 0.48235 | metric 0.00000 | beta 0.000
      valid loss 1.02668 | recon 0.99999 | kl 0.00120 | smooth 0.00000 | trans 0.00005 | lle 0.00000 | geo 0.53382 | metric 0.00000 | r -0.0191 | R² -0.0000 | eta 00:40
[061] train loss 1.02507 | recon 0.99998 | kl 0.00121 | smooth 0.00000 | trans 0.00007 | lle 0.00000 | geo 0.50183 | metric 0.00000 | beta 0.000
      valid loss 1.02482 | recon 0.99999 | kl 0.00123 | smooth 0.00000 | trans 0.00005 | lle 0.00000 | geo 0.49664 | metric 0.00000 | r -0.0194 | R² -0.0000 | eta 00:39
[062] train loss 1.02401 | recon 0.99998 | kl 0.00124 | smooth 0.00000 | trans 0.00007 | lle 0.00000 | geo 0.48055 | metric 0.00000 | beta 0.000
      valid loss 1.02589 | recon 0.99999 | kl 0.00123 | smooth 0.00000 | trans 0.00005 | lle 0.00000 | geo 0.51791 | metric 0.00000 | r -0.0330 | R² -0.0000 | eta 00:39
[063] train loss 1.02346 | recon 0.99998 | kl 0.00124 | smooth 0.00000 | trans 0.00007 | lle 0.00000 | geo 0.46952 | metric 0.00000 | beta 0.000
      valid loss 1.02858 | recon 0.99999 | kl 0.00126 | smooth 0.00000 | trans 0.00005 | lle 0.00000 | geo 0.57184 | metric 0.00000 | r -0.0092 | R² -0.0000 | eta 00:38
[064] train loss 1.02698 | recon 0.99998 | kl 0.00129 | smooth 0.00000 | trans 0.00007 | lle 0.00000 | geo 0.53994 | metric 0.00000 | beta 0.000
      valid loss 1.03070 | recon 0.99999 | kl 0.00129 | smooth 0.00000 | trans 0.00005 | lle 0.00000 | geo 0.61412 | metric 0.00000 | r -0.0179 | R² -0.0000 | eta 00:38
[065] train loss 1.02582 | recon 0.99998 | kl 0.00127 | smooth 0.00000 | trans 0.00007 | lle 0.00000 | geo 0.51675 | metric 0.00000 | beta 0.000
      valid loss 1.02963 | recon 0.99999 | kl 0.00125 | smooth 0.00000 | trans 0.00005 | lle 0.00000 | geo 0.59281 | metric 0.00000 | r -0.0361 | R² -0.0000 | eta 00:38
[066] train loss 1.02553 | recon 0.99998 | kl 0.00126 | smooth 0.00000 | trans 0.00007 | lle 0.00000 | geo 0.51106 | metric 0.00000 | beta 0.000
      valid loss 1.02568 | recon 0.99999 | kl 0.00127 | smooth 0.00000 | trans 0.00005 | lle 0.00000 | geo 0.51372 | metric 0.00000 | r -0.0251 | R² -0.0000 | eta 00:37
[067] train loss 1.02313 | recon 0.99998 | kl 0.00126 | smooth 0.00000 | trans 0.00007 | lle 0.00000 | geo 0.46305 | metric 0.00000 | beta 0.000
      valid loss 1.02482 | recon 0.99999 | kl 0.00126 | smooth 0.00000 | trans 0.00005 | lle 0.00000 | geo 0.49666 | metric 0.00000 | r -0.0505 | R² -0.0000 | eta 00:37
[068] train loss 1.02550 | recon 0.99998 | kl 0.00130 | smooth 0.00000 | trans 0.00007 | lle 0.00000 | geo 0.51034 | metric 0.00000 | beta 0.000
      valid loss 1.02660 | recon 0.99999 | kl 0.00134 | smooth 0.00000 | trans 0.00005 | lle 0.00000 | geo 0.53214 | metric 0.00000 | r -0.0316 | R² -0.0000 | eta 00:36
[069] train loss 1.02379 | recon 0.99998 | kl 0.00133 | smooth 0.00000 | trans 0.00007 | lle 0.00000 | geo 0.47619 | metric 0.00000 | beta 0.000
      valid loss 1.02632 | recon 0.99999 | kl 0.00130 | smooth 0.00000 | trans 0.00005 | lle 0.00000 | geo 0.52654 | metric 0.00000 | r -0.0164 | R² -0.0000 | eta 00:36
[070] train loss 1.02468 | recon 0.99998 | kl 0.00128 | smooth 0.00000 | trans 0.00007 | lle 0.00000 | geo 0.49400 | metric 0.00000 | beta 0.000
      valid loss 1.02690 | recon 0.99999 | kl 0.00126 | smooth 0.00000 | trans 0.00005 | lle 0.00000 | geo 0.53828 | metric 0.00000 | r -0.0301 | R² -0.0000 | eta 00:35
[071] train loss 1.02528 | recon 0.99998 | kl 0.00127 | smooth 0.00000 | trans 0.00007 | lle 0.00000 | geo 0.50586 | metric 0.00000 | beta 0.000
      valid loss 1.02696 | recon 0.99999 | kl 0.00126 | smooth 0.00000 | trans 0.00005 | lle 0.00000 | geo 0.53942 | metric 0.00000 | r -0.0216 | R² -0.0000 | eta 00:35
[072] train loss 1.02375 | recon 0.99998 | kl 0.00124 | smooth 0.00000 | trans 0.00007 | lle 0.00000 | geo 0.47530 | metric 0.00000 | beta 0.000
      valid loss 1.02920 | recon 0.99999 | kl 0.00121 | smooth 0.00000 | trans 0.00005 | lle 0.00000 | geo 0.58418 | metric 0.00000 | r -0.0443 | R² -0.0000 | eta 00:34
[073] train loss 1.03068 | recon 0.99998 | kl 0.00121 | smooth 0.00000 | trans 0.00007 | lle 0.00000 | geo 0.61404 | metric 0.00000 | beta 0.000
      valid loss 1.02812 | recon 0.99999 | kl 0.00122 | smooth 0.00000 | trans 0.00005 | lle 0.00000 | geo 0.56266 | metric 0.00000 | r -0.0471 | R² -0.0000 | eta 00:34
[074] train loss 1.05377 | recon 0.99998 | kl 0.00118 | smooth 0.00000 | trans 0.00007 | lle 0.00000 | geo 1.07575 | metric 0.00000 | beta 0.000
      valid loss 1.03973 | recon 0.99999 | kl 0.00114 | smooth 0.00000 | trans 0.00005 | lle 0.00000 | geo 0.79480 | metric 0.00000 | r -0.0198 | R² -0.0000 | eta 00:34
[075] train loss 1.02310 | recon 0.99998 | kl 0.00112 | smooth 0.00000 | trans 0.00007 | lle 0.00000 | geo 0.46240 | metric 0.00000 | beta 0.000
      valid loss 1.03020 | recon 0.99999 | kl 0.00109 | smooth 0.00000 | trans 0.00005 | lle 0.00000 | geo 0.60420 | metric 0.00000 | r -0.0283 | R² -0.0000 | eta 00:33
[076] train loss 1.02324 | recon 0.99998 | kl 0.00107 | smooth 0.00000 | trans 0.00007 | lle 0.00000 | geo 0.46514 | metric 0.00000 | beta 0.000
      valid loss 1.02970 | recon 0.99999 | kl 0.00104 | smooth 0.00000 | trans 0.00005 | lle 0.00000 | geo 0.59427 | metric 0.00000 | r -0.0273 | R² -0.0000 | eta 00:33
[077] train loss 1.02274 | recon 0.99998 | kl 0.00110 | smooth 0.00000 | trans 0.00007 | lle 0.00000 | geo 0.45519 | metric 0.00000 | beta 0.000
      valid loss 1.02728 | recon 0.99999 | kl 0.00111 | smooth 0.00000 | trans 0.00005 | lle 0.00000 | geo 0.54577 | metric 0.00000 | r -0.0062 | R² -0.0000 | eta 00:32
[078] train loss 1.02298 | recon 0.99998 | kl 0.00108 | smooth 0.00000 | trans 0.00007 | lle 0.00000 | geo 0.45985 | metric 0.00000 | beta 0.000
      valid loss 1.03426 | recon 0.99999 | kl 0.00106 | smooth 0.00000 | trans 0.00005 | lle 0.00000 | geo 0.68537 | metric 0.00000 | r -0.0061 | R² -0.0000 | eta 00:32
[079] train loss 1.02153 | recon 0.99998 | kl 0.00107 | smooth 0.00000 | trans 0.00007 | lle 0.00000 | geo 0.43093 | metric 0.00000 | beta 0.000
      valid loss 1.02813 | recon 0.99999 | kl 0.00108 | smooth 0.00000 | trans 0.00005 | lle 0.00000 | geo 0.56282 | metric 0.00000 | r -0.0489 | R² -0.0000 | eta 00:31
[080] train loss 1.02259 | recon 0.99998 | kl 0.00107 | smooth 0.00000 | trans 0.00007 | lle 0.00000 | geo 0.45217 | metric 0.00000 | beta 0.000
      valid loss 1.02538 | recon 0.99999 | kl 0.00107 | smooth 0.00000 | trans 0.00005 | lle 0.00000 | geo 0.50787 | metric 0.00000 | r -0.0343 | R² -0.0000 | eta 00:31
[081] train loss 1.02342 | recon 0.99998 | kl 0.00110 | smooth 0.00000 | trans 0.00007 | lle 0.00000 | geo 0.46878 | metric 0.00000 | beta 0.000
      valid loss 1.02702 | recon 0.99999 | kl 0.00118 | smooth 0.00000 | trans 0.00005 | lle 0.00000 | geo 0.54065 | metric 0.00000 | r -0.0545 | R² -0.0000 | eta 00:30
[082] train loss 1.02331 | recon 0.99998 | kl 0.00123 | smooth 0.00000 | trans 0.00007 | lle 0.00000 | geo 0.46665 | metric 0.00000 | beta 0.000
      valid loss 1.02585 | recon 0.99999 | kl 0.00124 | smooth 0.00000 | trans 0.00005 | lle 0.00000 | geo 0.51714 | metric 0.00000 | r -0.0202 | R² -0.0000 | eta 00:30
[083] train loss 1.02093 | recon 0.99998 | kl 0.00123 | smooth 0.00000 | trans 0.00007 | lle 0.00000 | geo 0.41891 | metric 0.00000 | beta 0.000
      valid loss 1.02527 | recon 0.99999 | kl 0.00124 | smooth 0.00000 | trans 0.00005 | lle 0.00000 | geo 0.50554 | metric 0.00000 | r -0.0033 | R² -0.0000 | eta 00:29
[084] train loss 1.02054 | recon 0.99998 | kl 0.00127 | smooth 0.00000 | trans 0.00007 | lle 0.00000 | geo 0.41112 | metric 0.00000 | beta 0.000
      valid loss 1.02977 | recon 0.99999 | kl 0.00128 | smooth 0.00000 | trans 0.00005 | lle 0.00000 | geo 0.59559 | metric 0.00000 | r -0.0171 | R² -0.0000 | eta 00:29
[085] train loss 1.02104 | recon 0.99998 | kl 0.00131 | smooth 0.00000 | trans 0.00007 | lle 0.00000 | geo 0.42107 | metric 0.00000 | beta 0.000
      valid loss 1.02517 | recon 0.99999 | kl 0.00137 | smooth 0.00000 | trans 0.00005 | lle 0.00000 | geo 0.50364 | metric 0.00000 | r -0.0388 | R² -0.0000 | eta 00:28
[086] train loss 1.01995 | recon 0.99998 | kl 0.00139 | smooth 0.00000 | trans 0.00007 | lle 0.00000 | geo 0.39927 | metric 0.00000 | beta 0.000
      valid loss 1.02775 | recon 0.99999 | kl 0.00142 | smooth 0.00000 | trans 0.00005 | lle 0.00000 | geo 0.55512 | metric 0.00000 | r -0.0224 | R² -0.0000 | eta 00:28
[087] train loss 1.02215 | recon 0.99998 | kl 0.00139 | smooth 0.00000 | trans 0.00007 | lle 0.00000 | geo 0.44341 | metric 0.00000 | beta 0.000
      valid loss 1.02641 | recon 0.99999 | kl 0.00138 | smooth 0.00000 | trans 0.00005 | lle 0.00000 | geo 0.52839 | metric 0.00000 | r -0.0200 | R² -0.0000 | eta 00:28
[088] train loss 1.02176 | recon 0.99998 | kl 0.00140 | smooth 0.00000 | trans 0.00007 | lle 0.00000 | geo 0.43563 | metric 0.00000 | beta 0.000
      valid loss 1.03176 | recon 0.99999 | kl 0.00143 | smooth 0.00000 | trans 0.00005 | lle 0.00000 | geo 0.63534 | metric 0.00000 | r -0.0291 | R² -0.0000 | eta 00:27
[089] train loss 1.01989 | recon 0.99998 | kl 0.00145 | smooth 0.00000 | trans 0.00007 | lle 0.00000 | geo 0.39810 | metric 0.00000 | beta 0.000
      valid loss 1.02779 | recon 0.99999 | kl 0.00147 | smooth 0.00000 | trans 0.00005 | lle 0.00000 | geo 0.55594 | metric 0.00000 | r -0.0226 | R² -0.0000 | eta 00:27
[090] train loss 1.01987 | recon 0.99998 | kl 0.00152 | smooth 0.00000 | trans 0.00007 | lle 0.00000 | geo 0.39770 | metric 0.00000 | beta 0.000
      valid loss 1.03036 | recon 0.99999 | kl 0.00157 | smooth 0.00000 | trans 0.00005 | lle 0.00000 | geo 0.60733 | metric 0.00000 | r -0.0254 | R² -0.0000 | eta 00:26
[091] train loss 1.01797 | recon 0.99998 | kl 0.00156 | smooth 0.00000 | trans 0.00007 | lle 0.00000 | geo 0.35981 | metric 0.00000 | beta 0.000
      valid loss 1.02622 | recon 0.99999 | kl 0.00151 | smooth 0.00000 | trans 0.00005 | lle 0.00000 | geo 0.52467 | metric 0.00000 | r -0.0303 | R² -0.0000 | eta 00:26
[092] train loss 1.01801 | recon 0.99998 | kl 0.00147 | smooth 0.00000 | trans 0.00007 | lle 0.00000 | geo 0.36060 | metric 0.00000 | beta 0.000
      valid loss 1.02506 | recon 0.99999 | kl 0.00144 | smooth 0.00000 | trans 0.00005 | lle 0.00000 | geo 0.50133 | metric 0.00000 | r -0.0031 | R² -0.0000 | eta 00:25
[093] train loss 1.01724 | recon 0.99998 | kl 0.00148 | smooth 0.00000 | trans 0.00007 | lle 0.00000 | geo 0.34516 | metric 0.00000 | beta 0.000
      valid loss 1.02502 | recon 0.99999 | kl 0.00157 | smooth 0.00000 | trans 0.00005 | lle 0.00000 | geo 0.50064 | metric 0.00000 | r -0.0210 | R² -0.0000 | eta 00:25
[094] train loss 1.01799 | recon 0.99998 | kl 0.00162 | smooth 0.00000 | trans 0.00007 | lle 0.00000 | geo 0.36010 | metric 0.00000 | beta 0.000
      valid loss 1.02529 | recon 0.99999 | kl 0.00164 | smooth 0.00000 | trans 0.00005 | lle 0.00000 | geo 0.50594 | metric 0.00000 | r -0.0228 | R² -0.0000 | eta 00:24
[095] train loss 1.01737 | recon 0.99998 | kl 0.00158 | smooth 0.00000 | trans 0.00007 | lle 0.00000 | geo 0.34787 | metric 0.00000 | beta 0.000
      valid loss 1.02782 | recon 0.99999 | kl 0.00148 | smooth 0.00000 | trans 0.00005 | lle 0.00000 | geo 0.55664 | metric 0.00000 | r -0.0175 | R² -0.0000 | eta 00:24
[096] train loss 1.01816 | recon 0.99998 | kl 0.00144 | smooth 0.00000 | trans 0.00007 | lle 0.00000 | geo 0.36347 | metric 0.00000 | beta 0.000
      valid loss 1.02765 | recon 0.99999 | kl 0.00139 | smooth 0.00000 | trans 0.00005 | lle 0.00000 | geo 0.55316 | metric 0.00000 | r 0.0009 | R² 0.0000 | eta 00:24
[097] train loss 1.01737 | recon 0.99998 | kl 0.00135 | smooth 0.00000 | trans 0.00007 | lle 0.00000 | geo 0.34776 | metric 0.00000 | beta 0.000
      valid loss 1.02716 | recon 0.99999 | kl 0.00132 | smooth 0.00000 | trans 0.00005 | lle 0.00000 | geo 0.54337 | metric 0.00000 | r -0.0214 | R² -0.0000 | eta 00:23
[098] train loss 1.01707 | recon 0.99998 | kl 0.00130 | smooth 0.00000 | trans 0.00007 | lle 0.00000 | geo 0.34175 | metric 0.00000 | beta 0.000
      valid loss 1.03013 | recon 0.99999 | kl 0.00127 | smooth 0.00000 | trans 0.00005 | lle 0.00000 | geo 0.60276 | metric 0.00000 | r -0.0270 | R² -0.0000 | eta 00:23
[099] train loss 1.01757 | recon 0.99998 | kl 0.00118 | smooth 0.00000 | trans 0.00007 | lle 0.00000 | geo 0.35171 | metric 0.00000 | beta 0.000
      valid loss 1.02512 | recon 0.99999 | kl 0.00113 | smooth 0.00000 | trans 0.00005 | lle 0.00000 | geo 0.50269 | metric 0.00000 | r -0.0399 | R² -0.0000 | eta 00:22
[100] train loss 1.01868 | recon 0.99998 | kl 0.00108 | smooth 0.00000 | trans 0.00007 | lle 0.00000 | geo 0.37396 | metric 0.00000 | beta 0.000
      valid loss 1.02539 | recon 0.99999 | kl 0.00103 | smooth 0.00000 | trans 0.00005 | lle 0.00000 | geo 0.50804 | metric 0.00000 | r -0.0255 | R² -0.0000 | eta 00:22
[101] train loss 1.01723 | recon 0.99998 | kl 0.00101 | smooth 0.00000 | trans 0.00007 | lle 0.00000 | geo 0.34504 | metric 0.00000 | beta 0.000
      valid loss 1.02542 | recon 0.99999 | kl 0.00101 | smooth 0.00000 | trans 0.00005 | lle 0.00000 | geo 0.50860 | metric 0.00000 | r -0.0245 | R² -0.0000 | eta 00:21
[102] train loss 1.01740 | recon 0.99998 | kl 0.00105 | smooth 0.00000 | trans 0.00007 | lle 0.00000 | geo 0.34828 | metric 0.00000 | beta 0.000
      valid loss 1.02776 | recon 0.99999 | kl 0.00109 | smooth 0.00000 | trans 0.00005 | lle 0.00000 | geo 0.55539 | metric 0.00000 | r -0.0159 | R² -0.0000 | eta 00:21
[103] train loss 1.01700 | recon 0.99998 | kl 0.00110 | smooth 0.00000 | trans 0.00007 | lle 0.00000 | geo 0.34048 | metric 0.00000 | beta 0.000
      valid loss 1.02599 | recon 0.99999 | kl 0.00108 | smooth 0.00000 | trans 0.00005 | lle 0.00000 | geo 0.51991 | metric 0.00000 | r -0.0144 | R² -0.0000 | eta 00:20
[104] train loss 1.01547 | recon 0.99998 | kl 0.00104 | smooth 0.00000 | trans 0.00007 | lle 0.00000 | geo 0.30967 | metric 0.00000 | beta 0.000
      valid loss 1.02295 | recon 0.99999 | kl 0.00098 | smooth 0.00000 | trans 0.00005 | lle 0.00000 | geo 0.45917 | metric 0.00000 | r 0.0009 | R² 0.0000 | eta 00:20
[105] train loss 1.01547 | recon 0.99998 | kl 0.00095 | smooth 0.00000 | trans 0.00007 | lle 0.00000 | geo 0.30968 | metric 0.00000 | beta 0.000
      valid loss 1.02654 | recon 0.99999 | kl 0.00095 | smooth 0.00000 | trans 0.00005 | lle 0.00000 | geo 0.53094 | metric 0.00000 | r -0.0130 | R² -0.0000 | eta 00:19
[106] train loss 1.01457 | recon 0.99998 | kl 0.00096 | smooth 0.00000 | trans 0.00007 | lle 0.00000 | geo 0.29180 | metric 0.00000 | beta 0.000
      valid loss 1.02645 | recon 0.99999 | kl 0.00097 | smooth 0.00000 | trans 0.00005 | lle 0.00000 | geo 0.52911 | metric 0.00000 | r -0.0352 | R² -0.0000 | eta 00:19
[107] train loss 1.01499 | recon 0.99998 | kl 0.00097 | smooth 0.00000 | trans 0.00007 | lle 0.00000 | geo 0.30014 | metric 0.00000 | beta 0.000
      valid loss 1.02871 | recon 0.99999 | kl 0.00096 | smooth 0.00000 | trans 0.00005 | lle 0.00000 | geo 0.57449 | metric 0.00000 | r -0.0069 | R² -0.0000 | eta 00:19
[108] train loss 1.01520 | recon 0.99998 | kl 0.00090 | smooth 0.00000 | trans 0.00007 | lle 0.00000 | geo 0.30429 | metric 0.00000 | beta 0.000
      valid loss 1.02666 | recon 0.99999 | kl 0.00084 | smooth 0.00000 | trans 0.00005 | lle 0.00000 | geo 0.53337 | metric 0.00000 | r -0.0264 | R² -0.0000 | eta 00:18
[109] train loss 1.01545 | recon 0.99998 | kl 0.00077 | smooth 0.00000 | trans 0.00007 | lle 0.00000 | geo 0.30941 | metric 0.00000 | beta 0.000
      valid loss 1.02779 | recon 0.99999 | kl 0.00074 | smooth 0.00000 | trans 0.00005 | lle 0.00000 | geo 0.55608 | metric 0.00000 | r -0.0130 | R² -0.0000 | eta 00:18
[110] train loss 1.01554 | recon 0.99998 | kl 0.00070 | smooth 0.00000 | trans 0.00007 | lle 0.00000 | geo 0.31123 | metric 0.00000 | beta 0.000
      valid loss 1.02906 | recon 0.99999 | kl 0.00069 | smooth 0.00000 | trans 0.00005 | lle 0.00000 | geo 0.58131 | metric 0.00000 | r -0.0226 | R² -0.0000 | eta 00:17
[111] train loss 1.01470 | recon 0.99998 | kl 0.00069 | smooth 0.00000 | trans 0.00007 | lle 0.00000 | geo 0.29436 | metric 0.00000 | beta 0.000
      valid loss 1.02718 | recon 0.99999 | kl 0.00069 | smooth 0.00000 | trans 0.00005 | lle 0.00000 | geo 0.54390 | metric 0.00000 | r -0.0287 | R² -0.0000 | eta 00:17
[112] train loss 1.01459 | recon 0.99998 | kl 0.00070 | smooth 0.00000 | trans 0.00007 | lle 0.00000 | geo 0.29204 | metric 0.00000 | beta 0.000
      valid loss 1.02704 | recon 0.99999 | kl 0.00070 | smooth 0.00000 | trans 0.00005 | lle 0.00000 | geo 0.54091 | metric 0.00000 | r -0.0043 | R² -0.0000 | eta 00:16
[113] train loss 1.01540 | recon 0.99998 | kl 0.00071 | smooth 0.00000 | trans 0.00007 | lle 0.00000 | geo 0.30835 | metric 0.00000 | beta 0.000
      valid loss 1.03014 | recon 0.99999 | kl 0.00072 | smooth 0.00000 | trans 0.00005 | lle 0.00000 | geo 0.60300 | metric 0.00000 | r -0.0270 | R² -0.0000 | eta 00:16
[114] train loss 1.01424 | recon 0.99998 | kl 0.00072 | smooth 0.00000 | trans 0.00007 | lle 0.00000 | geo 0.28519 | metric 0.00000 | beta 0.000
      valid loss 1.02729 | recon 0.99999 | kl 0.00071 | smooth 0.00000 | trans 0.00005 | lle 0.00000 | geo 0.54609 | metric 0.00000 | r -0.0258 | R² -0.0000 | eta 00:15
[115] train loss 1.01416 | recon 0.99998 | kl 0.00071 | smooth 0.00000 | trans 0.00007 | lle 0.00000 | geo 0.28352 | metric 0.00000 | beta 0.000
      valid loss 1.02608 | recon 0.99999 | kl 0.00073 | smooth 0.00000 | trans 0.00005 | lle 0.00000 | geo 0.52188 | metric 0.00000 | r -0.0270 | R² -0.0000 | eta 00:15
[116] train loss 1.01421 | recon 0.99998 | kl 0.00073 | smooth 0.00000 | trans 0.00007 | lle 0.00000 | geo 0.28446 | metric 0.00000 | beta 0.000
      valid loss 1.02813 | recon 0.99999 | kl 0.00073 | smooth 0.00000 | trans 0.00005 | lle 0.00000 | geo 0.56278 | metric 0.00000 | r -0.0176 | R² -0.0000 | eta 00:15
[117] train loss 1.01444 | recon 0.99998 | kl 0.00074 | smooth 0.00000 | trans 0.00007 | lle 0.00000 | geo 0.28910 | metric 0.00000 | beta 0.000
      valid loss 1.02640 | recon 0.99999 | kl 0.00075 | smooth 0.00000 | trans 0.00005 | lle 0.00000 | geo 0.52810 | metric 0.00000 | r -0.0239 | R² -0.0000 | eta 00:14
[118] train loss 1.01378 | recon 0.99998 | kl 0.00077 | smooth 0.00000 | trans 0.00007 | lle 0.00000 | geo 0.27603 | metric 0.00000 | beta 0.000
      valid loss 1.02802 | recon 0.99999 | kl 0.00081 | smooth 0.00000 | trans 0.00005 | lle 0.00000 | geo 0.56064 | metric 0.00000 | r -0.0138 | R² -0.0000 | eta 00:14
[119] train loss 1.01367 | recon 0.99998 | kl 0.00081 | smooth 0.00000 | trans 0.00007 | lle 0.00000 | geo 0.27379 | metric 0.00000 | beta 0.000
      valid loss 1.02787 | recon 0.99999 | kl 0.00080 | smooth 0.00000 | trans 0.00005 | lle 0.00000 | geo 0.55770 | metric 0.00000 | r -0.0130 | R² -0.0000 | eta 00:13
[120] train loss 1.01355 | recon 0.99998 | kl 0.00080 | smooth 0.00000 | trans 0.00007 | lle 0.00000 | geo 0.27138 | metric 0.00000 | beta 0.000
      valid loss 1.02632 | recon 0.99999 | kl 0.00083 | smooth 0.00000 | trans 0.00005 | lle 0.00000 | geo 0.52658 | metric 0.00000 | r -0.0046 | R² -0.0000 | eta 00:13
[121] train loss 1.01426 | recon 0.99998 | kl 0.00084 | smooth 0.00000 | trans 0.00007 | lle 0.00000 | geo 0.28546 | metric 0.00000 | beta 0.000
      valid loss 1.02755 | recon 0.99999 | kl 0.00084 | smooth 0.00000 | trans 0.00005 | lle 0.00000 | geo 0.55125 | metric 0.00000 | r -0.0253 | R² -0.0000 | eta 00:12
[122] train loss 1.01322 | recon 0.99998 | kl 0.00086 | smooth 0.00000 | trans 0.00007 | lle 0.00000 | geo 0.26476 | metric 0.00000 | beta 0.000
      valid loss 1.03089 | recon 0.99999 | kl 0.00086 | smooth 0.00000 | trans 0.00005 | lle 0.00000 | geo 0.61806 | metric 0.00000 | r -0.0283 | R² -0.0000 | eta 00:12
[123] train loss 1.01229 | recon 0.99998 | kl 0.00085 | smooth 0.00000 | trans 0.00007 | lle 0.00000 | geo 0.24626 | metric 0.00000 | beta 0.000
      valid loss 1.02422 | recon 0.99999 | kl 0.00084 | smooth 0.00000 | trans 0.00005 | lle 0.00000 | geo 0.48458 | metric 0.00000 | r -0.0286 | R² -0.0000 | eta 00:11
[124] train loss 1.01273 | recon 0.99998 | kl 0.00085 | smooth 0.00000 | trans 0.00007 | lle 0.00000 | geo 0.25507 | metric 0.00000 | beta 0.000
      valid loss 1.02655 | recon 0.99999 | kl 0.00086 | smooth 0.00000 | trans 0.00005 | lle 0.00000 | geo 0.53118 | metric 0.00000 | r -0.0098 | R² -0.0000 | eta 00:11
[125] train loss 1.01329 | recon 0.99998 | kl 0.00088 | smooth 0.00000 | trans 0.00007 | lle 0.00000 | geo 0.26609 | metric 0.00000 | beta 0.000
      valid loss 1.02341 | recon 0.99999 | kl 0.00090 | smooth 0.00000 | trans 0.00005 | lle 0.00000 | geo 0.46830 | metric 0.00000 | r -0.0271 | R² -0.0000 | eta 00:11
[126] train loss 1.01270 | recon 0.99998 | kl 0.00091 | smooth 0.00000 | trans 0.00007 | lle 0.00000 | geo 0.25430 | metric 0.00000 | beta 0.000
      valid loss 1.02542 | recon 0.99999 | kl 0.00090 | smooth 0.00000 | trans 0.00005 | lle 0.00000 | geo 0.50858 | metric 0.00000 | r -0.0145 | R² -0.0000 | eta 00:10
[127] train loss 1.01318 | recon 0.99998 | kl 0.00089 | smooth 0.00000 | trans 0.00007 | lle 0.00000 | geo 0.26400 | metric 0.00000 | beta 0.000
      valid loss 1.02515 | recon 0.99999 | kl 0.00091 | smooth 0.00000 | trans 0.00005 | lle 0.00000 | geo 0.50325 | metric 0.00000 | r -0.0158 | R² -0.0000 | eta 00:10
[128] train loss 1.01305 | recon 0.99998 | kl 0.00095 | smooth 0.00000 | trans 0.00007 | lle 0.00000 | geo 0.26138 | metric 0.00000 | beta 0.000
      valid loss 1.02265 | recon 0.99999 | kl 0.00097 | smooth 0.00000 | trans 0.00005 | lle 0.00000 | geo 0.45321 | metric 0.00000 | r -0.0220 | R² -0.0000 | eta 00:09
[129] train loss 1.01297 | recon 0.99998 | kl 0.00096 | smooth 0.00000 | trans 0.00007 | lle 0.00000 | geo 0.25978 | metric 0.00000 | beta 0.000
      valid loss 1.02461 | recon 0.99999 | kl 0.00096 | smooth 0.00000 | trans 0.00005 | lle 0.00000 | geo 0.49249 | metric 0.00000 | r -0.0068 | R² -0.0000 | eta 00:09
[130] train loss 1.01353 | recon 0.99998 | kl 0.00098 | smooth 0.00000 | trans 0.00007 | lle 0.00000 | geo 0.27100 | metric 0.00000 | beta 0.000
      valid loss 1.02885 | recon 0.99999 | kl 0.00099 | smooth 0.00000 | trans 0.00005 | lle 0.00000 | geo 0.57713 | metric 0.00000 | r -0.0420 | R² -0.0000 | eta 00:08
[131] train loss 1.01252 | recon 0.99998 | kl 0.00098 | smooth 0.00000 | trans 0.00007 | lle 0.00000 | geo 0.25083 | metric 0.00000 | beta 0.000
      valid loss 1.02602 | recon 0.99999 | kl 0.00097 | smooth 0.00000 | trans 0.00005 | lle 0.00000 | geo 0.52062 | metric 0.00000 | r -0.0301 | R² -0.0000 | eta 00:08
[132] train loss 1.01254 | recon 0.99998 | kl 0.00096 | smooth 0.00000 | trans 0.00007 | lle 0.00000 | geo 0.25125 | metric 0.00000 | beta 0.000
      valid loss 1.02612 | recon 0.99999 | kl 0.00096 | smooth 0.00000 | trans 0.00005 | lle 0.00000 | geo 0.52266 | metric 0.00000 | r -0.0559 | R² -0.0000 | eta 00:07
[133] train loss 1.01382 | recon 0.99998 | kl 0.00096 | smooth 0.00000 | trans 0.00007 | lle 0.00000 | geo 0.27676 | metric 0.00000 | beta 0.000
      valid loss 1.02639 | recon 0.99999 | kl 0.00096 | smooth 0.00000 | trans 0.00005 | lle 0.00000 | geo 0.52807 | metric 0.00000 | r -0.0005 | R² -0.0000 | eta 00:07
[134] train loss 1.01241 | recon 0.99998 | kl 0.00098 | smooth 0.00000 | trans 0.00007 | lle 0.00000 | geo 0.24846 | metric 0.00000 | beta 0.000
      valid loss 1.02504 | recon 0.99999 | kl 0.00099 | smooth 0.00000 | trans 0.00005 | lle 0.00000 | geo 0.50096 | metric 0.00000 | r -0.0244 | R² -0.0000 | eta 00:07
[135] train loss 1.01252 | recon 0.99998 | kl 0.00101 | smooth 0.00000 | trans 0.00007 | lle 0.00000 | geo 0.25069 | metric 0.00000 | beta 0.000
      valid loss 1.02594 | recon 0.99999 | kl 0.00103 | smooth 0.00000 | trans 0.00005 | lle 0.00000 | geo 0.51902 | metric 0.00000 | r -0.0166 | R² -0.0000 | eta 00:06
[136] train loss 1.01248 | recon 0.99998 | kl 0.00103 | smooth 0.00000 | trans 0.00007 | lle 0.00000 | geo 0.24987 | metric 0.00000 | beta 0.000
      valid loss 1.02551 | recon 0.99999 | kl 0.00099 | smooth 0.00000 | trans 0.00005 | lle 0.00000 | geo 0.51031 | metric 0.00000 | r -0.0132 | R² -0.0000 | eta 00:06
[137] train loss 1.01221 | recon 0.99998 | kl 0.00098 | smooth 0.00000 | trans 0.00007 | lle 0.00000 | geo 0.24462 | metric 0.00000 | beta 0.000
      valid loss 1.02650 | recon 0.99999 | kl 0.00099 | smooth 0.00000 | trans 0.00005 | lle 0.00000 | geo 0.53012 | metric 0.00000 | r -0.0108 | R² -0.0000 | eta 00:05
[138] train loss 1.01440 | recon 0.99998 | kl 0.00099 | smooth 0.00000 | trans 0.00007 | lle 0.00000 | geo 0.28843 | metric 0.00000 | beta 0.000
      valid loss 1.02416 | recon 0.99999 | kl 0.00101 | smooth 0.00000 | trans 0.00005 | lle 0.00000 | geo 0.48342 | metric 0.00000 | r -0.0308 | R² -0.0000 | eta 00:05
[139] train loss 1.01207 | recon 0.99998 | kl 0.00099 | smooth 0.00000 | trans 0.00007 | lle 0.00000 | geo 0.24171 | metric 0.00000 | beta 0.000
      valid loss 1.02652 | recon 0.99999 | kl 0.00098 | smooth 0.00000 | trans 0.00005 | lle 0.00000 | geo 0.53062 | metric 0.00000 | r -0.0260 | R² -0.0000 | eta 00:04
[140] train loss 1.01221 | recon 0.99998 | kl 0.00097 | smooth 0.00000 | trans 0.00007 | lle 0.00000 | geo 0.24452 | metric 0.00000 | beta 0.000
      valid loss 1.02743 | recon 0.99999 | kl 0.00099 | smooth 0.00000 | trans 0.00005 | lle 0.00000 | geo 0.54884 | metric 0.00000 | r -0.0174 | R² -0.0000 | eta 00:04
[141] train loss 1.01203 | recon 0.99998 | kl 0.00101 | smooth 0.00000 | trans 0.00007 | lle 0.00000 | geo 0.24098 | metric 0.00000 | beta 0.000
      valid loss 1.02605 | recon 0.99999 | kl 0.00102 | smooth 0.00000 | trans 0.00005 | lle 0.00000 | geo 0.52113 | metric 0.00000 | r -0.0129 | R² -0.0000 | eta 00:03
[142] train loss 1.01406 | recon 0.99998 | kl 0.00104 | smooth 0.00000 | trans 0.00007 | lle 0.00000 | geo 0.28164 | metric 0.00000 | beta 0.000
      valid loss 1.02556 | recon 0.99999 | kl 0.00106 | smooth 0.00000 | trans 0.00005 | lle 0.00000 | geo 0.51133 | metric 0.00000 | r -0.0032 | R² -0.0000 | eta 00:03
[143] train loss 1.01277 | recon 0.99998 | kl 0.00106 | smooth 0.00000 | trans 0.00007 | lle 0.00000 | geo 0.25579 | metric 0.00000 | beta 0.000
      valid loss 1.02582 | recon 0.99999 | kl 0.00107 | smooth 0.00000 | trans 0.00005 | lle 0.00000 | geo 0.51666 | metric 0.00000 | r -0.0287 | R² -0.0000 | eta 00:03
[144] train loss 1.01375 | recon 0.99998 | kl 0.00105 | smooth 0.00000 | trans 0.00007 | lle 0.00000 | geo 0.27536 | metric 0.00000 | beta 0.000
      valid loss 1.02483 | recon 0.99999 | kl 0.00101 | smooth 0.00000 | trans 0.00005 | lle 0.00000 | geo 0.49679 | metric 0.00000 | r -0.0231 | R² -0.0000 | eta 00:02
[145] train loss 1.01240 | recon 0.99998 | kl 0.00101 | smooth 0.00000 | trans 0.00007 | lle 0.00000 | geo 0.24844 | metric 0.00000 | beta 0.000
      valid loss 1.02728 | recon 0.99999 | kl 0.00101 | smooth 0.00000 | trans 0.00005 | lle 0.00000 | geo 0.54574 | metric 0.00000 | r -0.0256 | R² -0.0000 | eta 00:02
[146] train loss 1.01222 | recon 0.99998 | kl 0.00102 | smooth 0.00000 | trans 0.00007 | lle 0.00000 | geo 0.24480 | metric 0.00000 | beta 0.000
      valid loss 1.02858 | recon 0.99999 | kl 0.00100 | smooth 0.00000 | trans 0.00005 | lle 0.00000 | geo 0.57189 | metric 0.00000 | r -0.0049 | R² -0.0000 | eta 00:01
[147] train loss 1.01172 | recon 0.99998 | kl 0.00098 | smooth 0.00000 | trans 0.00007 | lle 0.00000 | geo 0.23471 | metric 0.00000 | beta 0.000
      valid loss 1.02791 | recon 0.99999 | kl 0.00096 | smooth 0.00000 | trans 0.00005 | lle 0.00000 | geo 0.55848 | metric 0.00000 | r -0.0205 | R² -0.0000 | eta 00:01
[148] train loss 1.01199 | recon 0.99998 | kl 0.00094 | smooth 0.00000 | trans 0.00007 | lle 0.00000 | geo 0.24010 | metric 0.00000 | beta 0.000
      valid loss 1.02686 | recon 0.99999 | kl 0.00095 | smooth 0.00000 | trans 0.00005 | lle 0.00000 | geo 0.53746 | metric 0.00000 | r -0.0174 | R² -0.0000 | eta 00:00
[149] train loss 1.01208 | recon 0.99998 | kl 0.00094 | smooth 0.00000 | trans 0.00007 | lle 0.00000 | geo 0.24191 | metric 0.00000 | beta 0.000
      valid loss 1.02575 | recon 0.99999 | kl 0.00093 | smooth 0.00000 | trans 0.00005 | lle 0.00000 | geo 0.51518 | metric 0.00000 | r -0.0057 | R² -0.0000 | eta 00:00
[150] train loss 1.01313 | recon 0.99998 | kl 0.00094 | smooth 0.00000 | trans 0.00007 | lle 0.00000 | geo 0.26289 | metric 0.00000 | beta 0.000
      valid loss 1.02453 | recon 0.99999 | kl 0.00095 | smooth 0.00000 | trans 0.00005 | lle 0.00000 | geo 0.49079 | metric 0.00000 | r -0.0232 | R² -0.0000 | eta 00:00
/home/4429/envs/odevae/lib/python3.11/site-packages/sklearn/manifold/_mds.py:754: FutureWarning: The default value of `init` will change from 'random' to 'classical_mds' in 1.10. To suppress this warning, provide some value of `init`.
  warnings.warn(
/home/4429/envs/odevae/lib/python3.11/site-packages/sklearn/manifold/_mds.py:771: FutureWarning: The `dissimilarity` parameter is deprecated and will be removed in 1.10. Use `metric` instead.
  warnings.warn(
      wrote /home/4429/projects/Neural_VAE_ODE/runs/2026-05-27_201042_a82e1c8/latent_manifold_mds.png
done.
experts.0.0.bias -0.00011703712516464293
experts.0.2.bias 5.230444003245793e-05
experts.0.4.bias -2.5085205379582476e-06
experts.1.0.bias -8.615641490905546e-06
experts.1.2.bias 4.660124977817759e-05
experts.1.4.bias -3.179648331297358e-07
experts.2.0.bias 3.62211576430127e-05
experts.2.2.bias 5.849860463058576e-05
experts.2.4.bias 7.982574743436999e-07
experts.3.0.bias 6.306714567472227e-06
experts.3.2.bias 1.0099858627654612e-05
experts.3.4.bias 6.359446302894867e-08
experts.4.0.bias -4.4711709961120505e-06
experts.4.2.bias 0.00021504155301954597
experts.4.4.bias 1.1087731763836928e-06
experts.5.0.bias -7.080285286065191e-06
experts.5.2.bias -8.193530447897501e-06
experts.5.4.bias -1.0305694786438835e-06
experts.6.0.bias -4.449575862963684e-05
experts.6.2.bias 7.174714119173586e-05
experts.6.4.bias 6.931903158147179e-07
experts.7.0.bias -5.05426105519291e-05
experts.7.2.bias 7.951177394716069e-05
experts.7.4.bias 4.275052560842596e-07
Saved run metadata → /home/4429/projects/Neural_VAE_ODE/runs/2026-05-27_201042_a82e1c8/run_metadata.json
Final r: -0.0232
Final R²: -0.0000
Results logged to /home/4429/projects/Neural_VAE_ODE/src/training_results.txt
Exception ignored in: Exception ignored in sys.unraisablehook