Running script: v6_neural_vae.py
Loading configuration from /home/4429/projects/Neural_VAE_ODE/runs/2026-05-27_194034_e5e3172/config.txt
Device: cuda
Train-std neuron filter: removed 4 train-silent neurons; kept 353 neurons (threshold=1e-07).
PCA (train-only) reduced 353 → 112 dims (95.05% variance)
MIND split: train trials=163 | test trials=17
MIND neuron filter: removed 18 silent neurons; kept 357 active neurons.
Sequence alignment: position (Position); coordinate range 0.000-1.000
Model type: manifold_ae
[001] train loss 0.02178 | recon 0.02162 | kl 0.00181 | smooth 0.00000 | trans 0.00018 | lle 0.00000 | geo 0.46285 | metric 0.00000 | beta 0.000
      valid loss 0.01755 | recon 0.01735 | kl 0.00137 | smooth 0.00000 | trans 0.00012 | lle 0.00000 | geo 0.58649 | metric 0.00000 | r 0.1925 | R² 0.0359 | eta 01:26
      saved best checkpoint -> /home/4429/projects/Neural_VAE_ODE/runs/2026-05-27_194034_e5e3172/ode_vae_best.pt
[002] train loss 0.02135 | recon 0.02102 | kl 0.00118 | smooth 0.00000 | trans 0.00018 | lle 0.00000 | geo 0.49672 | metric 0.00000 | beta 0.000
      valid loss 0.01758 | recon 0.01720 | kl 0.00105 | smooth 0.00000 | trans 0.00012 | lle 0.00000 | geo 0.55796 | metric 0.00000 | r 0.2034 | R² 0.0414 | eta 01:41
[003] train loss 0.02181 | recon 0.02111 | kl 0.00099 | smooth 0.00000 | trans 0.00018 | lle 0.00000 | geo 0.69738 | metric 0.00000 | beta 0.000
      valid loss 0.01781 | recon 0.01720 | kl 0.00094 | smooth 0.00000 | trans 0.00012 | lle 0.00000 | geo 0.61450 | metric 0.00000 | r 0.2038 | R² 0.0416 | eta 01:30
[004] train loss 0.02236 | recon 0.02140 | kl 0.00091 | smooth 0.00000 | trans 0.00018 | lle 0.00000 | geo 0.72269 | metric 0.00000 | beta 0.000
      valid loss 0.01792 | recon 0.01719 | kl 0.00086 | smooth 0.00000 | trans 0.00012 | lle 0.00000 | geo 0.54596 | metric 0.00000 | r 0.2055 | R² 0.0422 | eta 01:24
[005] train loss 0.02239 | recon 0.02092 | kl 0.00083 | smooth 0.00000 | trans 0.00018 | lle 0.00000 | geo 0.88362 | metric 0.00000 | beta 0.000
      valid loss 0.01876 | recon 0.01726 | kl 0.00080 | smooth 0.00000 | trans 0.00012 | lle 0.00000 | geo 0.90048 | metric 0.00000 | r 0.2022 | R² 0.0407 | eta 01:21
[006] train loss 0.02271 | recon 0.02093 | kl 0.00078 | smooth 0.00000 | trans 0.00018 | lle 0.00000 | geo 0.88971 | metric 0.00000 | beta 0.000
      valid loss 0.01860 | recon 0.01722 | kl 0.00075 | smooth 0.00000 | trans 0.00012 | lle 0.00000 | geo 0.68845 | metric 0.00000 | r 0.2024 | R² 0.0410 | eta 01:19
[007] train loss 0.02356 | recon 0.02116 | kl 0.00073 | smooth 0.00000 | trans 0.00018 | lle 0.00000 | geo 1.03078 | metric 0.00000 | beta 0.000
      valid loss 0.01896 | recon 0.01723 | kl 0.00072 | smooth 0.00000 | trans 0.00012 | lle 0.00000 | geo 0.73933 | metric 0.00000 | r 0.2021 | R² 0.0408 | eta 01:17
[008] train loss 0.02387 | recon 0.02116 | kl 0.00070 | smooth 0.00000 | trans 0.00018 | lle 0.00000 | geo 1.01630 | metric 0.00000 | beta 0.000
      valid loss 0.01909 | recon 0.01722 | kl 0.00069 | smooth 0.00000 | trans 0.00012 | lle 0.00000 | geo 0.70145 | metric 0.00000 | r 0.2043 | R² 0.0417 | eta 01:15
[009] train loss 0.02386 | recon 0.02129 | kl 0.00068 | smooth 0.00000 | trans 0.00018 | lle 0.00000 | geo 0.85882 | metric 0.00000 | beta 0.000
      valid loss 0.02084 | recon 0.01724 | kl 0.00068 | smooth 0.00000 | trans 0.00012 | lle 0.00000 | geo 1.20061 | metric 0.00000 | r 0.2023 | R² 0.0409 | eta 01:14
[010] train loss 0.02351 | recon 0.02080 | kl 0.00067 | smooth 0.00000 | trans 0.00018 | lle 0.00000 | geo 0.81574 | metric 0.00000 | beta 0.000
      valid loss 0.01957 | recon 0.01723 | kl 0.00066 | smooth 0.00000 | trans 0.00012 | lle 0.00000 | geo 0.70352 | metric 0.00000 | r 0.2024 | R² 0.0409 | eta 01:12
[011] train loss 0.02456 | recon 0.02129 | kl 0.00064 | smooth 0.00000 | trans 0.00018 | lle 0.00000 | geo 0.89338 | metric 0.00000 | beta 0.000
      valid loss 0.01928 | recon 0.01722 | kl 0.00064 | smooth 0.00000 | trans 0.00012 | lle 0.00000 | geo 0.56165 | metric 0.00000 | r 0.2043 | R² 0.0417 | eta 01:11
[012] train loss 0.02440 | recon 0.02092 | kl 0.00063 | smooth 0.00000 | trans 0.00017 | lle 0.00000 | geo 0.86986 | metric 0.00000 | beta 0.000
      valid loss 0.02001 | recon 0.01723 | kl 0.00062 | smooth 0.00000 | trans 0.00012 | lle 0.00000 | geo 0.69432 | metric 0.00000 | r 0.2012 | R² 0.0405 | eta 01:10
[013] train loss 0.02561 | recon 0.02081 | kl 0.00061 | smooth 0.00000 | trans 0.00017 | lle 0.00000 | geo 1.10680 | metric 0.00000 | beta 0.000
      valid loss 0.01989 | recon 0.01725 | kl 0.00061 | smooth 0.00000 | trans 0.00012 | lle 0.00000 | geo 0.60935 | metric 0.00000 | r 0.2008 | R² 0.0403 | eta 01:09
[014] train loss 0.02540 | recon 0.02086 | kl 0.00060 | smooth 0.00000 | trans 0.00017 | lle 0.00000 | geo 0.97313 | metric 0.00000 | beta 0.000
      valid loss 0.01953 | recon 0.01723 | kl 0.00060 | smooth 0.00000 | trans 0.00012 | lle 0.00000 | geo 0.49438 | metric 0.00000 | r 0.2023 | R² 0.0409 | eta 01:09
[015] train loss 0.02463 | recon 0.02128 | kl 0.00059 | smooth 0.00000 | trans 0.00018 | lle 0.00000 | geo 0.67172 | metric 0.00000 | beta 0.000
      valid loss 0.02010 | recon 0.01722 | kl 0.00059 | smooth 0.00000 | trans 0.00012 | lle 0.00000 | geo 0.57491 | metric 0.00000 | r 0.2037 | R² 0.0415 | eta 01:08
[016] train loss 0.02584 | recon 0.02110 | kl 0.00058 | smooth 0.00000 | trans 0.00018 | lle 0.00000 | geo 0.88774 | metric 0.00000 | beta 0.000
      valid loss 0.02031 | recon 0.01724 | kl 0.00058 | smooth 0.00000 | trans 0.00012 | lle 0.00000 | geo 0.57404 | metric 0.00000 | r 0.2012 | R² 0.0404 | eta 01:07
[017] train loss 0.02473 | recon 0.02112 | kl 0.00057 | smooth 0.00000 | trans 0.00018 | lle 0.00000 | geo 0.63729 | metric 0.00000 | beta 0.000
      valid loss 0.02071 | recon 0.01724 | kl 0.00056 | smooth 0.00000 | trans 0.00012 | lle 0.00000 | geo 0.61204 | metric 0.00000 | r 0.2018 | R² 0.0407 | eta 01:06
[018] train loss 0.02516 | recon 0.02164 | kl 0.00056 | smooth 0.00000 | trans 0.00018 | lle 0.00000 | geo 0.58542 | metric 0.00000 | beta 0.000
      valid loss 0.02019 | recon 0.01722 | kl 0.00056 | smooth 0.00000 | trans 0.00012 | lle 0.00000 | geo 0.49404 | metric 0.00000 | r 0.2024 | R² 0.0410 | eta 01:05
[019] train loss 0.02513 | recon 0.02120 | kl 0.00056 | smooth 0.00000 | trans 0.00018 | lle 0.00000 | geo 0.62057 | metric 0.00000 | beta 0.000
      valid loss 0.02075 | recon 0.01721 | kl 0.00055 | smooth 0.00000 | trans 0.00012 | lle 0.00000 | geo 0.55895 | metric 0.00000 | r 0.2043 | R² 0.0417 | eta 01:05
[020] train loss 0.02511 | recon 0.02123 | kl 0.00055 | smooth 0.00000 | trans 0.00018 | lle 0.00000 | geo 0.58190 | metric 0.00000 | beta 0.000
      valid loss 0.02130 | recon 0.01722 | kl 0.00054 | smooth 0.00000 | trans 0.00012 | lle 0.00000 | geo 0.61085 | metric 0.00000 | r 0.2035 | R² 0.0414 | eta 01:04
[021] train loss 0.02512 | recon 0.02124 | kl 0.00054 | smooth 0.00000 | trans 0.00018 | lle 0.00000 | geo 0.55530 | metric 0.00000 | beta 0.000
      valid loss 0.02072 | recon 0.01722 | kl 0.00053 | smooth 0.00000 | trans 0.00012 | lle 0.00000 | geo 0.50056 | metric 0.00000 | r 0.2042 | R² 0.0417 | eta 01:03
[022] train loss 0.02729 | recon 0.02134 | kl 0.00053 | smooth 0.00000 | trans 0.00017 | lle 0.00000 | geo 0.81218 | metric 0.00000 | beta 0.000
      valid loss 0.02160 | recon 0.01723 | kl 0.00054 | smooth 0.00000 | trans 0.00012 | lle 0.00000 | geo 0.59623 | metric 0.00000 | r 0.2033 | R² 0.0413 | eta 01:03
[023] train loss 0.02525 | recon 0.02093 | kl 0.00054 | smooth 0.00000 | trans 0.00017 | lle 0.00000 | geo 0.56361 | metric 0.00000 | beta 0.000
      valid loss 0.02078 | recon 0.01724 | kl 0.00054 | smooth 0.00000 | trans 0.00012 | lle 0.00000 | geo 0.46182 | metric 0.00000 | r 0.2025 | R² 0.0409 | eta 01:02
[024] train loss 0.02697 | recon 0.02145 | kl 0.00053 | smooth 0.00000 | trans 0.00018 | lle 0.00000 | geo 0.68903 | metric 0.00000 | beta 0.000
      valid loss 0.02121 | recon 0.01722 | kl 0.00053 | smooth 0.00000 | trans 0.00012 | lle 0.00000 | geo 0.49938 | metric 0.00000 | r 0.2038 | R² 0.0415 | eta 01:01
[025] train loss 0.02547 | recon 0.02120 | kl 0.00054 | smooth 0.00000 | trans 0.00018 | lle 0.00000 | geo 0.51167 | metric 0.00000 | beta 0.000
      valid loss 0.02150 | recon 0.01724 | kl 0.00055 | smooth 0.00000 | trans 0.00012 | lle 0.00000 | geo 0.51066 | metric 0.00000 | r 0.2022 | R² 0.0408 | eta 01:01
[026] train loss 0.02628 | recon 0.02134 | kl 0.00055 | smooth 0.00000 | trans 0.00018 | lle 0.00000 | geo 0.56953 | metric 0.00000 | beta 0.000
      valid loss 0.02261 | recon 0.01722 | kl 0.00056 | smooth 0.00000 | trans 0.00012 | lle 0.00000 | geo 0.62113 | metric 0.00000 | r 0.2038 | R² 0.0415 | eta 01:00
[027] train loss 0.02583 | recon 0.02119 | kl 0.00056 | smooth 0.00000 | trans 0.00018 | lle 0.00000 | geo 0.51610 | metric 0.00000 | beta 0.000
      valid loss 0.02140 | recon 0.01724 | kl 0.00056 | smooth 0.00000 | trans 0.00012 | lle 0.00000 | geo 0.46279 | metric 0.00000 | r 0.2032 | R² 0.0412 | eta 01:00
[028] train loss 0.02689 | recon 0.02134 | kl 0.00057 | smooth 0.00000 | trans 0.00018 | lle 0.00000 | geo 0.59525 | metric 0.00000 | beta 0.000
      valid loss 0.02171 | recon 0.01722 | kl 0.00058 | smooth 0.00000 | trans 0.00012 | lle 0.00000 | geo 0.48144 | metric 0.00000 | r 0.2045 | R² 0.0418 | eta 01:00
[029] train loss 0.02681 | recon 0.02131 | kl 0.00058 | smooth 0.00000 | trans 0.00018 | lle 0.00000 | geo 0.56879 | metric 0.00000 | beta 0.000
      valid loss 0.02384 | recon 0.01722 | kl 0.00058 | smooth 0.00000 | trans 0.00012 | lle 0.00000 | geo 0.68404 | metric 0.00000 | r 0.2044 | R² 0.0418 | eta 00:59
[030] train loss 0.02715 | recon 0.02130 | kl 0.00058 | smooth 0.00000 | trans 0.00018 | lle 0.00000 | geo 0.58455 | metric 0.00000 | beta 0.000
      valid loss 0.02248 | recon 0.01722 | kl 0.00058 | smooth 0.00000 | trans 0.00012 | lle 0.00000 | geo 0.52630 | metric 0.00000 | r 0.2050 | R² 0.0420 | eta 00:59
[031] train loss 0.02574 | recon 0.02105 | kl 0.00057 | smooth 0.00000 | trans 0.00018 | lle 0.00000 | geo 0.46883 | metric 0.00000 | beta 0.000
      valid loss 0.02187 | recon 0.01722 | kl 0.00054 | smooth 0.00000 | trans 0.00012 | lle 0.00000 | geo 0.46524 | metric 0.00000 | r 0.2040 | R² 0.0416 | eta 00:58
[032] train loss 0.02639 | recon 0.02129 | kl 0.00051 | smooth 0.00000 | trans 0.00017 | lle 0.00000 | geo 0.50961 | metric 0.00000 | beta 0.000
      valid loss 0.02174 | recon 0.01721 | kl 0.00050 | smooth 0.00000 | trans 0.00012 | lle 0.00000 | geo 0.45229 | metric 0.00000 | r 0.2039 | R² 0.0416 | eta 00:57
[033] train loss 0.02563 | recon 0.02104 | kl 0.00050 | smooth 0.00000 | trans 0.00017 | lle 0.00000 | geo 0.45906 | metric 0.00000 | beta 0.000
      valid loss 0.02253 | recon 0.01721 | kl 0.00052 | smooth 0.00000 | trans 0.00012 | lle 0.00000 | geo 0.53155 | metric 0.00000 | r 0.2049 | R² 0.0419 | eta 00:57
[034] train loss 0.02650 | recon 0.02151 | kl 0.00051 | smooth 0.00000 | trans 0.00018 | lle 0.00000 | geo 0.49803 | metric 0.00000 | beta 0.000
      valid loss 0.02217 | recon 0.01723 | kl 0.00051 | smooth 0.00000 | trans 0.00012 | lle 0.00000 | geo 0.49404 | metric 0.00000 | r 0.2039 | R² 0.0415 | eta 00:56
[035] train loss 0.02629 | recon 0.02117 | kl 0.00050 | smooth 0.00000 | trans 0.00018 | lle 0.00000 | geo 0.51126 | metric 0.00000 | beta 0.000
      valid loss 0.02449 | recon 0.01722 | kl 0.00048 | smooth 0.00000 | trans 0.00012 | lle 0.00000 | geo 0.72692 | metric 0.00000 | r 0.2031 | R² 0.0412 | eta 00:56
[036] train loss 0.02631 | recon 0.02100 | kl 0.00046 | smooth 0.00000 | trans 0.00018 | lle 0.00000 | geo 0.53138 | metric 0.00000 | beta 0.000
      valid loss 0.02278 | recon 0.01722 | kl 0.00046 | smooth 0.00000 | trans 0.00012 | lle 0.00000 | geo 0.55571 | metric 0.00000 | r 0.2031 | R² 0.0412 | eta 00:55
[037] train loss 0.02664 | recon 0.02095 | kl 0.00046 | smooth 0.00000 | trans 0.00017 | lle 0.00000 | geo 0.56938 | metric 0.00000 | beta 0.000
      valid loss 0.02485 | recon 0.01721 | kl 0.00046 | smooth 0.00000 | trans 0.00012 | lle 0.00000 | geo 0.76403 | metric 0.00000 | r 0.2039 | R² 0.0416 | eta 00:55
[038] train loss 0.02717 | recon 0.02123 | kl 0.00046 | smooth 0.00000 | trans 0.00018 | lle 0.00000 | geo 0.59419 | metric 0.00000 | beta 0.000
      valid loss 0.02222 | recon 0.01722 | kl 0.00047 | smooth 0.00000 | trans 0.00012 | lle 0.00000 | geo 0.50009 | metric 0.00000 | r 0.2039 | R² 0.0415 | eta 00:54
[039] train loss 0.02618 | recon 0.02094 | kl 0.00047 | smooth 0.00000 | trans 0.00018 | lle 0.00000 | geo 0.52358 | metric 0.00000 | beta 0.000
      valid loss 0.02419 | recon 0.01723 | kl 0.00047 | smooth 0.00000 | trans 0.00012 | lle 0.00000 | geo 0.69589 | metric 0.00000 | r 0.2041 | R² 0.0416 | eta 00:53
[040] train loss 0.02612 | recon 0.02126 | kl 0.00046 | smooth 0.00000 | trans 0.00017 | lle 0.00000 | geo 0.48531 | metric 0.00000 | beta 0.000
      valid loss 0.02244 | recon 0.01722 | kl 0.00047 | smooth 0.00000 | trans 0.00012 | lle 0.00000 | geo 0.52200 | metric 0.00000 | r 0.2045 | R² 0.0418 | eta 00:53
[041] train loss 0.02617 | recon 0.02128 | kl 0.00048 | smooth 0.00000 | trans 0.00017 | lle 0.00000 | geo 0.48867 | metric 0.00000 | beta 0.000
      valid loss 0.02240 | recon 0.01722 | kl 0.00048 | smooth 0.00000 | trans 0.00012 | lle 0.00000 | geo 0.51740 | metric 0.00000 | r 0.2037 | R² 0.0415 | eta 00:52
[042] train loss 0.02565 | recon 0.02115 | kl 0.00046 | smooth 0.00000 | trans 0.00018 | lle 0.00000 | geo 0.45015 | metric 0.00000 | beta 0.000
      valid loss 0.02255 | recon 0.01723 | kl 0.00047 | smooth 0.00000 | trans 0.00012 | lle 0.00000 | geo 0.53221 | metric 0.00000 | r 0.2040 | R² 0.0416 | eta 00:52
[043] train loss 0.02612 | recon 0.02139 | kl 0.00048 | smooth 0.00000 | trans 0.00018 | lle 0.00000 | geo 0.47322 | metric 0.00000 | beta 0.000
      valid loss 0.02268 | recon 0.01722 | kl 0.00047 | smooth 0.00000 | trans 0.00012 | lle 0.00000 | geo 0.54603 | metric 0.00000 | r 0.2038 | R² 0.0415 | eta 00:51
[044] train loss 0.02541 | recon 0.02110 | kl 0.00047 | smooth 0.00000 | trans 0.00018 | lle 0.00000 | geo 0.43050 | metric 0.00000 | beta 0.000
      valid loss 0.02192 | recon 0.01723 | kl 0.00045 | smooth 0.00000 | trans 0.00012 | lle 0.00000 | geo 0.46953 | metric 0.00000 | r 0.2041 | R² 0.0416 | eta 00:51
[045] train loss 0.02549 | recon 0.02116 | kl 0.00043 | smooth 0.00000 | trans 0.00018 | lle 0.00000 | geo 0.43346 | metric 0.00000 | beta 0.000
      valid loss 0.02238 | recon 0.01724 | kl 0.00041 | smooth 0.00000 | trans 0.00012 | lle 0.00000 | geo 0.51430 | metric 0.00000 | r 0.2026 | R² 0.0410 | eta 00:50
[046] train loss 0.02496 | recon 0.02100 | kl 0.00039 | smooth 0.00000 | trans 0.00017 | lle 0.00000 | geo 0.39609 | metric 0.00000 | beta 0.000
      valid loss 0.02201 | recon 0.01723 | kl 0.00038 | smooth 0.00000 | trans 0.00012 | lle 0.00000 | geo 0.47774 | metric 0.00000 | r 0.2035 | R² 0.0414 | eta 00:50
[047] train loss 0.02461 | recon 0.02081 | kl 0.00036 | smooth 0.00000 | trans 0.00018 | lle 0.00000 | geo 0.38021 | metric 0.00000 | beta 0.000
      valid loss 0.02225 | recon 0.01722 | kl 0.00032 | smooth 0.00000 | trans 0.00012 | lle 0.00000 | geo 0.50243 | metric 0.00000 | r 0.2035 | R² 0.0414 | eta 00:49
[048] train loss 0.02510 | recon 0.02085 | kl 0.00028 | smooth 0.00000 | trans 0.00017 | lle 0.00000 | geo 0.42441 | metric 0.00000 | beta 0.000
      valid loss 0.02207 | recon 0.01722 | kl 0.00026 | smooth 0.00000 | trans 0.00012 | lle 0.00000 | geo 0.48499 | metric 0.00000 | r 0.2042 | R² 0.0417 | eta 00:49
[049] train loss 0.02470 | recon 0.02114 | kl 0.00024 | smooth 0.00000 | trans 0.00018 | lle 0.00000 | geo 0.35581 | metric 0.00000 | beta 0.000
      valid loss 0.02228 | recon 0.01723 | kl 0.00024 | smooth 0.00000 | trans 0.00012 | lle 0.00000 | geo 0.50493 | metric 0.00000 | r 0.2031 | R² 0.0412 | eta 00:48
[050] train loss 0.02471 | recon 0.02124 | kl 0.00023 | smooth 0.00000 | trans 0.00018 | lle 0.00000 | geo 0.34624 | metric 0.00000 | beta 0.000
      valid loss 0.02195 | recon 0.01721 | kl 0.00022 | smooth 0.00000 | trans 0.00012 | lle 0.00000 | geo 0.47375 | metric 0.00000 | r 0.2044 | R² 0.0418 | eta 00:47
[051] train loss 0.02443 | recon 0.02106 | kl 0.00021 | smooth 0.00000 | trans 0.00018 | lle 0.00000 | geo 0.33604 | metric 0.00000 | beta 0.000
      valid loss 0.02181 | recon 0.01723 | kl 0.00020 | smooth 0.00000 | trans 0.00012 | lle 0.00000 | geo 0.45879 | metric 0.00000 | r 0.2034 | R² 0.0413 | eta 00:47
[052] train loss 0.02409 | recon 0.02083 | kl 0.00020 | smooth 0.00000 | trans 0.00018 | lle 0.00000 | geo 0.32563 | metric 0.00000 | beta 0.000
      valid loss 0.02211 | recon 0.01723 | kl 0.00020 | smooth 0.00000 | trans 0.00012 | lle 0.00000 | geo 0.48809 | metric 0.00000 | r 0.2032 | R² 0.0413 | eta 00:46
[053] train loss 0.02433 | recon 0.02124 | kl 0.00019 | smooth 0.00000 | trans 0.00017 | lle 0.00000 | geo 0.30926 | metric 0.00000 | beta 0.000
      valid loss 0.02213 | recon 0.01723 | kl 0.00019 | smooth 0.00000 | trans 0.00012 | lle 0.00000 | geo 0.48953 | metric 0.00000 | r 0.2025 | R² 0.0410 | eta 00:46
[054] train loss 0.02431 | recon 0.02083 | kl 0.00019 | smooth 0.00000 | trans 0.00018 | lle 0.00000 | geo 0.34793 | metric 0.00000 | beta 0.000
      valid loss 0.02194 | recon 0.01724 | kl 0.00020 | smooth 0.00000 | trans 0.00012 | lle 0.00000 | geo 0.47063 | metric 0.00000 | r 0.2029 | R² 0.0412 | eta 00:46
[055] train loss 0.02453 | recon 0.02121 | kl 0.00021 | smooth 0.00000 | trans 0.00018 | lle 0.00000 | geo 0.33141 | metric 0.00000 | beta 0.000
      valid loss 0.02181 | recon 0.01723 | kl 0.00021 | smooth 0.00000 | trans 0.00012 | lle 0.00000 | geo 0.45826 | metric 0.00000 | r 0.2032 | R² 0.0412 | eta 00:45
[056] train loss 0.02479 | recon 0.02136 | kl 0.00019 | smooth 0.00000 | trans 0.00018 | lle 0.00000 | geo 0.34265 | metric 0.00000 | beta 0.000
      valid loss 0.02211 | recon 0.01722 | kl 0.00018 | smooth 0.00000 | trans 0.00012 | lle 0.00000 | geo 0.48854 | metric 0.00000 | r 0.2045 | R² 0.0418 | eta 00:45
[057] train loss 0.02558 | recon 0.02109 | kl 0.00017 | smooth 0.00000 | trans 0.00018 | lle 0.00000 | geo 0.44894 | metric 0.00000 | beta 0.000
      valid loss 0.02178 | recon 0.01723 | kl 0.00016 | smooth 0.00000 | trans 0.00012 | lle 0.00000 | geo 0.45546 | metric 0.00000 | r 0.2029 | R² 0.0411 | eta 00:44
[058] train loss 0.02487 | recon 0.02094 | kl 0.00016 | smooth 0.00000 | trans 0.00018 | lle 0.00000 | geo 0.39370 | metric 0.00000 | beta 0.000
      valid loss 0.02166 | recon 0.01723 | kl 0.00015 | smooth 0.00000 | trans 0.00012 | lle 0.00000 | geo 0.44292 | metric 0.00000 | r 0.2034 | R² 0.0413 | eta 00:44
[059] train loss 0.02506 | recon 0.02095 | kl 0.00015 | smooth 0.00000 | trans 0.00017 | lle 0.00000 | geo 0.41126 | metric 0.00000 | beta 0.000
      valid loss 0.02210 | recon 0.01722 | kl 0.00015 | smooth 0.00000 | trans 0.00012 | lle 0.00000 | geo 0.48806 | metric 0.00000 | r 0.2042 | R² 0.0417 | eta 00:43
[060] train loss 0.02470 | recon 0.02101 | kl 0.00015 | smooth 0.00000 | trans 0.00018 | lle 0.00000 | geo 0.36851 | metric 0.00000 | beta 0.000
      valid loss 0.02215 | recon 0.01722 | kl 0.00016 | smooth 0.00000 | trans 0.00012 | lle 0.00000 | geo 0.49295 | metric 0.00000 | r 0.2037 | R² 0.0415 | eta 00:43
[061] train loss 0.02451 | recon 0.02099 | kl 0.00015 | smooth 0.00000 | trans 0.00018 | lle 0.00000 | geo 0.35221 | metric 0.00000 | beta 0.000
      valid loss 0.02215 | recon 0.01722 | kl 0.00014 | smooth 0.00000 | trans 0.00012 | lle 0.00000 | geo 0.49245 | metric 0.00000 | r 0.2039 | R² 0.0416 | eta 00:42
[062] train loss 0.02425 | recon 0.02106 | kl 0.00013 | smooth 0.00000 | trans 0.00018 | lle 0.00000 | geo 0.31906 | metric 0.00000 | beta 0.000
      valid loss 0.02198 | recon 0.01722 | kl 0.00012 | smooth 0.00000 | trans 0.00012 | lle 0.00000 | geo 0.47574 | metric 0.00000 | r 0.2025 | R² 0.0410 | eta 00:42
[063] train loss 0.02469 | recon 0.02115 | kl 0.00011 | smooth 0.00000 | trans 0.00018 | lle 0.00000 | geo 0.35385 | metric 0.00000 | beta 0.000
      valid loss 0.02187 | recon 0.01722 | kl 0.00010 | smooth 0.00000 | trans 0.00012 | lle 0.00000 | geo 0.46447 | metric 0.00000 | r 0.2036 | R² 0.0414 | eta 00:41
[064] train loss 0.02488 | recon 0.02103 | kl 0.00010 | smooth 0.00000 | trans 0.00018 | lle 0.00000 | geo 0.38477 | metric 0.00000 | beta 0.000
      valid loss 0.02194 | recon 0.01723 | kl 0.00011 | smooth 0.00000 | trans 0.00012 | lle 0.00000 | geo 0.47098 | metric 0.00000 | r 0.2031 | R² 0.0412 | eta 00:41
[065] train loss 0.02481 | recon 0.02107 | kl 0.00013 | smooth 0.00000 | trans 0.00018 | lle 0.00000 | geo 0.37346 | metric 0.00000 | beta 0.000
      valid loss 0.02197 | recon 0.01722 | kl 0.00015 | smooth 0.00000 | trans 0.00012 | lle 0.00000 | geo 0.47433 | metric 0.00000 | r 0.2037 | R² 0.0415 | eta 00:40
[066] train loss 0.02435 | recon 0.02099 | kl 0.00017 | smooth 0.00000 | trans 0.00017 | lle 0.00000 | geo 0.33621 | metric 0.00000 | beta 0.000
      valid loss 0.02183 | recon 0.01724 | kl 0.00018 | smooth 0.00000 | trans 0.00012 | lle 0.00000 | geo 0.45971 | metric 0.00000 | r 0.2032 | R² 0.0413 | eta 00:40
[067] train loss 0.02429 | recon 0.02124 | kl 0.00018 | smooth 0.00000 | trans 0.00018 | lle 0.00000 | geo 0.30483 | metric 0.00000 | beta 0.000
      valid loss 0.02201 | recon 0.01721 | kl 0.00018 | smooth 0.00000 | trans 0.00012 | lle 0.00000 | geo 0.47961 | metric 0.00000 | r 0.2042 | R² 0.0417 | eta 00:39
[068] train loss 0.02409 | recon 0.02092 | kl 0.00019 | smooth 0.00000 | trans 0.00018 | lle 0.00000 | geo 0.31668 | metric 0.00000 | beta 0.000
      valid loss 0.02169 | recon 0.01721 | kl 0.00020 | smooth 0.00000 | trans 0.00012 | lle 0.00000 | geo 0.44720 | metric 0.00000 | r 0.2042 | R² 0.0417 | eta 00:39
[069] train loss 0.02435 | recon 0.02141 | kl 0.00020 | smooth 0.00000 | trans 0.00017 | lle 0.00000 | geo 0.29352 | metric 0.00000 | beta 0.000
      valid loss 0.02186 | recon 0.01722 | kl 0.00021 | smooth 0.00000 | trans 0.00012 | lle 0.00000 | geo 0.46406 | metric 0.00000 | r 0.2038 | R² 0.0415 | eta 00:38
[070] train loss 0.02394 | recon 0.02116 | kl 0.00021 | smooth 0.00000 | trans 0.00017 | lle 0.00000 | geo 0.27843 | metric 0.00000 | beta 0.000
      valid loss 0.02159 | recon 0.01721 | kl 0.00021 | smooth 0.00000 | trans 0.00012 | lle 0.00000 | geo 0.43822 | metric 0.00000 | r 0.2045 | R² 0.0418 | eta 00:38
[071] train loss 0.02415 | recon 0.02135 | kl 0.00021 | smooth 0.00000 | trans 0.00018 | lle 0.00000 | geo 0.28021 | metric 0.00000 | beta 0.000
      valid loss 0.02163 | recon 0.01722 | kl 0.00022 | smooth 0.00000 | trans 0.00012 | lle 0.00000 | geo 0.44144 | metric 0.00000 | r 0.2042 | R² 0.0417 | eta 00:37
[072] train loss 0.02407 | recon 0.02082 | kl 0.00022 | smooth 0.00000 | trans 0.00017 | lle 0.00000 | geo 0.32432 | metric 0.00000 | beta 0.000
      valid loss 0.02164 | recon 0.01722 | kl 0.00022 | smooth 0.00000 | trans 0.00012 | lle 0.00000 | geo 0.44165 | metric 0.00000 | r 0.2036 | R² 0.0414 | eta 00:37
[073] train loss 0.02476 | recon 0.02124 | kl 0.00020 | smooth 0.00000 | trans 0.00018 | lle 0.00000 | geo 0.35280 | metric 0.00000 | beta 0.000
      valid loss 0.02154 | recon 0.01722 | kl 0.00018 | smooth 0.00000 | trans 0.00012 | lle 0.00000 | geo 0.43200 | metric 0.00000 | r 0.2032 | R² 0.0413 | eta 00:37
[074] train loss 0.02510 | recon 0.02112 | kl 0.00016 | smooth 0.00000 | trans 0.00018 | lle 0.00000 | geo 0.39773 | metric 0.00000 | beta 0.000
      valid loss 0.02185 | recon 0.01723 | kl 0.00014 | smooth 0.00000 | trans 0.00012 | lle 0.00000 | geo 0.46180 | metric 0.00000 | r 0.2028 | R² 0.0411 | eta 00:36
[075] train loss 0.02455 | recon 0.02106 | kl 0.00014 | smooth 0.00000 | trans 0.00017 | lle 0.00000 | geo 0.34909 | metric 0.00000 | beta 0.000
      valid loss 0.02170 | recon 0.01723 | kl 0.00012 | smooth 0.00000 | trans 0.00012 | lle 0.00000 | geo 0.44729 | metric 0.00000 | r 0.2037 | R² 0.0414 | eta 00:36
[076] train loss 0.02441 | recon 0.02085 | kl 0.00012 | smooth 0.00000 | trans 0.00018 | lle 0.00000 | geo 0.35593 | metric 0.00000 | beta 0.000
      valid loss 0.02198 | recon 0.01723 | kl 0.00012 | smooth 0.00000 | trans 0.00012 | lle 0.00000 | geo 0.47544 | metric 0.00000 | r 0.2037 | R² 0.0415 | eta 00:35
[077] train loss 0.02452 | recon 0.02097 | kl 0.00011 | smooth 0.00000 | trans 0.00017 | lle 0.00000 | geo 0.35563 | metric 0.00000 | beta 0.000
      valid loss 0.02181 | recon 0.01721 | kl 0.00011 | smooth 0.00000 | trans 0.00012 | lle 0.00000 | geo 0.45904 | metric 0.00000 | r 0.2039 | R² 0.0416 | eta 00:35
[078] train loss 0.02418 | recon 0.02090 | kl 0.00011 | smooth 0.00000 | trans 0.00017 | lle 0.00000 | geo 0.32707 | metric 0.00000 | beta 0.000
      valid loss 0.02235 | recon 0.01722 | kl 0.00012 | smooth 0.00000 | trans 0.00012 | lle 0.00000 | geo 0.51302 | metric 0.00000 | r 0.2038 | R² 0.0415 | eta 00:34
[079] train loss 0.02439 | recon 0.02104 | kl 0.00012 | smooth 0.00000 | trans 0.00018 | lle 0.00000 | geo 0.33403 | metric 0.00000 | beta 0.000
      valid loss 0.02196 | recon 0.01721 | kl 0.00012 | smooth 0.00000 | trans 0.00012 | lle 0.00000 | geo 0.47544 | metric 0.00000 | r 0.2047 | R² 0.0419 | eta 00:34
[080] train loss 0.02408 | recon 0.02098 | kl 0.00012 | smooth 0.00000 | trans 0.00018 | lle 0.00000 | geo 0.31004 | metric 0.00000 | beta 0.000
      valid loss 0.02193 | recon 0.01722 | kl 0.00013 | smooth 0.00000 | trans 0.00012 | lle 0.00000 | geo 0.47118 | metric 0.00000 | r 0.2035 | R² 0.0414 | eta 00:33
[081] train loss 0.02393 | recon 0.02103 | kl 0.00014 | smooth 0.00000 | trans 0.00018 | lle 0.00000 | geo 0.28985 | metric 0.00000 | beta 0.000
      valid loss 0.02213 | recon 0.01722 | kl 0.00014 | smooth 0.00000 | trans 0.00012 | lle 0.00000 | geo 0.49045 | metric 0.00000 | r 0.2039 | R² 0.0415 | eta 00:33
[082] train loss 0.02475 | recon 0.02112 | kl 0.00012 | smooth 0.00000 | trans 0.00018 | lle 0.00000 | geo 0.36250 | metric 0.00000 | beta 0.000
      valid loss 0.02198 | recon 0.01722 | kl 0.00010 | smooth 0.00000 | trans 0.00012 | lle 0.00000 | geo 0.47535 | metric 0.00000 | r 0.2031 | R² 0.0413 | eta 00:32
[083] train loss 0.02412 | recon 0.02111 | kl 0.00010 | smooth 0.00000 | trans 0.00018 | lle 0.00000 | geo 0.30113 | metric 0.00000 | beta 0.000
      valid loss 0.02154 | recon 0.01722 | kl 0.00010 | smooth 0.00000 | trans 0.00012 | lle 0.00000 | geo 0.43174 | metric 0.00000 | r 0.2032 | R² 0.0413 | eta 00:32
[084] train loss 0.02412 | recon 0.02120 | kl 0.00010 | smooth 0.00000 | trans 0.00018 | lle 0.00000 | geo 0.29192 | metric 0.00000 | beta 0.000
      valid loss 0.02185 | recon 0.01722 | kl 0.00010 | smooth 0.00000 | trans 0.00012 | lle 0.00000 | geo 0.46295 | metric 0.00000 | r 0.2044 | R² 0.0418 | eta 00:31
[085] train loss 0.02412 | recon 0.02131 | kl 0.00010 | smooth 0.00000 | trans 0.00018 | lle 0.00000 | geo 0.28171 | metric 0.00000 | beta 0.000
      valid loss 0.02143 | recon 0.01722 | kl 0.00009 | smooth 0.00000 | trans 0.00012 | lle 0.00000 | geo 0.42180 | metric 0.00000 | r 0.2041 | R² 0.0416 | eta 00:31
[086] train loss 0.02385 | recon 0.02106 | kl 0.00009 | smooth 0.00000 | trans 0.00018 | lle 0.00000 | geo 0.27886 | metric 0.00000 | beta 0.000
      valid loss 0.02168 | recon 0.01722 | kl 0.00009 | smooth 0.00000 | trans 0.00012 | lle 0.00000 | geo 0.44579 | metric 0.00000 | r 0.2034 | R² 0.0414 | eta 00:30
[087] train loss 0.02404 | recon 0.02105 | kl 0.00009 | smooth 0.00000 | trans 0.00018 | lle 0.00000 | geo 0.29949 | metric 0.00000 | beta 0.000
      valid loss 0.02183 | recon 0.01722 | kl 0.00009 | smooth 0.00000 | trans 0.00012 | lle 0.00000 | geo 0.46082 | metric 0.00000 | r 0.2038 | R² 0.0415 | eta 00:30
[088] train loss 0.02395 | recon 0.02099 | kl 0.00010 | smooth 0.00000 | trans 0.00018 | lle 0.00000 | geo 0.29608 | metric 0.00000 | beta 0.000
      valid loss 0.02262 | recon 0.01722 | kl 0.00011 | smooth 0.00000 | trans 0.00012 | lle 0.00000 | geo 0.53949 | metric 0.00000 | r 0.2032 | R² 0.0413 | eta 00:29
[089] train loss 0.02413 | recon 0.02103 | kl 0.00012 | smooth 0.00000 | trans 0.00017 | lle 0.00000 | geo 0.30941 | metric 0.00000 | beta 0.000
      valid loss 0.02194 | recon 0.01722 | kl 0.00012 | smooth 0.00000 | trans 0.00012 | lle 0.00000 | geo 0.47138 | metric 0.00000 | r 0.2038 | R² 0.0415 | eta 00:29
[090] train loss 0.02404 | recon 0.02108 | kl 0.00012 | smooth 0.00000 | trans 0.00018 | lle 0.00000 | geo 0.29572 | metric 0.00000 | beta 0.000
      valid loss 0.02142 | recon 0.01722 | kl 0.00013 | smooth 0.00000 | trans 0.00012 | lle 0.00000 | geo 0.41939 | metric 0.00000 | r 0.2034 | R² 0.0413 | eta 00:28
[091] train loss 0.02395 | recon 0.02111 | kl 0.00013 | smooth 0.00000 | trans 0.00018 | lle 0.00000 | geo 0.28429 | metric 0.00000 | beta 0.000
      valid loss 0.02192 | recon 0.01723 | kl 0.00013 | smooth 0.00000 | trans 0.00012 | lle 0.00000 | geo 0.46894 | metric 0.00000 | r 0.2025 | R² 0.0410 | eta 00:28
[092] train loss 0.02412 | recon 0.02108 | kl 0.00013 | smooth 0.00000 | trans 0.00018 | lle 0.00000 | geo 0.30409 | metric 0.00000 | beta 0.000
      valid loss 0.02145 | recon 0.01722 | kl 0.00013 | smooth 0.00000 | trans 0.00012 | lle 0.00000 | geo 0.42231 | metric 0.00000 | r 0.2035 | R² 0.0414 | eta 00:27
[093] train loss 0.02459 | recon 0.02114 | kl 0.00013 | smooth 0.00000 | trans 0.00018 | lle 0.00000 | geo 0.34447 | metric 0.00000 | beta 0.000
      valid loss 0.02137 | recon 0.01723 | kl 0.00012 | smooth 0.00000 | trans 0.00012 | lle 0.00000 | geo 0.41382 | metric 0.00000 | r 0.2030 | R² 0.0412 | eta 00:27
[094] train loss 0.02458 | recon 0.02102 | kl 0.00012 | smooth 0.00000 | trans 0.00018 | lle 0.00000 | geo 0.35570 | metric 0.00000 | beta 0.000
      valid loss 0.02178 | recon 0.01722 | kl 0.00013 | smooth 0.00000 | trans 0.00012 | lle 0.00000 | geo 0.45604 | metric 0.00000 | r 0.2035 | R² 0.0414 | eta 00:26
[095] train loss 0.02399 | recon 0.02106 | kl 0.00013 | smooth 0.00000 | trans 0.00018 | lle 0.00000 | geo 0.29330 | metric 0.00000 | beta 0.000
      valid loss 0.02135 | recon 0.01722 | kl 0.00011 | smooth 0.00000 | trans 0.00012 | lle 0.00000 | geo 0.41291 | metric 0.00000 | r 0.2031 | R² 0.0412 | eta 00:26
[096] train loss 0.02398 | recon 0.02110 | kl 0.00011 | smooth 0.00000 | trans 0.00018 | lle 0.00000 | geo 0.28751 | metric 0.00000 | beta 0.000
      valid loss 0.02141 | recon 0.01724 | kl 0.00012 | smooth 0.00000 | trans 0.00012 | lle 0.00000 | geo 0.41756 | metric 0.00000 | r 0.2025 | R² 0.0410 | eta 00:25
[097] train loss 0.02424 | recon 0.02119 | kl 0.00012 | smooth 0.00000 | trans 0.00018 | lle 0.00000 | geo 0.30438 | metric 0.00000 | beta 0.000
      valid loss 0.02100 | recon 0.01722 | kl 0.00011 | smooth 0.00000 | trans 0.00012 | lle 0.00000 | geo 0.37766 | metric 0.00000 | r 0.2040 | R² 0.0416 | eta 00:25
[098] train loss 0.02366 | recon 0.02114 | kl 0.00012 | smooth 0.00000 | trans 0.00018 | lle 0.00000 | geo 0.25210 | metric 0.00000 | beta 0.000
      valid loss 0.02130 | recon 0.01723 | kl 0.00012 | smooth 0.00000 | trans 0.00012 | lle 0.00000 | geo 0.40665 | metric 0.00000 | r 0.2028 | R² 0.0411 | eta 00:24
[099] train loss 0.02349 | recon 0.02100 | kl 0.00011 | smooth 0.00000 | trans 0.00018 | lle 0.00000 | geo 0.24950 | metric 0.00000 | beta 0.000
      valid loss 0.02140 | recon 0.01722 | kl 0.00011 | smooth 0.00000 | trans 0.00012 | lle 0.00000 | geo 0.41784 | metric 0.00000 | r 0.2037 | R² 0.0415 | eta 00:24
[100] train loss 0.02375 | recon 0.02127 | kl 0.00011 | smooth 0.00000 | trans 0.00018 | lle 0.00000 | geo 0.24791 | metric 0.00000 | beta 0.000
      valid loss 0.02120 | recon 0.01723 | kl 0.00011 | smooth 0.00000 | trans 0.00012 | lle 0.00000 | geo 0.39730 | metric 0.00000 | r 0.2031 | R² 0.0412 | eta 00:23
[101] train loss 0.02362 | recon 0.02131 | kl 0.00012 | smooth 0.00000 | trans 0.00018 | lle 0.00000 | geo 0.23093 | metric 0.00000 | beta 0.000
      valid loss 0.02105 | recon 0.01722 | kl 0.00012 | smooth 0.00000 | trans 0.00012 | lle 0.00000 | geo 0.38284 | metric 0.00000 | r 0.2040 | R² 0.0416 | eta 00:23
[102] train loss 0.02340 | recon 0.02090 | kl 0.00012 | smooth 0.00000 | trans 0.00018 | lle 0.00000 | geo 0.25040 | metric 0.00000 | beta 0.000
      valid loss 0.02109 | recon 0.01723 | kl 0.00012 | smooth 0.00000 | trans 0.00012 | lle 0.00000 | geo 0.38620 | metric 0.00000 | r 0.2035 | R² 0.0414 | eta 00:22
[103] train loss 0.02372 | recon 0.02136 | kl 0.00012 | smooth 0.00000 | trans 0.00018 | lle 0.00000 | geo 0.23572 | metric 0.00000 | beta 0.000
      valid loss 0.02110 | recon 0.01721 | kl 0.00011 | smooth 0.00000 | trans 0.00012 | lle 0.00000 | geo 0.38932 | metric 0.00000 | r 0.2042 | R² 0.0417 | eta 00:22
[104] train loss 0.02367 | recon 0.02094 | kl 0.00009 | smooth 0.00000 | trans 0.00018 | lle 0.00000 | geo 0.27332 | metric 0.00000 | beta 0.000
      valid loss 0.02079 | recon 0.01722 | kl 0.00008 | smooth 0.00000 | trans 0.00012 | lle 0.00000 | geo 0.35679 | metric 0.00000 | r 0.2044 | R² 0.0417 | eta 00:21
[105] train loss 0.02422 | recon 0.02134 | kl 0.00007 | smooth 0.00000 | trans 0.00018 | lle 0.00000 | geo 0.28759 | metric 0.00000 | beta 0.000
      valid loss 0.02119 | recon 0.01723 | kl 0.00007 | smooth 0.00000 | trans 0.00012 | lle 0.00000 | geo 0.39591 | metric 0.00000 | r 0.2034 | R² 0.0413 | eta 00:21
[106] train loss 0.02338 | recon 0.02090 | kl 0.00007 | smooth 0.00000 | trans 0.00018 | lle 0.00000 | geo 0.24837 | metric 0.00000 | beta 0.000
      valid loss 0.02103 | recon 0.01722 | kl 0.00006 | smooth 0.00000 | trans 0.00012 | lle 0.00000 | geo 0.38059 | metric 0.00000 | r 0.2029 | R² 0.0411 | eta 00:21
[107] train loss 0.02385 | recon 0.02134 | kl 0.00006 | smooth 0.00000 | trans 0.00018 | lle 0.00000 | geo 0.25130 | metric 0.00000 | beta 0.000
      valid loss 0.02115 | recon 0.01722 | kl 0.00006 | smooth 0.00000 | trans 0.00012 | lle 0.00000 | geo 0.39241 | metric 0.00000 | r 0.2027 | R² 0.0411 | eta 00:20
[108] train loss 0.02356 | recon 0.02124 | kl 0.00006 | smooth 0.00000 | trans 0.00018 | lle 0.00000 | geo 0.23187 | metric 0.00000 | beta 0.000
      valid loss 0.02111 | recon 0.01721 | kl 0.00006 | smooth 0.00000 | trans 0.00012 | lle 0.00000 | geo 0.38908 | metric 0.00000 | r 0.2037 | R² 0.0415 | eta 00:20
[109] train loss 0.02360 | recon 0.02095 | kl 0.00007 | smooth 0.00000 | trans 0.00018 | lle 0.00000 | geo 0.26410 | metric 0.00000 | beta 0.000
      valid loss 0.02082 | recon 0.01722 | kl 0.00007 | smooth 0.00000 | trans 0.00012 | lle 0.00000 | geo 0.35964 | metric 0.00000 | r 0.2032 | R² 0.0412 | eta 00:19
[110] train loss 0.02365 | recon 0.02118 | kl 0.00007 | smooth 0.00000 | trans 0.00018 | lle 0.00000 | geo 0.24690 | metric 0.00000 | beta 0.000
      valid loss 0.02127 | recon 0.01722 | kl 0.00006 | smooth 0.00000 | trans 0.00012 | lle 0.00000 | geo 0.40546 | metric 0.00000 | r 0.2036 | R² 0.0414 | eta 00:19
[111] train loss 0.02363 | recon 0.02119 | kl 0.00006 | smooth 0.00000 | trans 0.00018 | lle 0.00000 | geo 0.24423 | metric 0.00000 | beta 0.000
      valid loss 0.02130 | recon 0.01722 | kl 0.00006 | smooth 0.00000 | trans 0.00012 | lle 0.00000 | geo 0.40746 | metric 0.00000 | r 0.2037 | R² 0.0415 | eta 00:18
[112] train loss 0.02351 | recon 0.02123 | kl 0.00006 | smooth 0.00000 | trans 0.00017 | lle 0.00000 | geo 0.22821 | metric 0.00000 | beta 0.000
      valid loss 0.02121 | recon 0.01722 | kl 0.00006 | smooth 0.00000 | trans 0.00012 | lle 0.00000 | geo 0.39830 | metric 0.00000 | r 0.2026 | R² 0.0410 | eta 00:18
[113] train loss 0.02384 | recon 0.02119 | kl 0.00006 | smooth 0.00000 | trans 0.00018 | lle 0.00000 | geo 0.26455 | metric 0.00000 | beta 0.000
      valid loss 0.02129 | recon 0.01722 | kl 0.00006 | smooth 0.00000 | trans 0.00012 | lle 0.00000 | geo 0.40741 | metric 0.00000 | r 0.2039 | R² 0.0415 | eta 00:17
[114] train loss 0.02354 | recon 0.02122 | kl 0.00006 | smooth 0.00000 | trans 0.00017 | lle 0.00000 | geo 0.23231 | metric 0.00000 | beta 0.000
      valid loss 0.02084 | recon 0.01723 | kl 0.00006 | smooth 0.00000 | trans 0.00012 | lle 0.00000 | geo 0.36049 | metric 0.00000 | r 0.2033 | R² 0.0413 | eta 00:17
[115] train loss 0.02332 | recon 0.02108 | kl 0.00006 | smooth 0.00000 | trans 0.00018 | lle 0.00000 | geo 0.22346 | metric 0.00000 | beta 0.000
      valid loss 0.02114 | recon 0.01723 | kl 0.00005 | smooth 0.00000 | trans 0.00012 | lle 0.00000 | geo 0.39092 | metric 0.00000 | r 0.2026 | R² 0.0410 | eta 00:16
[116] train loss 0.02400 | recon 0.02148 | kl 0.00005 | smooth 0.00000 | trans 0.00018 | lle 0.00000 | geo 0.25219 | metric 0.00000 | beta 0.000
      valid loss 0.02092 | recon 0.01724 | kl 0.00005 | smooth 0.00000 | trans 0.00012 | lle 0.00000 | geo 0.36828 | metric 0.00000 | r 0.2024 | R² 0.0409 | eta 00:16
[117] train loss 0.02353 | recon 0.02114 | kl 0.00006 | smooth 0.00000 | trans 0.00017 | lle 0.00000 | geo 0.23929 | metric 0.00000 | beta 0.000
      valid loss 0.02130 | recon 0.01723 | kl 0.00006 | smooth 0.00000 | trans 0.00012 | lle 0.00000 | geo 0.40762 | metric 0.00000 | r 0.2037 | R² 0.0414 | eta 00:15
[118] train loss 0.02326 | recon 0.02098 | kl 0.00006 | smooth 0.00000 | trans 0.00018 | lle 0.00000 | geo 0.22773 | metric 0.00000 | beta 0.000
      valid loss 0.02134 | recon 0.01723 | kl 0.00006 | smooth 0.00000 | trans 0.00012 | lle 0.00000 | geo 0.41065 | metric 0.00000 | r 0.2029 | R² 0.0411 | eta 00:15
[119] train loss 0.02319 | recon 0.02099 | kl 0.00006 | smooth 0.00000 | trans 0.00018 | lle 0.00000 | geo 0.21923 | metric 0.00000 | beta 0.000
      valid loss 0.02115 | recon 0.01723 | kl 0.00006 | smooth 0.00000 | trans 0.00012 | lle 0.00000 | geo 0.39188 | metric 0.00000 | r 0.2027 | R² 0.0410 | eta 00:14
[120] train loss 0.02332 | recon 0.02115 | kl 0.00007 | smooth 0.00000 | trans 0.00018 | lle 0.00000 | geo 0.21697 | metric 0.00000 | beta 0.000
      valid loss 0.02101 | recon 0.01722 | kl 0.00007 | smooth 0.00000 | trans 0.00012 | lle 0.00000 | geo 0.37945 | metric 0.00000 | r 0.2039 | R² 0.0416 | eta 00:14
[121] train loss 0.02298 | recon 0.02084 | kl 0.00008 | smooth 0.00000 | trans 0.00017 | lle 0.00000 | geo 0.21414 | metric 0.00000 | beta 0.000
      valid loss 0.02087 | recon 0.01722 | kl 0.00009 | smooth 0.00000 | trans 0.00012 | lle 0.00000 | geo 0.36487 | metric 0.00000 | r 0.2035 | R² 0.0414 | eta 00:13
[122] train loss 0.02326 | recon 0.02118 | kl 0.00009 | smooth 0.00000 | trans 0.00018 | lle 0.00000 | geo 0.20778 | metric 0.00000 | beta 0.000
      valid loss 0.02092 | recon 0.01723 | kl 0.00009 | smooth 0.00000 | trans 0.00012 | lle 0.00000 | geo 0.36911 | metric 0.00000 | r 0.2037 | R² 0.0415 | eta 00:13
[123] train loss 0.02339 | recon 0.02097 | kl 0.00009 | smooth 0.00000 | trans 0.00018 | lle 0.00000 | geo 0.24258 | metric 0.00000 | beta 0.000
      valid loss 0.02114 | recon 0.01723 | kl 0.00010 | smooth 0.00000 | trans 0.00012 | lle 0.00000 | geo 0.39079 | metric 0.00000 | r 0.2032 | R² 0.0413 | eta 00:12
[124] train loss 0.02322 | recon 0.02101 | kl 0.00010 | smooth 0.00000 | trans 0.00018 | lle 0.00000 | geo 0.22052 | metric 0.00000 | beta 0.000
      valid loss 0.02091 | recon 0.01722 | kl 0.00010 | smooth 0.00000 | trans 0.00012 | lle 0.00000 | geo 0.36883 | metric 0.00000 | r 0.2037 | R² 0.0415 | eta 00:12
[125] train loss 0.02325 | recon 0.02109 | kl 0.00011 | smooth 0.00000 | trans 0.00017 | lle 0.00000 | geo 0.21577 | metric 0.00000 | beta 0.000
      valid loss 0.02126 | recon 0.01722 | kl 0.00011 | smooth 0.00000 | trans 0.00012 | lle 0.00000 | geo 0.40411 | metric 0.00000 | r 0.2035 | R² 0.0414 | eta 00:11
[126] train loss 0.02394 | recon 0.02089 | kl 0.00010 | smooth 0.00000 | trans 0.00018 | lle 0.00000 | geo 0.30509 | metric 0.00000 | beta 0.000
      valid loss 0.02119 | recon 0.01721 | kl 0.00009 | smooth 0.00000 | trans 0.00012 | lle 0.00000 | geo 0.39732 | metric 0.00000 | r 0.2042 | R² 0.0417 | eta 00:11
[127] train loss 0.02371 | recon 0.02131 | kl 0.00009 | smooth 0.00000 | trans 0.00018 | lle 0.00000 | geo 0.23990 | metric 0.00000 | beta 0.000
      valid loss 0.02115 | recon 0.01721 | kl 0.00009 | smooth 0.00000 | trans 0.00012 | lle 0.00000 | geo 0.39351 | metric 0.00000 | r 0.2041 | R² 0.0417 | eta 00:11
[128] train loss 0.02390 | recon 0.02146 | kl 0.00008 | smooth 0.00000 | trans 0.00018 | lle 0.00000 | geo 0.24386 | metric 0.00000 | beta 0.000
      valid loss 0.02080 | recon 0.01722 | kl 0.00008 | smooth 0.00000 | trans 0.00012 | lle 0.00000 | geo 0.35833 | metric 0.00000 | r 0.2039 | R² 0.0415 | eta 00:10
[129] train loss 0.02349 | recon 0.02113 | kl 0.00008 | smooth 0.00000 | trans 0.00018 | lle 0.00000 | geo 0.23585 | metric 0.00000 | beta 0.000
      valid loss 0.02099 | recon 0.01723 | kl 0.00007 | smooth 0.00000 | trans 0.00012 | lle 0.00000 | geo 0.37571 | metric 0.00000 | r 0.2026 | R² 0.0410 | eta 00:10
[130] train loss 0.02348 | recon 0.02109 | kl 0.00007 | smooth 0.00000 | trans 0.00018 | lle 0.00000 | geo 0.23902 | metric 0.00000 | beta 0.000
      valid loss 0.02084 | recon 0.01722 | kl 0.00007 | smooth 0.00000 | trans 0.00012 | lle 0.00000 | geo 0.36205 | metric 0.00000 | r 0.2036 | R² 0.0414 | eta 00:09
[131] train loss 0.02405 | recon 0.02126 | kl 0.00006 | smooth 0.00000 | trans 0.00018 | lle 0.00000 | geo 0.27934 | metric 0.00000 | beta 0.000
      valid loss 0.02123 | recon 0.01723 | kl 0.00005 | smooth 0.00000 | trans 0.00012 | lle 0.00000 | geo 0.39931 | metric 0.00000 | r 0.2029 | R² 0.0411 | eta 00:09
[132] train loss 0.02343 | recon 0.02108 | kl 0.00005 | smooth 0.00000 | trans 0.00017 | lle 0.00000 | geo 0.23509 | metric 0.00000 | beta 0.000
      valid loss 0.02095 | recon 0.01722 | kl 0.00005 | smooth 0.00000 | trans 0.00012 | lle 0.00000 | geo 0.37270 | metric 0.00000 | r 0.2036 | R² 0.0414 | eta 00:08
[133] train loss 0.02339 | recon 0.02120 | kl 0.00005 | smooth 0.00000 | trans 0.00018 | lle 0.00000 | geo 0.21895 | metric 0.00000 | beta 0.000
      valid loss 0.02101 | recon 0.01724 | kl 0.00005 | smooth 0.00000 | trans 0.00012 | lle 0.00000 | geo 0.37751 | metric 0.00000 | r 0.2028 | R² 0.0411 | eta 00:08
[134] train loss 0.02337 | recon 0.02103 | kl 0.00004 | smooth 0.00000 | trans 0.00017 | lle 0.00000 | geo 0.23437 | metric 0.00000 | beta 0.000
      valid loss 0.02069 | recon 0.01723 | kl 0.00004 | smooth 0.00000 | trans 0.00012 | lle 0.00000 | geo 0.34644 | metric 0.00000 | r 0.2031 | R² 0.0412 | eta 00:07
[135] train loss 0.02334 | recon 0.02107 | kl 0.00004 | smooth 0.00000 | trans 0.00018 | lle 0.00000 | geo 0.22664 | metric 0.00000 | beta 0.000
      valid loss 0.02076 | recon 0.01723 | kl 0.00004 | smooth 0.00000 | trans 0.00012 | lle 0.00000 | geo 0.35245 | metric 0.00000 | r 0.2029 | R² 0.0411 | eta 00:07
[136] train loss 0.02322 | recon 0.02117 | kl 0.00004 | smooth 0.00000 | trans 0.00019 | lle 0.00000 | geo 0.20480 | metric 0.00000 | beta 0.000
      valid loss 0.02081 | recon 0.01722 | kl 0.00004 | smooth 0.00000 | trans 0.00012 | lle 0.00000 | geo 0.35963 | metric 0.00000 | r 0.2035 | R² 0.0414 | eta 00:06
[137] train loss 0.02316 | recon 0.02118 | kl 0.00003 | smooth 0.00000 | trans 0.00017 | lle 0.00000 | geo 0.19771 | metric 0.00000 | beta 0.000
      valid loss 0.02076 | recon 0.01723 | kl 0.00002 | smooth 0.00000 | trans 0.00012 | lle 0.00000 | geo 0.35341 | metric 0.00000 | r 0.2022 | R² 0.0408 | eta 00:06
[138] train loss 0.02311 | recon 0.02085 | kl 0.00003 | smooth 0.00000 | trans 0.00017 | lle 0.00000 | geo 0.22661 | metric 0.00000 | beta 0.000
      valid loss 0.02088 | recon 0.01722 | kl 0.00004 | smooth 0.00000 | trans 0.00012 | lle 0.00000 | geo 0.36628 | metric 0.00000 | r 0.2035 | R² 0.0414 | eta 00:05
[139] train loss 0.02321 | recon 0.02103 | kl 0.00005 | smooth 0.00000 | trans 0.00018 | lle 0.00000 | geo 0.21786 | metric 0.00000 | beta 0.000
      valid loss 0.02092 | recon 0.01723 | kl 0.00005 | smooth 0.00000 | trans 0.00012 | lle 0.00000 | geo 0.36869 | metric 0.00000 | r 0.2033 | R² 0.0413 | eta 00:05
[140] train loss 0.02297 | recon 0.02099 | kl 0.00005 | smooth 0.00000 | trans 0.00017 | lle 0.00000 | geo 0.19754 | metric 0.00000 | beta 0.000
      valid loss 0.02101 | recon 0.01722 | kl 0.00006 | smooth 0.00000 | trans 0.00012 | lle 0.00000 | geo 0.37836 | metric 0.00000 | r 0.2034 | R² 0.0413 | eta 00:04
[141] train loss 0.02293 | recon 0.02105 | kl 0.00005 | smooth 0.00000 | trans 0.00018 | lle 0.00000 | geo 0.18821 | metric 0.00000 | beta 0.000
      valid loss 0.02092 | recon 0.01722 | kl 0.00005 | smooth 0.00000 | trans 0.00012 | lle 0.00000 | geo 0.37050 | metric 0.00000 | r 0.2034 | R² 0.0414 | eta 00:04
[142] train loss 0.02305 | recon 0.02117 | kl 0.00006 | smooth 0.00000 | trans 0.00018 | lle 0.00000 | geo 0.18751 | metric 0.00000 | beta 0.000
      valid loss 0.02083 | recon 0.01722 | kl 0.00006 | smooth 0.00000 | trans 0.00012 | lle 0.00000 | geo 0.36069 | metric 0.00000 | r 0.2032 | R² 0.0413 | eta 00:03
[143] train loss 0.02315 | recon 0.02131 | kl 0.00006 | smooth 0.00000 | trans 0.00017 | lle 0.00000 | geo 0.18384 | metric 0.00000 | beta 0.000
      valid loss 0.02052 | recon 0.01723 | kl 0.00006 | smooth 0.00000 | trans 0.00012 | lle 0.00000 | geo 0.32875 | metric 0.00000 | r 0.2028 | R² 0.0411 | eta 00:03
[144] train loss 0.02283 | recon 0.02096 | kl 0.00006 | smooth 0.00000 | trans 0.00018 | lle 0.00000 | geo 0.18694 | metric 0.00000 | beta 0.000
      valid loss 0.02049 | recon 0.01723 | kl 0.00006 | smooth 0.00000 | trans 0.00012 | lle 0.00000 | geo 0.32582 | metric 0.00000 | r 0.2029 | R² 0.0411 | eta 00:02
[145] train loss 0.02289 | recon 0.02096 | kl 0.00006 | smooth 0.00000 | trans 0.00018 | lle 0.00000 | geo 0.19318 | metric 0.00000 | beta 0.000
      valid loss 0.02079 | recon 0.01723 | kl 0.00007 | smooth 0.00000 | trans 0.00012 | lle 0.00000 | geo 0.35624 | metric 0.00000 | r 0.2031 | R² 0.0412 | eta 00:02
[146] train loss 0.02329 | recon 0.02106 | kl 0.00007 | smooth 0.00000 | trans 0.00018 | lle 0.00000 | geo 0.22280 | metric 0.00000 | beta 0.000
      valid loss 0.02100 | recon 0.01722 | kl 0.00007 | smooth 0.00000 | trans 0.00012 | lle 0.00000 | geo 0.37825 | metric 0.00000 | r 0.2035 | R² 0.0414 | eta 00:01
[147] train loss 0.02378 | recon 0.02138 | kl 0.00008 | smooth 0.00000 | trans 0.00018 | lle 0.00000 | geo 0.23951 | metric 0.00000 | beta 0.000
      valid loss 0.02147 | recon 0.01722 | kl 0.00008 | smooth 0.00000 | trans 0.00012 | lle 0.00000 | geo 0.42512 | metric 0.00000 | r 0.2032 | R² 0.0413 | eta 00:01
[148] train loss 0.02354 | recon 0.02121 | kl 0.00008 | smooth 0.00000 | trans 0.00018 | lle 0.00000 | geo 0.23379 | metric 0.00000 | beta 0.000
      valid loss 0.02068 | recon 0.01723 | kl 0.00008 | smooth 0.00000 | trans 0.00012 | lle 0.00000 | geo 0.34524 | metric 0.00000 | r 0.2029 | R² 0.0412 | eta 00:00
[149] train loss 0.02385 | recon 0.02129 | kl 0.00008 | smooth 0.00000 | trans 0.00018 | lle 0.00000 | geo 0.25625 | metric 0.00000 | beta 0.000
      valid loss 0.02176 | recon 0.01722 | kl 0.00007 | smooth 0.00000 | trans 0.00012 | lle 0.00000 | geo 0.45319 | metric 0.00000 | r 0.2035 | R² 0.0414 | eta 00:00
[150] train loss 0.02361 | recon 0.02101 | kl 0.00006 | smooth 0.00000 | trans 0.00018 | lle 0.00000 | geo 0.26040 | metric 0.00000 | beta 0.000
      valid loss 0.02090 | recon 0.01723 | kl 0.00005 | smooth 0.00000 | trans 0.00012 | lle 0.00000 | geo 0.36690 | metric 0.00000 | r 0.2039 | R² 0.0416 | eta 00:00
/home/4429/envs/odevae/lib/python3.11/site-packages/sklearn/manifold/_mds.py:754: FutureWarning: The default value of `init` will change from 'random' to 'classical_mds' in 1.10. To suppress this warning, provide some value of `init`.
  warnings.warn(
/home/4429/envs/odevae/lib/python3.11/site-packages/sklearn/manifold/_mds.py:771: FutureWarning: The `dissimilarity` parameter is deprecated and will be removed in 1.10. Use `metric` instead.
  warnings.warn(
      wrote /home/4429/projects/Neural_VAE_ODE/runs/2026-05-27_194034_e5e3172/latent_manifold_mds.png
done.
experts.0.0.bias 2.274952448644285e-11
experts.0.2.bias -7.528642890974879e-05
experts.0.4.bias 0.00019487553799990565
experts.1.0.bias 1.6869781960249242e-10
experts.1.2.bias -4.1659270209493116e-05
experts.1.4.bias 0.0013529411517083645
experts.2.0.bias 2.844284807679287e-10
experts.2.2.bias -2.67185278062243e-05
experts.2.4.bias 0.0008368426351808012
experts.3.0.bias 2.5017474203359313e-11
experts.3.2.bias -7.952124724397436e-05
experts.3.4.bias 0.0020768865942955017
experts.4.0.bias 6.285333364886014e-11
experts.4.2.bias -2.3274958948604763e-05
experts.4.4.bias -0.0003629635612014681
experts.5.0.bias 3.30784913349369e-11
experts.5.2.bias 2.44064813159639e-06
experts.5.4.bias -0.000821830180939287
experts.6.0.bias 6.350081571682153e-11
experts.6.2.bias -3.984949580626562e-05
experts.6.4.bias -0.0019331281073391438
experts.7.0.bias 2.564610745992013e-10
experts.7.2.bias -3.055360139114782e-05
experts.7.4.bias -0.0013331652153283358
Saved run metadata → /home/4429/projects/Neural_VAE_ODE/runs/2026-05-27_194034_e5e3172/run_metadata.json
Final r: 0.2039
Final R²: 0.0416
Results logged to /home/4429/projects/Neural_VAE_ODE/src/training_results.txt
Exception ignored in: Exception ignored in sys.unraisablehook