Running script: v6_neural_vae.py
Loading configuration from /home/4429/projects/Neural_VAE_ODE/runs/2026-05-27_194945_3b42487/config.txt
Device: cuda
Train-std neuron filter: removed 4 train-silent neurons; kept 353 neurons (threshold=1e-07).
MIND split: train trials=163 | test trials=17
MIND neuron filter: removed 18 silent neurons; kept 357 active neurons.
Sequence alignment: position (Position); coordinate range 0.000-1.000
Model type: manifold_ae
[001] train loss 0.00735 | recon 0.00716 | kl 0.00282 | smooth 0.00000 | trans 0.00007 | lle 0.00000 | geo 0.56183 | metric 0.00000 | beta 0.000
      valid loss 0.00653 | recon 0.00633 | kl 0.00217 | smooth 0.00000 | trans 0.00005 | lle 0.00000 | geo 0.60669 | metric 0.00000 | r 0.1990 | R² 0.0396 | eta 01:28
      saved best checkpoint -> /home/4429/projects/Neural_VAE_ODE/runs/2026-05-27_194945_3b42487/ode_vae_best.pt
[002] train loss 0.00745 | recon 0.00709 | kl 0.00186 | smooth 0.00000 | trans 0.00007 | lle 0.00000 | geo 0.53791 | metric 0.00000 | beta 0.000
      valid loss 0.00678 | recon 0.00634 | kl 0.00169 | smooth 0.00000 | trans 0.00005 | lle 0.00000 | geo 0.65313 | metric 0.00000 | r 0.2023 | R² 0.0408 | eta 01:55
[003] train loss 0.00771 | recon 0.00710 | kl 0.00157 | smooth 0.00000 | trans 0.00007 | lle 0.00000 | geo 0.60917 | metric 0.00000 | beta 0.000
      valid loss 0.00696 | recon 0.00633 | kl 0.00146 | smooth 0.00000 | trans 0.00005 | lle 0.00000 | geo 0.63083 | metric 0.00000 | r 0.1975 | R² 0.0388 | eta 01:38
[004] train loss 0.00807 | recon 0.00716 | kl 0.00146 | smooth 0.00000 | trans 0.00007 | lle 0.00000 | geo 0.67837 | metric 0.00000 | beta 0.000
      valid loss 0.00725 | recon 0.00632 | kl 0.00135 | smooth 0.00000 | trans 0.00005 | lle 0.00000 | geo 0.69830 | metric 0.00000 | r 0.2010 | R² 0.0403 | eta 01:28
[005] train loss 0.00850 | recon 0.00708 | kl 0.00130 | smooth 0.00000 | trans 0.00007 | lle 0.00000 | geo 0.85121 | metric 0.00000 | beta 0.000
      valid loss 0.00752 | recon 0.00634 | kl 0.00128 | smooth 0.00000 | trans 0.00005 | lle 0.00000 | geo 0.70878 | metric 0.00000 | r 0.1994 | R² 0.0397 | eta 01:22
[006] train loss 0.00880 | recon 0.00711 | kl 0.00125 | smooth 0.00000 | trans 0.00007 | lle 0.00000 | geo 0.84432 | metric 0.00000 | beta 0.000
      valid loss 0.00779 | recon 0.00633 | kl 0.00124 | smooth 0.00000 | trans 0.00005 | lle 0.00000 | geo 0.72915 | metric 0.00000 | r 0.2022 | R² 0.0409 | eta 01:19
[007] train loss 0.00923 | recon 0.00706 | kl 0.00123 | smooth 0.00000 | trans 0.00007 | lle 0.00000 | geo 0.92881 | metric 0.00000 | beta 0.000
      valid loss 0.00794 | recon 0.00633 | kl 0.00120 | smooth 0.00000 | trans 0.00005 | lle 0.00000 | geo 0.69174 | metric 0.00000 | r 0.2004 | R² 0.0402 | eta 01:16
[008] train loss 0.00903 | recon 0.00707 | kl 0.00118 | smooth 0.00000 | trans 0.00007 | lle 0.00000 | geo 0.73240 | metric 0.00000 | beta 0.000
      valid loss 0.00837 | recon 0.00632 | kl 0.00114 | smooth 0.00000 | trans 0.00005 | lle 0.00000 | geo 0.76744 | metric 0.00000 | r 0.2014 | R² 0.0404 | eta 01:14
[009] train loss 0.00983 | recon 0.00704 | kl 0.00114 | smooth 0.00000 | trans 0.00007 | lle 0.00000 | geo 0.92768 | metric 0.00000 | beta 0.000
      valid loss 0.00844 | recon 0.00633 | kl 0.00114 | smooth 0.00000 | trans 0.00005 | lle 0.00000 | geo 0.70247 | metric 0.00000 | r 0.2013 | R² 0.0405 | eta 01:14
[010] train loss 0.01071 | recon 0.00710 | kl 0.00111 | smooth 0.00000 | trans 0.00007 | lle 0.00000 | geo 1.08366 | metric 0.00000 | beta 0.000
      valid loss 0.00856 | recon 0.00632 | kl 0.00113 | smooth 0.00000 | trans 0.00005 | lle 0.00000 | geo 0.67194 | metric 0.00000 | r 0.2027 | R² 0.0411 | eta 01:13
[011] train loss 0.01011 | recon 0.00711 | kl 0.00113 | smooth 0.00000 | trans 0.00007 | lle 0.00000 | geo 0.81837 | metric 0.00000 | beta 0.000
      valid loss 0.00819 | recon 0.00633 | kl 0.00109 | smooth 0.00000 | trans 0.00005 | lle 0.00000 | geo 0.50843 | metric 0.00000 | r 0.1998 | R² 0.0399 | eta 01:12
[012] train loss 0.00968 | recon 0.00696 | kl 0.00110 | smooth 0.00000 | trans 0.00007 | lle 0.00000 | geo 0.68151 | metric 0.00000 | beta 0.000
      valid loss 0.00836 | recon 0.00633 | kl 0.00109 | smooth 0.00000 | trans 0.00005 | lle 0.00000 | geo 0.50778 | metric 0.00000 | r 0.2018 | R² 0.0407 | eta 01:11
[013] train loss 0.00983 | recon 0.00709 | kl 0.00107 | smooth 0.00000 | trans 0.00007 | lle 0.00000 | geo 0.63216 | metric 0.00000 | beta 0.000
      valid loss 0.00830 | recon 0.00632 | kl 0.00107 | smooth 0.00000 | trans 0.00005 | lle 0.00000 | geo 0.45816 | metric 0.00000 | r 0.2038 | R² 0.0415 | eta 01:10
[014] train loss 0.01062 | recon 0.00703 | kl 0.00108 | smooth 0.00000 | trans 0.00007 | lle 0.00000 | geo 0.76914 | metric 0.00000 | beta 0.000
      valid loss 0.00897 | recon 0.00633 | kl 0.00108 | smooth 0.00000 | trans 0.00005 | lle 0.00000 | geo 0.56569 | metric 0.00000 | r 0.1992 | R² 0.0397 | eta 01:09
[015] train loss 0.01118 | recon 0.00702 | kl 0.00108 | smooth 0.00000 | trans 0.00007 | lle 0.00000 | geo 0.83345 | metric 0.00000 | beta 0.000
      valid loss 0.00994 | recon 0.00632 | kl 0.00108 | smooth 0.00000 | trans 0.00005 | lle 0.00000 | geo 0.72366 | metric 0.00000 | r 0.2012 | R² 0.0404 | eta 01:08
[016] train loss 0.01129 | recon 0.00716 | kl 0.00110 | smooth 0.00000 | trans 0.00007 | lle 0.00000 | geo 0.77546 | metric 0.00000 | beta 0.000
      valid loss 0.00906 | recon 0.00633 | kl 0.00113 | smooth 0.00000 | trans 0.00005 | lle 0.00000 | geo 0.51226 | metric 0.00000 | r 0.2022 | R² 0.0409 | eta 01:06
[017] train loss 0.01017 | recon 0.00704 | kl 0.00115 | smooth 0.00000 | trans 0.00007 | lle 0.00000 | geo 0.55301 | metric 0.00000 | beta 0.000
      valid loss 0.00887 | recon 0.00632 | kl 0.00115 | smooth 0.00000 | trans 0.00005 | lle 0.00000 | geo 0.45040 | metric 0.00000 | r 0.2049 | R² 0.0420 | eta 01:05
[018] train loss 0.01051 | recon 0.00709 | kl 0.00113 | smooth 0.00000 | trans 0.00007 | lle 0.00000 | geo 0.56853 | metric 0.00000 | beta 0.000
      valid loss 0.00966 | recon 0.00631 | kl 0.00107 | smooth 0.00000 | trans 0.00005 | lle 0.00000 | geo 0.55713 | metric 0.00000 | r 0.2048 | R² 0.0418 | eta 01:04
[019] train loss 0.01062 | recon 0.00714 | kl 0.00102 | smooth 0.00000 | trans 0.00007 | lle 0.00000 | geo 0.54894 | metric 0.00000 | beta 0.000
      valid loss 0.00939 | recon 0.00633 | kl 0.00099 | smooth 0.00000 | trans 0.00005 | lle 0.00000 | geo 0.48356 | metric 0.00000 | r 0.2031 | R² 0.0412 | eta 01:02
[020] train loss 0.00980 | recon 0.00701 | kl 0.00098 | smooth 0.00000 | trans 0.00007 | lle 0.00000 | geo 0.41905 | metric 0.00000 | beta 0.000
      valid loss 0.00993 | recon 0.00632 | kl 0.00097 | smooth 0.00000 | trans 0.00005 | lle 0.00000 | geo 0.54195 | metric 0.00000 | r 0.2036 | R² 0.0413 | eta 01:01
[021] train loss 0.01004 | recon 0.00705 | kl 0.00091 | smooth 0.00000 | trans 0.00007 | lle 0.00000 | geo 0.42662 | metric 0.00000 | beta 0.000
      valid loss 0.00944 | recon 0.00633 | kl 0.00085 | smooth 0.00000 | trans 0.00005 | lle 0.00000 | geo 0.44380 | metric 0.00000 | r 0.2015 | R² 0.0406 | eta 01:00
[022] train loss 0.01051 | recon 0.00710 | kl 0.00083 | smooth 0.00000 | trans 0.00007 | lle 0.00000 | geo 0.46519 | metric 0.00000 | beta 0.000
      valid loss 0.00980 | recon 0.00632 | kl 0.00082 | smooth 0.00000 | trans 0.00005 | lle 0.00000 | geo 0.47418 | metric 0.00000 | r 0.2038 | R² 0.0415 | eta 00:59
[023] train loss 0.01034 | recon 0.00711 | kl 0.00082 | smooth 0.00000 | trans 0.00007 | lle 0.00000 | geo 0.42180 | metric 0.00000 | beta 0.000
      valid loss 0.01036 | recon 0.00632 | kl 0.00084 | smooth 0.00000 | trans 0.00005 | lle 0.00000 | geo 0.52697 | metric 0.00000 | r 0.2020 | R² 0.0408 | eta 00:59
[024] train loss 0.01062 | recon 0.00699 | kl 0.00086 | smooth 0.00000 | trans 0.00007 | lle 0.00000 | geo 0.45376 | metric 0.00000 | beta 0.000
      valid loss 0.01075 | recon 0.00632 | kl 0.00084 | smooth 0.00000 | trans 0.00005 | lle 0.00000 | geo 0.55309 | metric 0.00000 | r 0.2028 | R² 0.0411 | eta 00:58
[025] train loss 0.01049 | recon 0.00702 | kl 0.00077 | smooth 0.00000 | trans 0.00007 | lle 0.00000 | geo 0.41618 | metric 0.00000 | beta 0.000
      valid loss 0.01084 | recon 0.00632 | kl 0.00071 | smooth 0.00000 | trans 0.00005 | lle 0.00000 | geo 0.54229 | metric 0.00000 | r 0.2036 | R² 0.0414 | eta 00:58
[026] train loss 0.01030 | recon 0.00703 | kl 0.00066 | smooth 0.00000 | trans 0.00007 | lle 0.00000 | geo 0.37805 | metric 0.00000 | beta 0.000
      valid loss 0.01037 | recon 0.00632 | kl 0.00064 | smooth 0.00000 | trans 0.00005 | lle 0.00000 | geo 0.46674 | metric 0.00000 | r 0.2019 | R² 0.0407 | eta 00:57
[027] train loss 0.01072 | recon 0.00710 | kl 0.00062 | smooth 0.00000 | trans 0.00007 | lle 0.00000 | geo 0.40232 | metric 0.00000 | beta 0.000
      valid loss 0.01211 | recon 0.00632 | kl 0.00059 | smooth 0.00000 | trans 0.00005 | lle 0.00000 | geo 0.64307 | metric 0.00000 | r 0.2029 | R² 0.0411 | eta 00:56
[028] train loss 0.01142 | recon 0.00693 | kl 0.00057 | smooth 0.00000 | trans 0.00007 | lle 0.00000 | geo 0.48105 | metric 0.00000 | beta 0.000
      valid loss 0.01161 | recon 0.00633 | kl 0.00053 | smooth 0.00000 | trans 0.00005 | lle 0.00000 | geo 0.56566 | metric 0.00000 | r 0.2028 | R² 0.0411 | eta 00:56
[029] train loss 0.01051 | recon 0.00716 | kl 0.00050 | smooth 0.00000 | trans 0.00007 | lle 0.00000 | geo 0.34643 | metric 0.00000 | beta 0.000
      valid loss 0.01070 | recon 0.00632 | kl 0.00047 | smooth 0.00000 | trans 0.00005 | lle 0.00000 | geo 0.45246 | metric 0.00000 | r 0.2022 | R² 0.0409 | eta 00:55
[030] train loss 0.01041 | recon 0.00700 | kl 0.00043 | smooth 0.00000 | trans 0.00007 | lle 0.00000 | geo 0.34071 | metric 0.00000 | beta 0.000
      valid loss 0.01092 | recon 0.00633 | kl 0.00038 | smooth 0.00000 | trans 0.00005 | lle 0.00000 | geo 0.45897 | metric 0.00000 | r 0.2032 | R² 0.0413 | eta 00:54
[031] train loss 0.01032 | recon 0.00697 | kl 0.00036 | smooth 0.00000 | trans 0.00007 | lle 0.00000 | geo 0.33571 | metric 0.00000 | beta 0.000
      valid loss 0.01210 | recon 0.00632 | kl 0.00033 | smooth 0.00000 | trans 0.00005 | lle 0.00000 | geo 0.57776 | metric 0.00000 | r 0.2020 | R² 0.0408 | eta 00:54
[032] train loss 0.01035 | recon 0.00714 | kl 0.00032 | smooth 0.00000 | trans 0.00007 | lle 0.00000 | geo 0.32022 | metric 0.00000 | beta 0.000
      valid loss 0.01111 | recon 0.00632 | kl 0.00030 | smooth 0.00000 | trans 0.00005 | lle 0.00000 | geo 0.47890 | metric 0.00000 | r 0.2037 | R² 0.0415 | eta 00:53
[033] train loss 0.01009 | recon 0.00706 | kl 0.00027 | smooth 0.00000 | trans 0.00007 | lle 0.00000 | geo 0.30355 | metric 0.00000 | beta 0.000
      valid loss 0.01096 | recon 0.00632 | kl 0.00026 | smooth 0.00000 | trans 0.00005 | lle 0.00000 | geo 0.46350 | metric 0.00000 | r 0.2045 | R² 0.0418 | eta 00:52
[034] train loss 0.01005 | recon 0.00705 | kl 0.00028 | smooth 0.00000 | trans 0.00007 | lle 0.00000 | geo 0.29936 | metric 0.00000 | beta 0.000
      valid loss 0.01219 | recon 0.00632 | kl 0.00027 | smooth 0.00000 | trans 0.00005 | lle 0.00000 | geo 0.58697 | metric 0.00000 | r 0.2022 | R² 0.0408 | eta 00:52
[035] train loss 0.01026 | recon 0.00696 | kl 0.00026 | smooth 0.00000 | trans 0.00007 | lle 0.00000 | geo 0.33020 | metric 0.00000 | beta 0.000
      valid loss 0.01126 | recon 0.00632 | kl 0.00028 | smooth 0.00000 | trans 0.00005 | lle 0.00000 | geo 0.49332 | metric 0.00000 | r 0.2030 | R² 0.0411 | eta 00:51
[036] train loss 0.01045 | recon 0.00704 | kl 0.00031 | smooth 0.00000 | trans 0.00007 | lle 0.00000 | geo 0.34123 | metric 0.00000 | beta 0.000
      valid loss 0.01117 | recon 0.00632 | kl 0.00035 | smooth 0.00000 | trans 0.00005 | lle 0.00000 | geo 0.48466 | metric 0.00000 | r 0.2030 | R² 0.0412 | eta 00:51
[037] train loss 0.01055 | recon 0.00712 | kl 0.00035 | smooth 0.00000 | trans 0.00007 | lle 0.00000 | geo 0.34289 | metric 0.00000 | beta 0.000
      valid loss 0.01103 | recon 0.00631 | kl 0.00037 | smooth 0.00000 | trans 0.00005 | lle 0.00000 | geo 0.47184 | metric 0.00000 | r 0.2039 | R² 0.0415 | eta 00:50
[038] train loss 0.01008 | recon 0.00704 | kl 0.00039 | smooth 0.00000 | trans 0.00007 | lle 0.00000 | geo 0.30400 | metric 0.00000 | beta 0.000
      valid loss 0.01114 | recon 0.00632 | kl 0.00041 | smooth 0.00000 | trans 0.00005 | lle 0.00000 | geo 0.48103 | metric 0.00000 | r 0.2032 | R² 0.0413 | eta 00:50
[039] train loss 0.01021 | recon 0.00702 | kl 0.00042 | smooth 0.00000 | trans 0.00007 | lle 0.00000 | geo 0.31880 | metric 0.00000 | beta 0.000
      valid loss 0.01188 | recon 0.00633 | kl 0.00043 | smooth 0.00000 | trans 0.00005 | lle 0.00000 | geo 0.55545 | metric 0.00000 | r 0.2023 | R² 0.0409 | eta 00:49
[040] train loss 0.00999 | recon 0.00698 | kl 0.00044 | smooth 0.00000 | trans 0.00007 | lle 0.00000 | geo 0.30159 | metric 0.00000 | beta 0.000
      valid loss 0.01145 | recon 0.00632 | kl 0.00044 | smooth 0.00000 | trans 0.00005 | lle 0.00000 | geo 0.51273 | metric 0.00000 | r 0.2027 | R² 0.0411 | eta 00:49
[041] train loss 0.01005 | recon 0.00709 | kl 0.00044 | smooth 0.00000 | trans 0.00007 | lle 0.00000 | geo 0.29567 | metric 0.00000 | beta 0.000
      valid loss 0.01027 | recon 0.00632 | kl 0.00043 | smooth 0.00000 | trans 0.00005 | lle 0.00000 | geo 0.39503 | metric 0.00000 | r 0.2024 | R² 0.0409 | eta 00:48
[042] train loss 0.00986 | recon 0.00708 | kl 0.00043 | smooth 0.00000 | trans 0.00007 | lle 0.00000 | geo 0.27771 | metric 0.00000 | beta 0.000
      valid loss 0.01076 | recon 0.00632 | kl 0.00042 | smooth 0.00000 | trans 0.00005 | lle 0.00000 | geo 0.44347 | metric 0.00000 | r 0.2026 | R² 0.0410 | eta 00:48
[043] train loss 0.00983 | recon 0.00705 | kl 0.00041 | smooth 0.00000 | trans 0.00007 | lle 0.00000 | geo 0.27786 | metric 0.00000 | beta 0.000
      valid loss 0.01211 | recon 0.00632 | kl 0.00041 | smooth 0.00000 | trans 0.00005 | lle 0.00000 | geo 0.57864 | metric 0.00000 | r 0.2036 | R² 0.0414 | eta 00:47
[044] train loss 0.00997 | recon 0.00708 | kl 0.00039 | smooth 0.00000 | trans 0.00007 | lle 0.00000 | geo 0.28921 | metric 0.00000 | beta 0.000
      valid loss 0.01224 | recon 0.00632 | kl 0.00035 | smooth 0.00000 | trans 0.00005 | lle 0.00000 | geo 0.59153 | metric 0.00000 | r 0.2043 | R² 0.0417 | eta 00:47
[045] train loss 0.00970 | recon 0.00699 | kl 0.00035 | smooth 0.00000 | trans 0.00007 | lle 0.00000 | geo 0.27166 | metric 0.00000 | beta 0.000
      valid loss 0.01035 | recon 0.00632 | kl 0.00036 | smooth 0.00000 | trans 0.00005 | lle 0.00000 | geo 0.40232 | metric 0.00000 | r 0.2029 | R² 0.0412 | eta 00:46
[046] train loss 0.00965 | recon 0.00702 | kl 0.00036 | smooth 0.00000 | trans 0.00007 | lle 0.00000 | geo 0.26214 | metric 0.00000 | beta 0.000
      valid loss 0.01122 | recon 0.00633 | kl 0.00033 | smooth 0.00000 | trans 0.00005 | lle 0.00000 | geo 0.48967 | metric 0.00000 | r 0.2030 | R² 0.0412 | eta 00:46
[047] train loss 0.00962 | recon 0.00712 | kl 0.00033 | smooth 0.00000 | trans 0.00007 | lle 0.00000 | geo 0.24978 | metric 0.00000 | beta 0.000
      valid loss 0.01114 | recon 0.00633 | kl 0.00033 | smooth 0.00000 | trans 0.00005 | lle 0.00000 | geo 0.48090 | metric 0.00000 | r 0.2021 | R² 0.0408 | eta 00:45
[048] train loss 0.00984 | recon 0.00708 | kl 0.00032 | smooth 0.00000 | trans 0.00007 | lle 0.00000 | geo 0.27617 | metric 0.00000 | beta 0.000
      valid loss 0.01084 | recon 0.00633 | kl 0.00031 | smooth 0.00000 | trans 0.00005 | lle 0.00000 | geo 0.45107 | metric 0.00000 | r 0.2009 | R² 0.0404 | eta 00:45
[049] train loss 0.00988 | recon 0.00700 | kl 0.00030 | smooth 0.00000 | trans 0.00007 | lle 0.00000 | geo 0.28802 | metric 0.00000 | beta 0.000
      valid loss 0.01173 | recon 0.00632 | kl 0.00032 | smooth 0.00000 | trans 0.00005 | lle 0.00000 | geo 0.54080 | metric 0.00000 | r 0.2047 | R² 0.0419 | eta 00:44
[050] train loss 0.00977 | recon 0.00706 | kl 0.00034 | smooth 0.00000 | trans 0.00007 | lle 0.00000 | geo 0.27154 | metric 0.00000 | beta 0.000
      valid loss 0.01049 | recon 0.00633 | kl 0.00036 | smooth 0.00000 | trans 0.00005 | lle 0.00000 | geo 0.41586 | metric 0.00000 | r 0.2019 | R² 0.0408 | eta 00:44
[051] train loss 0.00964 | recon 0.00702 | kl 0.00036 | smooth 0.00000 | trans 0.00007 | lle 0.00000 | geo 0.26149 | metric 0.00000 | beta 0.000
      valid loss 0.01130 | recon 0.00632 | kl 0.00034 | smooth 0.00000 | trans 0.00005 | lle 0.00000 | geo 0.49742 | metric 0.00000 | r 0.2031 | R² 0.0413 | eta 00:43
[052] train loss 0.00964 | recon 0.00702 | kl 0.00032 | smooth 0.00000 | trans 0.00007 | lle 0.00000 | geo 0.26168 | metric 0.00000 | beta 0.000
      valid loss 0.01055 | recon 0.00632 | kl 0.00029 | smooth 0.00000 | trans 0.00005 | lle 0.00000 | geo 0.42276 | metric 0.00000 | r 0.2028 | R² 0.0411 | eta 00:43
[053] train loss 0.00977 | recon 0.00707 | kl 0.00028 | smooth 0.00000 | trans 0.00007 | lle 0.00000 | geo 0.27023 | metric 0.00000 | beta 0.000
      valid loss 0.01234 | recon 0.00633 | kl 0.00028 | smooth 0.00000 | trans 0.00005 | lle 0.00000 | geo 0.60119 | metric 0.00000 | r 0.2022 | R² 0.0409 | eta 00:42
[054] train loss 0.00952 | recon 0.00699 | kl 0.00029 | smooth 0.00000 | trans 0.00007 | lle 0.00000 | geo 0.25209 | metric 0.00000 | beta 0.000
      valid loss 0.01012 | recon 0.00633 | kl 0.00029 | smooth 0.00000 | trans 0.00005 | lle 0.00000 | geo 0.37889 | metric 0.00000 | r 0.2027 | R² 0.0411 | eta 00:42
[055] train loss 0.00958 | recon 0.00706 | kl 0.00026 | smooth 0.00000 | trans 0.00007 | lle 0.00000 | geo 0.25213 | metric 0.00000 | beta 0.000
      valid loss 0.01133 | recon 0.00632 | kl 0.00023 | smooth 0.00000 | trans 0.00005 | lle 0.00000 | geo 0.50022 | metric 0.00000 | r 0.2034 | R² 0.0414 | eta 00:41
[056] train loss 0.00943 | recon 0.00698 | kl 0.00023 | smooth 0.00000 | trans 0.00007 | lle 0.00000 | geo 0.24513 | metric 0.00000 | beta 0.000
      valid loss 0.01233 | recon 0.00633 | kl 0.00021 | smooth 0.00000 | trans 0.00005 | lle 0.00000 | geo 0.60029 | metric 0.00000 | r 0.2025 | R² 0.0410 | eta 00:41
[057] train loss 0.00946 | recon 0.00702 | kl 0.00017 | smooth 0.00000 | trans 0.00007 | lle 0.00000 | geo 0.24424 | metric 0.00000 | beta 0.000
      valid loss 0.01290 | recon 0.00632 | kl 0.00015 | smooth 0.00000 | trans 0.00005 | lle 0.00000 | geo 0.65751 | metric 0.00000 | r 0.2034 | R² 0.0414 | eta 00:40
[058] train loss 0.00943 | recon 0.00701 | kl 0.00015 | smooth 0.00000 | trans 0.00007 | lle 0.00000 | geo 0.24124 | metric 0.00000 | beta 0.000
      valid loss 0.01070 | recon 0.00632 | kl 0.00015 | smooth 0.00000 | trans 0.00005 | lle 0.00000 | geo 0.43812 | metric 0.00000 | r 0.2037 | R² 0.0415 | eta 00:40
[059] train loss 0.00928 | recon 0.00705 | kl 0.00015 | smooth 0.00000 | trans 0.00007 | lle 0.00000 | geo 0.22277 | metric 0.00000 | beta 0.000
      valid loss 0.01070 | recon 0.00632 | kl 0.00015 | smooth 0.00000 | trans 0.00005 | lle 0.00000 | geo 0.43735 | metric 0.00000 | r 0.2038 | R² 0.0415 | eta 00:39
[060] train loss 0.00929 | recon 0.00705 | kl 0.00014 | smooth 0.00000 | trans 0.00007 | lle 0.00000 | geo 0.22395 | metric 0.00000 | beta 0.000
      valid loss 0.01151 | recon 0.00632 | kl 0.00013 | smooth 0.00000 | trans 0.00005 | lle 0.00000 | geo 0.51815 | metric 0.00000 | r 0.2036 | R² 0.0414 | eta 00:39
[061] train loss 0.00929 | recon 0.00700 | kl 0.00011 | smooth 0.00000 | trans 0.00007 | lle 0.00000 | geo 0.22949 | metric 0.00000 | beta 0.000
      valid loss 0.01113 | recon 0.00633 | kl 0.00010 | smooth 0.00000 | trans 0.00005 | lle 0.00000 | geo 0.48049 | metric 0.00000 | r 0.2027 | R² 0.0411 | eta 00:38
[062] train loss 0.00918 | recon 0.00707 | kl 0.00010 | smooth 0.00000 | trans 0.00007 | lle 0.00000 | geo 0.21152 | metric 0.00000 | beta 0.000
      valid loss 0.01090 | recon 0.00633 | kl 0.00010 | smooth 0.00000 | trans 0.00005 | lle 0.00000 | geo 0.45770 | metric 0.00000 | r 0.2024 | R² 0.0410 | eta 00:38
[063] train loss 0.00929 | recon 0.00711 | kl 0.00009 | smooth 0.00000 | trans 0.00007 | lle 0.00000 | geo 0.21790 | metric 0.00000 | beta 0.000
      valid loss 0.01116 | recon 0.00632 | kl 0.00009 | smooth 0.00000 | trans 0.00005 | lle 0.00000 | geo 0.48362 | metric 0.00000 | r 0.2036 | R² 0.0415 | eta 00:38
[064] train loss 0.00931 | recon 0.00703 | kl 0.00009 | smooth 0.00000 | trans 0.00007 | lle 0.00000 | geo 0.22748 | metric 0.00000 | beta 0.000
      valid loss 0.01125 | recon 0.00633 | kl 0.00009 | smooth 0.00000 | trans 0.00005 | lle 0.00000 | geo 0.49199 | metric 0.00000 | r 0.2029 | R² 0.0412 | eta 00:37
[065] train loss 0.00922 | recon 0.00692 | kl 0.00011 | smooth 0.00000 | trans 0.00007 | lle 0.00000 | geo 0.22981 | metric 0.00000 | beta 0.000
      valid loss 0.01109 | recon 0.00633 | kl 0.00013 | smooth 0.00000 | trans 0.00005 | lle 0.00000 | geo 0.47591 | metric 0.00000 | r 0.2029 | R² 0.0412 | eta 00:37
[066] train loss 0.00918 | recon 0.00700 | kl 0.00013 | smooth 0.00000 | trans 0.00007 | lle 0.00000 | geo 0.21778 | metric 0.00000 | beta 0.000
      valid loss 0.01084 | recon 0.00633 | kl 0.00013 | smooth 0.00000 | trans 0.00005 | lle 0.00000 | geo 0.45082 | metric 0.00000 | r 0.2023 | R² 0.0409 | eta 00:36
[067] train loss 0.00937 | recon 0.00696 | kl 0.00013 | smooth 0.00000 | trans 0.00007 | lle 0.00000 | geo 0.24120 | metric 0.00000 | beta 0.000
      valid loss 0.01062 | recon 0.00632 | kl 0.00013 | smooth 0.00000 | trans 0.00005 | lle 0.00000 | geo 0.43019 | metric 0.00000 | r 0.2038 | R² 0.0415 | eta 00:36
[068] train loss 0.00941 | recon 0.00703 | kl 0.00015 | smooth 0.00000 | trans 0.00007 | lle 0.00000 | geo 0.23765 | metric 0.00000 | beta 0.000
      valid loss 0.01098 | recon 0.00632 | kl 0.00015 | smooth 0.00000 | trans 0.00005 | lle 0.00000 | geo 0.46538 | metric 0.00000 | r 0.2033 | R² 0.0413 | eta 00:35
[069] train loss 0.00929 | recon 0.00695 | kl 0.00015 | smooth 0.00000 | trans 0.00007 | lle 0.00000 | geo 0.23398 | metric 0.00000 | beta 0.000
      valid loss 0.01086 | recon 0.00633 | kl 0.00015 | smooth 0.00000 | trans 0.00005 | lle 0.00000 | geo 0.45319 | metric 0.00000 | r 0.2031 | R² 0.0413 | eta 00:35
[070] train loss 0.00950 | recon 0.00700 | kl 0.00014 | smooth 0.00000 | trans 0.00007 | lle 0.00000 | geo 0.25039 | metric 0.00000 | beta 0.000
      valid loss 0.01140 | recon 0.00633 | kl 0.00012 | smooth 0.00000 | trans 0.00005 | lle 0.00000 | geo 0.50710 | metric 0.00000 | r 0.2023 | R² 0.0409 | eta 00:35
[071] train loss 0.00973 | recon 0.00702 | kl 0.00009 | smooth 0.00000 | trans 0.00007 | lle 0.00000 | geo 0.27041 | metric 0.00000 | beta 0.000
      valid loss 0.01133 | recon 0.00632 | kl 0.00007 | smooth 0.00000 | trans 0.00005 | lle 0.00000 | geo 0.50108 | metric 0.00000 | r 0.2042 | R² 0.0417 | eta 00:34
[072] train loss 0.00963 | recon 0.00698 | kl 0.00008 | smooth 0.00000 | trans 0.00007 | lle 0.00000 | geo 0.26590 | metric 0.00000 | beta 0.000
      valid loss 0.01088 | recon 0.00632 | kl 0.00009 | smooth 0.00000 | trans 0.00005 | lle 0.00000 | geo 0.45565 | metric 0.00000 | r 0.2035 | R² 0.0414 | eta 00:34
[073] train loss 0.00957 | recon 0.00705 | kl 0.00010 | smooth 0.00000 | trans 0.00007 | lle 0.00000 | geo 0.25184 | metric 0.00000 | beta 0.000
      valid loss 0.01073 | recon 0.00632 | kl 0.00010 | smooth 0.00000 | trans 0.00005 | lle 0.00000 | geo 0.44043 | metric 0.00000 | r 0.2030 | R² 0.0412 | eta 00:33
[074] train loss 0.00941 | recon 0.00711 | kl 0.00010 | smooth 0.00000 | trans 0.00007 | lle 0.00000 | geo 0.23010 | metric 0.00000 | beta 0.000
      valid loss 0.01139 | recon 0.00633 | kl 0.00009 | smooth 0.00000 | trans 0.00005 | lle 0.00000 | geo 0.50612 | metric 0.00000 | r 0.2029 | R² 0.0412 | eta 00:33
[075] train loss 0.00932 | recon 0.00702 | kl 0.00009 | smooth 0.00000 | trans 0.00007 | lle 0.00000 | geo 0.23047 | metric 0.00000 | beta 0.000
      valid loss 0.01047 | recon 0.00632 | kl 0.00008 | smooth 0.00000 | trans 0.00005 | lle 0.00000 | geo 0.41510 | metric 0.00000 | r 0.2041 | R² 0.0417 | eta 00:33
[076] train loss 0.00980 | recon 0.00709 | kl 0.00012 | smooth 0.00000 | trans 0.00007 | lle 0.00000 | geo 0.27111 | metric 0.00000 | beta 0.000
      valid loss 0.01088 | recon 0.00632 | kl 0.00016 | smooth 0.00000 | trans 0.00005 | lle 0.00000 | geo 0.45534 | metric 0.00000 | r 0.2038 | R² 0.0415 | eta 00:32
[077] train loss 0.00928 | recon 0.00701 | kl 0.00017 | smooth 0.00000 | trans 0.00007 | lle 0.00000 | geo 0.22758 | metric 0.00000 | beta 0.000
      valid loss 0.01094 | recon 0.00632 | kl 0.00017 | smooth 0.00000 | trans 0.00005 | lle 0.00000 | geo 0.46199 | metric 0.00000 | r 0.2038 | R² 0.0415 | eta 00:32
[078] train loss 0.00928 | recon 0.00706 | kl 0.00017 | smooth 0.00000 | trans 0.00007 | lle 0.00000 | geo 0.22155 | metric 0.00000 | beta 0.000
      valid loss 0.01068 | recon 0.00633 | kl 0.00016 | smooth 0.00000 | trans 0.00005 | lle 0.00000 | geo 0.43500 | metric 0.00000 | r 0.2031 | R² 0.0413 | eta 00:31
[079] train loss 0.00924 | recon 0.00703 | kl 0.00016 | smooth 0.00000 | trans 0.00007 | lle 0.00000 | geo 0.22079 | metric 0.00000 | beta 0.000
      valid loss 0.01101 | recon 0.00633 | kl 0.00016 | smooth 0.00000 | trans 0.00005 | lle 0.00000 | geo 0.46861 | metric 0.00000 | r 0.2029 | R² 0.0412 | eta 00:31
[080] train loss 0.00926 | recon 0.00704 | kl 0.00016 | smooth 0.00000 | trans 0.00007 | lle 0.00000 | geo 0.22137 | metric 0.00000 | beta 0.000
      valid loss 0.01063 | recon 0.00633 | kl 0.00015 | smooth 0.00000 | trans 0.00005 | lle 0.00000 | geo 0.43039 | metric 0.00000 | r 0.2029 | R² 0.0412 | eta 00:31
[081] train loss 0.00960 | recon 0.00700 | kl 0.00015 | smooth 0.00000 | trans 0.00007 | lle 0.00000 | geo 0.25995 | metric 0.00000 | beta 0.000
      valid loss 0.01102 | recon 0.00633 | kl 0.00017 | smooth 0.00000 | trans 0.00005 | lle 0.00000 | geo 0.46916 | metric 0.00000 | r 0.2030 | R² 0.0412 | eta 00:30
[082] train loss 0.00930 | recon 0.00699 | kl 0.00018 | smooth 0.00000 | trans 0.00007 | lle 0.00000 | geo 0.23110 | metric 0.00000 | beta 0.000
      valid loss 0.01101 | recon 0.00633 | kl 0.00018 | smooth 0.00000 | trans 0.00005 | lle 0.00000 | geo 0.46803 | metric 0.00000 | r 0.2033 | R² 0.0413 | eta 00:30
[083] train loss 0.00965 | recon 0.00712 | kl 0.00017 | smooth 0.00000 | trans 0.00007 | lle 0.00000 | geo 0.25306 | metric 0.00000 | beta 0.000
      valid loss 0.01038 | recon 0.00633 | kl 0.00016 | smooth 0.00000 | trans 0.00005 | lle 0.00000 | geo 0.40553 | metric 0.00000 | r 0.2019 | R² 0.0408 | eta 00:29
[084] train loss 0.00964 | recon 0.00718 | kl 0.00016 | smooth 0.00000 | trans 0.00007 | lle 0.00000 | geo 0.24656 | metric 0.00000 | beta 0.000
      valid loss 0.01144 | recon 0.00632 | kl 0.00016 | smooth 0.00000 | trans 0.00005 | lle 0.00000 | geo 0.51159 | metric 0.00000 | r 0.2040 | R² 0.0416 | eta 00:29
[085] train loss 0.00946 | recon 0.00699 | kl 0.00016 | smooth 0.00000 | trans 0.00007 | lle 0.00000 | geo 0.24699 | metric 0.00000 | beta 0.000
      valid loss 0.01089 | recon 0.00632 | kl 0.00016 | smooth 0.00000 | trans 0.00005 | lle 0.00000 | geo 0.45690 | metric 0.00000 | r 0.2048 | R² 0.0419 | eta 00:28
[086] train loss 0.00939 | recon 0.00705 | kl 0.00016 | smooth 0.00000 | trans 0.00007 | lle 0.00000 | geo 0.23382 | metric 0.00000 | beta 0.000
      valid loss 0.01121 | recon 0.00632 | kl 0.00014 | smooth 0.00000 | trans 0.00005 | lle 0.00000 | geo 0.48843 | metric 0.00000 | r 0.2045 | R² 0.0418 | eta 00:28
[087] train loss 0.00922 | recon 0.00697 | kl 0.00013 | smooth 0.00000 | trans 0.00007 | lle 0.00000 | geo 0.22474 | metric 0.00000 | beta 0.000
      valid loss 0.01054 | recon 0.00633 | kl 0.00014 | smooth 0.00000 | trans 0.00005 | lle 0.00000 | geo 0.42156 | metric 0.00000 | r 0.2036 | R² 0.0414 | eta 00:27
[088] train loss 0.00930 | recon 0.00709 | kl 0.00014 | smooth 0.00000 | trans 0.00007 | lle 0.00000 | geo 0.22190 | metric 0.00000 | beta 0.000
      valid loss 0.01073 | recon 0.00632 | kl 0.00015 | smooth 0.00000 | trans 0.00005 | lle 0.00000 | geo 0.44088 | metric 0.00000 | r 0.2036 | R² 0.0415 | eta 00:27
[089] train loss 0.00969 | recon 0.00703 | kl 0.00016 | smooth 0.00000 | trans 0.00007 | lle 0.00000 | geo 0.26551 | metric 0.00000 | beta 0.000
      valid loss 0.01083 | recon 0.00632 | kl 0.00019 | smooth 0.00000 | trans 0.00005 | lle 0.00000 | geo 0.45093 | metric 0.00000 | r 0.2035 | R² 0.0414 | eta 00:26
[090] train loss 0.00932 | recon 0.00699 | kl 0.00020 | smooth 0.00000 | trans 0.00007 | lle 0.00000 | geo 0.23283 | metric 0.00000 | beta 0.000
      valid loss 0.01074 | recon 0.00632 | kl 0.00022 | smooth 0.00000 | trans 0.00005 | lle 0.00000 | geo 0.44185 | metric 0.00000 | r 0.2039 | R² 0.0416 | eta 00:26
[091] train loss 0.00931 | recon 0.00710 | kl 0.00024 | smooth 0.00000 | trans 0.00007 | lle 0.00000 | geo 0.22131 | metric 0.00000 | beta 0.000
      valid loss 0.01071 | recon 0.00632 | kl 0.00025 | smooth 0.00000 | trans 0.00005 | lle 0.00000 | geo 0.43875 | metric 0.00000 | r 0.2045 | R² 0.0418 | eta 00:25
[092] train loss 0.00923 | recon 0.00702 | kl 0.00023 | smooth 0.00000 | trans 0.00007 | lle 0.00000 | geo 0.22033 | metric 0.00000 | beta 0.000
      valid loss 0.01083 | recon 0.00633 | kl 0.00021 | smooth 0.00000 | trans 0.00005 | lle 0.00000 | geo 0.45012 | metric 0.00000 | r 0.2032 | R² 0.0413 | eta 00:25
[093] train loss 0.00910 | recon 0.00698 | kl 0.00021 | smooth 0.00000 | trans 0.00007 | lle 0.00000 | geo 0.21180 | metric 0.00000 | beta 0.000
      valid loss 0.01075 | recon 0.00632 | kl 0.00021 | smooth 0.00000 | trans 0.00005 | lle 0.00000 | geo 0.44238 | metric 0.00000 | r 0.2033 | R² 0.0413 | eta 00:25
[094] train loss 0.00916 | recon 0.00709 | kl 0.00020 | smooth 0.00000 | trans 0.00007 | lle 0.00000 | geo 0.20762 | metric 0.00000 | beta 0.000
      valid loss 0.01104 | recon 0.00632 | kl 0.00020 | smooth 0.00000 | trans 0.00005 | lle 0.00000 | geo 0.47133 | metric 0.00000 | r 0.2039 | R² 0.0416 | eta 00:24
[095] train loss 0.00908 | recon 0.00707 | kl 0.00019 | smooth 0.00000 | trans 0.00007 | lle 0.00000 | geo 0.20070 | metric 0.00000 | beta 0.000
      valid loss 0.01140 | recon 0.00632 | kl 0.00018 | smooth 0.00000 | trans 0.00005 | lle 0.00000 | geo 0.50755 | metric 0.00000 | r 0.2034 | R² 0.0414 | eta 00:24
[096] train loss 0.00949 | recon 0.00714 | kl 0.00017 | smooth 0.00000 | trans 0.00007 | lle 0.00000 | geo 0.23547 | metric 0.00000 | beta 0.000
      valid loss 0.01198 | recon 0.00632 | kl 0.00015 | smooth 0.00000 | trans 0.00005 | lle 0.00000 | geo 0.56567 | metric 0.00000 | r 0.2032 | R² 0.0413 | eta 00:23
[097] train loss 0.00923 | recon 0.00702 | kl 0.00015 | smooth 0.00000 | trans 0.00007 | lle 0.00000 | geo 0.22090 | metric 0.00000 | beta 0.000
      valid loss 0.01158 | recon 0.00632 | kl 0.00015 | smooth 0.00000 | trans 0.00005 | lle 0.00000 | geo 0.52601 | metric 0.00000 | r 0.2041 | R² 0.0417 | eta 00:23
[098] train loss 0.00923 | recon 0.00710 | kl 0.00017 | smooth 0.00000 | trans 0.00007 | lle 0.00000 | geo 0.21257 | metric 0.00000 | beta 0.000
      valid loss 0.01095 | recon 0.00633 | kl 0.00019 | smooth 0.00000 | trans 0.00005 | lle 0.00000 | geo 0.46285 | metric 0.00000 | r 0.2038 | R² 0.0415 | eta 00:22
[099] train loss 0.00921 | recon 0.00712 | kl 0.00020 | smooth 0.00000 | trans 0.00007 | lle 0.00000 | geo 0.20895 | metric 0.00000 | beta 0.000
      valid loss 0.01070 | recon 0.00632 | kl 0.00021 | smooth 0.00000 | trans 0.00005 | lle 0.00000 | geo 0.43777 | metric 0.00000 | r 0.2034 | R² 0.0414 | eta 00:22
[100] train loss 0.00969 | recon 0.00710 | kl 0.00019 | smooth 0.00000 | trans 0.00007 | lle 0.00000 | geo 0.25848 | metric 0.00000 | beta 0.000
      valid loss 0.01046 | recon 0.00633 | kl 0.00019 | smooth 0.00000 | trans 0.00005 | lle 0.00000 | geo 0.41291 | metric 0.00000 | r 0.2015 | R² 0.0406 | eta 00:22
[101] train loss 0.00926 | recon 0.00699 | kl 0.00017 | smooth 0.00000 | trans 0.00007 | lle 0.00000 | geo 0.22645 | metric 0.00000 | beta 0.000
      valid loss 0.01065 | recon 0.00633 | kl 0.00016 | smooth 0.00000 | trans 0.00005 | lle 0.00000 | geo 0.43240 | metric 0.00000 | r 0.2027 | R² 0.0411 | eta 00:21
[102] train loss 0.00926 | recon 0.00703 | kl 0.00016 | smooth 0.00000 | trans 0.00007 | lle 0.00000 | geo 0.22225 | metric 0.00000 | beta 0.000
      valid loss 0.01148 | recon 0.00633 | kl 0.00014 | smooth 0.00000 | trans 0.00005 | lle 0.00000 | geo 0.51522 | metric 0.00000 | r 0.2036 | R² 0.0415 | eta 00:21
[103] train loss 0.00913 | recon 0.00703 | kl 0.00013 | smooth 0.00000 | trans 0.00007 | lle 0.00000 | geo 0.20996 | metric 0.00000 | beta 0.000
      valid loss 0.01060 | recon 0.00633 | kl 0.00012 | smooth 0.00000 | trans 0.00005 | lle 0.00000 | geo 0.42698 | metric 0.00000 | r 0.2025 | R² 0.0410 | eta 00:20
[104] train loss 0.00911 | recon 0.00710 | kl 0.00012 | smooth 0.00000 | trans 0.00007 | lle 0.00000 | geo 0.20066 | metric 0.00000 | beta 0.000
      valid loss 0.01074 | recon 0.00633 | kl 0.00011 | smooth 0.00000 | trans 0.00005 | lle 0.00000 | geo 0.44064 | metric 0.00000 | r 0.2026 | R² 0.0410 | eta 00:20
[105] train loss 0.00941 | recon 0.00708 | kl 0.00010 | smooth 0.00000 | trans 0.00007 | lle 0.00000 | geo 0.23321 | metric 0.00000 | beta 0.000
      valid loss 0.01105 | recon 0.00633 | kl 0.00009 | smooth 0.00000 | trans 0.00005 | lle 0.00000 | geo 0.47227 | metric 0.00000 | r 0.2030 | R² 0.0412 | eta 00:19
[106] train loss 0.00925 | recon 0.00706 | kl 0.00008 | smooth 0.00000 | trans 0.00007 | lle 0.00000 | geo 0.21894 | metric 0.00000 | beta 0.000
      valid loss 0.01039 | recon 0.00633 | kl 0.00007 | smooth 0.00000 | trans 0.00005 | lle 0.00000 | geo 0.40590 | metric 0.00000 | r 0.2028 | R² 0.0411 | eta 00:19
[107] train loss 0.00919 | recon 0.00704 | kl 0.00007 | smooth 0.00000 | trans 0.00007 | lle 0.00000 | geo 0.21441 | metric 0.00000 | beta 0.000
      valid loss 0.01094 | recon 0.00633 | kl 0.00007 | smooth 0.00000 | trans 0.00005 | lle 0.00000 | geo 0.46087 | metric 0.00000 | r 0.2036 | R² 0.0415 | eta 00:18
[108] train loss 0.00923 | recon 0.00696 | kl 0.00007 | smooth 0.00000 | trans 0.00007 | lle 0.00000 | geo 0.22752 | metric 0.00000 | beta 0.000
      valid loss 0.01021 | recon 0.00633 | kl 0.00008 | smooth 0.00000 | trans 0.00005 | lle 0.00000 | geo 0.38814 | metric 0.00000 | r 0.2034 | R² 0.0414 | eta 00:18
[109] train loss 0.00957 | recon 0.00705 | kl 0.00010 | smooth 0.00000 | trans 0.00007 | lle 0.00000 | geo 0.25198 | metric 0.00000 | beta 0.000
      valid loss 0.01114 | recon 0.00633 | kl 0.00012 | smooth 0.00000 | trans 0.00005 | lle 0.00000 | geo 0.48163 | metric 0.00000 | r 0.2035 | R² 0.0414 | eta 00:18
[110] train loss 0.00973 | recon 0.00707 | kl 0.00013 | smooth 0.00000 | trans 0.00007 | lle 0.00000 | geo 0.26544 | metric 0.00000 | beta 0.000
      valid loss 0.01132 | recon 0.00633 | kl 0.00013 | smooth 0.00000 | trans 0.00005 | lle 0.00000 | geo 0.49948 | metric 0.00000 | r 0.2034 | R² 0.0414 | eta 00:17
[111] train loss 0.00930 | recon 0.00706 | kl 0.00013 | smooth 0.00000 | trans 0.00007 | lle 0.00000 | geo 0.22315 | metric 0.00000 | beta 0.000
      valid loss 0.01075 | recon 0.00633 | kl 0.00014 | smooth 0.00000 | trans 0.00005 | lle 0.00000 | geo 0.44241 | metric 0.00000 | r 0.2028 | R² 0.0411 | eta 00:17
[112] train loss 0.00916 | recon 0.00701 | kl 0.00014 | smooth 0.00000 | trans 0.00007 | lle 0.00000 | geo 0.21509 | metric 0.00000 | beta 0.000
      valid loss 0.01071 | recon 0.00633 | kl 0.00013 | smooth 0.00000 | trans 0.00005 | lle 0.00000 | geo 0.43828 | metric 0.00000 | r 0.2036 | R² 0.0414 | eta 00:16
[113] train loss 0.00968 | recon 0.00712 | kl 0.00012 | smooth 0.00000 | trans 0.00007 | lle 0.00000 | geo 0.25621 | metric 0.00000 | beta 0.000
      valid loss 0.01065 | recon 0.00633 | kl 0.00011 | smooth 0.00000 | trans 0.00005 | lle 0.00000 | geo 0.43262 | metric 0.00000 | r 0.2032 | R² 0.0413 | eta 00:16
[114] train loss 0.00944 | recon 0.00703 | kl 0.00011 | smooth 0.00000 | trans 0.00007 | lle 0.00000 | geo 0.24149 | metric 0.00000 | beta 0.000
      valid loss 0.01059 | recon 0.00633 | kl 0.00010 | smooth 0.00000 | trans 0.00005 | lle 0.00000 | geo 0.42665 | metric 0.00000 | r 0.2038 | R² 0.0415 | eta 00:15
[115] train loss 0.00962 | recon 0.00716 | kl 0.00009 | smooth 0.00000 | trans 0.00007 | lle 0.00000 | geo 0.24635 | metric 0.00000 | beta 0.000
      valid loss 0.01086 | recon 0.00633 | kl 0.00010 | smooth 0.00000 | trans 0.00005 | lle 0.00000 | geo 0.45307 | metric 0.00000 | r 0.2030 | R² 0.0412 | eta 00:15
[116] train loss 0.00950 | recon 0.00702 | kl 0.00010 | smooth 0.00000 | trans 0.00007 | lle 0.00000 | geo 0.24765 | metric 0.00000 | beta 0.000
      valid loss 0.01111 | recon 0.00633 | kl 0.00011 | smooth 0.00000 | trans 0.00005 | lle 0.00000 | geo 0.47846 | metric 0.00000 | r 0.2040 | R² 0.0416 | eta 00:14
[117] train loss 0.00949 | recon 0.00701 | kl 0.00010 | smooth 0.00000 | trans 0.00007 | lle 0.00000 | geo 0.24844 | metric 0.00000 | beta 0.000
      valid loss 0.01111 | recon 0.00633 | kl 0.00009 | smooth 0.00000 | trans 0.00005 | lle 0.00000 | geo 0.47803 | metric 0.00000 | r 0.2032 | R² 0.0413 | eta 00:14
[118] train loss 0.00929 | recon 0.00697 | kl 0.00009 | smooth 0.00000 | trans 0.00007 | lle 0.00000 | geo 0.23179 | metric 0.00000 | beta 0.000
      valid loss 0.01063 | recon 0.00632 | kl 0.00010 | smooth 0.00000 | trans 0.00005 | lle 0.00000 | geo 0.43045 | metric 0.00000 | r 0.2040 | R² 0.0416 | eta 00:14
[119] train loss 0.00929 | recon 0.00707 | kl 0.00011 | smooth 0.00000 | trans 0.00007 | lle 0.00000 | geo 0.22212 | metric 0.00000 | beta 0.000
      valid loss 0.01090 | recon 0.00632 | kl 0.00012 | smooth 0.00000 | trans 0.00005 | lle 0.00000 | geo 0.45739 | metric 0.00000 | r 0.2047 | R² 0.0419 | eta 00:13
[120] train loss 0.00925 | recon 0.00708 | kl 0.00012 | smooth 0.00000 | trans 0.00007 | lle 0.00000 | geo 0.21745 | metric 0.00000 | beta 0.000
      valid loss 0.01078 | recon 0.00633 | kl 0.00013 | smooth 0.00000 | trans 0.00005 | lle 0.00000 | geo 0.44549 | metric 0.00000 | r 0.2025 | R² 0.0410 | eta 00:13
[121] train loss 0.00926 | recon 0.00696 | kl 0.00014 | smooth 0.00000 | trans 0.00007 | lle 0.00000 | geo 0.23006 | metric 0.00000 | beta 0.000
      valid loss 0.01129 | recon 0.00633 | kl 0.00013 | smooth 0.00000 | trans 0.00005 | lle 0.00000 | geo 0.49570 | metric 0.00000 | r 0.2031 | R² 0.0413 | eta 00:12
[122] train loss 0.00932 | recon 0.00702 | kl 0.00010 | smooth 0.00000 | trans 0.00007 | lle 0.00000 | geo 0.22993 | metric 0.00000 | beta 0.000
      valid loss 0.01079 | recon 0.00633 | kl 0.00008 | smooth 0.00000 | trans 0.00005 | lle 0.00000 | geo 0.44591 | metric 0.00000 | r 0.2028 | R² 0.0411 | eta 00:12
[123] train loss 0.00915 | recon 0.00703 | kl 0.00008 | smooth 0.00000 | trans 0.00007 | lle 0.00000 | geo 0.21216 | metric 0.00000 | beta 0.000
      valid loss 0.01062 | recon 0.00633 | kl 0.00007 | smooth 0.00000 | trans 0.00005 | lle 0.00000 | geo 0.42902 | metric 0.00000 | r 0.2037 | R² 0.0415 | eta 00:11
[124] train loss 0.00908 | recon 0.00697 | kl 0.00007 | smooth 0.00000 | trans 0.00007 | lle 0.00000 | geo 0.21075 | metric 0.00000 | beta 0.000
      valid loss 0.01110 | recon 0.00633 | kl 0.00007 | smooth 0.00000 | trans 0.00005 | lle 0.00000 | geo 0.47755 | metric 0.00000 | r 0.2034 | R² 0.0414 | eta 00:11
[125] train loss 0.00906 | recon 0.00701 | kl 0.00007 | smooth 0.00000 | trans 0.00007 | lle 0.00000 | geo 0.20473 | metric 0.00000 | beta 0.000
      valid loss 0.01071 | recon 0.00633 | kl 0.00006 | smooth 0.00000 | trans 0.00005 | lle 0.00000 | geo 0.43877 | metric 0.00000 | r 0.2030 | R² 0.0412 | eta 00:10
[126] train loss 0.00898 | recon 0.00705 | kl 0.00006 | smooth 0.00000 | trans 0.00007 | lle 0.00000 | geo 0.19294 | metric 0.00000 | beta 0.000
      valid loss 0.01073 | recon 0.00633 | kl 0.00007 | smooth 0.00000 | trans 0.00005 | lle 0.00000 | geo 0.44046 | metric 0.00000 | r 0.2030 | R² 0.0412 | eta 00:10
[127] train loss 0.00910 | recon 0.00696 | kl 0.00006 | smooth 0.00000 | trans 0.00007 | lle 0.00000 | geo 0.21466 | metric 0.00000 | beta 0.000
      valid loss 0.01136 | recon 0.00633 | kl 0.00006 | smooth 0.00000 | trans 0.00005 | lle 0.00000 | geo 0.50299 | metric 0.00000 | r 0.2034 | R² 0.0414 | eta 00:10
[128] train loss 0.00923 | recon 0.00704 | kl 0.00006 | smooth 0.00000 | trans 0.00007 | lle 0.00000 | geo 0.21952 | metric 0.00000 | beta 0.000
      valid loss 0.01076 | recon 0.00633 | kl 0.00006 | smooth 0.00000 | trans 0.00005 | lle 0.00000 | geo 0.44350 | metric 0.00000 | r 0.2028 | R² 0.0411 | eta 00:09
[129] train loss 0.00920 | recon 0.00708 | kl 0.00006 | smooth 0.00000 | trans 0.00007 | lle 0.00000 | geo 0.21204 | metric 0.00000 | beta 0.000
      valid loss 0.01097 | recon 0.00633 | kl 0.00007 | smooth 0.00000 | trans 0.00005 | lle 0.00000 | geo 0.46424 | metric 0.00000 | r 0.2029 | R² 0.0411 | eta 00:09
[130] train loss 0.00893 | recon 0.00696 | kl 0.00008 | smooth 0.00000 | trans 0.00007 | lle 0.00000 | geo 0.19634 | metric 0.00000 | beta 0.000
      valid loss 0.01074 | recon 0.00633 | kl 0.00008 | smooth 0.00000 | trans 0.00005 | lle 0.00000 | geo 0.44115 | metric 0.00000 | r 0.2042 | R² 0.0417 | eta 00:08
[131] train loss 0.00892 | recon 0.00704 | kl 0.00008 | smooth 0.00000 | trans 0.00007 | lle 0.00000 | geo 0.18829 | metric 0.00000 | beta 0.000
      valid loss 0.01126 | recon 0.00632 | kl 0.00007 | smooth 0.00000 | trans 0.00005 | lle 0.00000 | geo 0.49312 | metric 0.00000 | r 0.2037 | R² 0.0415 | eta 00:08
[132] train loss 0.00884 | recon 0.00703 | kl 0.00007 | smooth 0.00000 | trans 0.00007 | lle 0.00000 | geo 0.18088 | metric 0.00000 | beta 0.000
      valid loss 0.01107 | recon 0.00633 | kl 0.00006 | smooth 0.00000 | trans 0.00005 | lle 0.00000 | geo 0.47383 | metric 0.00000 | r 0.2031 | R² 0.0412 | eta 00:07
[133] train loss 0.00951 | recon 0.00705 | kl 0.00007 | smooth 0.00000 | trans 0.00007 | lle 0.00000 | geo 0.24596 | metric 0.00000 | beta 0.000
      valid loss 0.01093 | recon 0.00633 | kl 0.00008 | smooth 0.00000 | trans 0.00005 | lle 0.00000 | geo 0.45976 | metric 0.00000 | r 0.2025 | R² 0.0410 | eta 00:07
[134] train loss 0.00911 | recon 0.00697 | kl 0.00009 | smooth 0.00000 | trans 0.00007 | lle 0.00000 | geo 0.21375 | metric 0.00000 | beta 0.000
      valid loss 0.01183 | recon 0.00633 | kl 0.00011 | smooth 0.00000 | trans 0.00005 | lle 0.00000 | geo 0.55062 | metric 0.00000 | r 0.2034 | R² 0.0414 | eta 00:07
[135] train loss 0.00904 | recon 0.00707 | kl 0.00012 | smooth 0.00000 | trans 0.00007 | lle 0.00000 | geo 0.19649 | metric 0.00000 | beta 0.000
      valid loss 0.01086 | recon 0.00633 | kl 0.00012 | smooth 0.00000 | trans 0.00005 | lle 0.00000 | geo 0.45347 | metric 0.00000 | r 0.2035 | R² 0.0414 | eta 00:06
[136] train loss 0.00897 | recon 0.00696 | kl 0.00011 | smooth 0.00000 | trans 0.00007 | lle 0.00000 | geo 0.20067 | metric 0.00000 | beta 0.000
      valid loss 0.01099 | recon 0.00633 | kl 0.00010 | smooth 0.00000 | trans 0.00005 | lle 0.00000 | geo 0.46605 | metric 0.00000 | r 0.2037 | R² 0.0415 | eta 00:06
[137] train loss 0.00887 | recon 0.00694 | kl 0.00010 | smooth 0.00000 | trans 0.00007 | lle 0.00000 | geo 0.19226 | metric 0.00000 | beta 0.000
      valid loss 0.01082 | recon 0.00633 | kl 0.00010 | smooth 0.00000 | trans 0.00005 | lle 0.00000 | geo 0.44936 | metric 0.00000 | r 0.2035 | R² 0.0414 | eta 00:05
[138] train loss 0.00978 | recon 0.00703 | kl 0.00010 | smooth 0.00000 | trans 0.00007 | lle 0.00000 | geo 0.27525 | metric 0.00000 | beta 0.000
      valid loss 0.01048 | recon 0.00632 | kl 0.00009 | smooth 0.00000 | trans 0.00005 | lle 0.00000 | geo 0.41575 | metric 0.00000 | r 0.2036 | R² 0.0414 | eta 00:05
[139] train loss 0.00931 | recon 0.00707 | kl 0.00008 | smooth 0.00000 | trans 0.00007 | lle 0.00000 | geo 0.22334 | metric 0.00000 | beta 0.000
      valid loss 0.01112 | recon 0.00633 | kl 0.00007 | smooth 0.00000 | trans 0.00005 | lle 0.00000 | geo 0.47897 | metric 0.00000 | r 0.2038 | R² 0.0415 | eta 00:04
[140] train loss 0.00956 | recon 0.00712 | kl 0.00007 | smooth 0.00000 | trans 0.00007 | lle 0.00000 | geo 0.24407 | metric 0.00000 | beta 0.000
      valid loss 0.01116 | recon 0.00633 | kl 0.00009 | smooth 0.00000 | trans 0.00005 | lle 0.00000 | geo 0.48264 | metric 0.00000 | r 0.2028 | R² 0.0411 | eta 00:04
[141] train loss 0.00931 | recon 0.00698 | kl 0.00011 | smooth 0.00000 | trans 0.00007 | lle 0.00000 | geo 0.23287 | metric 0.00000 | beta 0.000
      valid loss 0.01177 | recon 0.00632 | kl 0.00013 | smooth 0.00000 | trans 0.00005 | lle 0.00000 | geo 0.54477 | metric 0.00000 | r 0.2042 | R² 0.0417 | eta 00:03
[142] train loss 0.00948 | recon 0.00704 | kl 0.00014 | smooth 0.00000 | trans 0.00007 | lle 0.00000 | geo 0.24326 | metric 0.00000 | beta 0.000
      valid loss 0.01102 | recon 0.00632 | kl 0.00014 | smooth 0.00000 | trans 0.00005 | lle 0.00000 | geo 0.47002 | metric 0.00000 | r 0.2045 | R² 0.0418 | eta 00:03
[143] train loss 0.00931 | recon 0.00699 | kl 0.00015 | smooth 0.00000 | trans 0.00007 | lle 0.00000 | geo 0.23207 | metric 0.00000 | beta 0.000
      valid loss 0.01064 | recon 0.00633 | kl 0.00016 | smooth 0.00000 | trans 0.00005 | lle 0.00000 | geo 0.43117 | metric 0.00000 | r 0.2028 | R² 0.0411 | eta 00:03
[144] train loss 0.00967 | recon 0.00704 | kl 0.00017 | smooth 0.00000 | trans 0.00007 | lle 0.00000 | geo 0.26215 | metric 0.00000 | beta 0.000
      valid loss 0.01022 | recon 0.00632 | kl 0.00017 | smooth 0.00000 | trans 0.00005 | lle 0.00000 | geo 0.38980 | metric 0.00000 | r 0.2041 | R² 0.0417 | eta 00:02
[145] train loss 0.00967 | recon 0.00702 | kl 0.00016 | smooth 0.00000 | trans 0.00007 | lle 0.00000 | geo 0.26518 | metric 0.00000 | beta 0.000
      valid loss 0.01095 | recon 0.00633 | kl 0.00015 | smooth 0.00000 | trans 0.00005 | lle 0.00000 | geo 0.46182 | metric 0.00000 | r 0.2027 | R² 0.0411 | eta 00:02
[146] train loss 0.00935 | recon 0.00710 | kl 0.00016 | smooth 0.00000 | trans 0.00007 | lle 0.00000 | geo 0.22478 | metric 0.00000 | beta 0.000
      valid loss 0.01087 | recon 0.00632 | kl 0.00016 | smooth 0.00000 | trans 0.00005 | lle 0.00000 | geo 0.45437 | metric 0.00000 | r 0.2036 | R² 0.0415 | eta 00:01
[147] train loss 0.00915 | recon 0.00693 | kl 0.00016 | smooth 0.00000 | trans 0.00007 | lle 0.00000 | geo 0.22179 | metric 0.00000 | beta 0.000
      valid loss 0.01094 | recon 0.00633 | kl 0.00017 | smooth 0.00000 | trans 0.00005 | lle 0.00000 | geo 0.46092 | metric 0.00000 | r 0.2033 | R² 0.0413 | eta 00:01
[148] train loss 0.00917 | recon 0.00709 | kl 0.00019 | smooth 0.00000 | trans 0.00007 | lle 0.00000 | geo 0.20849 | metric 0.00000 | beta 0.000
      valid loss 0.01032 | recon 0.00633 | kl 0.00020 | smooth 0.00000 | trans 0.00005 | lle 0.00000 | geo 0.39886 | metric 0.00000 | r 0.2023 | R² 0.0409 | eta 00:00
[149] train loss 0.00908 | recon 0.00702 | kl 0.00021 | smooth 0.00000 | trans 0.00007 | lle 0.00000 | geo 0.20615 | metric 0.00000 | beta 0.000
      valid loss 0.01105 | recon 0.00633 | kl 0.00020 | smooth 0.00000 | trans 0.00005 | lle 0.00000 | geo 0.47183 | metric 0.00000 | r 0.2035 | R² 0.0414 | eta 00:00
[150] train loss 0.00934 | recon 0.00703 | kl 0.00017 | smooth 0.00000 | trans 0.00007 | lle 0.00000 | geo 0.23061 | metric 0.00000 | beta 0.000
      valid loss 0.01023 | recon 0.00633 | kl 0.00015 | smooth 0.00000 | trans 0.00005 | lle 0.00000 | geo 0.39004 | metric 0.00000 | r 0.2026 | R² 0.0410 | eta 00:00
/home/4429/envs/odevae/lib/python3.11/site-packages/sklearn/manifold/_mds.py:754: FutureWarning: The default value of `init` will change from 'random' to 'classical_mds' in 1.10. To suppress this warning, provide some value of `init`.
  warnings.warn(
/home/4429/envs/odevae/lib/python3.11/site-packages/sklearn/manifold/_mds.py:771: FutureWarning: The `dissimilarity` parameter is deprecated and will be removed in 1.10. Use `metric` instead.
  warnings.warn(
      wrote /home/4429/projects/Neural_VAE_ODE/runs/2026-05-27_194945_3b42487/latent_manifold_mds.png
done.
experts.0.0.bias 3.628976290206542e-15
experts.0.2.bias -3.2322946935892105e-05
experts.0.4.bias 0.008579478599131107
experts.1.0.bias 1.441868271914032e-14
experts.1.2.bias -0.00012938973668497056
experts.1.4.bias 0.008564488962292671
experts.2.0.bias 9.040106301546106e-16
experts.2.2.bias -8.641829481348395e-05
experts.2.4.bias 0.008709686808288097
experts.3.0.bias 1.867046962996874e-13
experts.3.2.bias -0.00016002007760107517
experts.3.4.bias 0.00841444544494152
experts.4.0.bias 8.768084846908939e-16
experts.4.2.bias -0.00013957000919617712
experts.4.4.bias 0.008907774463295937
experts.5.0.bias 7.517676585411248e-12
experts.5.2.bias -0.00017109120381064713
experts.5.4.bias 0.008779478259384632
experts.6.0.bias 4.6890373528452045e-12
experts.6.2.bias -0.0001537710049888119
experts.6.4.bias 0.008572561666369438
experts.7.0.bias 2.0346093499633245e-15
experts.7.2.bias -0.00014860922237858176
experts.7.4.bias 0.008894581347703934
Saved run metadata → /home/4429/projects/Neural_VAE_ODE/runs/2026-05-27_194945_3b42487/run_metadata.json
Final r: 0.2026
Final R²: 0.0410
Results logged to /home/4429/projects/Neural_VAE_ODE/src/training_results.txt
Exception ignored in: Exception ignored in sys.unraisablehook