Running script: v5_neural_vae.py
Loading configuration from C:\Users\schot\Neural_VAE_ODE\runs\2026-02-21_161152_bb8334b\config.txt
Device: cuda
PCA reduced 375 → 129 dims (95.02% variance)
Selecting 100 landmark trials (greedy coverage)...
Subsampled to 100 sequences.
Built sequences: B=100, :=120, N=129
C:\Users\schot\Anaconda3\envs\neural_ode\lib\site-packages\torch\nn\modules\transformer.py:379: UserWarning: enable_nested_tensor is True, but self.use_nested_tensor is False because encoder_layer.self_attn.batch_first was not True(use batch_first for better inference performance)
  warnings.warn(
[001] train loss 2.51372 | recon 2.51295 | kl 0.84545 | smooth 0.99492 | trans 0.02538 | lle 0.00041 | beta 0.001
      valid loss 3.42994 | recon 3.38231 | kl 2.37112 | smooth 1.00524 | trans 0.03234 | lle 0.00007 | r 0.1670 | R² 0.0181
[002] train loss 2.30422 | recon 2.30051 | kl 2.62208 | smooth 0.99908 | trans 0.02576 | lle 0.00042 | beta 0.001
      valid loss 3.29016 | recon 3.24522 | kl 2.23625 | smooth 0.99790 | trans 0.03234 | lle 0.00007 | r 0.2572 | R² 0.0579
[003] train loss 2.13949 | recon 2.13126 | kl 4.00971 | smooth 0.99614 | trans 0.02570 | lle 0.00042 | beta 0.002
      valid loss 3.57257 | recon 3.48228 | kl 4.50357 | smooth 1.00303 | trans 0.03233 | lle 0.00007 | r 0.2397 | R² -0.0109
[004] train loss 1.97820 | recon 1.96461 | kl 5.01479 | smooth 0.99782 | trans 0.02558 | lle 0.00042 | beta 0.003
      valid loss 3.20114 | recon 3.11297 | kl 4.39733 | smooth 1.00623 | trans 0.03233 | lle 0.00007 | r 0.3190 | R² 0.0963
[005] train loss 1.83872 | recon 1.82149 | kl 5.10057 | smooth 1.00092 | trans 0.02577 | lle 0.00046 | beta 0.003
      valid loss 3.18724 | recon 3.09824 | kl 4.43861 | smooth 1.00944 | trans 0.03234 | lle 0.00007 | r 0.3220 | R² 0.1006
[006] train loss 1.69923 | recon 1.67747 | kl 5.38456 | smooth 1.00871 | trans 0.02536 | lle 0.00038 | beta 0.004
      valid loss 2.98682 | recon 2.87348 | kl 5.65528 | smooth 1.02166 | trans 0.03233 | lle 0.00008 | r 0.4087 | R² 0.1658
[007] train loss 1.60133 | recon 1.57357 | kl 5.89741 | smooth 1.01747 | trans 0.02568 | lle 0.00042 | beta 0.005
      valid loss 2.79117 | recon 2.66681 | kl 6.20562 | smooth 1.03789 | trans 0.03233 | lle 0.00007 | r 0.4774 | R² 0.2258
[008] train loss 1.51665 | recon 1.48281 | kl 6.30025 | smooth 1.02707 | trans 0.02562 | lle 0.00047 | beta 0.005
      valid loss 2.57272 | recon 2.43995 | kl 6.62611 | smooth 1.04020 | trans 0.03233 | lle 0.00008 | r 0.5429 | R² 0.2917
[009] train loss 1.42685 | recon 1.38906 | kl 6.25660 | smooth 1.03978 | trans 0.02552 | lle 0.00046 | beta 0.006
      valid loss 2.43631 | recon 2.29213 | kl 7.19597 | smooth 1.06022 | trans 0.03232 | lle 0.00007 | r 0.5786 | R² 0.3346
[010] train loss 1.31739 | recon 1.27299 | kl 6.62233 | smooth 1.04589 | trans 0.02549 | lle 0.00044 | beta 0.007
      valid loss 2.30195 | recon 2.15593 | kl 7.28762 | smooth 1.06080 | trans 0.03231 | lle 0.00007 | r 0.6122 | R² 0.3741
[011] train loss 1.28576 | recon 1.23451 | kl 6.95310 | smooth 1.06217 | trans 0.02578 | lle 0.00045 | beta 0.007
      valid loss 2.35050 | recon 2.18802 | kl 8.11021 | smooth 1.07025 | trans 0.03232 | lle 0.00008 | r 0.6074 | R² 0.3648
[012] train loss 1.23755 | recon 1.18164 | kl 6.95512 | smooth 1.07275 | trans 0.02558 | lle 0.00044 | beta 0.008
      valid loss 2.24712 | recon 2.09098 | kl 7.79315 | smooth 1.07981 | trans 0.03231 | lle 0.00008 | r 0.6290 | R² 0.3930
[013] train loss 1.19243 | recon 1.13149 | kl 6.99926 | smooth 1.08896 | trans 0.02567 | lle 0.00046 | beta 0.009
      valid loss 2.25832 | recon 2.09582 | kl 8.11020 | smooth 1.09654 | trans 0.03231 | lle 0.00009 | r 0.6273 | R² 0.3916
[014] train loss 1.15053 | recon 1.08512 | kl 6.97733 | smooth 1.10040 | trans 0.02539 | lle 0.00045 | beta 0.009
      valid loss 2.24453 | recon 2.10102 | kl 7.16064 | smooth 1.10861 | trans 0.03231 | lle 0.00007 | r 0.6250 | R² 0.3901
[015] train loss 1.09226 | recon 1.02294 | kl 6.90299 | smooth 1.11677 | trans 0.02566 | lle 0.00044 | beta 0.010
      valid loss 2.25805 | recon 2.11284 | kl 7.24546 | smooth 1.13033 | trans 0.03230 | lle 0.00007 | r 0.6289 | R² 0.3866
[016] train loss 1.03205 | recon 0.95944 | kl 6.77937 | smooth 1.12805 | trans 0.02577 | lle 0.00051 | beta 0.011
      valid loss 2.26209 | recon 2.12851 | kl 6.66333 | smooth 1.14723 | trans 0.03230 | lle 0.00010 | r 0.6187 | R² 0.3821
[017] train loss 0.99524 | recon 0.92126 | kl 6.50036 | smooth 1.15056 | trans 0.02574 | lle 0.00044 | beta 0.011
      valid loss 2.28612 | recon 2.14052 | kl 7.26353 | smooth 1.16879 | trans 0.03230 | lle 0.00008 | r 0.6261 | R² 0.3786
[018] train loss 0.95820 | recon 0.88246 | kl 6.28625 | smooth 1.16663 | trans 0.02532 | lle 0.00049 | beta 0.012
      valid loss 2.34113 | recon 2.22176 | kl 5.95174 | smooth 1.18265 | trans 0.03231 | lle 0.00007 | r 0.5967 | R² 0.3550
[019] train loss 0.93991 | recon 0.86241 | kl 6.09343 | smooth 1.18377 | trans 0.02540 | lle 0.00044 | beta 0.013
      valid loss 2.33452 | recon 2.22087 | kl 5.66545 | smooth 1.21243 | trans 0.03230 | lle 0.00008 | r 0.5983 | R² 0.3553
[020] train loss 0.89757 | recon 0.81243 | kl 6.36057 | smooth 1.20049 | trans 0.02570 | lle 0.00045 | beta 0.013
      valid loss 2.26854 | recon 2.14471 | kl 6.17365 | smooth 1.22398 | trans 0.03230 | lle 0.00009 | r 0.6157 | R² 0.3774
[021] train loss 0.85730 | recon 0.77427 | kl 5.90660 | smooth 1.22124 | trans 0.02573 | lle 0.00045 | beta 0.014
      valid loss 2.33326 | recon 2.20199 | kl 6.54558 | smooth 1.23238 | trans 0.03230 | lle 0.00007 | r 0.6114 | R² 0.3608
[022] train loss 0.82337 | recon 0.73751 | kl 5.83011 | smooth 1.24244 | trans 0.02577 | lle 0.00048 | beta 0.015
      valid loss 2.29749 | recon 2.18951 | kl 5.38054 | smooth 1.27181 | trans 0.03230 | lle 0.00009 | r 0.6046 | R² 0.3644
[023] train loss 0.81050 | recon 0.72286 | kl 5.69216 | smooth 1.26241 | trans 0.02565 | lle 0.00049 | beta 0.015
      valid loss 2.22660 | recon 2.11820 | kl 5.40106 | smooth 1.27323 | trans 0.03229 | lle 0.00008 | r 0.6226 | R² 0.3851
[024] train loss 0.80719 | recon 0.71911 | kl 5.48194 | smooth 1.27859 | trans 0.02576 | lle 0.00049 | beta 0.016
      valid loss 2.34582 | recon 2.23955 | kl 5.29394 | smooth 1.30528 | trans 0.03229 | lle 0.00008 | r 0.5975 | R² 0.3499
[025] train loss 0.78906 | recon 0.69891 | kl 5.38666 | smooth 1.29805 | trans 0.02530 | lle 0.00055 | beta 0.017
      valid loss 2.25194 | recon 2.13299 | kl 5.92738 | smooth 1.32259 | trans 0.03229 | lle 0.00008 | r 0.6222 | R² 0.3808
[026] train loss 0.77871 | recon 0.68518 | kl 5.37411 | smooth 1.31906 | trans 0.02556 | lle 0.00052 | beta 0.017
      valid loss 2.28523 | recon 2.17145 | kl 5.66849 | smooth 1.33248 | trans 0.03228 | lle 0.00010 | r 0.6282 | R² 0.3696
[027] train loss 0.75181 | recon 0.65703 | kl 5.24424 | smooth 1.33209 | trans 0.02548 | lle 0.00049 | beta 0.018
      valid loss 2.30407 | recon 2.20637 | kl 4.86430 | smooth 1.36109 | trans 0.03229 | lle 0.00008 | r 0.6019 | R² 0.3595
[028] train loss 0.74707 | recon 0.65352 | kl 4.99090 | smooth 1.35620 | trans 0.02568 | lle 0.00052 | beta 0.019
      valid loss 2.21052 | recon 2.11722 | kl 4.64376 | smooth 1.37855 | trans 0.03228 | lle 0.00010 | r 0.6239 | R² 0.3854
[029] train loss 0.73866 | recon 0.64456 | kl 4.84666 | smooth 1.37101 | trans 0.02573 | lle 0.00050 | beta 0.019
      valid loss 2.21924 | recon 2.12512 | kl 4.68404 | smooth 1.39612 | trans 0.03228 | lle 0.00008 | r 0.6210 | R² 0.3831
[030] train loss 0.71525 | recon 0.61875 | kl 4.80461 | smooth 1.38932 | trans 0.02564 | lle 0.00050 | beta 0.020
      valid loss 2.33131 | recon 2.23358 | kl 4.86454 | smooth 1.41849 | trans 0.03229 | lle 0.00009 | r 0.6094 | R² 0.3516
[031] train loss 0.71667 | recon 0.62282 | kl 4.67167 | smooth 1.41120 | trans 0.02555 | lle 0.00053 | beta 0.020
      valid loss 2.22505 | recon 2.13143 | kl 4.65832 | smooth 1.43043 | trans 0.03227 | lle 0.00011 | r 0.6220 | R² 0.3812
[032] train loss 0.70228 | recon 0.60723 | kl 4.73198 | smooth 1.42858 | trans 0.02554 | lle 0.00053 | beta 0.020
      valid loss 2.32459 | recon 2.23728 | kl 4.34297 | smooth 1.44354 | trans 0.03228 | lle 0.00008 | r 0.5942 | R² 0.3505
[033] train loss 0.67493 | recon 0.58661 | kl 4.39476 | smooth 1.44503 | trans 0.02564 | lle 0.00059 | beta 0.020
      valid loss 2.25163 | recon 2.15571 | kl 4.77344 | smooth 1.47020 | trans 0.03227 | lle 0.00008 | r 0.6260 | R² 0.3742
[034] train loss 0.65784 | recon 0.57095 | kl 4.32332 | smooth 1.46459 | trans 0.02574 | lle 0.00052 | beta 0.020
      valid loss 2.24334 | recon 2.15143 | kl 4.57234 | smooth 1.50078 | trans 0.03227 | lle 0.00009 | r 0.6267 | R² 0.3754
[035] train loss 0.64572 | recon 0.55606 | kl 4.46177 | smooth 1.48341 | trans 0.02577 | lle 0.00055 | beta 0.020
      valid loss 2.36205 | recon 2.28247 | kl 3.95582 | smooth 1.51835 | trans 0.03228 | lle 0.00008 | r 0.5826 | R² 0.3374
[036] train loss 0.63700 | recon 0.55335 | kl 4.16121 | smooth 1.50289 | trans 0.02556 | lle 0.00052 | beta 0.020
      valid loss 2.29636 | recon 2.20458 | kl 4.56587 | smooth 1.53203 | trans 0.03227 | lle 0.00009 | r 0.6120 | R² 0.3600
[037] train loss 0.63163 | recon 0.54549 | kl 4.28496 | smooth 1.52020 | trans 0.02577 | lle 0.00058 | beta 0.020
      valid loss 2.24042 | recon 2.15385 | kl 4.30494 | smooth 1.54544 | trans 0.03226 | lle 0.00008 | r 0.6186 | R² 0.3747
[038] train loss 0.64629 | recon 0.56219 | kl 4.18307 | smooth 1.53428 | trans 0.02556 | lle 0.00061 | beta 0.020
      valid loss 2.29090 | recon 2.20335 | kl 4.35381 | smooth 1.55799 | trans 0.03227 | lle 0.00011 | r 0.6063 | R² 0.3604
[039] train loss 0.62435 | recon 0.53867 | kl 4.26193 | smooth 1.54532 | trans 0.02573 | lle 0.00058 | beta 0.020
      valid loss 2.23968 | recon 2.14946 | kl 4.48704 | smooth 1.57859 | trans 0.03227 | lle 0.00009 | r 0.6296 | R² 0.3760
[040] train loss 0.61746 | recon 0.53563 | kl 4.06924 | smooth 1.57020 | trans 0.02567 | lle 0.00059 | beta 0.020
      valid loss 2.21653 | recon 2.12658 | kl 4.47328 | smooth 1.59377 | trans 0.03226 | lle 0.00012 | r 0.6307 | R² 0.3827
[041] train loss 0.61456 | recon 0.53263 | kl 4.07411 | smooth 1.57861 | trans 0.02567 | lle 0.00056 | beta 0.020
      valid loss 2.25606 | recon 2.16344 | kl 4.60678 | smooth 1.60536 | trans 0.03227 | lle 0.00008 | r 0.6239 | R² 0.3720
[042] train loss 0.58257 | recon 0.50079 | kl 4.06673 | smooth 1.59504 | trans 0.02531 | lle 0.00057 | beta 0.020
      valid loss 2.09605 | recon 2.01187 | kl 4.18474 | smooth 1.62233 | trans 0.03226 | lle 0.00009 | r 0.6478 | R² 0.4160
[043] train loss 0.57394 | recon 0.49185 | kl 4.08159 | smooth 1.61140 | trans 0.02553 | lle 0.00067 | beta 0.020
      valid loss 2.09179 | recon 2.01209 | kl 3.96036 | smooth 1.63588 | trans 0.03225 | lle 0.00008 | r 0.6478 | R² 0.4159
[044] train loss 0.57193 | recon 0.49496 | kl 3.82542 | smooth 1.63298 | trans 0.02553 | lle 0.00058 | beta 0.020
      valid loss 2.18223 | recon 2.10412 | kl 3.88119 | smooth 1.65502 | trans 0.03226 | lle 0.00008 | r 0.6300 | R² 0.3892
[045] train loss 0.56100 | recon 0.48507 | kl 3.77339 | smooth 1.65083 | trans 0.02548 | lle 0.00057 | beta 0.020
      valid loss 2.12113 | recon 2.04731 | kl 3.66659 | smooth 1.67567 | trans 0.03225 | lle 0.00011 | r 0.6413 | R² 0.4057
[046] train loss 0.55600 | recon 0.48133 | kl 3.71053 | smooth 1.66253 | trans 0.02554 | lle 0.00068 | beta 0.020
      valid loss 2.17984 | recon 2.10673 | kl 3.63043 | smooth 1.69708 | trans 0.03226 | lle 0.00011 | r 0.6275 | R² 0.3884
[047] train loss 0.55767 | recon 0.48073 | kl 3.82334 | smooth 1.68225 | trans 0.02552 | lle 0.00065 | beta 0.020
      valid loss 2.22558 | recon 2.14593 | kl 3.95712 | smooth 1.70907 | trans 0.03225 | lle 0.00009 | r 0.6329 | R² 0.3770
[048] train loss 0.53986 | recon 0.46370 | kl 3.78429 | smooth 1.70000 | trans 0.02560 | lle 0.00067 | beta 0.020
      valid loss 2.08122 | recon 2.00407 | kl 3.83244 | smooth 1.71898 | trans 0.03225 | lle 0.00010 | r 0.6507 | R² 0.4182
[049] train loss 0.53281 | recon 0.46044 | kl 3.59500 | smooth 1.71458 | trans 0.02557 | lle 0.00057 | beta 0.020
      valid loss 2.18958 | recon 2.11226 | kl 3.84003 | smooth 1.75244 | trans 0.03224 | lle 0.00008 | r 0.6320 | R² 0.3868
[050] train loss 0.52918 | recon 0.45575 | kl 3.64756 | smooth 1.73886 | trans 0.02565 | lle 0.00065 | beta 0.020
      valid loss 2.03867 | recon 1.96308 | kl 3.75426 | smooth 1.75968 | trans 0.03225 | lle 0.00008 | r 0.6617 | R² 0.4301
[051] train loss 0.52388 | recon 0.45175 | kl 3.58236 | smooth 1.74899 | trans 0.02563 | lle 0.00061 | beta 0.020
      valid loss 2.03981 | recon 1.96301 | kl 3.81445 | smooth 1.77612 | trans 0.03224 | lle 0.00011 | r 0.6608 | R² 0.4301
[052] train loss 0.52025 | recon 0.44883 | kl 3.54631 | smooth 1.77058 | trans 0.02565 | lle 0.00066 | beta 0.020
      valid loss 2.17544 | recon 2.10222 | kl 3.63497 | smooth 1.80720 | trans 0.03224 | lle 0.00010 | r 0.6303 | R² 0.3897
[053] train loss 0.51597 | recon 0.44355 | kl 3.59668 | smooth 1.78961 | trans 0.02558 | lle 0.00063 | beta 0.020
      valid loss 2.13894 | recon 2.06421 | kl 3.70991 | smooth 1.81946 | trans 0.03225 | lle 0.00011 | r 0.6431 | R² 0.4008
[054] train loss 0.51754 | recon 0.44566 | kl 3.56919 | smooth 1.80141 | trans 0.02550 | lle 0.00067 | beta 0.020
      valid loss 2.17470 | recon 2.09921 | kl 3.74798 | smooth 1.84152 | trans 0.03224 | lle 0.00012 | r 0.6346 | R² 0.3906
[055] train loss 0.49935 | recon 0.42825 | kl 3.53030 | smooth 1.81810 | trans 0.02533 | lle 0.00064 | beta 0.020
      valid loss 2.09969 | recon 2.02082 | kl 3.91730 | smooth 1.84582 | trans 0.03223 | lle 0.00010 | r 0.6624 | R² 0.4134
[056] train loss 0.50161 | recon 0.43233 | kl 3.43914 | smooth 1.83693 | trans 0.02528 | lle 0.00067 | beta 0.020
      valid loss 2.15220 | recon 2.07603 | kl 3.78174 | smooth 1.83207 | trans 0.03224 | lle 0.00011 | r 0.6413 | R² 0.3973
[057] train loss 0.51062 | recon 0.43797 | kl 3.60744 | smooth 1.84346 | trans 0.02528 | lle 0.00066 | beta 0.020
      valid loss 2.11553 | recon 2.04061 | kl 3.71908 | smooth 1.88497 | trans 0.03223 | lle 0.00008 | r 0.6467 | R² 0.4076
[058] train loss 0.48572 | recon 0.41464 | kl 3.52854 | smooth 1.86238 | trans 0.02540 | lle 0.00061 | beta 0.020
      valid loss 2.10669 | recon 2.03213 | kl 3.70139 | smooth 1.88297 | trans 0.03223 | lle 0.00010 | r 0.6515 | R² 0.4101
[059] train loss 0.47461 | recon 0.40662 | kl 3.37398 | smooth 1.87042 | trans 0.02558 | lle 0.00067 | beta 0.020
      valid loss 2.12061 | recon 2.04936 | kl 3.53557 | smooth 1.91800 | trans 0.03223 | lle 0.00010 | r 0.6434 | R² 0.4051
[060] train loss 0.47099 | recon 0.40240 | kl 3.40414 | smooth 1.89129 | trans 0.02550 | lle 0.00063 | beta 0.020
      valid loss 2.14668 | recon 2.07535 | kl 3.53897 | smooth 1.91872 | trans 0.03224 | lle 0.00009 | r 0.6388 | R² 0.3975
[061] train loss 0.46710 | recon 0.39873 | kl 3.39276 | smooth 1.91390 | trans 0.02558 | lle 0.00072 | beta 0.020
      valid loss 2.15614 | recon 2.08140 | kl 3.70950 | smooth 1.94199 | trans 0.03223 | lle 0.00011 | r 0.6441 | R² 0.3958
[062] train loss 0.46040 | recon 0.39358 | kl 3.31485 | smooth 1.92257 | trans 0.02554 | lle 0.00064 | beta 0.020
      valid loss 2.13038 | recon 2.05804 | kl 3.58951 | smooth 1.96461 | trans 0.03223 | lle 0.00011 | r 0.6514 | R² 0.4026
[063] train loss 0.46546 | recon 0.39925 | kl 3.28436 | smooth 1.94116 | trans 0.02553 | lle 0.00070 | beta 0.020
      valid loss 2.06835 | recon 1.99676 | kl 3.55177 | smooth 1.97051 | trans 0.03222 | lle 0.00009 | r 0.6550 | R² 0.4203
[064] train loss 0.45685 | recon 0.38939 | kl 3.34712 | smooth 1.95200 | trans 0.02541 | lle 0.00070 | beta 0.020
      valid loss 2.13803 | recon 2.06429 | kl 3.65908 | smooth 1.99249 | trans 0.03222 | lle 0.00011 | r 0.6493 | R² 0.4007
[065] train loss 0.46673 | recon 0.39798 | kl 3.41128 | smooth 1.96527 | trans 0.02521 | lle 0.00069 | beta 0.020
      valid loss 2.10651 | recon 2.02982 | kl 3.80670 | smooth 1.97467 | trans 0.03221 | lle 0.00010 | r 0.6567 | R² 0.4107
[066] train loss 0.46057 | recon 0.39114 | kl 3.44499 | smooth 1.97361 | trans 0.02542 | lle 0.00067 | beta 0.020
      valid loss 2.20925 | recon 2.13819 | kl 3.52486 | smooth 1.99490 | trans 0.03223 | lle 0.00009 | r 0.6271 | R² 0.3793
[067] train loss 0.46260 | recon 0.39583 | kl 3.31190 | smooth 1.99225 | trans 0.02549 | lle 0.00076 | beta 0.020
      valid loss 2.13890 | recon 2.06789 | kl 3.52242 | smooth 2.00980 | trans 0.03221 | lle 0.00009 | r 0.6441 | R² 0.3997
[068] train loss 0.44801 | recon 0.38130 | kl 3.30926 | smooth 2.00460 | trans 0.02556 | lle 0.00071 | beta 0.020
      valid loss 2.21237 | recon 2.14122 | kl 3.52851 | smooth 2.04154 | trans 0.03221 | lle 0.00010 | r 0.6422 | R² 0.3784
[069] train loss 0.45075 | recon 0.38702 | kl 3.15981 | smooth 2.02218 | trans 0.02520 | lle 0.00072 | beta 0.020
      valid loss 2.13565 | recon 2.06764 | kl 3.37209 | smooth 2.05377 | trans 0.03222 | lle 0.00010 | r 0.6560 | R² 0.3998
[070] train loss 0.44854 | recon 0.38225 | kl 3.28749 | smooth 2.02815 | trans 0.02558 | lle 0.00070 | beta 0.020
      valid loss 2.04203 | recon 1.97689 | kl 3.22796 | smooth 2.06761 | trans 0.03222 | lle 0.00011 | r 0.6604 | R² 0.4261
[071] train loss 0.43347 | recon 0.36849 | kl 3.22204 | smooth 2.04080 | trans 0.02552 | lle 0.00083 | beta 0.020
      valid loss 2.13690 | recon 2.06698 | kl 3.46707 | smooth 2.08134 | trans 0.03221 | lle 0.00011 | r 0.6532 | R² 0.4000
[072] train loss 0.44758 | recon 0.38529 | kl 3.08741 | smooth 2.06121 | trans 0.02546 | lle 0.00074 | beta 0.020
      valid loss 2.06414 | recon 1.99818 | kl 3.26895 | smooth 2.09012 | trans 0.03221 | lle 0.00011 | r 0.6649 | R² 0.4199
[073] train loss 0.43870 | recon 0.37510 | kl 3.15308 | smooth 2.06283 | trans 0.02545 | lle 0.00069 | beta 0.020
      valid loss 2.15080 | recon 2.08258 | kl 3.38196 | smooth 2.08306 | trans 0.03220 | lle 0.00010 | r 0.6458 | R² 0.3954
[074] train loss 0.44200 | recon 0.37893 | kl 3.12587 | smooth 2.08158 | trans 0.02534 | lle 0.00070 | beta 0.020
      valid loss 2.12350 | recon 2.05642 | kl 3.32512 | smooth 2.11313 | trans 0.03220 | lle 0.00009 | r 0.6501 | R² 0.4030
[075] train loss 0.43578 | recon 0.37147 | kl 3.18793 | smooth 2.09287 | trans 0.02551 | lle 0.00075 | beta 0.020
      valid loss 2.08951 | recon 2.01992 | kl 3.45029 | smooth 2.11069 | trans 0.03221 | lle 0.00015 | r 0.6640 | R² 0.4136
[076] train loss 0.42420 | recon 0.36120 | kl 3.12258 | smooth 2.10662 | trans 0.02549 | lle 0.00073 | beta 0.020
      valid loss 2.21171 | recon 2.14438 | kl 3.33693 | smooth 2.14817 | trans 0.03220 | lle 0.00010 | r 0.6382 | R² 0.3775
[077] train loss 0.43179 | recon 0.36917 | kl 3.10332 | smooth 2.10783 | trans 0.02547 | lle 0.00067 | beta 0.020
      valid loss 2.14368 | recon 2.07641 | kl 3.33401 | smooth 2.14379 | trans 0.03221 | lle 0.00009 | r 0.6423 | R² 0.3972
[078] train loss 0.42979 | recon 0.36824 | kl 3.04948 | smooth 2.12874 | trans 0.02548 | lle 0.00075 | beta 0.020
      valid loss 2.17769 | recon 2.10953 | kl 3.37864 | smooth 2.16277 | trans 0.03220 | lle 0.00011 | r 0.6364 | R² 0.3876
[079] train loss 0.41466 | recon 0.35176 | kl 3.11688 | smooth 2.13832 | trans 0.02544 | lle 0.00076 | beta 0.020
      valid loss 2.02671 | recon 1.95907 | kl 3.35211 | smooth 2.16644 | trans 0.03219 | lle 0.00011 | r 0.6650 | R² 0.4313
[080] train loss 0.40910 | recon 0.34771 | kl 3.04138 | smooth 2.14590 | trans 0.02552 | lle 0.00073 | beta 0.020
      valid loss 2.07729 | recon 2.01225 | kl 3.22210 | smooth 2.17929 | trans 0.03219 | lle 0.00010 | r 0.6582 | R² 0.4158
[081] train loss 0.40764 | recon 0.34768 | kl 2.96970 | smooth 2.15821 | trans 0.02553 | lle 0.00075 | beta 0.020
      valid loss 2.03526 | recon 1.97140 | kl 3.16283 | smooth 2.18460 | trans 0.03220 | lle 0.00011 | r 0.6632 | R² 0.4277
[082] train loss 0.41064 | recon 0.35103 | kl 2.95210 | smooth 2.17083 | trans 0.02555 | lle 0.00075 | beta 0.020
      valid loss 2.07627 | recon 2.01150 | kl 3.20833 | smooth 2.21046 | trans 0.03218 | lle 0.00012 | r 0.6551 | R² 0.4161
[083] train loss 0.41953 | recon 0.36031 | kl 2.93274 | smooth 2.19450 | trans 0.02539 | lle 0.00071 | beta 0.020
      valid loss 2.10166 | recon 2.03562 | kl 3.27173 | smooth 2.19391 | trans 0.03218 | lle 0.00010 | r 0.6539 | R² 0.4091
[084] train loss 0.41253 | recon 0.35188 | kl 3.00426 | smooth 2.19265 | trans 0.02543 | lle 0.00072 | beta 0.020
      valid loss 2.16530 | recon 2.09923 | kl 3.27347 | smooth 2.22206 | trans 0.03217 | lle 0.00012 | r 0.6476 | R² 0.3906
[085] train loss 0.40521 | recon 0.34514 | kl 2.97497 | smooth 2.20842 | trans 0.02557 | lle 0.00078 | beta 0.020
      valid loss 2.01658 | recon 1.95117 | kl 3.24010 | smooth 2.21289 | trans 0.03217 | lle 0.00012 | r 0.6741 | R² 0.4336
[086] train loss 0.40905 | recon 0.34927 | kl 2.96014 | smooth 2.22009 | trans 0.02554 | lle 0.00079 | beta 0.020
      valid loss 2.02333 | recon 1.95718 | kl 3.27717 | smooth 2.21356 | trans 0.03218 | lle 0.00012 | r 0.6693 | R² 0.4318
[087] train loss 0.40727 | recon 0.34767 | kl 2.95091 | smooth 2.22906 | trans 0.02556 | lle 0.00078 | beta 0.020
      valid loss 2.04761 | recon 1.98125 | kl 3.28755 | smooth 2.24063 | trans 0.03218 | lle 0.00010 | r 0.6581 | R² 0.4248
[088] train loss 0.39742 | recon 0.33626 | kl 3.02905 | smooth 2.24097 | trans 0.02528 | lle 0.00080 | beta 0.020
      valid loss 2.15016 | recon 2.08496 | kl 3.22875 | smooth 2.28900 | trans 0.03218 | lle 0.00012 | r 0.6431 | R² 0.3947
[089] train loss 0.39791 | recon 0.33746 | kl 2.99301 | smooth 2.25866 | trans 0.02542 | lle 0.00077 | beta 0.020
      valid loss 2.25126 | recon 2.18281 | kl 3.39138 | smooth 2.27551 | trans 0.03217 | lle 0.00012 | r 0.6333 | R² 0.3663
[090] train loss 0.40241 | recon 0.34267 | kl 2.95766 | smooth 2.25457 | trans 0.02540 | lle 0.00080 | beta 0.020
      valid loss 1.99678 | recon 1.93255 | kl 3.18074 | smooth 2.27144 | trans 0.03218 | lle 0.00011 | r 0.6662 | R² 0.4390
[091] train loss 0.40125 | recon 0.34137 | kl 2.96482 | smooth 2.28118 | trans 0.02554 | lle 0.00090 | beta 0.020
      valid loss 2.08583 | recon 2.02189 | kl 3.16621 | smooth 2.29995 | trans 0.03216 | lle 0.00010 | r 0.6603 | R² 0.4130
[092] train loss 0.40772 | recon 0.34784 | kl 2.96455 | smooth 2.28789 | trans 0.02549 | lle 0.00081 | beta 0.020
      valid loss 2.15101 | recon 2.08571 | kl 3.23390 | smooth 2.33472 | trans 0.03216 | lle 0.00012 | r 0.6534 | R² 0.3945
[093] train loss 0.40279 | recon 0.34251 | kl 2.98466 | smooth 2.29342 | trans 0.02553 | lle 0.00088 | beta 0.020
      valid loss 2.15741 | recon 2.09311 | kl 3.18358 | smooth 2.34043 | trans 0.03217 | lle 0.00010 | r 0.6458 | R² 0.3924
[094] train loss 0.38558 | recon 0.32597 | kl 2.95079 | smooth 2.30355 | trans 0.02549 | lle 0.00079 | beta 0.020
      valid loss 2.01296 | recon 1.95063 | kl 3.08452 | smooth 2.36656 | trans 0.03217 | lle 0.00009 | r 0.6708 | R² 0.4337
[095] train loss 0.38107 | recon 0.32196 | kl 2.92599 | smooth 2.30676 | trans 0.02540 | lle 0.00082 | beta 0.020
      valid loss 2.08773 | recon 2.02372 | kl 3.16925 | smooth 2.31773 | trans 0.03217 | lle 0.00012 | r 0.6590 | R² 0.4125
[096] train loss 0.38317 | recon 0.32542 | kl 2.85776 | smooth 2.31703 | trans 0.02548 | lle 0.00091 | beta 0.020
      valid loss 2.03077 | recon 1.96601 | kl 3.20649 | smooth 2.33815 | trans 0.03214 | lle 0.00013 | r 0.6660 | R² 0.4293
[097] train loss 0.38670 | recon 0.32874 | kl 2.86818 | smooth 2.32841 | trans 0.02539 | lle 0.00077 | beta 0.020
      valid loss 2.04637 | recon 1.98074 | kl 3.25017 | smooth 2.32634 | trans 0.03214 | lle 0.00011 | r 0.6713 | R² 0.4250
[098] train loss 0.39083 | recon 0.33258 | kl 2.88229 | smooth 2.34254 | trans 0.02538 | lle 0.00081 | beta 0.020
      valid loss 2.03350 | recon 1.97041 | kl 3.12310 | smooth 2.36426 | trans 0.03213 | lle 0.00009 | r 0.6587 | R² 0.4280
[099] train loss 0.38995 | recon 0.33192 | kl 2.87162 | smooth 2.35496 | trans 0.02547 | lle 0.00080 | beta 0.020
      valid loss 2.13351 | recon 2.06881 | kl 3.20325 | smooth 2.38485 | trans 0.03214 | lle 0.00010 | r 0.6433 | R² 0.3994
[100] train loss 0.39166 | recon 0.33388 | kl 2.85905 | smooth 2.36341 | trans 0.02538 | lle 0.00084 | beta 0.020
      valid loss 1.98678 | recon 1.92382 | kl 3.11603 | smooth 2.40591 | trans 0.03213 | lle 0.00010 | r 0.6682 | R² 0.4415
[101] train loss 0.37523 | recon 0.31718 | kl 2.87201 | smooth 2.37839 | trans 0.02550 | lle 0.00080 | beta 0.020
      valid loss 2.06064 | recon 1.99663 | kl 3.16865 | smooth 2.37508 | trans 0.03212 | lle 0.00011 | r 0.6664 | R² 0.4204
[102] train loss 0.37133 | recon 0.31535 | kl 2.76846 | smooth 2.38514 | trans 0.02551 | lle 0.00082 | beta 0.020
      valid loss 2.10468 | recon 2.03961 | kl 3.22164 | smooth 2.39790 | trans 0.03213 | lle 0.00010 | r 0.6711 | R² 0.4079
[103] train loss 0.38678 | recon 0.33000 | kl 2.80834 | smooth 2.38739 | trans 0.02556 | lle 0.00084 | beta 0.020
      valid loss 2.12987 | recon 2.06903 | kl 3.00961 | smooth 2.45109 | trans 0.03214 | lle 0.00010 | r 0.6450 | R² 0.3994
[104] train loss 0.37907 | recon 0.32015 | kl 2.91543 | smooth 2.40312 | trans 0.02544 | lle 0.00091 | beta 0.020
      valid loss 1.99616 | recon 1.93182 | kl 3.18460 | smooth 2.46007 | trans 0.03212 | lle 0.00010 | r 0.6747 | R² 0.4392
[105] train loss 0.38606 | recon 0.32796 | kl 2.87413 | smooth 2.41985 | trans 0.02537 | lle 0.00076 | beta 0.020
      valid loss 1.96641 | recon 1.90074 | kl 3.25156 | smooth 2.40314 | trans 0.03212 | lle 0.00015 | r 0.6737 | R² 0.4482
[106] train loss 0.38424 | recon 0.32559 | kl 2.90150 | smooth 2.42270 | trans 0.02557 | lle 0.00084 | beta 0.020
      valid loss 2.04399 | recon 1.97940 | kl 3.19758 | smooth 2.38999 | trans 0.03210 | lle 0.00014 | r 0.6633 | R² 0.4254
[107] train loss 0.37533 | recon 0.31941 | kl 2.76499 | smooth 2.43207 | trans 0.02544 | lle 0.00082 | beta 0.020
      valid loss 2.11144 | recon 2.04657 | kl 3.21081 | smooth 2.45014 | trans 0.03210 | lle 0.00012 | r 0.6583 | R² 0.4059
[108] train loss 0.37759 | recon 0.32023 | kl 2.83694 | smooth 2.42910 | trans 0.02553 | lle 0.00089 | beta 0.020
      valid loss 2.00983 | recon 1.94909 | kl 3.00395 | smooth 2.49049 | trans 0.03211 | lle 0.00012 | r 0.6671 | R² 0.4342
[109] train loss 0.36713 | recon 0.31009 | kl 2.82115 | smooth 2.43515 | trans 0.02528 | lle 0.00089 | beta 0.020
      valid loss 1.97553 | recon 1.90957 | kl 3.26589 | smooth 2.43751 | trans 0.03210 | lle 0.00011 | r 0.6781 | R² 0.4457
[110] train loss 0.37347 | recon 0.31513 | kl 2.88585 | smooth 2.44496 | trans 0.02550 | lle 0.00082 | beta 0.020
      valid loss 1.94776 | recon 1.88585 | kl 3.06290 | smooth 2.49365 | trans 0.03210 | lle 0.00016 | r 0.6799 | R² 0.4525
[111] train loss 0.35536 | recon 0.29837 | kl 2.81881 | smooth 2.45535 | trans 0.02524 | lle 0.00085 | beta 0.020
      valid loss 2.00105 | recon 1.93642 | kl 3.19913 | smooth 2.45519 | trans 0.03208 | lle 0.00017 | r 0.6746 | R² 0.4379
[112] train loss 0.36214 | recon 0.30597 | kl 2.77725 | smooth 2.46603 | trans 0.02536 | lle 0.00082 | beta 0.020
      valid loss 1.94426 | recon 1.88240 | kl 3.06019 | smooth 2.46239 | trans 0.03210 | lle 0.00011 | r 0.6774 | R² 0.4535
[113] train loss 0.36936 | recon 0.31382 | kl 2.74583 | smooth 2.47150 | trans 0.02546 | lle 0.00083 | beta 0.020
      valid loss 2.10293 | recon 2.04245 | kl 2.99091 | smooth 2.49770 | trans 0.03208 | lle 0.00011 | r 0.6434 | R² 0.4071
[114] train loss 0.35623 | recon 0.30003 | kl 2.77827 | smooth 2.49511 | trans 0.02540 | lle 0.00089 | beta 0.020
      valid loss 1.88173 | recon 1.81799 | kl 3.15441 | smooth 2.45516 | trans 0.03208 | lle 0.00011 | r 0.6921 | R² 0.4722
[115] train loss 0.35782 | recon 0.30062 | kl 2.82820 | smooth 2.50146 | trans 0.02541 | lle 0.00080 | beta 0.020
      valid loss 1.91734 | recon 1.85066 | kl 3.30088 | smooth 2.46389 | trans 0.03207 | lle 0.00013 | r 0.6900 | R² 0.4628
[116] train loss 0.34959 | recon 0.29109 | kl 2.89325 | smooth 2.49717 | trans 0.02537 | lle 0.00090 | beta 0.020
      valid loss 2.12621 | recon 2.05999 | kl 3.27810 | smooth 2.49808 | trans 0.03207 | lle 0.00010 | r 0.6455 | R² 0.4020
[117] train loss 0.35573 | recon 0.29812 | kl 2.84863 | smooth 2.52183 | trans 0.02549 | lle 0.00089 | beta 0.020
      valid loss 1.99350 | recon 1.93009 | kl 3.13692 | smooth 2.54036 | trans 0.03206 | lle 0.00012 | r 0.6702 | R² 0.4397
[118] train loss 0.35712 | recon 0.30077 | kl 2.78529 | smooth 2.53025 | trans 0.02539 | lle 0.00102 | beta 0.020
      valid loss 2.07936 | recon 2.01820 | kl 3.02425 | smooth 2.56653 | trans 0.03208 | lle 0.00012 | r 0.6616 | R² 0.4141
[119] train loss 0.35827 | recon 0.30187 | kl 2.78792 | smooth 2.53888 | trans 0.02535 | lle 0.00086 | beta 0.020
      valid loss 2.03709 | recon 1.97520 | kl 3.06095 | smooth 2.52830 | trans 0.03209 | lle 0.00013 | r 0.6608 | R² 0.4266
[120] train loss 0.37292 | recon 0.31530 | kl 2.84884 | smooth 2.54740 | trans 0.02547 | lle 0.00088 | beta 0.020
      valid loss 1.99553 | recon 1.93279 | kl 3.10394 | smooth 2.51022 | trans 0.03205 | lle 0.00012 | r 0.6717 | R² 0.4389
[121] train loss 0.35945 | recon 0.30289 | kl 2.79598 | smooth 2.56345 | trans 0.02543 | lle 0.00085 | beta 0.020
      valid loss 2.06764 | recon 2.00403 | kl 3.14718 | smooth 2.55275 | trans 0.03206 | lle 0.00012 | r 0.6636 | R² 0.4182
[122] train loss 0.33690 | recon 0.27994 | kl 2.81571 | smooth 2.55425 | trans 0.02514 | lle 0.00082 | beta 0.020
      valid loss 1.98998 | recon 1.92561 | kl 3.18485 | smooth 2.57249 | trans 0.03207 | lle 0.00012 | r 0.6813 | R² 0.4410
[123] train loss 0.34480 | recon 0.28886 | kl 2.76448 | smooth 2.57163 | trans 0.02506 | lle 0.00085 | beta 0.020
      valid loss 2.02768 | recon 1.96496 | kl 3.10243 | smooth 2.56115 | trans 0.03205 | lle 0.00011 | r 0.6652 | R² 0.4296
[124] train loss 0.34470 | recon 0.28746 | kl 2.82948 | smooth 2.56783 | trans 0.02529 | lle 0.00087 | beta 0.020
      valid loss 2.02489 | recon 1.95999 | kl 3.21129 | smooth 2.56795 | trans 0.03205 | lle 0.00014 | r 0.6718 | R² 0.4310
[125] train loss 0.36530 | recon 0.30897 | kl 2.78404 | smooth 2.57395 | trans 0.02535 | lle 0.00083 | beta 0.020
      valid loss 2.04265 | recon 1.98119 | kl 3.03939 | smooth 2.58925 | trans 0.03205 | lle 0.00014 | r 0.6567 | R² 0.4249
[126] train loss 0.35343 | recon 0.29660 | kl 2.80860 | smooth 2.60704 | trans 0.02527 | lle 0.00088 | beta 0.020
      valid loss 2.00647 | recon 1.94380 | kl 3.09970 | smooth 2.59136 | trans 0.03203 | lle 0.00011 | r 0.6685 | R² 0.4357
[127] train loss 0.34627 | recon 0.29064 | kl 2.74865 | smooth 2.60268 | trans 0.02545 | lle 0.00090 | beta 0.020
      valid loss 1.93371 | recon 1.87061 | kl 3.12101 | smooth 2.59544 | trans 0.03204 | lle 0.00013 | r 0.6811 | R² 0.4570
[128] train loss 0.33637 | recon 0.28107 | kl 2.73225 | smooth 2.62029 | trans 0.02514 | lle 0.00089 | beta 0.020
      valid loss 1.97737 | recon 1.91669 | kl 2.99986 | smooth 2.61080 | trans 0.03204 | lle 0.00011 | r 0.6705 | R² 0.4436
[129] train loss 0.34293 | recon 0.28779 | kl 2.72446 | smooth 2.61115 | trans 0.02517 | lle 0.00093 | beta 0.020
      valid loss 1.96931 | recon 1.90708 | kl 3.07694 | smooth 2.63800 | trans 0.03203 | lle 0.00015 | r 0.6780 | R² 0.4464
[130] train loss 0.33226 | recon 0.27676 | kl 2.74205 | smooth 2.63574 | trans 0.02534 | lle 0.00084 | beta 0.020
      valid loss 1.95898 | recon 1.89719 | kl 3.05559 | smooth 2.57619 | trans 0.03201 | lle 0.00013 | r 0.6749 | R² 0.4492
[131] train loss 0.33249 | recon 0.27752 | kl 2.71601 | smooth 2.63551 | trans 0.02513 | lle 0.00085 | beta 0.020
      valid loss 1.90399 | recon 1.84349 | kl 2.99035 | smooth 2.62183 | trans 0.03202 | lle 0.00012 | r 0.6870 | R² 0.4648
[132] train loss 0.34216 | recon 0.28770 | kl 2.69019 | smooth 2.64704 | trans 0.02532 | lle 0.00083 | beta 0.020
      valid loss 1.99221 | recon 1.93128 | kl 3.01183 | smooth 2.64846 | trans 0.03201 | lle 0.00012 | r 0.6854 | R² 0.4393
[133] train loss 0.34835 | recon 0.29376 | kl 2.69652 | smooth 2.65803 | trans 0.02540 | lle 0.00091 | beta 0.020
      valid loss 1.94127 | recon 1.88021 | kl 3.01836 | smooth 2.66642 | trans 0.03202 | lle 0.00012 | r 0.6797 | R² 0.4542
[134] train loss 0.33632 | recon 0.28037 | kl 2.76395 | smooth 2.65600 | trans 0.02529 | lle 0.00088 | beta 0.020
      valid loss 1.92255 | recon 1.86078 | kl 3.05337 | smooth 2.67032 | trans 0.03201 | lle 0.00011 | r 0.6841 | R² 0.4598
[135] train loss 0.33007 | recon 0.27316 | kl 2.81213 | smooth 2.67393 | trans 0.02539 | lle 0.00096 | beta 0.020
      valid loss 1.98946 | recon 1.92768 | kl 3.05365 | smooth 2.69771 | trans 0.03203 | lle 0.00013 | r 0.6830 | R² 0.4404
[136] train loss 0.34802 | recon 0.29220 | kl 2.75780 | smooth 2.66968 | trans 0.02538 | lle 0.00092 | beta 0.020
      valid loss 2.00251 | recon 1.94137 | kl 3.02170 | smooth 2.71888 | trans 0.03202 | lle 0.00012 | r 0.6711 | R² 0.4364
[137] train loss 0.33008 | recon 0.27427 | kl 2.75716 | smooth 2.68381 | trans 0.02534 | lle 0.00092 | beta 0.020
      valid loss 2.04997 | recon 1.98901 | kl 3.01321 | smooth 2.69231 | trans 0.03202 | lle 0.00012 | r 0.6592 | R² 0.4226
[138] train loss 0.33290 | recon 0.27797 | kl 2.71323 | smooth 2.68129 | trans 0.02518 | lle 0.00088 | beta 0.020
      valid loss 1.90345 | recon 1.84408 | kl 2.93315 | smooth 2.71707 | trans 0.03200 | lle 0.00010 | r 0.6871 | R² 0.4647
[139] train loss 0.33229 | recon 0.27668 | kl 2.74706 | smooth 2.69615 | trans 0.02525 | lle 0.00088 | beta 0.020
      valid loss 2.04413 | recon 1.98165 | kl 3.08924 | smooth 2.66038 | trans 0.03198 | lle 0.00010 | r 0.6614 | R² 0.4247
[140] train loss 0.33773 | recon 0.28191 | kl 2.75705 | smooth 2.70831 | trans 0.02525 | lle 0.00096 | beta 0.020
      valid loss 1.97587 | recon 1.91187 | kl 3.16531 | smooth 2.67284 | trans 0.03199 | lle 0.00012 | r 0.6761 | R² 0.4450
[141] train loss 0.33540 | recon 0.27827 | kl 2.82288 | smooth 2.71383 | trans 0.02487 | lle 0.00097 | beta 0.020
      valid loss 1.95036 | recon 1.88799 | kl 3.08263 | smooth 2.74282 | trans 0.03199 | lle 0.00014 | r 0.6798 | R² 0.4519
[142] train loss 0.32848 | recon 0.27186 | kl 2.79747 | smooth 2.73053 | trans 0.02514 | lle 0.00090 | beta 0.020
      valid loss 2.02697 | recon 1.96480 | kl 3.07285 | smooth 2.72748 | trans 0.03199 | lle 0.00012 | r 0.6623 | R² 0.4296
[143] train loss 0.34099 | recon 0.28520 | kl 2.75569 | smooth 2.71992 | trans 0.02522 | lle 0.00091 | beta 0.020
      valid loss 1.97676 | recon 1.91406 | kl 3.09979 | smooth 2.74988 | trans 0.03199 | lle 0.00012 | r 0.6732 | R² 0.4443
[144] train loss 0.34247 | recon 0.28596 | kl 2.79151 | smooth 2.74162 | trans 0.02523 | lle 0.00088 | beta 0.020
      valid loss 1.92940 | recon 1.86634 | kl 3.11787 | smooth 2.71196 | trans 0.03199 | lle 0.00011 | r 0.6810 | R² 0.4582
[145] train loss 0.33614 | recon 0.28002 | kl 2.77207 | smooth 2.74450 | trans 0.02528 | lle 0.00100 | beta 0.020
      valid loss 1.89467 | recon 1.83141 | kl 3.12781 | smooth 2.71260 | trans 0.03198 | lle 0.00011 | r 0.6927 | R² 0.4683
[146] train loss 0.32716 | recon 0.27197 | kl 2.72527 | smooth 2.75397 | trans 0.02529 | lle 0.00097 | beta 0.020
      valid loss 2.04914 | recon 1.98702 | kl 3.06982 | smooth 2.78822 | trans 0.03200 | lle 0.00014 | r 0.6587 | R² 0.4232
[147] train loss 0.34295 | recon 0.28693 | kl 2.76677 | smooth 2.75230 | trans 0.02531 | lle 0.00091 | beta 0.020
      valid loss 2.15551 | recon 2.09215 | kl 3.13225 | smooth 2.77518 | trans 0.03200 | lle 0.00011 | r 0.6628 | R² 0.3927
[148] train loss 0.32542 | recon 0.27059 | kl 2.70752 | smooth 2.75240 | trans 0.02531 | lle 0.00086 | beta 0.020
      valid loss 1.96385 | recon 1.90346 | kl 2.98361 | smooth 2.77063 | trans 0.03197 | lle 0.00015 | r 0.6744 | R² 0.4474
[149] train loss 0.32123 | recon 0.26700 | kl 2.67742 | smooth 2.76930 | trans 0.02522 | lle 0.00093 | beta 0.020
      valid loss 2.00047 | recon 1.93966 | kl 3.00420 | smooth 2.80120 | trans 0.03197 | lle 0.00012 | r 0.6698 | R² 0.4369
[150] train loss 0.32290 | recon 0.26647 | kl 2.78730 | smooth 2.77285 | trans 0.02495 | lle 0.00102 | beta 0.020
      valid loss 1.94594 | recon 1.88335 | kl 3.09339 | smooth 2.77794 | trans 0.03195 | lle 0.00013 | r 0.6836 | R² 0.4533
      wrote C:\Users\schot\Neural_VAE_ODE\src\pt_files\latent_manifold_mds.png
done.
experts.0.0.bias 0.03946385160088539
experts.0.2.bias -0.020016515627503395
experts.0.4.bias 0.003649225225672126
experts.1.0.bias 0.022709062322974205
experts.1.2.bias -0.018824081867933273
experts.1.4.bias 0.008516148664057255
experts.2.0.bias 0.03864412382245064
experts.2.2.bias -0.022584032267332077
experts.2.4.bias -0.006701658945530653
experts.3.0.bias 0.054827891290187836
experts.3.2.bias -0.017313623800873756
experts.3.4.bias 0.0012625738745555282
experts.4.0.bias 0.0548340380191803
experts.4.2.bias -0.01747715100646019
experts.4.4.bias -0.0028022578917443752
experts.5.0.bias 0.01690157875418663
experts.5.2.bias -0.020362084731459618
experts.5.4.bias 0.0023216193076223135
experts.6.0.bias 0.04456441476941109
experts.6.2.bias -0.020121434703469276
experts.6.4.bias -0.006195065565407276
experts.7.0.bias 0.03322611004114151
experts.7.2.bias -0.019773045554757118
experts.7.4.bias -0.0005000787205062807
Saved run metadata → C:\Users\schot\Neural_VAE_ODE\runs\2026-02-21_161152_bb8334b\run_metadata.json
Final r: 0.6836
Final R²: 0.4533
Traceback (most recent call last):
  File "C:\Users\schot\Neural_VAE_ODE\src\v5_neural_vae.py", line 1606, in <module>
    f"Final r value: {mean_r:.4f}\n"
NameError: name 'mean_r' is not defined. Did you mean: 'mean_r2'?
Exception ignored in: Exception ignored in sys.unraisablehook