Running script: v5_neural_vae.py
Loading configuration from /home/4429/projects/Neural_VAE_ODE/runs/2026-05-23_145352_7daff08/config.txt
Device: cuda
Selecting 100 landmark trials (greedy coverage)...
Subsampled to 100 sequences.
Built sequences: B=100, :=120, N=375
/home/4429/envs/odevae/lib/python3.11/site-packages/torch/nn/modules/transformer.py:379: UserWarning: enable_nested_tensor is True, but self.use_nested_tensor is False because encoder_layer.self_attn.batch_first was not True(use batch_first for better inference performance)
  warnings.warn(
[001] train loss 3.26213 | recon 3.26007 | kl 1.55208 | smooth 1.00070 | trans 0.18258 | lle 0.00041 | beta 0.001
      valid loss 516392943617.39911 | recon 516390977537.35144 | kl 3.35880 | smooth 1.00021 | trans 11803712512.14410 | lle 0.00021 | r 0.2780 | R² 0.0750 | eta 08:43
      saved best checkpoint -> /home/4429/projects/Neural_VAE_ODE/runs/2026-05-23_145352_7daff08/ode_vae_best.pt
[002] train loss 3.15199 | recon 3.14702 | kl 2.93038 | smooth 0.99381 | trans 0.18193 | lle 0.00042 | beta 0.001
      valid loss 516394909697.34766 | recon 516390977537.30603 | kl 3.15225 | smooth 0.98958 | trans 11803712512.14410 | lle 0.00021 | r 0.3249 | R² 0.0980 | eta 07:55
[003] train loss 3.08489 | recon 3.07665 | kl 3.58343 | smooth 0.98832 | trans 0.18006 | lle 0.00043 | beta 0.002
      valid loss 516396875777.35205 | recon 516390977537.31976 | kl 3.39612 | smooth 0.98916 | trans 11803712512.14410 | lle 0.00025 | r 0.3617 | R² 0.1255 | eta 07:28
[004] train loss 2.97368 | recon 2.95947 | kl 4.91022 | smooth 0.99199 | trans 0.18379 | lle 0.00046 | beta 0.003
      valid loss 516398841857.29083 | recon 516390977537.23883 | kl 4.71282 | smooth 0.99527 | trans 11803712512.14410 | lle 0.00028 | r 0.4108 | R² 0.1624 | eta 07:15
[005] train loss 2.76623 | recon 2.74564 | kl 5.83291 | smooth 0.99782 | trans 0.17881 | lle 0.00043 | beta 0.003
      valid loss 516400807937.25293 | recon 516390977537.17682 | kl 6.16009 | smooth 1.00266 | trans 11803712512.14410 | lle 0.00021 | r 0.4073 | R² 0.1648 | eta 07:05
[006] train loss 2.71423 | recon 2.68653 | kl 6.62871 | smooth 1.00504 | trans 0.17823 | lle 0.00043 | beta 0.004
      valid loss 516402774017.19672 | recon 516390977537.10455 | kl 7.59353 | smooth 1.00724 | trans 11803712512.14410 | lle 0.00031 | r 0.4446 | R² 0.1968 | eta 06:58
[007] train loss 2.66417 | recon 2.62958 | kl 7.15023 | smooth 1.00628 | trans 0.18082 | lle 0.00044 | beta 0.005
      valid loss 516404740097.16711 | recon 516390977537.07031 | kl 8.06818 | smooth 1.01280 | trans 11803712512.14410 | lle 0.00025 | r 0.4529 | R² 0.2046 | eta 06:55
[008] train loss 2.43640 | recon 2.39659 | kl 7.22954 | smooth 1.01419 | trans 0.17701 | lle 0.00041 | beta 0.005
      valid loss 516406706177.17041 | recon 516390977537.05878 | kl 8.21039 | smooth 1.02140 | trans 11803712512.14410 | lle 0.00019 | r 0.4836 | R² 0.2307 | eta 06:49
[009] train loss 2.26966 | recon 2.22164 | kl 7.78825 | smooth 1.02074 | trans 0.17513 | lle 0.00043 | beta 0.006
      valid loss 516408672257.11963 | recon 516390977537.00024 | kl 9.53001 | smooth 1.02790 | trans 11803712512.14410 | lle 0.00030 | r 0.4845 | R² 0.2342 | eta 06:44
[010] train loss 2.39173 | recon 2.33727 | kl 7.96970 | smooth 1.02537 | trans 0.18154 | lle 0.00043 | beta 0.007
      valid loss 516410638337.22046 | recon 516390977537.10284 | kl 9.49309 | smooth 1.02855 | trans 11803712512.14410 | lle 0.00023 | r 0.4490 | R² 0.1993 | eta 06:39
[011] train loss 2.27753 | recon 2.21010 | kl 9.00862 | smooth 1.03625 | trans 0.17908 | lle 0.00047 | beta 0.007
      valid loss 516412604417.21381 | recon 516390977537.14087 | kl 7.87773 | smooth 1.03579 | trans 11803712512.14410 | lle 0.00030 | r 0.4358 | R² 0.1853 | eta 06:35
[012] train loss 2.10756 | recon 2.03540 | kl 8.84467 | smooth 1.04239 | trans 0.18237 | lle 0.00038 | beta 0.008
      valid loss 516414570497.17108 | recon 516390977537.08154 | kl 8.63568 | smooth 1.04679 | trans 11803712512.14410 | lle 0.00026 | r 0.4522 | R² 0.2019 | eta 06:31
[013] train loss 2.06635 | recon 1.98082 | kl 9.70166 | smooth 1.04997 | trans 0.18207 | lle 0.00048 | beta 0.009
      valid loss 516416536577.13934 | recon 516390977537.06879 | kl 7.93251 | smooth 1.06223 | trans 11803712512.14410 | lle 0.00028 | r 0.4477 | R² 0.1990 | eta 06:27
[014] train loss 2.03885 | recon 1.94553 | kl 9.84035 | smooth 1.05873 | trans 0.17723 | lle 0.00046 | beta 0.009
      valid loss 516418535425.08380 | recon 516390977537.01935 | kl 7.30341 | smooth 1.06733 | trans 11803712512.14410 | lle 0.00027 | r 0.4351 | R² 0.1844 | eta 06:23
[015] train loss 1.97565 | recon 1.87956 | kl 9.45770 | smooth 1.06746 | trans 0.17763 | lle 0.00043 | beta 0.010
      valid loss 516420501505.05359 | recon 516390977536.97827 | kl 7.32870 | smooth 1.07253 | trans 11803712512.14410 | lle 0.00025 | r 0.4476 | R² 0.2003 | eta 06:20
[016] train loss 1.91279 | recon 1.80636 | kl 9.83172 | smooth 1.07436 | trans 0.18048 | lle 0.00044 | beta 0.011
      valid loss 516422467585.04431 | recon 516390977536.94836 | kl 9.06909 | smooth 1.08194 | trans 11803712512.14410 | lle 0.00025 | r 0.4174 | R² 0.1704 | eta 06:17
[017] train loss 1.89260 | recon 1.77992 | kl 9.80086 | smooth 1.08151 | trans 0.18241 | lle 0.00045 | beta 0.011
      valid loss 516424433665.13635 | recon 516390977537.08331 | kl 6.57963 | smooth 1.09228 | trans 11803712512.14410 | lle 0.00023 | r 0.4628 | R² 0.2139 | eta 06:14
[018] train loss 1.81990 | recon 1.70332 | kl 9.58038 | smooth 1.08818 | trans 0.17498 | lle 0.00047 | beta 0.012
      valid loss 516426399745.00262 | recon 516390977536.90973 | kl 8.39766 | smooth 1.10225 | trans 11803712512.14410 | lle 0.00023 | r 0.5104 | R² 0.2605 | eta 06:10
[019] train loss 1.73249 | recon 1.61009 | kl 9.53079 | smooth 1.10028 | trans 0.18032 | lle 0.00044 | beta 0.013
      valid loss 516428365825.00549 | recon 516390977536.92542 | kl 8.15965 | smooth 1.11084 | trans 11803712512.14410 | lle 0.00020 | r 0.5147 | R² 0.2649 | eta 06:07
[020] train loss 1.73901 | recon 1.61099 | kl 9.47309 | smooth 1.10875 | trans 0.17979 | lle 0.00046 | beta 0.013
      valid loss 516430331905.02661 | recon 516390977536.95404 | kl 7.49338 | smooth 1.12096 | trans 11803712512.14410 | lle 0.00031 | r 0.4813 | R² 0.2315 | eta 06:04
[021] train loss 1.67611 | recon 1.55121 | kl 8.79692 | smooth 1.11889 | trans 0.17736 | lle 0.00047 | beta 0.014
      valid loss 516432297984.97278 | recon 516390977536.90100 | kl 7.25727 | smooth 1.12851 | trans 11803712512.14410 | lle 0.00027 | r 0.5021 | R² 0.2515 | eta 06:01
[022] train loss 1.59735 | recon 1.45993 | kl 9.24696 | smooth 1.12755 | trans 0.18244 | lle 0.00048 | beta 0.015
      valid loss 516434264064.91071 | recon 516390977536.83649 | kl 7.58431 | smooth 1.13862 | trans 11803712512.14410 | lle 0.00023 | r 0.4947 | R² 0.2436 | eta 05:57
[023] train loss 1.54253 | recon 1.40315 | kl 8.96993 | smooth 1.13769 | trans 0.18213 | lle 0.00045 | beta 0.015
      valid loss 516436230144.85944 | recon 516390977536.77063 | kl 8.18534 | smooth 1.15094 | trans 11803712512.14410 | lle 0.00024 | r 0.5552 | R² 0.3030 | eta 05:54
[024] train loss 1.53092 | recon 1.39225 | kl 8.54933 | smooth 1.14934 | trans 0.18259 | lle 0.00045 | beta 0.016
      valid loss 516438196224.97290 | recon 516390977536.92041 | kl 6.11524 | smooth 1.16089 | trans 11803712512.14410 | lle 0.00025 | r 0.5286 | R² 0.2786 | eta 05:52
[025] train loss 1.47905 | recon 1.33821 | kl 8.33587 | smooth 1.16083 | trans 0.17786 | lle 0.00045 | beta 0.017
      valid loss 516440162304.99475 | recon 516390977536.91180 | kl 7.69801 | smooth 1.17424 | trans 11803712512.14410 | lle 0.00031 | r 0.5486 | R² 0.2991 | eta 05:49
[026] train loss 1.50974 | recon 1.36121 | kl 8.45628 | smooth 1.16869 | trans 0.18114 | lle 0.00052 | beta 0.017
      valid loss 516442128384.87091 | recon 516390977536.80127 | kl 6.80830 | smooth 1.17959 | trans 11803712512.14410 | lle 0.00020 | r 0.5613 | R² 0.3150 | eta 05:46
[027] train loss 1.45302 | recon 1.30281 | kl 8.23376 | smooth 1.17387 | trans 0.18399 | lle 0.00047 | beta 0.018
      valid loss 516444094464.79401 | recon 516390977536.70496 | kl 7.48519 | smooth 1.18459 | trans 11803712512.14410 | lle 0.00023 | r 0.5640 | R² 0.3180 | eta 05:43
[028] train loss 1.40296 | recon 1.25397 | kl 7.87406 | smooth 1.18420 | trans 0.17727 | lle 0.00053 | beta 0.019
      valid loss 516446060544.73376 | recon 516390977536.65753 | kl 6.87849 | smooth 1.19583 | trans 11803712512.14410 | lle 0.00026 | r 0.5779 | R² 0.3338 | eta 05:40
[029] train loss 1.36756 | recon 1.21477 | kl 7.79653 | smooth 1.19186 | trans 0.17990 | lle 0.00048 | beta 0.019
      valid loss 516448026624.75568 | recon 516390977536.69568 | kl 6.12512 | smooth 1.20548 | trans 11803712512.14410 | lle 0.00026 | r 0.5358 | R² 0.2813 | eta 05:37
[030] train loss 1.34104 | recon 1.18362 | kl 7.76567 | smooth 1.20202 | trans 0.17966 | lle 0.00052 | beta 0.020
      valid loss 516449992704.75043 | recon 516390977536.68158 | kl 6.48329 | smooth 1.21609 | trans 11803712512.14410 | lle 0.00029 | r 0.5516 | R² 0.2990 | eta 05:34
[031] train loss 1.30158 | recon 1.14779 | kl 7.58362 | smooth 1.20987 | trans 0.18196 | lle 0.00054 | beta 0.020
      valid loss 516449992704.71588 | recon 516390977536.64514 | kl 6.48269 | smooth 1.22150 | trans 11803712512.14410 | lle 0.00021 | r 0.5685 | R² 0.3227 | eta 05:31
[032] train loss 1.29816 | recon 1.14214 | kl 7.69411 | smooth 1.21822 | trans 0.18301 | lle 0.00048 | beta 0.020
      valid loss 516449992704.64740 | recon 516390977536.57257 | kl 6.90564 | smooth 1.23397 | trans 11803712512.14410 | lle 0.00032 | r 0.5672 | R² 0.3179 | eta 05:29
[033] train loss 1.22664 | recon 1.07603 | kl 7.42356 | smooth 1.22830 | trans 0.18173 | lle 0.00045 | beta 0.020
      valid loss 516449992704.70056 | recon 516390977536.61401 | kl 7.26179 | smooth 1.24485 | trans 11803712512.14410 | lle 0.00026 | r 0.5661 | R² 0.3180 | eta 05:26
[034] train loss 1.19352 | recon 1.04477 | kl 7.33090 | smooth 1.24123 | trans 0.17641 | lle 0.00052 | beta 0.020
      valid loss 516449992704.64789 | recon 516390977536.57819 | kl 6.26780 | smooth 1.25549 | trans 11803712512.14410 | lle 0.00035 | r 0.5883 | R² 0.3461 | eta 05:23
[035] train loss 1.15656 | recon 1.01382 | kl 7.03112 | smooth 1.25131 | trans 0.17383 | lle 0.00047 | beta 0.020
      valid loss 516449992704.69324 | recon 516390977536.61597 | kl 6.63943 | smooth 1.26787 | trans 11803712512.14410 | lle 0.00026 | r 0.5824 | R² 0.3386 | eta 05:20
[036] train loss 1.18307 | recon 1.04005 | kl 7.04205 | smooth 1.26198 | trans 0.18309 | lle 0.00049 | beta 0.020
      valid loss 516449992704.59784 | recon 516390977536.53503 | kl 5.94107 | smooth 1.27676 | trans 11803712512.14410 | lle 0.00023 | r 0.5750 | R² 0.3297 | eta 05:17
[037] train loss 1.15888 | recon 1.01869 | kl 6.90067 | smooth 1.26967 | trans 0.18152 | lle 0.00047 | beta 0.020
      valid loss 516449992704.58282 | recon 516390977536.50519 | kl 6.62358 | smooth 1.28638 | trans 11803712512.14410 | lle 0.00022 | r 0.5826 | R² 0.3387 | eta 05:15
[038] train loss 1.11138 | recon 0.97204 | kl 6.85790 | smooth 1.27664 | trans 0.18043 | lle 0.00058 | beta 0.020
      valid loss 516449992704.60431 | recon 516390977536.54248 | kl 5.95325 | smooth 1.29130 | trans 11803712512.14410 | lle 0.00029 | r 0.5820 | R² 0.3384 | eta 05:12
[039] train loss 1.07747 | recon 0.94017 | kl 6.75553 | smooth 1.28581 | trans 0.18054 | lle 0.00052 | beta 0.020
      valid loss 516449992704.57990 | recon 516390977536.52435 | kl 5.38973 | smooth 1.29920 | trans 11803712512.14410 | lle 0.00033 | r 0.5796 | R² 0.3351 | eta 05:09
[040] train loss 1.09106 | recon 0.95711 | kl 6.58717 | smooth 1.29262 | trans 0.18106 | lle 0.00050 | beta 0.020
      valid loss 516449992704.59418 | recon 516390977536.50702 | kl 7.03205 | smooth 1.31054 | trans 11803712512.14410 | lle 0.00030 | r 0.5729 | R² 0.3179 | eta 05:06
[041] train loss 1.05492 | recon 0.91819 | kl 6.72697 | smooth 1.30135 | trans 0.17751 | lle 0.00054 | beta 0.020
      valid loss 516449992704.56549 | recon 516390977536.49902 | kl 5.98026 | smooth 1.32006 | trans 11803712512.14410 | lle 0.00026 | r 0.5915 | R² 0.3470 | eta 05:03
[042] train loss 1.07488 | recon 0.94453 | kl 6.40591 | smooth 1.30929 | trans 0.18388 | lle 0.00048 | beta 0.020
      valid loss 516449992704.54633 | recon 516390977536.48267 | kl 5.83967 | smooth 1.32832 | trans 11803712512.14410 | lle 0.00034 | r 0.5786 | R² 0.3335 | eta 05:00
[043] train loss 1.01654 | recon 0.88355 | kl 6.54098 | smooth 1.31520 | trans 0.17099 | lle 0.00049 | beta 0.020
      valid loss 516449992704.53271 | recon 516390977536.46759 | kl 5.75513 | smooth 1.33509 | trans 11803712512.14410 | lle 0.00026 | r 0.5775 | R² 0.3315 | eta 04:57
[044] train loss 1.00482 | recon 0.87947 | kl 6.15781 | smooth 1.32166 | trans 0.17288 | lle 0.00056 | beta 0.020
      valid loss 516449992704.52197 | recon 516390977536.45435 | kl 6.10486 | smooth 1.34166 | trans 11803712512.14410 | lle 0.00024 | r 0.5697 | R² 0.3153 | eta 04:54
[045] train loss 1.00814 | recon 0.87458 | kl 6.56783 | smooth 1.32983 | trans 0.17565 | lle 0.00052 | beta 0.020
      valid loss 516449992704.57648 | recon 516390977536.52490 | kl 5.07629 | smooth 1.34865 | trans 11803712512.14410 | lle 0.00030 | r 0.6050 | R² 0.3660 | eta 04:51
[046] train loss 1.00676 | recon 0.88199 | kl 6.12581 | smooth 1.33416 | trans 0.18247 | lle 0.00050 | beta 0.020
      valid loss 516449992704.51624 | recon 516390977536.46149 | kl 5.33835 | smooth 1.35689 | trans 11803712512.14410 | lle 0.00029 | r 0.6127 | R² 0.3747 | eta 04:48
[047] train loss 0.97281 | recon 0.84656 | kl 6.19948 | smooth 1.34516 | trans 0.18269 | lle 0.00051 | beta 0.020
      valid loss 516449992704.53949 | recon 516390977536.47717 | kl 5.51959 | smooth 1.36414 | trans 11803712512.14410 | lle 0.00030 | r 0.5687 | R² 0.3147 | eta 04:46
[048] train loss 0.94820 | recon 0.83271 | kl 5.66171 | smooth 1.35191 | trans 0.17893 | lle 0.00052 | beta 0.020
      valid loss 516449992704.50134 | recon 516390977536.44678 | kl 4.92406 | smooth 1.36949 | trans 11803712512.14410 | lle 0.00034 | r 0.5999 | R² 0.3597 | eta 04:43
[049] train loss 0.95631 | recon 0.83598 | kl 5.90244 | smooth 1.35885 | trans 0.18268 | lle 0.00051 | beta 0.020
      valid loss 516449992704.49890 | recon 516390977536.44165 | kl 5.26870 | smooth 1.38087 | trans 11803712512.14410 | lle 0.00024 | r 0.5820 | R² 0.3375 | eta 04:40
[050] train loss 0.94815 | recon 0.82790 | kl 5.89784 | smooth 1.36720 | trans 0.18514 | lle 0.00050 | beta 0.020
      valid loss 516449992704.49469 | recon 516390977536.43878 | kl 5.16950 | smooth 1.39015 | trans 11803712512.14410 | lle 0.00028 | r 0.5711 | R² 0.3196 | eta 04:37
[051] train loss 0.90363 | recon 0.78837 | kl 5.64911 | smooth 1.37217 | trans 0.17979 | lle 0.00051 | beta 0.020
      valid loss 516449992704.49475 | recon 516390977536.43591 | kl 5.34878 | smooth 1.39622 | trans 11803712512.14410 | lle 0.00027 | r 0.5790 | R² 0.3267 | eta 04:34
[052] train loss 0.91322 | recon 0.80343 | kl 5.37547 | smooth 1.37969 | trans 0.17878 | lle 0.00051 | beta 0.020
      valid loss 516449992704.48474 | recon 516390977536.42981 | kl 4.87894 | smooth 1.40169 | trans 11803712512.14410 | lle 0.00025 | r 0.6005 | R² 0.3587 | eta 04:31
[053] train loss 0.91345 | recon 0.79567 | kl 5.77328 | smooth 1.38825 | trans 0.18438 | lle 0.00052 | beta 0.020
      valid loss 516449992704.52313 | recon 516390977536.46088 | kl 5.33244 | smooth 1.41033 | trans 11803712512.14410 | lle 0.00029 | r 0.5890 | R² 0.3427 | eta 04:29
[054] train loss 0.87213 | recon 0.75819 | kl 5.58291 | smooth 1.39303 | trans 0.17582 | lle 0.00060 | beta 0.020
      valid loss 516449992704.50354 | recon 516390977536.45081 | kl 4.69640 | smooth 1.41731 | trans 11803712512.14410 | lle 0.00023 | r 0.6097 | R² 0.3713 | eta 04:26
[055] train loss 0.89785 | recon 0.78566 | kl 5.49528 | smooth 1.39839 | trans 0.17720 | lle 0.00055 | beta 0.020
      valid loss 516449992704.49261 | recon 516390977536.43652 | kl 4.89398 | smooth 1.42529 | trans 11803712512.14410 | lle 0.00024 | r 0.6022 | R² 0.3604 | eta 04:23
[056] train loss 0.86235 | recon 0.75534 | kl 5.23637 | smooth 1.40575 | trans 0.17542 | lle 0.00051 | beta 0.020
      valid loss 516449992704.49554 | recon 516390977536.44220 | kl 4.66012 | smooth 1.43274 | trans 11803712512.14410 | lle 0.00032 | r 0.6100 | R² 0.3715 | eta 04:20
[057] train loss 0.88518 | recon 0.77716 | kl 5.28457 | smooth 1.41460 | trans 0.18219 | lle 0.00053 | beta 0.020
      valid loss 516449992704.48370 | recon 516390977536.43726 | kl 4.40516 | smooth 1.43786 | trans 11803712512.14410 | lle 0.00025 | r 0.6110 | R² 0.3690 | eta 04:17
[058] train loss 0.86954 | recon 0.76771 | kl 4.97550 | smooth 1.41895 | trans 0.17971 | lle 0.00050 | beta 0.020
      valid loss 516449992704.50311 | recon 516390977536.45093 | kl 4.75871 | smooth 1.44589 | trans 11803712512.14410 | lle 0.00030 | r 0.5730 | R² 0.3180 | eta 04:14
[059] train loss 0.88801 | recon 0.77932 | kl 5.31706 | smooth 1.42622 | trans 0.18350 | lle 0.00059 | beta 0.020
      valid loss 516449992704.48462 | recon 516390977536.43536 | kl 4.58350 | smooth 1.44726 | trans 11803712512.14410 | lle 0.00033 | r 0.6172 | R² 0.3809 | eta 04:12
[060] train loss 0.87015 | recon 0.77007 | kl 4.88745 | smooth 1.43104 | trans 0.17964 | lle 0.00054 | beta 0.020
      valid loss 516449992704.48846 | recon 516390977536.43671 | kl 4.79835 | smooth 1.45839 | trans 11803712512.14410 | lle 0.00035 | r 0.6086 | R² 0.3649 | eta 04:09
[061] train loss 0.87158 | recon 0.76596 | kl 5.16372 | smooth 1.43623 | trans 0.18181 | lle 0.00053 | beta 0.020
      valid loss 516449992704.47937 | recon 516390977536.42963 | kl 4.62896 | smooth 1.46993 | trans 11803712512.14410 | lle 0.00026 | r 0.5629 | R² 0.3001 | eta 04:06
[062] train loss 0.85770 | recon 0.75420 | kl 5.05803 | smooth 1.44043 | trans 0.17829 | lle 0.00057 | beta 0.020
      valid loss 516449992704.53204 | recon 516390977536.48297 | kl 4.50090 | smooth 1.47499 | trans 11803712512.14410 | lle 0.00045 | r 0.5871 | R² 0.3387 | eta 04:03
[063] train loss 0.86087 | recon 0.75815 | kl 5.02073 | smooth 1.44638 | trans 0.17149 | lle 0.00058 | beta 0.020
      valid loss 516449992704.47559 | recon 516390977536.42560 | kl 4.62917 | smooth 1.48051 | trans 11803712512.14410 | lle 0.00029 | r 0.5936 | R² 0.3432 | eta 04:00
[064] train loss 0.83369 | recon 0.73181 | kl 4.97669 | smooth 1.44826 | trans 0.18057 | lle 0.00063 | beta 0.020
      valid loss 516449992704.52307 | recon 516390977536.47620 | kl 4.29325 | smooth 1.46909 | trans 11803712512.14410 | lle 0.00028 | r 0.6111 | R² 0.3723 | eta 03:58
[065] train loss 0.82926 | recon 0.72876 | kl 4.90661 | smooth 1.45197 | trans 0.18298 | lle 0.00054 | beta 0.020
      valid loss 516449992704.48108 | recon 516390977536.42932 | kl 4.66152 | smooth 1.48391 | trans 11803712512.14410 | lle 0.00026 | r 0.5963 | R² 0.3476 | eta 03:55
[066] train loss 0.80194 | recon 0.70487 | kl 4.73695 | smooth 1.45788 | trans 0.17452 | lle 0.00055 | beta 0.020
      valid loss 516449992704.49139 | recon 516390977536.44916 | kl 4.14947 | smooth 1.49108 | trans 11803712512.14410 | lle 0.00026 | r 0.6132 | R² 0.3704 | eta 03:52
[067] train loss 0.81294 | recon 0.71453 | kl 4.80243 | smooth 1.46260 | trans 0.17968 | lle 0.00052 | beta 0.020
      valid loss 516449992704.48383 | recon 516390977536.43866 | kl 4.31461 | smooth 1.49134 | trans 11803712512.14410 | lle 0.00033 | r 0.6037 | R² 0.3547 | eta 03:49
[068] train loss 0.80734 | recon 0.71109 | kl 4.69308 | smooth 1.46651 | trans 0.18267 | lle 0.00052 | beta 0.020
      valid loss 516449992704.48267 | recon 516390977536.43573 | kl 4.33335 | smooth 1.50191 | trans 11803712512.14410 | lle 0.00023 | r 0.6144 | R² 0.3744 | eta 03:46
[069] train loss 0.79250 | recon 0.69801 | kl 4.60512 | smooth 1.47247 | trans 0.18286 | lle 0.00053 | beta 0.020
      valid loss 516449992704.47156 | recon 516390977536.42615 | kl 4.20867 | smooth 1.50563 | trans 11803712512.14410 | lle 0.00039 | r 0.5876 | R² 0.3386 | eta 03:44
[070] train loss 0.80422 | recon 0.70843 | kl 4.67140 | smooth 1.47650 | trans 0.17731 | lle 0.00068 | beta 0.020
      valid loss 516449992704.48242 | recon 516390977536.43732 | kl 4.11936 | smooth 1.50683 | trans 11803712512.14410 | lle 0.00033 | r 0.6053 | R² 0.3635 | eta 03:41
[071] train loss 0.78667 | recon 0.69154 | kl 4.63820 | smooth 1.48098 | trans 0.17735 | lle 0.00056 | beta 0.020
      valid loss 516449992704.47699 | recon 516390977536.43286 | kl 4.11033 | smooth 1.50832 | trans 11803712512.14410 | lle 0.00032 | r 0.6169 | R² 0.3778 | eta 03:38
[072] train loss 0.79433 | recon 0.69807 | kl 4.69329 | smooth 1.48186 | trans 0.18215 | lle 0.00057 | beta 0.020
      valid loss 516449992704.48682 | recon 516390977536.43854 | kl 4.19037 | smooth 1.51860 | trans 11803712512.14410 | lle 0.00032 | r 0.6125 | R² 0.3743 | eta 03:35
[073] train loss 0.79214 | recon 0.69875 | kl 4.54903 | smooth 1.48580 | trans 0.18280 | lle 0.00053 | beta 0.020
      valid loss 516449992704.50519 | recon 516390977536.46771 | kl 3.83878 | smooth 1.52316 | trans 11803712512.14410 | lle 0.00029 | r 0.6083 | R² 0.3657 | eta 03:32
[074] train loss 0.76704 | recon 0.67441 | kl 4.51279 | smooth 1.49270 | trans 0.17724 | lle 0.00051 | beta 0.020
      valid loss 516449992704.46533 | recon 516390977536.42676 | kl 3.80648 | smooth 1.52622 | trans 11803712512.14410 | lle 0.00027 | r 0.6100 | R² 0.3679 | eta 03:30
[075] train loss 0.77264 | recon 0.68244 | kl 4.38998 | smooth 1.49299 | trans 0.18252 | lle 0.00057 | beta 0.020
      valid loss 516449992704.47131 | recon 516390977536.42566 | kl 4.15433 | smooth 1.52794 | trans 11803712512.14410 | lle 0.00030 | r 0.5835 | R² 0.3311 | eta 03:27
[076] train loss 0.76868 | recon 0.67514 | kl 4.55741 | smooth 1.49894 | trans 0.17654 | lle 0.00060 | beta 0.020
      valid loss 516449992704.47351 | recon 516390977536.43286 | kl 3.95129 | smooth 1.53162 | trans 11803712512.14410 | lle 0.00035 | r 0.6040 | R² 0.3546 | eta 03:24
[077] train loss 0.76822 | recon 0.67917 | kl 4.33116 | smooth 1.50145 | trans 0.18347 | lle 0.00059 | beta 0.020
      valid loss 516449992704.50427 | recon 516390977536.46692 | kl 3.74379 | smooth 1.53892 | trans 11803712512.14410 | lle 0.00035 | r 0.6122 | R² 0.3664 | eta 03:21
[078] train loss 0.77111 | recon 0.67991 | kl 4.43895 | smooth 1.50664 | trans 0.18207 | lle 0.00054 | beta 0.020
      valid loss 516449992704.46527 | recon 516390977536.42554 | kl 3.86317 | smooth 1.54450 | trans 11803712512.14410 | lle 0.00026 | r 0.6072 | R² 0.3609 | eta 03:19
[079] train loss 0.76231 | recon 0.67258 | kl 4.36645 | smooth 1.50835 | trans 0.17794 | lle 0.00064 | beta 0.020
      valid loss 516449992704.49506 | recon 516390977536.44788 | kl 4.21755 | smooth 1.54695 | trans 11803712512.14410 | lle 0.00026 | r 0.5912 | R² 0.3297 | eta 03:16
[080] train loss 0.74114 | recon 0.65160 | kl 4.35692 | smooth 1.51507 | trans 0.17715 | lle 0.00060 | beta 0.020
      valid loss 516449992704.45813 | recon 516390977536.41772 | kl 3.91016 | smooth 1.55350 | trans 11803712512.14410 | lle 0.00025 | r 0.6029 | R² 0.3516 | eta 03:13
[081] train loss 0.75016 | recon 0.66365 | kl 4.20461 | smooth 1.51619 | trans 0.18073 | lle 0.00054 | beta 0.020
      valid loss 516449992704.47668 | recon 516390977536.43896 | kl 3.80283 | smooth 1.55911 | trans 11803712512.14410 | lle 0.00024 | r 0.5842 | R² 0.3245 | eta 03:10
[082] train loss 0.73564 | recon 0.64777 | kl 4.27160 | smooth 1.51923 | trans 0.18326 | lle 0.00054 | beta 0.020
      valid loss 516449992704.47601 | recon 516390977536.43378 | kl 3.86682 | smooth 1.55910 | trans 11803712512.14410 | lle 0.00034 | r 0.6034 | R² 0.3562 | eta 03:07
[083] train loss 0.72973 | recon 0.64111 | kl 4.30922 | smooth 1.52645 | trans 0.17995 | lle 0.00055 | beta 0.020
      valid loss 516449992704.47833 | recon 516390977536.43542 | kl 4.04008 | smooth 1.56041 | trans 11803712512.14410 | lle 0.00030 | r 0.6057 | R² 0.3526 | eta 03:05
[084] train loss 0.73315 | recon 0.64763 | kl 4.15459 | smooth 1.52654 | trans 0.18090 | lle 0.00053 | beta 0.020
      valid loss 516449992704.46411 | recon 516390977536.42670 | kl 3.72540 | smooth 1.56959 | trans 11803712512.14410 | lle 0.00027 | r 0.6036 | R² 0.3477 | eta 03:02
[085] train loss 0.70536 | recon 0.62179 | kl 4.05730 | smooth 1.53231 | trans 0.17602 | lle 0.00054 | beta 0.020
      valid loss 516449992704.46320 | recon 516390977536.42462 | kl 3.81255 | smooth 1.57428 | trans 11803712512.14410 | lle 0.00023 | r 0.6119 | R² 0.3596 | eta 02:59
[086] train loss 0.71449 | recon 0.62920 | kl 4.14332 | smooth 1.53664 | trans 0.17660 | lle 0.00058 | beta 0.020
      valid loss 516449992704.45667 | recon 516390977536.41852 | kl 3.73268 | smooth 1.57399 | trans 11803712512.14410 | lle 0.00034 | r 0.6065 | R² 0.3566 | eta 02:56
[087] train loss 0.72010 | recon 0.63476 | kl 4.14516 | smooth 1.53782 | trans 0.17851 | lle 0.00061 | beta 0.020
      valid loss 516449992704.46484 | recon 516390977536.42371 | kl 3.90754 | smooth 1.57890 | trans 11803712512.14410 | lle 0.00033 | r 0.6146 | R² 0.3671 | eta 02:54
[088] train loss 0.71182 | recon 0.62621 | kl 4.15791 | smooth 1.54387 | trans 0.18178 | lle 0.00059 | beta 0.020
      valid loss 516449992704.47058 | recon 516390977536.43304 | kl 3.68708 | smooth 1.58269 | trans 11803712512.14410 | lle 0.00029 | r 0.6101 | R² 0.3619 | eta 02:51
[089] train loss 0.70399 | recon 0.61996 | kl 4.07886 | smooth 1.54691 | trans 0.17950 | lle 0.00054 | beta 0.020
      valid loss 516449992704.46527 | recon 516390977536.42963 | kl 3.58104 | smooth 1.58640 | trans 11803712512.14410 | lle 0.00027 | r 0.5965 | R² 0.3399 | eta 02:48
[090] train loss 0.70819 | recon 0.62339 | kl 4.11701 | smooth 1.54937 | trans 0.18189 | lle 0.00063 | beta 0.020
      valid loss 516449992704.46869 | recon 516390977536.42926 | kl 3.76892 | smooth 1.58556 | trans 11803712512.14410 | lle 0.00033 | r 0.5987 | R² 0.3423 | eta 02:45
[091] train loss 0.72631 | recon 0.64483 | kl 3.95087 | smooth 1.54940 | trans 0.18201 | lle 0.00054 | beta 0.020
      valid loss 516449992704.49634 | recon 516390977536.46118 | kl 3.56564 | smooth 1.58995 | trans 11803712512.14410 | lle 0.00038 | r 0.6072 | R² 0.3567 | eta 02:42
[092] train loss 0.73644 | recon 0.65124 | kl 4.13615 | smooth 1.55911 | trans 0.18333 | lle 0.00056 | beta 0.020
      valid loss 516449992704.46851 | recon 516390977536.42706 | kl 3.85908 | smooth 1.59639 | trans 11803712512.14410 | lle 0.00031 | r 0.5980 | R² 0.3481 | eta 02:40
[093] train loss 0.71965 | recon 0.63767 | kl 3.97604 | smooth 1.55326 | trans 0.18022 | lle 0.00059 | beta 0.020
      valid loss 516449992704.45514 | recon 516390977536.41486 | kl 3.80007 | smooth 1.60074 | trans 11803712512.14410 | lle 0.00028 | r 0.6066 | R² 0.3547 | eta 02:37
[094] train loss 0.69846 | recon 0.61674 | kl 3.96299 | smooth 1.55682 | trans 0.17952 | lle 0.00061 | beta 0.020
      valid loss 516449992704.46716 | recon 516390977536.43115 | kl 3.56848 | smooth 1.59717 | trans 11803712512.14410 | lle 0.00028 | r 0.6132 | R² 0.3614 | eta 02:34
[095] train loss 0.70016 | recon 0.61998 | kl 3.88580 | smooth 1.56043 | trans 0.17987 | lle 0.00056 | beta 0.020
      valid loss 516449992704.47040 | recon 516390977536.43671 | kl 3.46141 | smooth 1.59929 | trans 11803712512.14410 | lle 0.00033 | r 0.6014 | R² 0.3415 | eta 02:31
[096] train loss 0.69256 | recon 0.61232 | kl 3.88878 | smooth 1.56499 | trans 0.17814 | lle 0.00056 | beta 0.020
      valid loss 516449992704.45660 | recon 516390977536.41968 | kl 3.61068 | smooth 1.60330 | trans 11803712512.14410 | lle 0.00028 | r 0.5874 | R² 0.3148 | eta 02:28
[097] train loss 0.68746 | recon 0.60733 | kl 3.88379 | smooth 1.56673 | trans 0.17738 | lle 0.00060 | beta 0.020
      valid loss 516449992704.45953 | recon 516390977536.42151 | kl 3.60680 | smooth 1.60552 | trans 11803712512.14410 | lle 0.00025 | r 0.6198 | R² 0.3702 | eta 02:26
[098] train loss 0.70034 | recon 0.61820 | kl 3.98255 | smooth 1.56871 | trans 0.18225 | lle 0.00060 | beta 0.020
      valid loss 516449992704.46619 | recon 516390977536.42725 | kl 3.77607 | smooth 1.60646 | trans 11803712512.14410 | lle 0.00028 | r 0.6218 | R² 0.3732 | eta 02:23
[099] train loss 0.69215 | recon 0.60983 | kl 3.99338 | smooth 1.56982 | trans 0.17600 | lle 0.00058 | beta 0.020
      valid loss 516449992704.47003 | recon 516390977536.43353 | kl 3.57045 | smooth 1.61126 | trans 11803712512.14410 | lle 0.00022 | r 0.6089 | R² 0.3572 | eta 02:20
[100] train loss 0.68921 | recon 0.60954 | kl 3.85912 | smooth 1.57309 | trans 0.18263 | lle 0.00051 | beta 0.020
      valid loss 516449992704.45819 | recon 516390977536.42133 | kl 3.63726 | smooth 1.61110 | trans 11803712512.14410 | lle 0.00031 | r 0.5968 | R² 0.3277 | eta 02:17
[101] train loss 0.66200 | recon 0.58269 | kl 3.84290 | smooth 1.57293 | trans 0.17517 | lle 0.00058 | beta 0.020
      valid loss 516449992704.46149 | recon 516390977536.42761 | kl 3.33260 | smooth 1.61095 | trans 11803712512.14410 | lle 0.00024 | r 0.6047 | R² 0.3559 | eta 02:15
[102] train loss 0.68209 | recon 0.60368 | kl 3.79596 | smooth 1.57968 | trans 0.18309 | lle 0.00061 | beta 0.020
      valid loss 516449992704.45154 | recon 516390977536.41296 | kl 3.67138 | smooth 1.62000 | trans 11803712512.14410 | lle 0.00031 | r 0.6096 | R² 0.3552 | eta 02:12
[103] train loss 0.66704 | recon 0.58905 | kl 3.77559 | smooth 1.57963 | trans 0.17805 | lle 0.00055 | beta 0.020
      valid loss 516449992704.45618 | recon 516390977536.42255 | kl 3.33421 | smooth 1.61383 | trans 11803712512.14410 | lle 0.00029 | r 0.6213 | R² 0.3786 | eta 02:09
[104] train loss 0.69000 | recon 0.61062 | kl 3.84474 | smooth 1.58237 | trans 0.17908 | lle 0.00058 | beta 0.020
      valid loss 516449992704.49280 | recon 516390977536.45898 | kl 3.45417 | smooth 1.62497 | trans 11803712512.14410 | lle 0.00037 | r 0.6114 | R² 0.3550 | eta 02:06
[105] train loss 0.69117 | recon 0.61081 | kl 3.89326 | smooth 1.58682 | trans 0.17969 | lle 0.00062 | beta 0.020
      valid loss 516449992704.46051 | recon 516390977536.42029 | kl 3.84084 | smooth 1.63074 | trans 11803712512.14410 | lle 0.00028 | r 0.6105 | R² 0.3536 | eta 02:04
[106] train loss 0.66050 | recon 0.58100 | kl 3.85236 | smooth 1.58684 | trans 0.17311 | lle 0.00063 | beta 0.020
      valid loss 516449992704.45972 | recon 516390977536.42053 | kl 3.66394 | smooth 1.63380 | trans 11803712512.14410 | lle 0.00038 | r 0.6273 | R² 0.3835 | eta 02:01
[107] train loss 0.67745 | recon 0.60059 | kl 3.71781 | smooth 1.59059 | trans 0.18140 | lle 0.00064 | beta 0.020
      valid loss 516449992704.45038 | recon 516390977536.41412 | kl 3.52839 | smooth 1.63502 | trans 11803712512.14410 | lle 0.00033 | r 0.6210 | R² 0.3690 | eta 01:58
[108] train loss 0.64752 | recon 0.57046 | kl 3.72889 | smooth 1.59576 | trans 0.17622 | lle 0.00058 | beta 0.020
      valid loss 516449992704.45508 | recon 516390977536.41919 | kl 3.45180 | smooth 1.63446 | trans 11803712512.14410 | lle 0.00034 | r 0.6248 | R² 0.3789 | eta 01:55
[109] train loss 0.66116 | recon 0.58427 | kl 3.71987 | smooth 1.59866 | trans 0.17841 | lle 0.00056 | beta 0.020
      valid loss 516449992704.44983 | recon 516390977536.41461 | kl 3.39790 | smooth 1.63324 | trans 11803712512.14410 | lle 0.00020 | r 0.6187 | R² 0.3683 | eta 01:53
[110] train loss 0.64146 | recon 0.56568 | kl 3.66629 | smooth 1.60018 | trans 0.16985 | lle 0.00064 | beta 0.020
      valid loss 516449992704.45587 | recon 516390977536.42322 | kl 3.27265 | smooth 1.64082 | trans 11803712512.14410 | lle 0.00026 | r 0.6009 | R² 0.3481 | eta 01:50
[111] train loss 0.66037 | recon 0.58517 | kl 3.63486 | smooth 1.59643 | trans 0.18241 | lle 0.00063 | beta 0.020
      valid loss 516449992704.45367 | recon 516390977536.42017 | kl 3.36632 | smooth 1.64259 | trans 11803712512.14410 | lle 0.00025 | r 0.6119 | R² 0.3591 | eta 01:47
[112] train loss 0.64832 | recon 0.57170 | kl 3.70594 | smooth 1.60527 | trans 0.17904 | lle 0.00058 | beta 0.020
      valid loss 516449992704.44592 | recon 516390977536.41278 | kl 3.26692 | smooth 1.64635 | trans 11803712512.14410 | lle 0.00030 | r 0.6321 | R² 0.3881 | eta 01:44
[113] train loss 0.65663 | recon 0.58234 | kl 3.58875 | smooth 1.60555 | trans 0.18102 | lle 0.00058 | beta 0.020
      valid loss 516449992704.46295 | recon 516390977536.42688 | kl 3.44849 | smooth 1.64964 | trans 11803712512.14410 | lle 0.00035 | r 0.6132 | R² 0.3636 | eta 01:42
[114] train loss 0.64771 | recon 0.57355 | kl 3.58230 | smooth 1.60586 | trans 0.18065 | lle 0.00057 | beta 0.020
      valid loss 516449992704.47028 | recon 516390977536.43707 | kl 3.33483 | smooth 1.64874 | trans 11803712512.14410 | lle 0.00037 | r 0.6193 | R² 0.3687 | eta 01:39
[115] train loss 0.67292 | recon 0.59498 | kl 3.77030 | smooth 1.60861 | trans 0.18410 | lle 0.00057 | beta 0.020
      valid loss 516449992704.45166 | recon 516390977536.41541 | kl 3.46805 | smooth 1.65030 | trans 11803712512.14410 | lle 0.00024 | r 0.6059 | R² 0.3462 | eta 01:36
[116] train loss 0.65045 | recon 0.57617 | kl 3.58867 | smooth 1.61267 | trans 0.17980 | lle 0.00061 | beta 0.020
      valid loss 516449992704.45984 | recon 516390977536.42426 | kl 3.39913 | smooth 1.65048 | trans 11803712512.14410 | lle 0.00028 | r 0.6232 | R² 0.3759 | eta 01:33
[117] train loss 0.66333 | recon 0.58722 | kl 3.67845 | smooth 1.61485 | trans 0.18329 | lle 0.00055 | beta 0.020
      valid loss 516449992704.46429 | recon 516390977536.43188 | kl 3.25379 | smooth 1.65580 | trans 11803712512.14410 | lle 0.00040 | r 0.6149 | R² 0.3645 | eta 01:30
[118] train loss 0.66031 | recon 0.58613 | kl 3.58225 | smooth 1.61474 | trans 0.18210 | lle 0.00063 | beta 0.020
      valid loss 516449992704.48962 | recon 516390977536.44775 | kl 3.76820 | smooth 1.65109 | trans 11803712512.14410 | lle 0.00029 | r 0.6139 | R² 0.3626 | eta 01:28
[119] train loss 0.66315 | recon 0.58745 | kl 3.65845 | smooth 1.61822 | trans 0.18160 | lle 0.00056 | beta 0.020
      valid loss 516449992704.45032 | recon 516390977536.41650 | kl 3.32503 | smooth 1.65484 | trans 11803712512.14410 | lle 0.00031 | r 0.6158 | R² 0.3662 | eta 01:25
[120] train loss 0.65292 | recon 0.57876 | kl 3.58210 | smooth 1.62078 | trans 0.17889 | lle 0.00059 | beta 0.020
      valid loss 516449992704.44812 | recon 516390977536.41229 | kl 3.45808 | smooth 1.65372 | trans 11803712512.14410 | lle 0.00024 | r 0.6382 | R² 0.3857 | eta 01:22
[121] train loss 0.64744 | recon 0.57502 | kl 3.49440 | smooth 1.61706 | trans 0.18039 | lle 0.00068 | beta 0.020
      valid loss 516449992704.44672 | recon 516390977536.41089 | kl 3.34690 | smooth 1.65325 | trans 11803712512.14410 | lle 0.00034 | r 0.6256 | R² 0.3765 | eta 01:19
[122] train loss 0.64842 | recon 0.57494 | kl 3.54678 | smooth 1.62059 | trans 0.18311 | lle 0.00059 | beta 0.020
      valid loss 516449992704.45697 | recon 516390977536.42163 | kl 3.33990 | smooth 1.66083 | trans 11803712512.14410 | lle 0.00045 | r 0.6285 | R² 0.3799 | eta 01:17
[123] train loss 0.65770 | recon 0.58517 | kl 3.49989 | smooth 1.62553 | trans 0.18127 | lle 0.00056 | beta 0.020
      valid loss 516449992704.44629 | recon 516390977536.41150 | kl 3.35932 | smooth 1.65883 | trans 11803712512.14410 | lle 0.00037 | r 0.6430 | R² 0.4059 | eta 01:14
[124] train loss 0.63424 | recon 0.55994 | kl 3.58828 | smooth 1.62502 | trans 0.18052 | lle 0.00056 | beta 0.020
      valid loss 516449992704.45032 | recon 516390977536.41840 | kl 3.22377 | smooth 1.66270 | trans 11803712512.14410 | lle 0.00033 | r 0.6309 | R² 0.3863 | eta 01:11
[125] train loss 0.63909 | recon 0.56783 | kl 3.43616 | smooth 1.62619 | trans 0.18052 | lle 0.00057 | beta 0.020
      valid loss 516449992704.44446 | recon 516390977536.41028 | kl 3.28698 | smooth 1.66558 | trans 11803712512.14410 | lle 0.00030 | r 0.6120 | R² 0.3604 | eta 01:08
[126] train loss 0.64419 | recon 0.57349 | kl 3.40896 | smooth 1.62699 | trans 0.17754 | lle 0.00061 | beta 0.020
      valid loss 516449992704.44690 | recon 516390977536.41211 | kl 3.32453 | smooth 1.66488 | trans 11803712512.14410 | lle 0.00027 | r 0.6322 | R² 0.3862 | eta 01:06
[127] train loss 0.63683 | recon 0.56277 | kl 3.57763 | smooth 1.63164 | trans 0.17592 | lle 0.00058 | beta 0.020
      valid loss 516449992704.47339 | recon 516390977536.43921 | kl 3.32776 | smooth 1.66165 | trans 11803712512.14410 | lle 0.00024 | r 0.6263 | R² 0.3742 | eta 01:03
[128] train loss 0.64594 | recon 0.57399 | kl 3.47000 | smooth 1.62782 | trans 0.18380 | lle 0.00065 | beta 0.020
      valid loss 516449992704.45673 | recon 516390977536.42310 | kl 3.28382 | smooth 1.66876 | trans 11803712512.14410 | lle 0.00038 | r 0.6255 | R² 0.3744 | eta 01:00
[129] train loss 0.63378 | recon 0.56282 | kl 3.42166 | smooth 1.63276 | trans 0.17903 | lle 0.00063 | beta 0.020
      valid loss 516449992704.46082 | recon 516390977536.42889 | kl 3.15900 | smooth 1.66612 | trans 11803712512.14410 | lle 0.00029 | r 0.6255 | R² 0.3761 | eta 00:57
[130] train loss 0.62937 | recon 0.55941 | kl 3.37117 | smooth 1.63513 | trans 0.17963 | lle 0.00058 | beta 0.020
      valid loss 516449992704.45941 | recon 516390977536.42505 | kl 3.21820 | smooth 1.66870 | trans 11803712512.14410 | lle 0.00036 | r 0.6288 | R² 0.3865 | eta 00:55
[131] train loss 0.62635 | recon 0.55850 | kl 3.26677 | smooth 1.63617 | trans 0.17449 | lle 0.00055 | beta 0.020
      valid loss 516449992704.44916 | recon 516390977536.41492 | kl 3.27559 | smooth 1.66896 | trans 11803712512.14410 | lle 0.00030 | r 0.6316 | R² 0.3808 | eta 00:52
[132] train loss 0.61629 | recon 0.54698 | kl 3.34107 | smooth 1.63423 | trans 0.17006 | lle 0.00061 | beta 0.020
      valid loss 516449992704.45007 | recon 516390977536.41931 | kl 3.07261 | smooth 1.67066 | trans 11803712512.14410 | lle 0.00029 | r 0.6301 | R² 0.3843 | eta 00:49
[133] train loss 0.63928 | recon 0.57022 | kl 3.32509 | smooth 1.63758 | trans 0.18356 | lle 0.00063 | beta 0.020
      valid loss 516449992704.44678 | recon 516390977536.41241 | kl 3.24595 | smooth 1.67606 | trans 11803712512.14410 | lle 0.00056 | r 0.6285 | R² 0.3838 | eta 00:46
[134] train loss 0.63333 | recon 0.56458 | kl 3.31101 | smooth 1.64162 | trans 0.17631 | lle 0.00060 | beta 0.020
      valid loss 516449992704.45923 | recon 516390977536.42981 | kl 2.90343 | smooth 1.67457 | trans 11803712512.14410 | lle 0.00033 | r 0.6254 | R² 0.3826 | eta 00:44
[135] train loss 0.64463 | recon 0.57510 | kl 3.34885 | smooth 1.64076 | trans 0.18088 | lle 0.00057 | beta 0.020
      valid loss 516449992704.45081 | recon 516390977536.41998 | kl 3.03937 | smooth 1.67394 | trans 11803712512.14410 | lle 0.00023 | r 0.6249 | R² 0.3822 | eta 00:41
[136] train loss 0.63070 | recon 0.56340 | kl 3.24007 | smooth 1.64499 | trans 0.17031 | lle 0.00058 | beta 0.020
      valid loss 516449992704.44348 | recon 516390977536.41162 | kl 3.15777 | smooth 1.67327 | trans 11803712512.14410 | lle 0.00032 | r 0.6227 | R² 0.3741 | eta 00:38
[137] train loss 0.65331 | recon 0.58063 | kl 3.50584 | smooth 1.64643 | trans 0.18378 | lle 0.00065 | beta 0.020
      valid loss 516449992704.45459 | recon 516390977536.42047 | kl 3.25710 | smooth 1.67031 | trans 11803712512.14410 | lle 0.00033 | r 0.6382 | R² 0.3947 | eta 00:35
[138] train loss 0.62621 | recon 0.55579 | kl 3.39418 | smooth 1.64151 | trans 0.17870 | lle 0.00056 | beta 0.020
      valid loss 516449992704.44031 | recon 516390977536.40875 | kl 3.17287 | smooth 1.67515 | trans 11803712512.14410 | lle 0.00027 | r 0.6141 | R² 0.3588 | eta 00:33
[139] train loss 0.63138 | recon 0.56132 | kl 3.37678 | smooth 1.64852 | trans 0.17408 | lle 0.00060 | beta 0.020
      valid loss 516449992704.44031 | recon 516390977536.40833 | kl 3.08084 | smooth 1.67178 | trans 11803712512.14410 | lle 0.00031 | r 0.6332 | R² 0.3959 | eta 00:30
[140] train loss 0.63144 | recon 0.56349 | kl 3.27062 | smooth 1.64475 | trans 0.17954 | lle 0.00063 | beta 0.020
      valid loss 516449992704.45288 | recon 516390977536.41968 | kl 3.18000 | smooth 1.67194 | trans 11803712512.14410 | lle 0.00031 | r 0.6388 | R² 0.3947 | eta 00:27
[141] train loss 0.63943 | recon 0.57147 | kl 3.26999 | smooth 1.64912 | trans 0.18152 | lle 0.00071 | beta 0.020
      valid loss 516449992704.44379 | recon 516390977536.41357 | kl 2.97230 | smooth 1.67974 | trans 11803712512.14410 | lle 0.00042 | r 0.6377 | R² 0.3979 | eta 00:24
[142] train loss 0.64158 | recon 0.57450 | kl 3.22672 | smooth 1.64785 | trans 0.17924 | lle 0.00059 | beta 0.020
      valid loss 516449992704.45972 | recon 516390977536.42511 | kl 3.24690 | smooth 1.67454 | trans 11803712512.14410 | lle 0.00024 | r 0.6196 | R² 0.3623 | eta 00:22
[143] train loss 0.63624 | recon 0.56775 | kl 3.29630 | smooth 1.65281 | trans 0.18177 | lle 0.00062 | beta 0.020
      valid loss 516449992704.44781 | recon 516390977536.41699 | kl 3.03306 | smooth 1.67851 | trans 11803712512.14410 | lle 0.00027 | r 0.6170 | R² 0.3668 | eta 00:19
[144] train loss 0.63876 | recon 0.57030 | kl 3.29467 | smooth 1.64840 | trans 0.18294 | lle 0.00071 | beta 0.020
      valid loss 516449992704.43835 | recon 516390977536.40533 | kl 3.18847 | smooth 1.67736 | trans 11803712512.14409 | lle 0.00025 | r 0.6206 | R² 0.3636 | eta 00:16
[145] train loss 0.62006 | recon 0.55180 | kl 3.28796 | smooth 1.65127 | trans 0.16968 | lle 0.00053 | beta 0.020
      valid loss 516449992704.43500 | recon 516390977536.40179 | kl 3.19439 | smooth 1.67755 | trans 11803712512.14410 | lle 0.00031 | r 0.6337 | R² 0.3912 | eta 00:13
[146] train loss 0.58742 | recon 0.51883 | kl 3.30474 | smooth 1.65284 | trans 0.16874 | lle 0.00065 | beta 0.020
      valid loss 516449992704.45264 | recon 516390977536.42175 | kl 2.98403 | smooth 1.67821 | trans 11803712512.14410 | lle 0.00030 | r 0.6425 | R² 0.4094 | eta 00:11
[147] train loss 0.61272 | recon 0.54767 | kl 3.12567 | smooth 1.65370 | trans 0.17607 | lle 0.00063 | beta 0.020
      valid loss 516449992704.44452 | recon 516390977536.41223 | kl 3.06101 | smooth 1.68300 | trans 11803712512.14410 | lle 0.00027 | r 0.6273 | R² 0.3732 | eta 00:08
[148] train loss 0.61741 | recon 0.55123 | kl 3.18059 | smooth 1.65585 | trans 0.18199 | lle 0.00054 | beta 0.020
      valid loss 516449992704.44037 | recon 516390977536.40912 | kl 3.03139 | smooth 1.68314 | trans 11803712512.14410 | lle 0.00028 | r 0.6324 | R² 0.3831 | eta 00:05
[149] train loss 0.61647 | recon 0.54940 | kl 3.22522 | smooth 1.65445 | trans 0.18196 | lle 0.00057 | beta 0.020
      valid loss 516449992704.44257 | recon 516390977536.40814 | kl 3.25673 | smooth 1.68166 | trans 11803712512.14410 | lle 0.00027 | r 0.6307 | R² 0.3850 | eta 00:02
[150] train loss 0.61773 | recon 0.54891 | kl 3.31221 | smooth 1.65763 | trans 0.18235 | lle 0.00062 | beta 0.020
      valid loss 516449992704.44604 | recon 516390977536.41290 | kl 3.08047 | smooth 1.68272 | trans 11803712512.14410 | lle 0.00029 | r 0.6288 | R² 0.3900 | eta 00:00
/home/4429/envs/odevae/lib/python3.11/site-packages/sklearn/manifold/_mds.py:754: FutureWarning: The default value of `init` will change from 'random' to 'classical_mds' in 1.10. To suppress this warning, provide some value of `init`.
  warnings.warn(
/home/4429/envs/odevae/lib/python3.11/site-packages/sklearn/manifold/_mds.py:771: FutureWarning: The `dissimilarity` parameter is deprecated and will be removed in 1.10. Use `metric` instead.
  warnings.warn(
      wrote /home/4429/projects/Neural_VAE_ODE/runs/2026-05-23_145352_7daff08/latent_manifold_mds.png
done.
experts.0.0.bias 0.03104834258556366
experts.0.2.bias -0.006817423738539219
experts.0.4.bias 0.009543972089886665
experts.1.0.bias 0.031910743564367294
experts.1.2.bias -0.004800443071871996
experts.1.4.bias 0.010343562811613083
experts.2.0.bias 0.03393452987074852
experts.2.2.bias -0.0060279835015535355
experts.2.4.bias 0.012501027435064316
experts.3.0.bias 0.038914479315280914
experts.3.2.bias 0.00104454904794693
experts.3.4.bias 0.009359512478113174
experts.4.0.bias 0.05717763304710388
experts.4.2.bias -0.0018779223319143057
experts.4.4.bias 0.011142950505018234
experts.5.0.bias 0.025136345997452736
experts.5.2.bias 0.0005830206209793687
experts.5.4.bias 0.009085078723728657
experts.6.0.bias 0.03474373370409012
experts.6.2.bias -0.0023406886029988527
experts.6.4.bias 0.01348037738353014
experts.7.0.bias 0.006246722303330898
experts.7.2.bias -0.004815402440726757
experts.7.4.bias 0.010287022218108177
Saved run metadata → /home/4429/projects/Neural_VAE_ODE/runs/2026-05-23_145352_7daff08/run_metadata.json
Final r: 0.6288
Final R²: 0.3900
Results logged to /home/4429/projects/Neural_VAE_ODE/src/training_results.txt
Exception ignored in: Exception ignored in sys.unraisablehook