Running script: v5_neural_vae.py
Loading configuration from C:\Users\schot\Neural_VAE_ODE\runs\2026-02-22_144320_bbc402e\config.txt
Device: cuda
PCA reduced 375 → 129 dims (95.02% variance)
Selecting 100 landmark trials (greedy coverage)...
Subsampled to 100 sequences.
Built sequences: B=100, :=120, N=129
C:\Users\schot\Anaconda3\envs\neural_ode\lib\site-packages\torch\nn\modules\transformer.py:379: UserWarning: enable_nested_tensor is True, but self.use_nested_tensor is False because encoder_layer.self_attn.batch_first was not True(use batch_first for better inference performance)
  warnings.warn(
[001] train loss 2.53868 | recon 2.53678 | kl 1.33877 | smooth 0.99945 | trans 0.02559 | lle 0.00041 | beta 0.001
      valid loss 3.39325 | recon 3.36357 | kl 1.43418 | smooth 0.99401 | trans 0.03234 | lle 0.00007 | r 0.1546 | R² 0.0236
[002] train loss 2.31210 | recon 2.30818 | kl 2.19138 | smooth 0.99015 | trans 0.02566 | lle 0.00042 | beta 0.001
      valid loss 3.33704 | recon 3.27576 | kl 3.01419 | smooth 0.98883 | trans 0.03234 | lle 0.00007 | r 0.2354 | R² 0.0490
[003] train loss 2.09061 | recon 2.08229 | kl 3.66004 | smooth 0.98499 | trans 0.02578 | lle 0.00041 | beta 0.002
      valid loss 3.17594 | recon 3.10378 | kl 3.55788 | smooth 0.98765 | trans 0.03234 | lle 0.00007 | r 0.3418 | R² 0.0990
[004] train loss 1.93224 | recon 1.91823 | kl 4.87585 | smooth 0.99096 | trans 0.02584 | lle 0.00042 | beta 0.003
      valid loss 2.91268 | recon 2.81050 | kl 5.05836 | smooth 0.98963 | trans 0.03232 | lle 0.00007 | r 0.4424 | R² 0.1841
[005] train loss 1.81246 | recon 1.79440 | kl 5.11433 | smooth 0.99176 | trans 0.02572 | lle 0.00046 | beta 0.003
      valid loss 2.67725 | recon 2.58358 | kl 4.63290 | smooth 0.99313 | trans 0.03232 | lle 0.00007 | r 0.5055 | R² 0.2500
[006] train loss 1.71389 | recon 1.69106 | kl 5.45178 | smooth 0.99616 | trans 0.02558 | lle 0.00038 | beta 0.004
      valid loss 2.59121 | recon 2.48043 | kl 5.48720 | smooth 0.99953 | trans 0.03231 | lle 0.00007 | r 0.5298 | R² 0.2799
[007] train loss 1.59339 | recon 1.56644 | kl 5.55161 | smooth 1.00584 | trans 0.02576 | lle 0.00042 | beta 0.005
      valid loss 2.53779 | recon 2.42321 | kl 5.67644 | smooth 1.01165 | trans 0.03231 | lle 0.00008 | r 0.5464 | R² 0.2965
[008] train loss 1.47434 | recon 1.44045 | kl 6.15694 | smooth 1.01812 | trans 0.02574 | lle 0.00047 | beta 0.005
      valid loss 2.42564 | recon 2.29748 | kl 6.35480 | smooth 1.02379 | trans 0.03231 | lle 0.00008 | r 0.5776 | R² 0.3330
[009] train loss 1.39096 | recon 1.34997 | kl 6.65232 | smooth 1.02951 | trans 0.02552 | lle 0.00045 | beta 0.006
      valid loss 2.39287 | recon 2.26335 | kl 6.42146 | smooth 1.03475 | trans 0.03231 | lle 0.00007 | r 0.5869 | R² 0.3429
[010] train loss 1.33638 | recon 1.28899 | kl 6.94498 | smooth 1.04054 | trans 0.02576 | lle 0.00044 | beta 0.007
      valid loss 2.35382 | recon 2.22136 | kl 6.56753 | smooth 1.05018 | trans 0.03231 | lle 0.00007 | r 0.5962 | R² 0.3551
[011] train loss 1.25832 | recon 1.20430 | kl 7.21683 | smooth 1.05493 | trans 0.02567 | lle 0.00045 | beta 0.007
      valid loss 2.34500 | recon 2.20472 | kl 6.95805 | smooth 1.05809 | trans 0.03230 | lle 0.00008 | r 0.6003 | R² 0.3600
[012] train loss 1.20728 | recon 1.14768 | kl 7.31031 | smooth 1.06605 | trans 0.02567 | lle 0.00043 | beta 0.008
      valid loss 2.36599 | recon 2.22235 | kl 7.12519 | smooth 1.07911 | trans 0.03230 | lle 0.00008 | r 0.5986 | R² 0.3549
[013] train loss 1.19317 | recon 1.12843 | kl 7.33867 | smooth 1.08093 | trans 0.02570 | lle 0.00046 | beta 0.009
      valid loss 2.73732 | recon 2.60670 | kl 6.47360 | smooth 1.07827 | trans 0.03232 | lle 0.00009 | r 0.4950 | R² 0.2433
[014] train loss 1.16398 | recon 1.09439 | kl 7.33227 | smooth 1.09089 | trans 0.02560 | lle 0.00044 | beta 0.009
      valid loss 2.62528 | recon 2.48561 | kl 6.92470 | smooth 1.09874 | trans 0.03231 | lle 0.00007 | r 0.5413 | R² 0.2784
[015] train loss 1.12278 | recon 1.04869 | kl 7.29191 | smooth 1.10276 | trans 0.02572 | lle 0.00044 | beta 0.010
      valid loss 2.34979 | recon 2.21796 | kl 6.53253 | smooth 1.10194 | trans 0.03231 | lle 0.00007 | r 0.5982 | R² 0.3561
[016] train loss 1.04261 | recon 0.96500 | kl 7.16486 | smooth 1.11313 | trans 0.02559 | lle 0.00050 | beta 0.011
      valid loss 2.32655 | recon 2.18949 | kl 6.79201 | smooth 1.12599 | trans 0.03230 | lle 0.00010 | r 0.6087 | R² 0.3644
[017] train loss 1.00548 | recon 0.92727 | kl 6.79421 | smooth 1.13153 | trans 0.02574 | lle 0.00044 | beta 0.011
      valid loss 2.33427 | recon 2.20079 | kl 6.61213 | smooth 1.13989 | trans 0.03230 | lle 0.00008 | r 0.6044 | R² 0.3611
[018] train loss 0.96968 | recon 0.88655 | kl 6.82558 | smooth 1.14690 | trans 0.02555 | lle 0.00048 | beta 0.012
      valid loss 2.32021 | recon 2.19711 | kl 6.09218 | smooth 1.16024 | trans 0.03230 | lle 0.00007 | r 0.6034 | R² 0.3622
[019] train loss 0.95564 | recon 0.87165 | kl 6.53271 | smooth 1.16029 | trans 0.02550 | lle 0.00043 | beta 0.013
      valid loss 2.33177 | recon 2.20292 | kl 6.37899 | smooth 1.16424 | trans 0.03230 | lle 0.00008 | r 0.6046 | R² 0.3605
[020] train loss 0.94253 | recon 0.85346 | kl 6.58548 | smooth 1.17598 | trans 0.02580 | lle 0.00044 | beta 0.013
      valid loss 2.31811 | recon 2.20146 | kl 5.76737 | smooth 1.19654 | trans 0.03229 | lle 0.00009 | r 0.6041 | R² 0.3609
[021] train loss 0.90332 | recon 0.81087 | kl 6.51230 | smooth 1.19141 | trans 0.02578 | lle 0.00044 | beta 0.014
      valid loss 2.30097 | recon 2.18336 | kl 5.81490 | smooth 1.20189 | trans 0.03229 | lle 0.00007 | r 0.6124 | R² 0.3662
[022] train loss 0.87050 | recon 0.77630 | kl 6.33338 | smooth 1.20514 | trans 0.02571 | lle 0.00047 | beta 0.015
      valid loss 2.27603 | recon 2.17399 | kl 5.03490 | smooth 1.21902 | trans 0.03229 | lle 0.00009 | r 0.6088 | R² 0.3689
[023] train loss 0.82859 | recon 0.73327 | kl 6.13016 | smooth 1.22484 | trans 0.02554 | lle 0.00048 | beta 0.015
      valid loss 2.25792 | recon 2.15225 | kl 5.21561 | smooth 1.23373 | trans 0.03229 | lle 0.00008 | r 0.6164 | R² 0.3752
[024] train loss 0.80161 | recon 0.70622 | kl 5.87745 | smooth 1.24318 | trans 0.02558 | lle 0.00048 | beta 0.016
      valid loss 2.28943 | recon 2.18688 | kl 5.05854 | smooth 1.24940 | trans 0.03229 | lle 0.00008 | r 0.6097 | R² 0.3651
[025] train loss 0.78025 | recon 0.68495 | kl 5.63560 | smooth 1.26226 | trans 0.02562 | lle 0.00054 | beta 0.017
      valid loss 2.28006 | recon 2.18319 | kl 4.77339 | smooth 1.26365 | trans 0.03229 | lle 0.00008 | r 0.6109 | R² 0.3662
[026] train loss 0.76066 | recon 0.66425 | kl 5.48141 | smooth 1.28452 | trans 0.02567 | lle 0.00051 | beta 0.017
      valid loss 2.26847 | recon 2.18099 | kl 4.30202 | smooth 1.29772 | trans 0.03228 | lle 0.00010 | r 0.6081 | R² 0.3669
[027] train loss 0.74247 | recon 0.64671 | kl 5.24103 | smooth 1.30369 | trans 0.02576 | lle 0.00048 | beta 0.018
      valid loss 2.23093 | recon 2.14614 | kl 4.16652 | smooth 1.31217 | trans 0.03228 | lle 0.00007 | r 0.6164 | R² 0.3770
[028] train loss 0.74334 | recon 0.64634 | kl 5.11928 | smooth 1.32213 | trans 0.02556 | lle 0.00051 | beta 0.019
      valid loss 2.25142 | recon 2.16503 | kl 4.24507 | smooth 1.33589 | trans 0.03228 | lle 0.00010 | r 0.6153 | R² 0.3715
[029] train loss 0.74484 | recon 0.64838 | kl 4.91343 | smooth 1.34186 | trans 0.02558 | lle 0.00050 | beta 0.019
      valid loss 2.28679 | recon 2.20238 | kl 4.14585 | smooth 1.33342 | trans 0.03228 | lle 0.00008 | r 0.6145 | R² 0.3606
[030] train loss 0.73373 | recon 0.63474 | kl 4.87488 | smooth 1.35980 | trans 0.02557 | lle 0.00049 | beta 0.020
      valid loss 2.31879 | recon 2.23695 | kl 4.01540 | smooth 1.37084 | trans 0.03229 | lle 0.00009 | r 0.5955 | R² 0.3506
[031] train loss 0.70674 | recon 0.60838 | kl 4.84286 | smooth 1.37893 | trans 0.02555 | lle 0.00052 | beta 0.020
      valid loss 2.22285 | recon 2.14517 | kl 3.80721 | smooth 1.37551 | trans 0.03228 | lle 0.00010 | r 0.6198 | R² 0.3773
[032] train loss 0.68679 | recon 0.59337 | kl 4.59436 | smooth 1.39909 | trans 0.02578 | lle 0.00052 | beta 0.020
      valid loss 2.25811 | recon 2.18194 | kl 3.73063 | smooth 1.40142 | trans 0.03227 | lle 0.00008 | r 0.6103 | R² 0.3666
[033] train loss 0.67540 | recon 0.58305 | kl 4.54039 | smooth 1.41221 | trans 0.02569 | lle 0.00058 | beta 0.020
      valid loss 2.23133 | recon 2.15590 | kl 3.69234 | smooth 1.41290 | trans 0.03227 | lle 0.00008 | r 0.6205 | R² 0.3741
[034] train loss 0.64765 | recon 0.55836 | kl 4.38617 | smooth 1.43323 | trans 0.02576 | lle 0.00051 | beta 0.020
      valid loss 2.20783 | recon 2.13757 | kl 3.43330 | smooth 1.43274 | trans 0.03227 | lle 0.00009 | r 0.6233 | R² 0.3795
[035] train loss 0.65192 | recon 0.56081 | kl 4.47685 | smooth 1.44839 | trans 0.02554 | lle 0.00054 | beta 0.020
      valid loss 2.24129 | recon 2.17398 | kl 3.28481 | smooth 1.44580 | trans 0.03227 | lle 0.00008 | r 0.6094 | R² 0.3689
[036] train loss 0.65482 | recon 0.56797 | kl 4.26262 | smooth 1.46985 | trans 0.02550 | lle 0.00051 | beta 0.020
      valid loss 2.28081 | recon 2.21143 | kl 3.38780 | smooth 1.46527 | trans 0.03227 | lle 0.00009 | r 0.6021 | R² 0.3580
[037] train loss 0.64515 | recon 0.55648 | kl 4.35239 | smooth 1.48751 | trans 0.02528 | lle 0.00057 | beta 0.020
      valid loss 2.21022 | recon 2.14120 | kl 3.36894 | smooth 1.48257 | trans 0.03227 | lle 0.00008 | r 0.6256 | R² 0.3784
[038] train loss 0.62018 | recon 0.53489 | kl 4.18278 | smooth 1.49813 | trans 0.02536 | lle 0.00059 | beta 0.020
      valid loss 2.21057 | recon 2.14740 | kl 3.07522 | smooth 1.49436 | trans 0.03227 | lle 0.00011 | r 0.6173 | R² 0.3766
[039] train loss 0.60226 | recon 0.51972 | kl 4.04434 | smooth 1.51482 | trans 0.02563 | lle 0.00057 | beta 0.020
      valid loss 2.21979 | recon 2.15512 | kl 3.14961 | smooth 1.51135 | trans 0.03226 | lle 0.00009 | r 0.6160 | R² 0.3744
[040] train loss 0.59761 | recon 0.51572 | kl 4.01125 | smooth 1.53346 | trans 0.02553 | lle 0.00058 | beta 0.020
      valid loss 2.24659 | recon 2.18879 | kl 2.80616 | smooth 1.51769 | trans 0.03227 | lle 0.00011 | r 0.6048 | R² 0.3646
[041] train loss 0.59032 | recon 0.50804 | kl 4.03029 | smooth 1.54790 | trans 0.02553 | lle 0.00055 | beta 0.020
      valid loss 2.16991 | recon 2.10779 | kl 3.02115 | smooth 1.53561 | trans 0.03226 | lle 0.00009 | r 0.6260 | R² 0.3881
[042] train loss 0.59240 | recon 0.51155 | kl 3.95762 | smooth 1.56848 | trans 0.02570 | lle 0.00057 | beta 0.020
      valid loss 2.22387 | recon 2.15845 | kl 3.18580 | smooth 1.54705 | trans 0.03226 | lle 0.00009 | r 0.6170 | R² 0.3734
[043] train loss 0.57722 | recon 0.49361 | kl 4.09528 | smooth 1.57807 | trans 0.02570 | lle 0.00065 | beta 0.020
      valid loss 2.17547 | recon 2.11272 | kl 3.05072 | smooth 1.56880 | trans 0.03226 | lle 0.00008 | r 0.6320 | R² 0.3867
[044] train loss 0.58997 | recon 0.51062 | kl 3.88070 | smooth 1.59585 | trans 0.02572 | lle 0.00057 | beta 0.020
      valid loss 2.21176 | recon 2.15096 | kl 2.95246 | smooth 1.58110 | trans 0.03226 | lle 0.00008 | r 0.6168 | R² 0.3756
[045] train loss 0.57350 | recon 0.49378 | kl 3.89876 | smooth 1.60960 | trans 0.02566 | lle 0.00056 | beta 0.020
      valid loss 2.17746 | recon 2.12100 | kl 2.73417 | smooth 1.61259 | trans 0.03226 | lle 0.00011 | r 0.6215 | R² 0.3843
[046] train loss 0.55087 | recon 0.47382 | kl 3.76454 | smooth 1.62526 | trans 0.02530 | lle 0.00067 | beta 0.020
      valid loss 2.20525 | recon 2.14510 | kl 2.91879 | smooth 1.61637 | trans 0.03226 | lle 0.00011 | r 0.6192 | R² 0.3773
[047] train loss 0.54147 | recon 0.46426 | kl 3.77188 | smooth 1.64281 | trans 0.02552 | lle 0.00064 | beta 0.020
      valid loss 2.19311 | recon 2.13482 | kl 2.82476 | smooth 1.62837 | trans 0.03225 | lle 0.00009 | r 0.6209 | R² 0.3803
[048] train loss 0.53635 | recon 0.45967 | kl 3.74428 | smooth 1.65819 | trans 0.02551 | lle 0.00065 | beta 0.020
      valid loss 2.17288 | recon 2.11400 | kl 2.85233 | smooth 1.66440 | trans 0.03225 | lle 0.00010 | r 0.6261 | R² 0.3863
[049] train loss 0.52469 | recon 0.44863 | kl 3.71289 | smooth 1.67677 | trans 0.02564 | lle 0.00056 | beta 0.020
      valid loss 2.16524 | recon 2.10995 | kl 2.67276 | smooth 1.66713 | trans 0.03225 | lle 0.00008 | r 0.6263 | R² 0.3875
[050] train loss 0.53153 | recon 0.45831 | kl 3.57008 | smooth 1.69437 | trans 0.02556 | lle 0.00064 | beta 0.020
      valid loss 2.17337 | recon 2.11377 | kl 2.88689 | smooth 1.69954 | trans 0.03225 | lle 0.00008 | r 0.6272 | R² 0.3864
[051] train loss 0.51227 | recon 0.43963 | kl 3.54025 | smooth 1.70870 | trans 0.02560 | lle 0.00060 | beta 0.020
      valid loss 2.11452 | recon 2.06043 | kl 2.61192 | smooth 1.69863 | trans 0.03225 | lle 0.00010 | r 0.6354 | R² 0.4019
[052] train loss 0.50504 | recon 0.43302 | kl 3.50810 | smooth 1.72434 | trans 0.02524 | lle 0.00065 | beta 0.020
      valid loss 2.08213 | recon 2.02876 | kl 2.57421 | smooth 1.72333 | trans 0.03225 | lle 0.00010 | r 0.6418 | R² 0.4111
[053] train loss 0.50020 | recon 0.42661 | kl 3.58587 | smooth 1.74299 | trans 0.02562 | lle 0.00062 | beta 0.020
      valid loss 2.08180 | recon 2.02694 | kl 2.64863 | smooth 1.73350 | trans 0.03224 | lle 0.00010 | r 0.6435 | R² 0.4116
[054] train loss 0.50025 | recon 0.42871 | kl 3.48264 | smooth 1.75723 | trans 0.02550 | lle 0.00066 | beta 0.020
      valid loss 2.07241 | recon 2.01997 | kl 2.52569 | smooth 1.76166 | trans 0.03224 | lle 0.00012 | r 0.6438 | R² 0.4136
[055] train loss 0.50428 | recon 0.43252 | kl 3.49291 | smooth 1.77306 | trans 0.02541 | lle 0.00062 | beta 0.020
      valid loss 2.11112 | recon 2.05518 | kl 2.70033 | smooth 1.76606 | trans 0.03225 | lle 0.00010 | r 0.6378 | R² 0.4034
[056] train loss 0.49059 | recon 0.41951 | kl 3.45801 | smooth 1.78652 | trans 0.02523 | lle 0.00066 | beta 0.020
      valid loss 2.07086 | recon 2.01646 | kl 2.62389 | smooth 1.76357 | trans 0.03224 | lle 0.00011 | r 0.6461 | R² 0.4146
[057] train loss 0.48284 | recon 0.41372 | kl 3.35948 | smooth 1.80124 | trans 0.02561 | lle 0.00065 | beta 0.020
      valid loss 2.13345 | recon 2.07723 | kl 2.71370 | smooth 1.78389 | trans 0.03225 | lle 0.00008 | r 0.6354 | R² 0.3970
[058] train loss 0.49013 | recon 0.41919 | kl 3.44961 | smooth 1.81812 | trans 0.02568 | lle 0.00060 | beta 0.020
      valid loss 2.07301 | recon 2.01703 | kl 2.70014 | smooth 1.81420 | trans 0.03224 | lle 0.00010 | r 0.6477 | R² 0.4145
[059] train loss 0.48776 | recon 0.41749 | kl 3.41542 | smooth 1.82780 | trans 0.02561 | lle 0.00066 | beta 0.020
      valid loss 2.10143 | recon 2.04406 | kl 2.76972 | smooth 1.81456 | trans 0.03223 | lle 0.00010 | r 0.6546 | R² 0.4066
[060] train loss 0.47720 | recon 0.40794 | kl 3.36404 | smooth 1.84663 | trans 0.02549 | lle 0.00062 | beta 0.020
      valid loss 2.08212 | recon 2.02746 | kl 2.63283 | smooth 1.84421 | trans 0.03223 | lle 0.00009 | r 0.6473 | R² 0.4114
[061] train loss 0.47837 | recon 0.40924 | kl 3.35695 | smooth 1.85871 | trans 0.02565 | lle 0.00070 | beta 0.020
      valid loss 2.06273 | recon 2.00941 | kl 2.56498 | smooth 1.85268 | trans 0.03224 | lle 0.00011 | r 0.6472 | R² 0.4167
[062] train loss 0.45838 | recon 0.38990 | kl 3.32373 | smooth 1.87331 | trans 0.02547 | lle 0.00063 | beta 0.020
      valid loss 2.06951 | recon 2.01737 | kl 2.50455 | smooth 1.88280 | trans 0.03223 | lle 0.00011 | r 0.6442 | R² 0.4144
[063] train loss 0.45549 | recon 0.38747 | kl 3.30000 | smooth 1.89097 | trans 0.02557 | lle 0.00070 | beta 0.020
      valid loss 2.05237 | recon 1.99970 | kl 2.53120 | smooth 1.87535 | trans 0.03223 | lle 0.00009 | r 0.6518 | R² 0.4195
[064] train loss 0.45743 | recon 0.39199 | kl 3.17049 | smooth 1.90095 | trans 0.02539 | lle 0.00069 | beta 0.020
      valid loss 2.04836 | recon 1.99310 | kl 2.66109 | smooth 1.87570 | trans 0.03223 | lle 0.00011 | r 0.6568 | R² 0.4214
[065] train loss 0.45673 | recon 0.39007 | kl 3.23047 | smooth 1.91841 | trans 0.02551 | lle 0.00068 | beta 0.020
      valid loss 2.01575 | recon 1.96019 | kl 2.67592 | smooth 1.88797 | trans 0.03223 | lle 0.00009 | r 0.6581 | R² 0.4310
[066] train loss 0.46788 | recon 0.39903 | kl 3.33929 | smooth 1.92955 | trans 0.02539 | lle 0.00066 | beta 0.020
      valid loss 2.02799 | recon 1.97069 | kl 2.76165 | smooth 1.90500 | trans 0.03223 | lle 0.00009 | r 0.6564 | R² 0.4279
[067] train loss 0.45593 | recon 0.38875 | kl 3.25532 | smooth 1.94295 | trans 0.02533 | lle 0.00074 | beta 0.020
      valid loss 2.07239 | recon 2.01367 | kl 2.83149 | smooth 1.92070 | trans 0.03223 | lle 0.00009 | r 0.6513 | R² 0.4154
[068] train loss 0.44711 | recon 0.37979 | kl 3.26164 | smooth 1.95493 | trans 0.02561 | lle 0.00070 | beta 0.020
      valid loss 2.03317 | recon 1.97902 | kl 2.60301 | smooth 1.92669 | trans 0.03223 | lle 0.00010 | r 0.6564 | R² 0.4255
[069] train loss 0.44041 | recon 0.37639 | kl 3.09602 | smooth 1.96739 | trans 0.02555 | lle 0.00072 | beta 0.020
      valid loss 2.07364 | recon 2.02032 | kl 2.56023 | smooth 1.94975 | trans 0.03223 | lle 0.00009 | r 0.6498 | R² 0.4135
[070] train loss 0.44932 | recon 0.38354 | kl 3.18353 | smooth 1.97973 | trans 0.02547 | lle 0.00068 | beta 0.020
      valid loss 1.99492 | recon 1.93994 | kl 2.64247 | smooth 1.96965 | trans 0.03221 | lle 0.00011 | r 0.6628 | R² 0.4368
[071] train loss 0.43879 | recon 0.37305 | kl 3.18012 | smooth 1.99786 | trans 0.02569 | lle 0.00082 | beta 0.020
      valid loss 2.01275 | recon 1.95980 | kl 2.54026 | smooth 1.98188 | trans 0.03222 | lle 0.00011 | r 0.6576 | R² 0.4311
[072] train loss 0.44448 | recon 0.37793 | kl 3.22055 | smooth 2.01039 | trans 0.02559 | lle 0.00072 | beta 0.020
      valid loss 1.97522 | recon 1.92186 | kl 2.56104 | smooth 1.97972 | trans 0.03221 | lle 0.00010 | r 0.6657 | R² 0.4421
[073] train loss 0.43779 | recon 0.37413 | kl 3.07545 | smooth 2.02396 | trans 0.02547 | lle 0.00067 | beta 0.020
      valid loss 1.98324 | recon 1.92876 | kl 2.61668 | smooth 1.98359 | trans 0.03221 | lle 0.00010 | r 0.6743 | R² 0.4401
[074] train loss 0.43218 | recon 0.36860 | kl 3.07041 | smooth 2.03321 | trans 0.02557 | lle 0.00068 | beta 0.020
      valid loss 2.00231 | recon 1.95042 | kl 2.48669 | smooth 1.98854 | trans 0.03222 | lle 0.00009 | r 0.6604 | R² 0.4338
[075] train loss 0.42503 | recon 0.36243 | kl 3.02081 | smooth 2.05105 | trans 0.02546 | lle 0.00074 | beta 0.020
      valid loss 1.97635 | recon 1.92523 | kl 2.44610 | smooth 2.03340 | trans 0.03221 | lle 0.00015 | r 0.6655 | R² 0.4411
[076] train loss 0.41941 | recon 0.35684 | kl 3.01857 | smooth 2.06515 | trans 0.02526 | lle 0.00071 | beta 0.020
      valid loss 1.96653 | recon 1.91428 | kl 2.50324 | smooth 2.02788 | trans 0.03221 | lle 0.00009 | r 0.6694 | R² 0.4443
[077] train loss 0.41286 | recon 0.35107 | kl 2.97891 | smooth 2.07852 | trans 0.02535 | lle 0.00067 | beta 0.020
      valid loss 1.96184 | recon 1.90872 | kl 2.54640 | smooth 2.02974 | trans 0.03221 | lle 0.00009 | r 0.6700 | R² 0.4459
[078] train loss 0.42513 | recon 0.36336 | kl 2.97739 | smooth 2.09168 | trans 0.02556 | lle 0.00073 | beta 0.020
      valid loss 1.95628 | recon 1.90332 | kl 2.53793 | smooth 2.04828 | trans 0.03221 | lle 0.00010 | r 0.6705 | R² 0.4475
[079] train loss 0.42288 | recon 0.36119 | kl 2.97275 | smooth 2.09954 | trans 0.02560 | lle 0.00075 | beta 0.020
      valid loss 1.97683 | recon 1.92582 | kl 2.43861 | smooth 2.08255 | trans 0.03221 | lle 0.00011 | r 0.6651 | R² 0.4409
[080] train loss 0.42999 | recon 0.36801 | kl 2.98688 | smooth 2.11137 | trans 0.02558 | lle 0.00073 | beta 0.020
      valid loss 1.96423 | recon 1.91209 | kl 2.49562 | smooth 2.05997 | trans 0.03221 | lle 0.00010 | r 0.6687 | R² 0.4449
[081] train loss 0.41863 | recon 0.35709 | kl 2.96433 | smooth 2.12462 | trans 0.02552 | lle 0.00073 | beta 0.020
      valid loss 1.98864 | recon 1.93283 | kl 2.67823 | smooth 2.08336 | trans 0.03220 | lle 0.00011 | r 0.6678 | R² 0.4389
[082] train loss 0.41008 | recon 0.34818 | kl 2.98183 | smooth 2.13500 | trans 0.02539 | lle 0.00075 | beta 0.020
      valid loss 1.94685 | recon 1.89433 | kl 2.51363 | smooth 2.08602 | trans 0.03220 | lle 0.00012 | r 0.6734 | R² 0.4501
[083] train loss 0.40171 | recon 0.34151 | kl 2.89602 | smooth 2.15202 | trans 0.02526 | lle 0.00070 | beta 0.020
      valid loss 1.98840 | recon 1.93509 | kl 2.55134 | smooth 2.12400 | trans 0.03220 | lle 0.00010 | r 0.6663 | R² 0.4382
[084] train loss 0.40295 | recon 0.34195 | kl 2.93559 | smooth 2.15506 | trans 0.02556 | lle 0.00071 | beta 0.020
      valid loss 1.93053 | recon 1.87682 | kl 2.57099 | smooth 2.12699 | trans 0.03221 | lle 0.00011 | r 0.6769 | R² 0.4552
[085] train loss 0.40270 | recon 0.34238 | kl 2.90101 | smooth 2.16928 | trans 0.02542 | lle 0.00077 | beta 0.020
      valid loss 1.96346 | recon 1.91049 | kl 2.53243 | smooth 2.16127 | trans 0.03218 | lle 0.00011 | r 0.6704 | R² 0.4454
[086] train loss 0.39854 | recon 0.33812 | kl 2.90548 | smooth 2.18449 | trans 0.02542 | lle 0.00078 | beta 0.020
      valid loss 1.93447 | recon 1.87983 | kl 2.61646 | smooth 2.15621 | trans 0.03219 | lle 0.00011 | r 0.6797 | R² 0.4543
[087] train loss 0.40220 | recon 0.34222 | kl 2.88282 | smooth 2.19629 | trans 0.02538 | lle 0.00075 | beta 0.020
      valid loss 1.96200 | recon 1.90585 | kl 2.69094 | smooth 2.16270 | trans 0.03220 | lle 0.00011 | r 0.6717 | R² 0.4467
[088] train loss 0.39657 | recon 0.33656 | kl 2.88390 | smooth 2.20438 | trans 0.02542 | lle 0.00080 | beta 0.020
      valid loss 1.94816 | recon 1.89343 | kl 2.62257 | smooth 2.11782 | trans 0.03221 | lle 0.00012 | r 0.6728 | R² 0.4503
[089] train loss 0.39381 | recon 0.33325 | kl 2.91077 | smooth 2.21702 | trans 0.02541 | lle 0.00076 | beta 0.020
      valid loss 1.95917 | recon 1.90441 | kl 2.62175 | smooth 2.16162 | trans 0.03219 | lle 0.00011 | r 0.6783 | R² 0.4471
[090] train loss 0.38884 | recon 0.33087 | kl 2.78064 | smooth 2.22466 | trans 0.02553 | lle 0.00078 | beta 0.020
      valid loss 1.90231 | recon 1.84989 | kl 2.50384 | smooth 2.18649 | trans 0.03219 | lle 0.00010 | r 0.6831 | R² 0.4630
[091] train loss 0.38877 | recon 0.33016 | kl 2.81204 | smooth 2.24399 | trans 0.02550 | lle 0.00088 | beta 0.020
      valid loss 1.94581 | recon 1.89320 | kl 2.51352 | smooth 2.17582 | trans 0.03218 | lle 0.00009 | r 0.6747 | R² 0.4504
[092] train loss 0.39271 | recon 0.33474 | kl 2.77923 | smooth 2.25069 | trans 0.02546 | lle 0.00080 | beta 0.020
      valid loss 1.98676 | recon 1.93376 | kl 2.53322 | smooth 2.17420 | trans 0.03219 | lle 0.00011 | r 0.6662 | R² 0.4386
[093] train loss 0.39510 | recon 0.33639 | kl 2.81600 | smooth 2.26140 | trans 0.02539 | lle 0.00088 | beta 0.020
      valid loss 1.90906 | recon 1.85777 | kl 2.44399 | smooth 2.25323 | trans 0.03219 | lle 0.00010 | r 0.6803 | R² 0.4607
[094] train loss 0.38929 | recon 0.33115 | kl 2.78659 | smooth 2.27477 | trans 0.02557 | lle 0.00077 | beta 0.020
      valid loss 1.92407 | recon 1.87286 | kl 2.44175 | smooth 2.21552 | trans 0.03218 | lle 0.00009 | r 0.6771 | R² 0.4563
[095] train loss 0.38611 | recon 0.32751 | kl 2.80890 | smooth 2.28712 | trans 0.02521 | lle 0.00081 | beta 0.020
      valid loss 1.90485 | recon 1.85363 | kl 2.44158 | smooth 2.23370 | trans 0.03217 | lle 0.00012 | r 0.6814 | R² 0.4619
[096] train loss 0.40017 | recon 0.34203 | kl 2.78552 | smooth 2.29873 | trans 0.02554 | lle 0.00092 | beta 0.020
      valid loss 1.98687 | recon 1.93422 | kl 2.51068 | smooth 2.26946 | trans 0.03217 | lle 0.00012 | r 0.6713 | R² 0.4385
[097] train loss 0.38590 | recon 0.32818 | kl 2.76459 | smooth 2.30646 | trans 0.02540 | lle 0.00076 | beta 0.020
      valid loss 1.93688 | recon 1.88391 | kl 2.52641 | smooth 2.27977 | trans 0.03218 | lle 0.00011 | r 0.6780 | R² 0.4531
[098] train loss 0.38685 | recon 0.32853 | kl 2.79362 | smooth 2.31879 | trans 0.02539 | lle 0.00080 | beta 0.020
      valid loss 1.91005 | recon 1.85783 | kl 2.48977 | smooth 2.26967 | trans 0.03217 | lle 0.00009 | r 0.6820 | R² 0.4607
[099] train loss 0.37610 | recon 0.31772 | kl 2.79607 | smooth 2.33128 | trans 0.02540 | lle 0.00079 | beta 0.020
      valid loss 1.90523 | recon 1.85227 | kl 2.52554 | smooth 2.28731 | trans 0.03217 | lle 0.00010 | r 0.6856 | R² 0.4623
[100] train loss 0.37354 | recon 0.31591 | kl 2.75760 | smooth 2.34656 | trans 0.02540 | lle 0.00084 | beta 0.020
      valid loss 1.93554 | recon 1.88111 | kl 2.59973 | smooth 2.26765 | trans 0.03217 | lle 0.00010 | r 0.6761 | R² 0.4539
[101] train loss 0.37329 | recon 0.31523 | kl 2.77854 | smooth 2.35805 | trans 0.02533 | lle 0.00081 | beta 0.020
      valid loss 1.89460 | recon 1.84235 | kl 2.48902 | smooth 2.31132 | trans 0.03216 | lle 0.00011 | r 0.6837 | R² 0.4652
[102] train loss 0.37446 | recon 0.31658 | kl 2.76918 | smooth 2.36742 | trans 0.02543 | lle 0.00080 | beta 0.020
      valid loss 1.92407 | recon 1.86910 | kl 2.62591 | smooth 2.29341 | trans 0.03218 | lle 0.00010 | r 0.6837 | R² 0.4574
[103] train loss 0.35864 | recon 0.30011 | kl 2.80122 | smooth 2.37607 | trans 0.02522 | lle 0.00085 | beta 0.020
      valid loss 1.89788 | recon 1.84492 | kl 2.52499 | smooth 2.30059 | trans 0.03215 | lle 0.00010 | r 0.6835 | R² 0.4644
[104] train loss 0.37446 | recon 0.31706 | kl 2.74403 | smooth 2.39012 | trans 0.02546 | lle 0.00093 | beta 0.020
      valid loss 1.90569 | recon 1.85250 | kl 2.53610 | smooth 2.31172 | trans 0.03217 | lle 0.00010 | r 0.6834 | R² 0.4622
[105] train loss 0.37098 | recon 0.31496 | kl 2.67400 | smooth 2.40371 | trans 0.02537 | lle 0.00075 | beta 0.020
      valid loss 1.93214 | recon 1.88088 | kl 2.43837 | smooth 2.32444 | trans 0.03215 | lle 0.00015 | r 0.6766 | R² 0.4540
[106] train loss 0.37697 | recon 0.32082 | kl 2.67991 | smooth 2.41754 | trans 0.02531 | lle 0.00083 | beta 0.020
      valid loss 1.91370 | recon 1.86141 | kl 2.49010 | smooth 2.32866 | trans 0.03217 | lle 0.00014 | r 0.6802 | R² 0.4596
[107] train loss 0.38263 | recon 0.32332 | kl 2.83833 | smooth 2.41461 | trans 0.02553 | lle 0.00081 | beta 0.020
      valid loss 1.92548 | recon 1.87066 | kl 2.61582 | smooth 2.34643 | trans 0.03215 | lle 0.00012 | r 0.6825 | R² 0.4569
[108] train loss 0.38022 | recon 0.32176 | kl 2.79478 | smooth 2.43387 | trans 0.02509 | lle 0.00087 | beta 0.020
      valid loss 1.89785 | recon 1.84388 | kl 2.57357 | smooth 2.33628 | trans 0.03217 | lle 0.00012 | r 0.6850 | R² 0.4647
[109] train loss 0.37179 | recon 0.31344 | kl 2.78920 | smooth 2.43569 | trans 0.02529 | lle 0.00090 | beta 0.020
      valid loss 1.90225 | recon 1.85053 | kl 2.45941 | smooth 2.37430 | trans 0.03215 | lle 0.00010 | r 0.6815 | R² 0.4628
[110] train loss 0.37684 | recon 0.31952 | kl 2.73684 | smooth 2.44908 | trans 0.02537 | lle 0.00081 | beta 0.020
      valid loss 1.92853 | recon 1.87595 | kl 2.50133 | smooth 2.38838 | trans 0.03214 | lle 0.00015 | r 0.6776 | R² 0.4554
[111] train loss 0.38094 | recon 0.32288 | kl 2.77359 | smooth 2.45303 | trans 0.02517 | lle 0.00083 | beta 0.020
      valid loss 1.92872 | recon 1.87645 | kl 2.48373 | smooth 2.43176 | trans 0.03214 | lle 0.00017 | r 0.6808 | R² 0.4553
[112] train loss 0.36912 | recon 0.31241 | kl 2.70606 | smooth 2.46096 | trans 0.02529 | lle 0.00083 | beta 0.020
      valid loss 1.92044 | recon 1.86869 | kl 2.45930 | smooth 2.39969 | trans 0.03213 | lle 0.00011 | r 0.6840 | R² 0.4575
[113] train loss 0.35912 | recon 0.30481 | kl 2.58552 | smooth 2.46835 | trans 0.02534 | lle 0.00081 | beta 0.020
      valid loss 1.91013 | recon 1.86073 | kl 2.34134 | smooth 2.41099 | trans 0.03213 | lle 0.00010 | r 0.6795 | R² 0.4598
[114] train loss 0.37270 | recon 0.31747 | kl 2.63072 | smooth 2.48330 | trans 0.02522 | lle 0.00089 | beta 0.020
      valid loss 1.89914 | recon 1.84845 | kl 2.40536 | smooth 2.42065 | trans 0.03213 | lle 0.00011 | r 0.6864 | R² 0.4634
[115] train loss 0.36705 | recon 0.30966 | kl 2.73860 | smooth 2.48834 | trans 0.02545 | lle 0.00079 | beta 0.020
      valid loss 1.92651 | recon 1.87293 | kl 2.55059 | smooth 2.41443 | trans 0.03213 | lle 0.00013 | r 0.6778 | R² 0.4563
[116] train loss 0.36940 | recon 0.31029 | kl 2.82394 | smooth 2.50176 | trans 0.02534 | lle 0.00088 | beta 0.020
      valid loss 1.87293 | recon 1.81934 | kl 2.54999 | smooth 2.43310 | trans 0.03214 | lle 0.00010 | r 0.6896 | R² 0.4718
[117] train loss 0.36491 | recon 0.30725 | kl 2.75027 | smooth 2.51649 | trans 0.02542 | lle 0.00087 | beta 0.020
      valid loss 1.92823 | recon 1.87515 | kl 2.52560 | smooth 2.40257 | trans 0.03214 | lle 0.00011 | r 0.6765 | R² 0.4556
[118] train loss 0.36303 | recon 0.30563 | kl 2.73788 | smooth 2.51389 | trans 0.02532 | lle 0.00100 | beta 0.020
      valid loss 1.93052 | recon 1.87777 | kl 2.50540 | smooth 2.48039 | trans 0.03213 | lle 0.00011 | r 0.6884 | R² 0.4549
[119] train loss 0.35996 | recon 0.30382 | kl 2.67438 | smooth 2.52947 | trans 0.02544 | lle 0.00084 | beta 0.020
      valid loss 1.88820 | recon 1.83693 | kl 2.43263 | smooth 2.46136 | trans 0.03212 | lle 0.00013 | r 0.6856 | R² 0.4667
[120] train loss 0.36175 | recon 0.30467 | kl 2.72054 | smooth 2.53736 | trans 0.02528 | lle 0.00087 | beta 0.020
      valid loss 1.88834 | recon 1.83674 | kl 2.44648 | smooth 2.51357 | trans 0.03212 | lle 0.00012 | r 0.6890 | R² 0.4668
[121] train loss 0.35827 | recon 0.30157 | kl 2.70093 | smooth 2.55034 | trans 0.02532 | lle 0.00083 | beta 0.020
      valid loss 1.89120 | recon 1.83828 | kl 2.51515 | smooth 2.45271 | trans 0.03212 | lle 0.00012 | r 0.6876 | R² 0.4663
[122] train loss 0.36048 | recon 0.30345 | kl 2.71723 | smooth 2.54887 | trans 0.02538 | lle 0.00081 | beta 0.020
      valid loss 1.89475 | recon 1.84373 | kl 2.41794 | smooth 2.50440 | trans 0.03212 | lle 0.00012 | r 0.6867 | R² 0.4648
[123] train loss 0.35512 | recon 0.29936 | kl 2.65276 | smooth 2.57509 | trans 0.02523 | lle 0.00083 | beta 0.020
      valid loss 1.89139 | recon 1.84126 | kl 2.37215 | smooth 2.52418 | trans 0.03213 | lle 0.00011 | r 0.6875 | R² 0.4655
[124] train loss 0.34427 | recon 0.28898 | kl 2.62911 | smooth 2.57088 | trans 0.02516 | lle 0.00084 | beta 0.020
      valid loss 1.90218 | recon 1.85079 | kl 2.43508 | smooth 2.53252 | trans 0.03213 | lle 0.00014 | r 0.6889 | R² 0.4627
[125] train loss 0.35486 | recon 0.29905 | kl 2.65521 | smooth 2.57646 | trans 0.02519 | lle 0.00083 | beta 0.020
      valid loss 1.90592 | recon 1.85408 | kl 2.46096 | smooth 2.46073 | trans 0.03213 | lle 0.00013 | r 0.6812 | R² 0.4618
[126] train loss 0.35291 | recon 0.29610 | kl 2.70400 | smooth 2.59979 | trans 0.02543 | lle 0.00086 | beta 0.020
      valid loss 1.87327 | recon 1.82268 | kl 2.39527 | smooth 2.51977 | trans 0.03211 | lle 0.00011 | r 0.6891 | R² 0.4709
[127] train loss 0.35887 | recon 0.30269 | kl 2.67224 | smooth 2.61164 | trans 0.02553 | lle 0.00088 | beta 0.020
      valid loss 1.87160 | recon 1.81975 | kl 2.45755 | smooth 2.53131 | trans 0.03211 | lle 0.00013 | r 0.6907 | R² 0.4717
[128] train loss 0.35748 | recon 0.30135 | kl 2.66904 | smooth 2.62169 | trans 0.02549 | lle 0.00089 | beta 0.020
      valid loss 1.85130 | recon 1.80081 | kl 2.38892 | smooth 2.54935 | trans 0.03210 | lle 0.00011 | r 0.6932 | R² 0.4772
[129] train loss 0.35256 | recon 0.29591 | kl 2.69467 | smooth 2.61951 | trans 0.02524 | lle 0.00090 | beta 0.020
      valid loss 1.90301 | recon 1.85362 | kl 2.33311 | smooth 2.55771 | trans 0.03210 | lle 0.00014 | r 0.6810 | R² 0.4619
[130] train loss 0.36167 | recon 0.30699 | kl 2.59589 | smooth 2.63243 | trans 0.02543 | lle 0.00083 | beta 0.020
      valid loss 1.87360 | recon 1.82401 | kl 2.34235 | smooth 2.57727 | trans 0.03211 | lle 0.00012 | r 0.6884 | R² 0.4705
[131] train loss 0.35992 | recon 0.30424 | kl 2.64593 | smooth 2.63609 | trans 0.02538 | lle 0.00084 | beta 0.020
      valid loss 1.90108 | recon 1.84955 | kl 2.44201 | smooth 2.52634 | trans 0.03211 | lle 0.00012 | r 0.6853 | R² 0.4631
[132] train loss 0.35740 | recon 0.30138 | kl 2.66224 | smooth 2.64051 | trans 0.02539 | lle 0.00082 | beta 0.020
      valid loss 1.89170 | recon 1.84091 | kl 2.40434 | smooth 2.54387 | trans 0.03211 | lle 0.00012 | r 0.6847 | R² 0.4656
[133] train loss 0.35487 | recon 0.29841 | kl 2.68378 | smooth 2.65208 | trans 0.02546 | lle 0.00091 | beta 0.020
      valid loss 1.88066 | recon 1.82896 | kl 2.44788 | smooth 2.58466 | trans 0.03209 | lle 0.00012 | r 0.6883 | R² 0.4691
[134] train loss 0.35228 | recon 0.29721 | kl 2.61332 | smooth 2.66959 | trans 0.02536 | lle 0.00087 | beta 0.020
      valid loss 1.87998 | recon 1.82989 | kl 2.36614 | smooth 2.60487 | trans 0.03209 | lle 0.00011 | r 0.6882 | R² 0.4688
[135] train loss 0.33988 | recon 0.28521 | kl 2.59306 | smooth 2.68119 | trans 0.02536 | lle 0.00092 | beta 0.020
      valid loss 1.89913 | recon 1.84912 | kl 2.36024 | smooth 2.64346 | trans 0.03208 | lle 0.00012 | r 0.6889 | R² 0.4632
[136] train loss 0.34929 | recon 0.29418 | kl 2.61489 | smooth 2.67858 | trans 0.02550 | lle 0.00090 | beta 0.020
      valid loss 1.91857 | recon 1.86843 | kl 2.36984 | smooth 2.58545 | trans 0.03208 | lle 0.00012 | r 0.6789 | R² 0.4576
[137] train loss 0.34461 | recon 0.28923 | kl 2.62803 | smooth 2.68840 | trans 0.02545 | lle 0.00090 | beta 0.020
      valid loss 1.88221 | recon 1.83285 | kl 2.32903 | smooth 2.62075 | trans 0.03210 | lle 0.00013 | r 0.6854 | R² 0.4679
[138] train loss 0.34741 | recon 0.29306 | kl 2.57635 | smooth 2.69258 | trans 0.02526 | lle 0.00087 | beta 0.020
      valid loss 1.89775 | recon 1.84942 | kl 2.27606 | smooth 2.64965 | trans 0.03209 | lle 0.00010 | r 0.6833 | R² 0.4631
[139] train loss 0.34014 | recon 0.28702 | kl 2.51448 | smooth 2.70540 | trans 0.02546 | lle 0.00086 | beta 0.020
      valid loss 1.90619 | recon 1.85659 | kl 2.34182 | smooth 2.60265 | trans 0.03211 | lle 0.00010 | r 0.6836 | R² 0.4610
[140] train loss 0.34319 | recon 0.28905 | kl 2.56506 | smooth 2.71000 | trans 0.02525 | lle 0.00094 | beta 0.020
      valid loss 1.88493 | recon 1.83505 | kl 2.35033 | smooth 2.70716 | trans 0.03207 | lle 0.00012 | r 0.6896 | R² 0.4673
[141] train loss 0.33449 | recon 0.28023 | kl 2.57067 | smooth 2.71895 | trans 0.02522 | lle 0.00097 | beta 0.020
      valid loss 1.86552 | recon 1.81566 | kl 2.35100 | smooth 2.67248 | trans 0.03206 | lle 0.00014 | r 0.6920 | R² 0.4729
[142] train loss 0.33523 | recon 0.28133 | kl 2.55176 | smooth 2.73722 | trans 0.02547 | lle 0.00087 | beta 0.020
      valid loss 1.86832 | recon 1.81837 | kl 2.35727 | smooth 2.64647 | trans 0.03206 | lle 0.00012 | r 0.6910 | R² 0.4721
[143] train loss 0.33720 | recon 0.28222 | kl 2.60574 | smooth 2.73590 | trans 0.02533 | lle 0.00090 | beta 0.020
      valid loss 1.86961 | recon 1.81869 | kl 2.40598 | smooth 2.64361 | trans 0.03206 | lle 0.00011 | r 0.6887 | R² 0.4720
[144] train loss 0.33217 | recon 0.27649 | kl 2.63982 | smooth 2.75408 | trans 0.02532 | lle 0.00086 | beta 0.020
      valid loss 1.94174 | recon 1.88939 | kl 2.47556 | smooth 2.68150 | trans 0.03206 | lle 0.00011 | r 0.6812 | R² 0.4515
[145] train loss 0.33760 | recon 0.28291 | kl 2.59030 | smooth 2.75067 | trans 0.02536 | lle 0.00099 | beta 0.020
      valid loss 1.91897 | recon 1.86849 | kl 2.37832 | smooth 2.74818 | trans 0.03207 | lle 0.00011 | r 0.6789 | R² 0.4576
[146] train loss 0.33559 | recon 0.28198 | kl 2.53551 | smooth 2.76647 | trans 0.02542 | lle 0.00095 | beta 0.020
      valid loss 1.91437 | recon 1.86511 | kl 2.31976 | smooth 2.69983 | trans 0.03203 | lle 0.00013 | r 0.6811 | R² 0.4586
[147] train loss 0.33711 | recon 0.28401 | kl 2.50976 | smooth 2.77533 | trans 0.02528 | lle 0.00090 | beta 0.020
      valid loss 1.85680 | recon 1.80802 | kl 2.29871 | smooth 2.64583 | trans 0.03204 | lle 0.00010 | r 0.6956 | R² 0.4751
[148] train loss 0.34862 | recon 0.29493 | kl 2.53882 | smooth 2.78236 | trans 0.02524 | lle 0.00086 | beta 0.020
      valid loss 1.91353 | recon 1.86323 | kl 2.37020 | smooth 2.73458 | trans 0.03204 | lle 0.00015 | r 0.6804 | R² 0.4591
[149] train loss 0.34278 | recon 0.28813 | kl 2.58722 | smooth 2.78119 | trans 0.02520 | lle 0.00095 | beta 0.020
      valid loss 1.88590 | recon 1.83508 | kl 2.40042 | smooth 2.64892 | trans 0.03205 | lle 0.00011 | r 0.6858 | R² 0.4673
[150] train loss 0.33121 | recon 0.27606 | kl 2.61152 | smooth 2.78235 | trans 0.02518 | lle 0.00101 | beta 0.020
      valid loss 1.86241 | recon 1.81100 | kl 2.42708 | smooth 2.70215 | trans 0.03204 | lle 0.00013 | r 0.6913 | R² 0.4743
      wrote C:\Users\schot\Neural_VAE_ODE\src\pt_files\latent_manifold_mds.png
done.
experts.0.0.bias 0.032397862523794174
experts.0.2.bias -0.017126211896538734
experts.0.4.bias 0.0035233465023338795
experts.1.0.bias 0.047955386340618134
experts.1.2.bias -0.014539388939738274
experts.1.4.bias 0.012284566648304462
experts.2.0.bias 0.002312258817255497
experts.2.2.bias -0.015850625932216644
experts.2.4.bias -0.003960022237151861
experts.3.0.bias 0.029567010700702667
experts.3.2.bias -0.01513080857694149
experts.3.4.bias 0.0035444938112050295
experts.4.0.bias 0.05892772972583771
experts.4.2.bias -0.02002677693963051
experts.4.4.bias 0.004275167360901833
experts.5.0.bias 0.03349268436431885
experts.5.2.bias -0.011574502103030682
experts.5.4.bias 0.006998242344707251
experts.6.0.bias 0.03227778524160385
experts.6.2.bias -0.01975860819220543
experts.6.4.bias 0.0017319450853392482
experts.7.0.bias 0.04696118086576462
experts.7.2.bias -0.016284283250570297
experts.7.4.bias 0.00566458236426115
Saved run metadata → C:\Users\schot\Neural_VAE_ODE\runs\2026-02-22_144320_bbc402e\run_metadata.json
Final r: 0.6913
Final R²: 0.4743
Traceback (most recent call last):
  File "C:\Users\schot\Neural_VAE_ODE\src\v5_neural_vae.py", line 1772, in <module>
    f"Final r value: {mean_r:.4f}\n"
NameError: name 'mean_r' is not defined. Did you mean: 'mean_r2'?
Exception ignored in: Exception ignored in sys.unraisablehook