Adding package `miniconda/25.1.1.2` to your environment
Python:
/home/4429/envs/odevae/bin/python
Python 3.11.15
GPU:
Fri Jul  3 16:42:38 2026       
+-----------------------------------------------------------------------------------------+
| NVIDIA-SMI 560.28.03              Driver Version: 560.28.03      CUDA Version: 12.6     |
|-----------------------------------------+------------------------+----------------------+
| GPU  Name                 Persistence-M | Bus-Id          Disp.A | Volatile Uncorr. ECC |
| Fan  Temp   Perf          Pwr:Usage/Cap |           Memory-Usage | GPU-Util  Compute M. |
|                                         |                        |               MIG M. |
|=========================================+========================+======================|
|   0  Tesla T4                       Off |   00000000:81:00.0 Off |                    0 |
| N/A   52C    P0             29W /   70W |       1MiB /  15360MiB |      8%      Default |
|                                         |                        |                  N/A |
+-----------------------------------------+------------------------+----------------------+
                                                                                         
+-----------------------------------------------------------------------------------------+
| Processes:                                                                              |
|  GPU   GI   CI        PID   Type   Process name                              GPU Memory |
|        ID   ID                                                               Usage      |
|=========================================================================================|
|  No running processes found                                                             |
+-----------------------------------------------------------------------------------------+
True 1 Tesla T4
Using device: cuda
Simulated 30 sphere trials: time=600, neurons=300
Geodesic Model Parameters: 21063
Free Dynamics Model Parameters: 53734

Epoch 000 | NLL Sum: 9760638.00
Epoch 010 | NLL Sum: 6776660.50
Epoch 020 | NLL Sum: 5775834.50
Epoch 030 | NLL Sum: 5394895.50
Epoch 040 | NLL Sum: 5222223.50
Epoch 050 | NLL Sum: 5142291.50
Epoch 060 | NLL Sum: 5108111.50
Epoch 070 | NLL Sum: 5087070.50
Epoch 080 | NLL Sum: 5065995.00
Epoch 090 | NLL Sum: 5048540.00
