Adding package `miniconda/25.1.1.2` to your environment
Using device: cuda
Simulated 30 sphere trials: time=600, neurons=300
Geodesic Model Parameters: 21063
Free Dynamics Model Parameters: 53734

Epoch 000 | NLL Sum: 9760638.00
Epoch 010 | NLL Sum: 6776661.00
Epoch 020 | NLL Sum: 5775835.00
Epoch 030 | NLL Sum: 5394895.00
Epoch 040 | NLL Sum: 5222224.00
Epoch 050 | NLL Sum: 5142295.00
Epoch 060 | NLL Sum: 5108113.00
Epoch 070 | NLL Sum: 5086313.50
Epoch 080 | NLL Sum: 5059704.00
Epoch 090 | NLL Sum: 5045960.50
Epoch 100 | NLL Sum: 5046862.00
Epoch 110 | NLL Sum: 5022806.00
Epoch 120 | NLL Sum: 4992339.50
Epoch 130 | NLL Sum: 4964875.00
Epoch 140 | NLL Sum: 4940297.50
Epoch 150 | NLL Sum: 4919919.00
Epoch 160 | NLL Sum: 4903929.00
Epoch 170 | NLL Sum: 4890883.00
Epoch 180 | NLL Sum: 4879387.00
Epoch 190 | NLL Sum: 4869395.00
Epoch 200 | NLL Sum: 4860710.00
Epoch 210 | NLL Sum: 4853849.00
Epoch 220 | NLL Sum: 4846035.00
Epoch 230 | NLL Sum: 4840671.00
Epoch 240 | NLL Sum: 4834065.00
Epoch 250 | NLL Sum: 4830130.00
Epoch 260 | NLL Sum: 4823929.50
Epoch 270 | NLL Sum: 4820552.00
Epoch 280 | NLL Sum: 4814895.00
Epoch 290 | NLL Sum: 4811032.50
--------------------
Epoch 000 | NLL Sum: 8619908.00
Epoch 010 | NLL Sum: 6143352.00
Epoch 020 | NLL Sum: 5494099.00
Epoch 030 | NLL Sum: 5170670.00
Epoch 040 | NLL Sum: 5050182.00
Epoch 050 | NLL Sum: 5006863.00
Epoch 060 | NLL Sum: 4980684.50
Epoch 070 | NLL Sum: 4956491.00
Epoch 080 | NLL Sum: 4927536.00
Epoch 090 | NLL Sum: 4911991.00
Epoch 100 | NLL Sum: 4899856.00
Epoch 110 | NLL Sum: 4894796.00
Epoch 120 | NLL Sum: 4880997.00
Epoch 130 | NLL Sum: 4876877.00
Epoch 140 | NLL Sum: 4853482.00
Epoch 150 | NLL Sum: 4870509.00
Epoch 160 | NLL Sum: 4864421.00
Epoch 170 | NLL Sum: 4848067.50
Epoch 180 | NLL Sum: 4845277.00
Epoch 190 | NLL Sum: 4852005.00
Epoch 200 | NLL Sum: 4833131.00
Epoch 210 | NLL Sum: 4829306.00
Epoch 220 | NLL Sum: 4846767.00
Epoch 230 | NLL Sum: 4814071.00
Epoch 240 | NLL Sum: 4834634.50
Epoch 250 | NLL Sum: 4809421.50
Epoch 260 | NLL Sum: 4806559.00
Epoch 270 | NLL Sum: 4816821.00
Epoch 280 | NLL Sum: 4788727.50
Epoch 290 | NLL Sum: 4799305.00

=============================================
            MODEL COMPARISON RESULTS 
=============================================
Metric          | Geodesic Model  | Free Model     
------------------------------------------------
Parameters (k)  | 21063           | 53734          
Final NLL       | 4807200.00      | 4805506.00     
R2              | 0.0689          | 0.0567         
r               | 0.2634          | 0.2428         
AIC             | 9656526.00      | 9718480.00     
BIC             | 9940916.72      | 10443991.61    
=============================================

Preferred Model by AIC: Geodesic
Preferred Model by BIC: Geodesic
Saved outputs to runs/geodesic_sphere_test_30x600_e300
