Adding package `miniconda/25.1.1.2` to your environment
Thu Jul 16 18:54:55 2026       
+-----------------------------------------------------------------------------------------+
| NVIDIA-SMI 560.28.03              Driver Version: 560.28.03      CUDA Version: 12.6     |
|-----------------------------------------+------------------------+----------------------+
| GPU  Name                 Persistence-M | Bus-Id          Disp.A | Volatile Uncorr. ECC |
| Fan  Temp   Perf          Pwr:Usage/Cap |           Memory-Usage | GPU-Util  Compute M. |
|                                         |                        |               MIG M. |
|=========================================+========================+======================|
|   0  Tesla T4                       Off |   00000000:81:00.0 Off |                    0 |
| N/A   65C    P0             32W /   70W |       1MiB /  15360MiB |      9%      Default |
|                                         |                        |                  N/A |
+-----------------------------------------+------------------------+----------------------+
                                                                                         
+-----------------------------------------------------------------------------------------+
| Processes:                                                                              |
|  GPU   GI   CI        PID   Type   Process name                              GPU Memory |
|        ID   ID                                                               Usage      |
|=========================================================================================|
|  No running processes found                                                             |
+-----------------------------------------------------------------------------------------+
True Tesla T4
Using device: cuda
Simulated 30 sphere trials: time=600, neurons=300
Geodesic Model Parameters: 21063
Free Dynamics Model Parameters: 53734

Epoch 000 | NLL Sum: 8661614.00
Epoch 010 | NLL Sum: 6370332.00
Epoch 020 | NLL Sum: 5717497.00
Epoch 030 | NLL Sum: 5527724.00
Epoch 040 | NLL Sum: 5456115.50
Epoch 050 | NLL Sum: 5415552.00
Epoch 060 | NLL Sum: 5390176.00
Epoch 070 | NLL Sum: 5374693.50
Epoch 080 | NLL Sum: 5365681.50
Epoch 090 | NLL Sum: 5360390.00
Epoch 100 | NLL Sum: 5357210.00
Epoch 110 | NLL Sum: 5355034.50
Epoch 120 | NLL Sum: 5353359.00
Epoch 130 | NLL Sum: 5351952.00
Epoch 140 | NLL Sum: 5350714.00
Epoch 150 | NLL Sum: 5349592.50
Epoch 160 | NLL Sum: 5348563.50
Epoch 170 | NLL Sum: 5347602.50
Epoch 180 | NLL Sum: 5346687.00
Epoch 190 | NLL Sum: 5345810.00
Epoch 200 | NLL Sum: 5344965.50
Epoch 210 | NLL Sum: 5344146.50
Epoch 220 | NLL Sum: 5343356.00
Epoch 230 | NLL Sum: 5342587.50
Epoch 240 | NLL Sum: 5341836.00
Epoch 250 | NLL Sum: 5341096.00
Epoch 260 | NLL Sum: 5340358.50
Epoch 270 | NLL Sum: 5339623.00
Epoch 280 | NLL Sum: 5338884.00
Epoch 290 | NLL Sum: 5338140.00
--------------------
Epoch 000 | NLL Sum: 7738066.00
Epoch 010 | NLL Sum: 5777890.00
Epoch 020 | NLL Sum: 5546566.50
Epoch 030 | NLL Sum: 5431587.50
Epoch 040 | NLL Sum: 5385608.50
Epoch 050 | NLL Sum: 5377605.50
Epoch 060 | NLL Sum: 5372893.00
Epoch 070 | NLL Sum: 5366275.50
Epoch 080 | NLL Sum: 5356333.00
Epoch 090 | NLL Sum: 5345526.00
Epoch 100 | NLL Sum: 5337073.00
Epoch 110 | NLL Sum: 5334903.00
Epoch 120 | NLL Sum: 5338572.00
Epoch 130 | NLL Sum: 5329859.00
Epoch 140 | NLL Sum: 5334981.00
Epoch 150 | NLL Sum: 5328047.00
Epoch 160 | NLL Sum: 5328395.00
Epoch 170 | NLL Sum: 5323448.50
Epoch 180 | NLL Sum: 5333686.00
Epoch 190 | NLL Sum: 5320638.00
Epoch 200 | NLL Sum: 5319271.50
Epoch 210 | NLL Sum: 5315746.00
Epoch 220 | NLL Sum: 5312278.00
Epoch 230 | NLL Sum: 5308594.00
Epoch 240 | NLL Sum: 5307138.00
Epoch 250 | NLL Sum: 5311735.50
Epoch 260 | NLL Sum: 5307018.50
Epoch 270 | NLL Sum: 5304521.00
Epoch 280 | NLL Sum: 5325344.00
Epoch 290 | NLL Sum: 5307388.50

=============================================
            MODEL COMPARISON RESULTS 
=============================================
Metric          | Geodesic Model  | Free Model     
------------------------------------------------
Parameters (k)  | 21063           | 53734          
Final NLL       | 5337942.00      | 5312830.00     
R2              | 0.0718          | 0.0972         
r               | 0.2686          | 0.3158         
AIC             | 10718010.00     | 10733128.00    
BIC             | 11002400.72     | 11458639.61    
=============================================

Preferred Model by AIC: Geodesic
Preferred Model by BIC: Geodesic
Saved outputs to runs/geodesic_sphere_cfg6_30x600_k075_e300
