Adding package `miniconda/25.1.1.2` to your environment
Thu Jul 16 18:54:39 2026       
+-----------------------------------------------------------------------------------------+
| NVIDIA-SMI 560.28.03              Driver Version: 560.28.03      CUDA Version: 12.6     |
|-----------------------------------------+------------------------+----------------------+
| GPU  Name                 Persistence-M | Bus-Id          Disp.A | Volatile Uncorr. ECC |
| Fan  Temp   Perf          Pwr:Usage/Cap |           Memory-Usage | GPU-Util  Compute M. |
|                                         |                        |               MIG M. |
|=========================================+========================+======================|
|   0  Tesla T4                       Off |   00000000:81:00.0 Off |                    0 |
| N/A   50C    P0             29W /   70W |       1MiB /  15360MiB |     10%      Default |
|                                         |                        |                  N/A |
+-----------------------------------------+------------------------+----------------------+
                                                                                         
+-----------------------------------------------------------------------------------------+
| Processes:                                                                              |
|  GPU   GI   CI        PID   Type   Process name                              GPU Memory |
|        ID   ID                                                               Usage      |
|=========================================================================================|
|  No running processes found                                                             |
+-----------------------------------------------------------------------------------------+
True Tesla T4
Using device: cuda
Simulated 30 sphere trials: time=1200, neurons=300
Geodesic Model Parameters: 21063
Free Dynamics Model Parameters: 53734

Epoch 000 | NLL Sum: 19520396.00
Epoch 010 | NLL Sum: 13545726.00
Epoch 020 | NLL Sum: 11548992.00
Epoch 030 | NLL Sum: 10788010.00
Epoch 040 | NLL Sum: 10443930.00
Epoch 050 | NLL Sum: 10284724.00
Epoch 060 | NLL Sum: 10217325.00
Epoch 070 | NLL Sum: 10161758.00
Epoch 080 | NLL Sum: 10129687.00
Epoch 090 | NLL Sum: 10090426.00
Epoch 100 | NLL Sum: 10054414.00
Epoch 110 | NLL Sum: 10011503.00
Epoch 120 | NLL Sum: 9969987.00
Epoch 130 | NLL Sum: 9929096.00
Epoch 140 | NLL Sum: 9898402.00
Epoch 150 | NLL Sum: 9879167.00
Epoch 160 | NLL Sum: 9872036.00
Epoch 170 | NLL Sum: 9844239.00
Epoch 180 | NLL Sum: 9823109.00
Epoch 190 | NLL Sum: 9805466.00
Epoch 200 | NLL Sum: 9808571.00
Epoch 210 | NLL Sum: 9774596.00
Epoch 220 | NLL Sum: 9758974.00
Epoch 230 | NLL Sum: 9741696.00
Epoch 240 | NLL Sum: 9727526.00
Epoch 250 | NLL Sum: 9714372.00
Epoch 260 | NLL Sum: 9700646.00
Epoch 270 | NLL Sum: 9695888.00
Epoch 280 | NLL Sum: 9671338.00
Epoch 290 | NLL Sum: 9713715.00
--------------------
Epoch 000 | NLL Sum: 17238952.00
Epoch 010 | NLL Sum: 12288692.00
Epoch 020 | NLL Sum: 10996120.00
Epoch 030 | NLL Sum: 10344914.00
Epoch 040 | NLL Sum: 10107334.00
Epoch 050 | NLL Sum: 10019163.00
Epoch 060 | NLL Sum: 9966431.00
Epoch 070 | NLL Sum: 9918133.00
Epoch 080 | NLL Sum: 9856246.00
Epoch 090 | NLL Sum: 9818874.00
Epoch 100 | NLL Sum: 9787476.00
Epoch 110 | NLL Sum: 9766714.00
Epoch 120 | NLL Sum: 9777030.00
Epoch 130 | NLL Sum: 9796636.00
Epoch 140 | NLL Sum: 9755924.00
Epoch 150 | NLL Sum: 9723592.00
Epoch 160 | NLL Sum: 9727120.00
Epoch 170 | NLL Sum: 9707140.00
Epoch 180 | NLL Sum: 9694663.00
Epoch 190 | NLL Sum: 9708325.00
Epoch 200 | NLL Sum: 9674758.00
Epoch 210 | NLL Sum: 9693945.00
Epoch 220 | NLL Sum: 9676909.00
Epoch 230 | NLL Sum: 9723920.00
Epoch 240 | NLL Sum: 9614353.00
Epoch 250 | NLL Sum: 9630390.00
Epoch 260 | NLL Sum: 9618738.00
Epoch 270 | NLL Sum: 9616122.00
Epoch 280 | NLL Sum: 9585160.00
Epoch 290 | NLL Sum: 9588528.00

=============================================
            MODEL COMPARISON RESULTS 
=============================================
Metric          | Geodesic Model  | Free Model     
------------------------------------------------
Parameters (k)  | 21063           | 53734          
Final NLL       | 9660284.00      | 9583207.00     
R2              | 0.0618          | 0.0806         
r               | 0.2501          | 0.2857         
AIC             | 19362694.00     | 19273882.00    
BIC             | 19661684.48     | 20036639.18    
=============================================

Preferred Model by AIC: Free Dynamics
Preferred Model by BIC: Geodesic
Saved outputs to runs/geodesic_sphere_cfg3_30x1200_e300
