Adding package `miniconda/25.1.1.2` to your environment
Thu Jul 16 18:54:43 2026       
+-----------------------------------------------------------------------------------------+
| NVIDIA-SMI 560.28.03              Driver Version: 560.28.03      CUDA Version: 12.6     |
|-----------------------------------------+------------------------+----------------------+
| GPU  Name                 Persistence-M | Bus-Id          Disp.A | Volatile Uncorr. ECC |
| Fan  Temp   Perf          Pwr:Usage/Cap |           Memory-Usage | GPU-Util  Compute M. |
|                                         |                        |               MIG M. |
|=========================================+========================+======================|
|   0  Tesla T4                       Off |   00000000:81:00.0 Off |                    0 |
| N/A   50C    P0             28W /   70W |       1MiB /  15360MiB |     10%      Default |
|                                         |                        |                  N/A |
+-----------------------------------------+------------------------+----------------------+
                                                                                         
+-----------------------------------------------------------------------------------------+
| Processes:                                                                              |
|  GPU   GI   CI        PID   Type   Process name                              GPU Memory |
|        ID   ID                                                               Usage      |
|=========================================================================================|
|  No running processes found                                                             |
+-----------------------------------------------------------------------------------------+
True Tesla T4
Using device: cuda
Simulated 60 sphere trials: time=600, neurons=300
Geodesic Model Parameters: 21183
Free Dynamics Model Parameters: 53854

Epoch 000 | NLL Sum: 20284912.00
Epoch 010 | NLL Sum: 13925268.00
Epoch 020 | NLL Sum: 11652290.00
Epoch 030 | NLL Sum: 10864857.00
Epoch 040 | NLL Sum: 10551763.00
Epoch 050 | NLL Sum: 10364338.00
Epoch 060 | NLL Sum: 10222423.00
Epoch 070 | NLL Sum: 10132810.00
Epoch 080 | NLL Sum: 10075040.00
Epoch 090 | NLL Sum: 10026756.00
Epoch 100 | NLL Sum: 9991288.00
Epoch 110 | NLL Sum: 9969450.00
Epoch 120 | NLL Sum: 9954727.00
Epoch 130 | NLL Sum: 9941922.00
Epoch 140 | NLL Sum: 9931502.00
Epoch 150 | NLL Sum: 9918638.00
Epoch 160 | NLL Sum: 9905474.00
Epoch 170 | NLL Sum: 9889077.00
Epoch 180 | NLL Sum: 9869405.00
Epoch 190 | NLL Sum: 9844409.00
Epoch 200 | NLL Sum: 9817440.00
Epoch 210 | NLL Sum: 9791660.00
Epoch 220 | NLL Sum: 9765618.00
Epoch 230 | NLL Sum: 9752240.00
Epoch 240 | NLL Sum: 9714932.00
Epoch 250 | NLL Sum: 9691973.00
Epoch 260 | NLL Sum: 9678725.00
Epoch 270 | NLL Sum: 9670186.00
Epoch 280 | NLL Sum: 9640393.00
Epoch 290 | NLL Sum: 9645162.00
--------------------
Epoch 000 | NLL Sum: 20232576.00
Epoch 010 | NLL Sum: 12279068.00
Epoch 020 | NLL Sum: 11140198.00
Epoch 030 | NLL Sum: 10507480.00
Epoch 040 | NLL Sum: 10194865.00
Epoch 050 | NLL Sum: 10059201.00
Epoch 060 | NLL Sum: 9989980.00
Epoch 070 | NLL Sum: 9949994.00
Epoch 080 | NLL Sum: 9907660.00
Epoch 090 | NLL Sum: 9882092.00
Epoch 100 | NLL Sum: 9854794.00
Epoch 110 | NLL Sum: 9831401.00
Epoch 120 | NLL Sum: 9804932.00
Epoch 130 | NLL Sum: 9792769.00
Epoch 140 | NLL Sum: 9785020.00
Epoch 150 | NLL Sum: 9774711.00
Epoch 160 | NLL Sum: 9761947.00
Epoch 170 | NLL Sum: 9742181.00
Epoch 180 | NLL Sum: 9729990.00
Epoch 190 | NLL Sum: 9705412.00
Epoch 200 | NLL Sum: 9687724.00
Epoch 210 | NLL Sum: 9660842.00
Epoch 220 | NLL Sum: 9645018.00
Epoch 230 | NLL Sum: 9609608.00
Epoch 240 | NLL Sum: 9589164.00
Epoch 250 | NLL Sum: 9553102.00
Epoch 260 | NLL Sum: 9530482.00
Epoch 270 | NLL Sum: 9491632.00
Epoch 280 | NLL Sum: 9466762.00
Epoch 290 | NLL Sum: 9425276.00

=============================================
            MODEL COMPARISON RESULTS 
=============================================
Metric          | Geodesic Model  | Free Model     
------------------------------------------------
Parameters (k)  | 21183           | 53854          
Final NLL       | 9617868.00      | 9402903.00     
R2              | 0.0686          | 0.1121         
r               | 0.2628          | 0.3373         
AIC             | 19278102.00     | 18913514.00    
BIC             | 19578795.89     | 19677974.58    
=============================================

Preferred Model by AIC: Free Dynamics
Preferred Model by BIC: Geodesic
Saved outputs to runs/geodesic_sphere_cfg4_60x600_e300
