Using device: cpu
Using dtype: torch.float64
Simulated 30 sphere trials: time=600, neurons=300
Model solver: euler
Heldout protocol: fit initial conditions on the first 2 frames; score the remaining 598 frames.
Geodesic Model Parameters: 21063
Free Dynamics Model Parameters: 53734

Epoch 000 | NLL Sum: 7735640.60
Epoch 010 | NLL Sum: 5488348.67
Epoch 020 | NLL Sum: 4619480.92
Epoch 030 | NLL Sum: 4296588.70
Epoch 040 | NLL Sum: 4156856.33
Epoch 050 | NLL Sum: 4078728.55
Epoch 060 | NLL Sum: 4024859.99
Epoch 070 | NLL Sum: 3982744.83
Epoch 080 | NLL Sum: 3949174.26
Epoch 090 | NLL Sum: 3930768.40
Epoch 100 | NLL Sum: 3902695.48
Epoch 110 | NLL Sum: 3891691.09
Epoch 120 | NLL Sum: 3887248.15
Epoch 130 | NLL Sum: 3877471.53
Epoch 140 | NLL Sum: 3873341.65
Epoch 150 | NLL Sum: 3868170.44
Epoch 160 | NLL Sum: 3859542.11
Epoch 170 | NLL Sum: 3853900.92
Epoch 180 | NLL Sum: 3869129.71
Epoch 190 | NLL Sum: 3851994.80
Epoch 200 | NLL Sum: 3843433.29
Epoch 210 | NLL Sum: 3843512.01
Epoch 220 | NLL Sum: 3839953.19
Epoch 230 | NLL Sum: 3831201.15
Epoch 240 | NLL Sum: 3828878.83
Epoch 250 | NLL Sum: 3823348.70
Epoch 260 | NLL Sum: 3825750.42
Epoch 270 | NLL Sum: 4057354.75
Epoch 280 | NLL Sum: 3903558.55
Epoch 290 | NLL Sum: 3872687.70
Epoch 300 | NLL Sum: 3847358.55
Epoch 310 | NLL Sum: 3826597.30
Epoch 320 | NLL Sum: 3815395.27
Epoch 330 | NLL Sum: 3799168.56
Epoch 340 | NLL Sum: 3791127.70
Epoch 350 | NLL Sum: 3783595.20
Epoch 360 | NLL Sum: 3786627.50
Epoch 370 | NLL Sum: 3774442.66
Epoch 380 | NLL Sum: 3770561.75
Epoch 390 | NLL Sum: 3771296.01
Epoch 400 | NLL Sum: 3769843.94
Epoch 410 | NLL Sum: 3765455.97
Epoch 420 | NLL Sum: 3761216.98
Epoch 430 | NLL Sum: 3755553.10
Epoch 440 | NLL Sum: 3757316.09
Epoch 450 | NLL Sum: 3751686.32
Epoch 460 | NLL Sum: 3750779.65
Epoch 470 | NLL Sum: 3755926.72
Epoch 480 | NLL Sum: 3747019.23
Epoch 490 | NLL Sum: 3748114.47
Epoch 500 | NLL Sum: 3750792.64
Epoch 510 | NLL Sum: 3740621.33
Epoch 520 | NLL Sum: 3740666.37
Epoch 530 | NLL Sum: 3744699.91
Epoch 540 | NLL Sum: 3737087.08
Epoch 550 | NLL Sum: 3737383.02
Epoch 560 | NLL Sum: 3739908.98
Epoch 570 | NLL Sum: 3730533.32
Epoch 580 | NLL Sum: 3729934.38
Epoch 590 | NLL Sum: 3733500.95
Epoch 600 | NLL Sum: 3727719.69
Epoch 610 | NLL Sum: 3726757.15
Epoch 620 | NLL Sum: 3729440.01
Epoch 630 | NLL Sum: 3719620.85
Epoch 640 | NLL Sum: 3719792.22
Epoch 650 | NLL Sum: 3724274.62
Epoch 660 | NLL Sum: 3715323.00
Epoch 670 | NLL Sum: 3715982.10
Epoch 680 | NLL Sum: 3716357.61
Epoch 690 | NLL Sum: 3709975.99
Epoch 700 | NLL Sum: 3709708.25
Epoch 710 | NLL Sum: 3710716.06
Epoch 720 | NLL Sum: 3704193.51
Epoch 730 | NLL Sum: 3704374.94
Epoch 740 | NLL Sum: 3704381.93
Epoch 750 | NLL Sum: 3699078.18
Epoch 760 | NLL Sum: 3693327.54
Epoch 770 | NLL Sum: 3692223.40
Epoch 780 | NLL Sum: 3685775.18
Epoch 790 | NLL Sum: 3682997.56
Epoch 800 | NLL Sum: 3679823.78
Epoch 810 | NLL Sum: 3680620.24
Epoch 820 | NLL Sum: 3674692.96
Epoch 830 | NLL Sum: 3675001.47
Epoch 840 | NLL Sum: 3669749.90
Epoch 850 | NLL Sum: 3671234.30
Epoch 860 | NLL Sum: 3664736.31
Epoch 870 | NLL Sum: 3667277.17
Epoch 880 | NLL Sum: 3660508.38
Epoch 890 | NLL Sum: 3662656.30
Epoch 900 | NLL Sum: 3656819.84
Epoch 910 | NLL Sum: 3659246.38
Epoch 920 | NLL Sum: 3653268.39
Epoch 930 | NLL Sum: 3655966.90
Epoch 940 | NLL Sum: 3650071.75
Epoch 950 | NLL Sum: 3652530.35
Epoch 960 | NLL Sum: 3647260.25
Epoch 970 | NLL Sum: 3649106.12
Epoch 980 | NLL Sum: 3644731.84
Epoch 990 | NLL Sum: 3645820.12
Epoch 1000 | NLL Sum: 3642397.70
Epoch 1010 | NLL Sum: 3642658.20
Epoch 1020 | NLL Sum: 3640215.82
Epoch 1030 | NLL Sum: 3639493.06
Epoch 1040 | NLL Sum: 3638317.66
Epoch 1050 | NLL Sum: 3636358.94
Epoch 1060 | NLL Sum: 3636614.77
Epoch 1070 | NLL Sum: 3633304.63
Epoch 1080 | NLL Sum: 3635066.45
Epoch 1090 | NLL Sum: 3630248.54
Epoch 1100 | NLL Sum: 3633773.23
Epoch 1110 | NLL Sum: 3627134.91
Epoch 1120 | NLL Sum: 3632458.43
Epoch 1130 | NLL Sum: 3624490.05
Epoch 1140 | NLL Sum: 3628630.49
Epoch 1150 | NLL Sum: 3622078.47
Epoch 1160 | NLL Sum: 3626947.75
Epoch 1170 | NLL Sum: 3619216.00
Epoch 1180 | NLL Sum: 3624540.52
Epoch 1190 | NLL Sum: 3617344.89
Epoch 1200 | NLL Sum: 3619499.88
Epoch 1210 | NLL Sum: 3616680.05
Epoch 1220 | NLL Sum: 3615660.83
Epoch 1230 | NLL Sum: 3614485.91
Epoch 1240 | NLL Sum: 3614534.73
Epoch 1250 | NLL Sum: 3611261.02
Epoch 1260 | NLL Sum: 3614326.08
Epoch 1270 | NLL Sum: 3608240.58
Epoch 1280 | NLL Sum: 3614024.09
Epoch 1290 | NLL Sum: 3605649.91
Epoch 1300 | NLL Sum: 3610888.05
Epoch 1310 | NLL Sum: 3605943.97
Epoch 1320 | NLL Sum: 3604548.95
Epoch 1330 | NLL Sum: 3605695.30
Epoch 1340 | NLL Sum: 3602279.53
Epoch 1350 | NLL Sum: 3602957.35
Epoch 1360 | NLL Sum: 3601718.80
Epoch 1370 | NLL Sum: 3599821.62
Epoch 1380 | NLL Sum: 3601427.45
Epoch 1390 | NLL Sum: 3597134.60
Epoch 1400 | NLL Sum: 3600994.50
Epoch 1410 | NLL Sum: 3594619.81
Epoch 1420 | NLL Sum: 3600650.71
Epoch 1430 | NLL Sum: 3592071.68
Epoch 1440 | NLL Sum: 3599840.25
Epoch 1450 | NLL Sum: 3590974.13
Epoch 1460 | NLL Sum: 3593072.96
Epoch 1470 | NLL Sum: 3591787.58
Epoch 1480 | NLL Sum: 3590410.44
Epoch 1490 | NLL Sum: 3588847.00
Epoch 1500 | NLL Sum: 3590249.15
Epoch 1510 | NLL Sum: 3586294.91
Epoch 1520 | NLL Sum: 3589099.23
Epoch 1530 | NLL Sum: 3584665.33
Epoch 1540 | NLL Sum: 3587395.90
Epoch 1550 | NLL Sum: 3583134.16
Epoch 1560 | NLL Sum: 3585201.43
Epoch 1570 | NLL Sum: 3581625.44
Epoch 1580 | NLL Sum: 3584278.32
Epoch 1590 | NLL Sum: 3579669.97
Epoch 1600 | NLL Sum: 3582245.58
Epoch 1610 | NLL Sum: 3578488.06
Epoch 1620 | NLL Sum: 3581489.07
Epoch 1630 | NLL Sum: 3576687.22
Epoch 1640 | NLL Sum: 3579003.07
Epoch 1650 | NLL Sum: 3576002.88
Epoch 1660 | NLL Sum: 3578622.42
Epoch 1670 | NLL Sum: 3574224.66
Epoch 1680 | NLL Sum: 3575188.17
Epoch 1690 | NLL Sum: 3573984.24
Epoch 1700 | NLL Sum: 3575252.12
Epoch 1710 | NLL Sum: 3571401.61
Epoch 1720 | NLL Sum: 3570857.27
Epoch 1730 | NLL Sum: 3571116.95
Epoch 1740 | NLL Sum: 3569995.66
Epoch 1750 | NLL Sum: 3567379.06
Epoch 1760 | NLL Sum: 3566171.36
Epoch 1770 | NLL Sum: 3565357.79
Epoch 1780 | NLL Sum: 3565131.03
Epoch 1790 | NLL Sum: 3562013.20
Epoch 1800 | NLL Sum: 3563352.91
Epoch 1810 | NLL Sum: 3560197.02
Epoch 1820 | NLL Sum: 3562650.75
Epoch 1830 | NLL Sum: 3557841.32
Epoch 1840 | NLL Sum: 3560263.37
Epoch 1850 | NLL Sum: 3556624.64
Epoch 1860 | NLL Sum: 3559857.92
Epoch 1870 | NLL Sum: 3554055.53
Epoch 1880 | NLL Sum: 3556569.86
Epoch 1890 | NLL Sum: 3553021.08
Epoch 1900 | NLL Sum: 3556463.90
Epoch 1910 | NLL Sum: 3550006.82
Epoch 1920 | NLL Sum: 3551951.02
Epoch 1930 | NLL Sum: 3549301.10
Epoch 1940 | NLL Sum: 3553276.82
Epoch 1950 | NLL Sum: 3544817.49
Epoch 1960 | NLL Sum: 3547745.02
Epoch 1970 | NLL Sum: 3544450.43
Epoch 1980 | NLL Sum: 3551177.93
Epoch 1990 | NLL Sum: 3539512.97
Epoch 2000 | NLL Sum: 3539326.66
Epoch 2010 | NLL Sum: 3537675.03
Epoch 2020 | NLL Sum: 3541574.59
Epoch 2030 | NLL Sum: 3535230.86
Epoch 2040 | NLL Sum: 3534844.44
Epoch 2050 | NLL Sum: 3531668.81
Epoch 2060 | NLL Sum: 3535420.62
Epoch 2070 | NLL Sum: 3528603.82
Epoch 2080 | NLL Sum: 3531416.82
Epoch 2090 | NLL Sum: 3527682.60
Epoch 2100 | NLL Sum: 3529898.32
Epoch 2110 | NLL Sum: 3524456.22
Epoch 2120 | NLL Sum: 3526326.66
Epoch 2130 | NLL Sum: 3523056.05
Epoch 2140 | NLL Sum: 3525371.10
Epoch 2150 | NLL Sum: 3519443.64
Epoch 2160 | NLL Sum: 3520990.66
Epoch 2170 | NLL Sum: 3518192.64
Epoch 2180 | NLL Sum: 3520838.82
Epoch 2190 | NLL Sum: 3513662.64
Epoch 2200 | NLL Sum: 3515418.99
Epoch 2210 | NLL Sum: 3512006.48
Epoch 2220 | NLL Sum: 3515693.07
Epoch 2230 | NLL Sum: 3506379.23
Epoch 2240 | NLL Sum: 3508818.05
Epoch 2250 | NLL Sum: 3504739.04
Epoch 2260 | NLL Sum: 3507894.08
Epoch 2270 | NLL Sum: 3498957.70
Epoch 2280 | NLL Sum: 3500237.36
Epoch 2290 | NLL Sum: 3496652.39
Epoch 2300 | NLL Sum: 3499442.00
Epoch 2310 | NLL Sum: 3491278.96
Epoch 2320 | NLL Sum: 3493201.19
Epoch 2330 | NLL Sum: 3488338.16
Epoch 2340 | NLL Sum: 3491404.79
Epoch 2350 | NLL Sum: 3482202.18
Epoch 2360 | NLL Sum: 3484039.67
Epoch 2370 | NLL Sum: 3478589.98
Epoch 2380 | NLL Sum: 3481308.00
Epoch 2390 | NLL Sum: 3473314.75
Epoch 2400 | NLL Sum: 3474066.80
Epoch 2410 | NLL Sum: 3469002.22
Epoch 2420 | NLL Sum: 3469787.80
Epoch 2430 | NLL Sum: 3464411.22
Epoch 2440 | NLL Sum: 3466320.58
Epoch 2450 | NLL Sum: 3460726.01
Epoch 2460 | NLL Sum: 3458443.88
Epoch 2470 | NLL Sum: 3459609.50
Epoch 2480 | NLL Sum: 3454194.12
Epoch 2490 | NLL Sum: 3452396.27
Epoch 2500 | NLL Sum: 3450592.13
Epoch 2510 | NLL Sum: 3449195.53
Epoch 2520 | NLL Sum: 3448356.50
Epoch 2530 | NLL Sum: 3442341.84
Epoch 2540 | NLL Sum: 3440935.02
Epoch 2550 | NLL Sum: 3441988.22
Epoch 2560 | NLL Sum: 3438414.06
Epoch 2570 | NLL Sum: 3437973.59
Epoch 2580 | NLL Sum: 3435878.89
Epoch 2590 | NLL Sum: 3433771.33
Epoch 2600 | NLL Sum: 3430941.23
Epoch 2610 | NLL Sum: 3427686.20
Epoch 2620 | NLL Sum: 3425248.52
Epoch 2630 | NLL Sum: 3423954.64
Epoch 2640 | NLL Sum: 3422303.07
Epoch 2650 | NLL Sum: 3418006.98
Epoch 2660 | NLL Sum: 3417731.40
Epoch 2670 | NLL Sum: 3416694.38
Epoch 2680 | NLL Sum: 3413477.20
Epoch 2690 | NLL Sum: 3409797.83
Epoch 2700 | NLL Sum: 3411901.15
Epoch 2710 | NLL Sum: 3409284.73
Epoch 2720 | NLL Sum: 3405782.99
Epoch 2730 | NLL Sum: 3402716.87
Epoch 2740 | NLL Sum: 3400558.07
Epoch 2750 | NLL Sum: 3399654.01
Epoch 2760 | NLL Sum: 3398964.22
Epoch 2770 | NLL Sum: 3397264.85
Epoch 2780 | NLL Sum: 3394175.84
Epoch 2790 | NLL Sum: 3390550.99
Epoch 2800 | NLL Sum: 3388726.43
Epoch 2810 | NLL Sum: 3388305.75
Epoch 2820 | NLL Sum: 3385580.84
Epoch 2830 | NLL Sum: 3384081.81
Epoch 2840 | NLL Sum: 3382407.72
Epoch 2850 | NLL Sum: 3381368.06
Epoch 2860 | NLL Sum: 3378598.83
Epoch 2870 | NLL Sum: 3377677.78
Epoch 2880 | NLL Sum: 3374663.97
Epoch 2890 | NLL Sum: 3373208.80
Epoch 2900 | NLL Sum: 3370416.10
Epoch 2910 | NLL Sum: 3367833.27
Epoch 2920 | NLL Sum: 3365284.62
Epoch 2930 | NLL Sum: 3359886.54
Epoch 2940 | NLL Sum: 3361493.08
Epoch 2950 | NLL Sum: 3361021.96
Epoch 2960 | NLL Sum: 3356145.40
Epoch 2970 | NLL Sum: 3357310.87
Epoch 2980 | NLL Sum: 3358358.53
Epoch 2990 | NLL Sum: 3351525.72
--------------------
Epoch 000 | NLL Sum: 7295584.91
Epoch 010 | NLL Sum: 4893334.71
Epoch 020 | NLL Sum: 4405616.36
Epoch 030 | NLL Sum: 4127440.63
Epoch 040 | NLL Sum: 4028851.51
Epoch 050 | NLL Sum: 3997828.97
Epoch 060 | NLL Sum: 3977894.94
Epoch 070 | NLL Sum: 3962285.76
Epoch 080 | NLL Sum: 3949025.39
Epoch 090 | NLL Sum: 3934920.72
Epoch 100 | NLL Sum: 3917065.61
Epoch 110 | NLL Sum: 3893583.24
Epoch 120 | NLL Sum: 3876104.47
Epoch 130 | NLL Sum: 3855118.64
Epoch 140 | NLL Sum: 3841183.37
Epoch 150 | NLL Sum: 3820090.08
Epoch 160 | NLL Sum: 3808031.65
Epoch 170 | NLL Sum: 3794236.62
Epoch 180 | NLL Sum: 3793092.21
Epoch 190 | NLL Sum: 3774346.60
Epoch 200 | NLL Sum: 3778304.77
Epoch 210 | NLL Sum: 3759195.48
Epoch 220 | NLL Sum: 3763971.46
Epoch 230 | NLL Sum: 3745720.83
Epoch 240 | NLL Sum: 3751005.64
Epoch 250 | NLL Sum: 3732977.49
Epoch 260 | NLL Sum: 3737059.00
Epoch 270 | NLL Sum: 3720734.54
Epoch 280 | NLL Sum: 3721536.09
Epoch 290 | NLL Sum: 3708904.76
Epoch 300 | NLL Sum: 3704809.33
Epoch 310 | NLL Sum: 3724078.13
Epoch 320 | NLL Sum: 3702793.28
Epoch 330 | NLL Sum: 3702826.46
Epoch 340 | NLL Sum: 3680454.23
Epoch 350 | NLL Sum: 3692363.94
Epoch 360 | NLL Sum: 3665424.38
Epoch 370 | NLL Sum: 3668356.05
Epoch 380 | NLL Sum: 3663954.91
Epoch 390 | NLL Sum: 3649756.54
Epoch 400 | NLL Sum: 3657387.57
Epoch 410 | NLL Sum: 3648066.14
Epoch 420 | NLL Sum: 3652945.06
Epoch 430 | NLL Sum: 3633568.40
Epoch 440 | NLL Sum: 3656310.83
Epoch 450 | NLL Sum: 3656093.65
Epoch 460 | NLL Sum: 3624235.60
Epoch 470 | NLL Sum: 3613149.21
Epoch 480 | NLL Sum: 3612725.34
Epoch 490 | NLL Sum: 3613923.14
Epoch 500 | NLL Sum: 3591829.51
Epoch 510 | NLL Sum: 3700784.93
Epoch 520 | NLL Sum: 3619924.62
Epoch 530 | NLL Sum: 3654899.53
Epoch 540 | NLL Sum: 3595381.70
Epoch 550 | NLL Sum: 3598312.73
Epoch 560 | NLL Sum: 3593633.45
Epoch 570 | NLL Sum: 3622588.11
Epoch 580 | NLL Sum: 3591384.57
Epoch 590 | NLL Sum: 3605487.65
Epoch 600 | NLL Sum: 3604594.14
Epoch 610 | NLL Sum: 3624678.96
Epoch 620 | NLL Sum: 3616015.41
Epoch 630 | NLL Sum: 3623009.79
Epoch 640 | NLL Sum: 3569395.69
Epoch 650 | NLL Sum: 3629807.12
Epoch 660 | NLL Sum: 3578495.04
Epoch 670 | NLL Sum: 3595636.46
Epoch 680 | NLL Sum: 3575013.14
Epoch 690 | NLL Sum: 3554079.79
Epoch 700 | NLL Sum: 3556327.64
Epoch 710 | NLL Sum: 3546020.21
Epoch 720 | NLL Sum: 3634459.62
Epoch 730 | NLL Sum: 3553930.47
Epoch 740 | NLL Sum: 3594188.05
Epoch 750 | NLL Sum: 3561468.01
Epoch 760 | NLL Sum: 3548039.95
Epoch 770 | NLL Sum: 3532845.83
Epoch 780 | NLL Sum: 3575917.44
Epoch 790 | NLL Sum: 3534669.51
Epoch 800 | NLL Sum: 3575434.02
Epoch 810 | NLL Sum: 3512612.85
Epoch 820 | NLL Sum: 3514020.50
Epoch 830 | NLL Sum: 3495480.65
Epoch 840 | NLL Sum: 3494306.85
Epoch 850 | NLL Sum: 3573094.84
Epoch 860 | NLL Sum: 3482897.50
Epoch 870 | NLL Sum: 3473340.47
Epoch 880 | NLL Sum: 3476341.57
Epoch 890 | NLL Sum: 3495560.31
Epoch 900 | NLL Sum: 3469257.09
Epoch 910 | NLL Sum: 3466799.85
Epoch 920 | NLL Sum: 3547761.79
Epoch 930 | NLL Sum: 3582698.93
Epoch 940 | NLL Sum: 3461445.40
Epoch 950 | NLL Sum: 3481919.68
Epoch 960 | NLL Sum: 3459195.63
Epoch 970 | NLL Sum: 3430163.92
Epoch 980 | NLL Sum: 3476342.43
Epoch 990 | NLL Sum: 3450036.89
Epoch 1000 | NLL Sum: 3426199.14
Epoch 1010 | NLL Sum: 3441728.04
Epoch 1020 | NLL Sum: 3463077.22
Epoch 1030 | NLL Sum: 3443473.61
Epoch 1040 | NLL Sum: 3427488.18
Epoch 1050 | NLL Sum: 3442705.97
Epoch 1060 | NLL Sum: 3417942.91
Epoch 1070 | NLL Sum: 3436967.86
Epoch 1080 | NLL Sum: 3434401.34
Epoch 1090 | NLL Sum: 3407840.91
Epoch 1100 | NLL Sum: 3419604.40
Epoch 1110 | NLL Sum: 3412329.68
Epoch 1120 | NLL Sum: 3398661.95
Epoch 1130 | NLL Sum: 3442499.08
Epoch 1140 | NLL Sum: 3404831.93
Epoch 1150 | NLL Sum: 3386634.70
Epoch 1160 | NLL Sum: 3391156.13
Epoch 1170 | NLL Sum: 3398893.33
Epoch 1180 | NLL Sum: 3390951.64
Epoch 1190 | NLL Sum: 3382740.29
Epoch 1200 | NLL Sum: 3382146.61
Epoch 1210 | NLL Sum: 3370364.43
Epoch 1220 | NLL Sum: 3379570.36
Epoch 1230 | NLL Sum: 3387639.45
Epoch 1240 | NLL Sum: 3406412.92
Epoch 1250 | NLL Sum: 3365285.42
Epoch 1260 | NLL Sum: 3382329.68
Epoch 1270 | NLL Sum: 3381087.18
Epoch 1280 | NLL Sum: 3363739.09
Epoch 1290 | NLL Sum: 3362527.92
Epoch 1300 | NLL Sum: 3361263.47
Epoch 1310 | NLL Sum: 3355603.82
Epoch 1320 | NLL Sum: 3356890.73
Epoch 1330 | NLL Sum: 3353972.60
Epoch 1340 | NLL Sum: 3350474.48
Epoch 1350 | NLL Sum: 3351755.19
Epoch 1360 | NLL Sum: 3366168.53
Epoch 1370 | NLL Sum: 3377636.81
Epoch 1380 | NLL Sum: 3362446.83
Epoch 1390 | NLL Sum: 3344241.33
Epoch 1400 | NLL Sum: 3350650.45
Epoch 1410 | NLL Sum: 3337464.61
Epoch 1420 | NLL Sum: 3346480.36
Epoch 1430 | NLL Sum: 3342719.20
Epoch 1440 | NLL Sum: 3350270.25
Epoch 1450 | NLL Sum: 3332982.55
Epoch 1460 | NLL Sum: 3334881.48
Epoch 1470 | NLL Sum: 3329404.81
Epoch 1480 | NLL Sum: 3329019.58
Epoch 1490 | NLL Sum: 3338327.72
Epoch 1500 | NLL Sum: 3329543.32
Epoch 1510 | NLL Sum: 3316289.06
Epoch 1520 | NLL Sum: 3331570.54
Epoch 1530 | NLL Sum: 3342326.97
Epoch 1540 | NLL Sum: 3331006.40
Epoch 1550 | NLL Sum: 3309054.86
Epoch 1560 | NLL Sum: 3321979.09
Epoch 1570 | NLL Sum: 3306977.63
Epoch 1580 | NLL Sum: 3332408.35
Epoch 1590 | NLL Sum: 3291985.30
Epoch 1600 | NLL Sum: 3309434.72
Epoch 1610 | NLL Sum: 3278871.15
Epoch 1620 | NLL Sum: 3263480.22
Epoch 1630 | NLL Sum: 3249171.06
Epoch 1640 | NLL Sum: 3261284.19
Epoch 1650 | NLL Sum: 3227208.30
Epoch 1660 | NLL Sum: 3226976.49
Epoch 1670 | NLL Sum: 3222412.16
Epoch 1680 | NLL Sum: 3228811.93
Epoch 1690 | NLL Sum: 3226773.58
Epoch 1700 | NLL Sum: 3204100.28
Epoch 1710 | NLL Sum: 3195303.12
Epoch 1720 | NLL Sum: 3189906.60
Epoch 1730 | NLL Sum: 3188614.40
Epoch 1740 | NLL Sum: 3180232.86
Epoch 1750 | NLL Sum: 3179313.47
Epoch 1760 | NLL Sum: 3157339.19
Epoch 1770 | NLL Sum: 3157589.84
Epoch 1780 | NLL Sum: 3179107.92
Epoch 1790 | NLL Sum: 3159898.39
Epoch 1800 | NLL Sum: 3189755.19
Epoch 1810 | NLL Sum: 3205592.14
Epoch 1820 | NLL Sum: 3187137.97
Epoch 1830 | NLL Sum: 3201002.95
Epoch 1840 | NLL Sum: 3139148.75
Epoch 1850 | NLL Sum: 3126464.14
Epoch 1860 | NLL Sum: 3130585.19
Epoch 1870 | NLL Sum: 3118286.66
Epoch 1880 | NLL Sum: 3107660.74
Epoch 1890 | NLL Sum: 3101904.48
Epoch 1900 | NLL Sum: 3163451.06
Epoch 1910 | NLL Sum: 3117507.27
Epoch 1920 | NLL Sum: 3096498.24
Epoch 1930 | NLL Sum: 3117095.96
Epoch 1940 | NLL Sum: 3109614.33
Epoch 1950 | NLL Sum: 3095438.26
Epoch 1960 | NLL Sum: 3090070.33
Epoch 1970 | NLL Sum: 3075865.55
Epoch 1980 | NLL Sum: 3070545.50
Epoch 1990 | NLL Sum: 3080196.71
Epoch 2000 | NLL Sum: 3067445.21
Epoch 2010 | NLL Sum: 3058564.22
Epoch 2020 | NLL Sum: 3054390.10
Epoch 2030 | NLL Sum: 3077016.09
Epoch 2040 | NLL Sum: 3062869.63
Epoch 2050 | NLL Sum: 3080281.39
Epoch 2060 | NLL Sum: 3081674.03
Epoch 2070 | NLL Sum: 3078097.73
Epoch 2080 | NLL Sum: 3070236.85
Epoch 2090 | NLL Sum: 3042649.09
Epoch 2100 | NLL Sum: 3037892.38
Epoch 2110 | NLL Sum: 3038847.16
Epoch 2120 | NLL Sum: 3038951.81
Epoch 2130 | NLL Sum: 3028311.00
Epoch 2140 | NLL Sum: 3070299.94
Epoch 2150 | NLL Sum: 3048650.27
Epoch 2160 | NLL Sum: 3048563.03
Epoch 2170 | NLL Sum: 3036667.24
Epoch 2180 | NLL Sum: 3072905.85
Epoch 2190 | NLL Sum: 3053146.76
Epoch 2200 | NLL Sum: 3041163.32
Epoch 2210 | NLL Sum: 3015316.46
Epoch 2220 | NLL Sum: 3020170.42
Epoch 2230 | NLL Sum: 3025062.17
Epoch 2240 | NLL Sum: 3025065.15
Epoch 2250 | NLL Sum: 3020860.31
Epoch 2260 | NLL Sum: 3037530.14
Epoch 2270 | NLL Sum: 3022138.80
Epoch 2280 | NLL Sum: 3012487.98
Epoch 2290 | NLL Sum: 3002524.73
Epoch 2300 | NLL Sum: 3000279.09
Epoch 2310 | NLL Sum: 3003892.41
Epoch 2320 | NLL Sum: 2995578.39
Epoch 2330 | NLL Sum: 3003063.45
Epoch 2340 | NLL Sum: 3000708.22
Epoch 2350 | NLL Sum: 2991807.68
Epoch 2360 | NLL Sum: 2985947.14
Epoch 2370 | NLL Sum: 2991709.06
Epoch 2380 | NLL Sum: 3010325.43
Epoch 2390 | NLL Sum: 3005215.53
Epoch 2400 | NLL Sum: 2984705.06
Epoch 2410 | NLL Sum: 2978980.06
Epoch 2420 | NLL Sum: 2980647.46
Epoch 2430 | NLL Sum: 2994497.10
Epoch 2440 | NLL Sum: 2995956.91
Epoch 2450 | NLL Sum: 2989511.18
Epoch 2460 | NLL Sum: 2982673.33
Epoch 2470 | NLL Sum: 2998498.71
Epoch 2480 | NLL Sum: 2993922.19
Epoch 2490 | NLL Sum: 2983838.89
Epoch 2500 | NLL Sum: 2989368.85
Epoch 2510 | NLL Sum: 2972840.85
Epoch 2520 | NLL Sum: 2971990.10
Epoch 2530 | NLL Sum: 2960717.90
Epoch 2540 | NLL Sum: 2990703.66
Epoch 2550 | NLL Sum: 2981315.90
Epoch 2560 | NLL Sum: 2966346.53
Epoch 2570 | NLL Sum: 2969753.86
Epoch 2580 | NLL Sum: 2964952.91
Epoch 2590 | NLL Sum: 2956369.35
Epoch 2600 | NLL Sum: 2952350.51
Epoch 2610 | NLL Sum: 2996214.48
Epoch 2620 | NLL Sum: 3055134.71
Epoch 2630 | NLL Sum: 3000189.84
Epoch 2640 | NLL Sum: 2968172.21
Epoch 2650 | NLL Sum: 2967067.36
Epoch 2660 | NLL Sum: 2958628.18
Epoch 2670 | NLL Sum: 2953915.01
Epoch 2680 | NLL Sum: 3004489.38
Epoch 2690 | NLL Sum: 2959718.00
Epoch 2700 | NLL Sum: 2955463.25
Epoch 2710 | NLL Sum: 3002453.36
Epoch 2720 | NLL Sum: 2986263.15
Epoch 2730 | NLL Sum: 2969146.01
Epoch 2740 | NLL Sum: 2972579.38
Epoch 2750 | NLL Sum: 2945352.43
Epoch 2760 | NLL Sum: 2957462.86
Epoch 2770 | NLL Sum: 2956441.15
Epoch 2780 | NLL Sum: 2978241.03
Epoch 2790 | NLL Sum: 2969439.67
Epoch 2800 | NLL Sum: 2938383.87
Epoch 2810 | NLL Sum: 2935761.73
Epoch 2820 | NLL Sum: 2969182.74
Epoch 2830 | NLL Sum: 3009222.21
Epoch 2840 | NLL Sum: 2939128.71
Epoch 2850 | NLL Sum: 2936409.97
Epoch 2860 | NLL Sum: 2960175.63
Epoch 2870 | NLL Sum: 2955148.88
Epoch 2880 | NLL Sum: 2948548.93
Epoch 2890 | NLL Sum: 2929849.35
Epoch 2900 | NLL Sum: 2963338.63
Epoch 2910 | NLL Sum: 2931837.63
Epoch 2920 | NLL Sum: 2922339.06
Epoch 2930 | NLL Sum: 2926986.22
Epoch 2940 | NLL Sum: 2922901.24
Epoch 2950 | NLL Sum: 2917016.09
Epoch 2960 | NLL Sum: 2925901.77
Epoch 2970 | NLL Sum: 2922034.67
Epoch 2980 | NLL Sum: 2936766.60
Epoch 2990 | NLL Sum: 2918468.18

=============================================
            MODEL COMPARISON RESULTS 
=============================================
Metric          | Geodesic Model  | Free Model     
------------------------------------------------
Parameters (k)  | 21063           | 53734          
Train NLL       | 3350144.53      | 2913984.39     
Context NLL     | 3232.32         | 3734.44        
Forecast NLL    | 1338451.02      | 1425256.73     
Train R2        | 0.3159          | 0.5421         
Train r         | 0.5645          | 0.7363         
Forecast R2     | -0.6115         | -0.7851        
Forecast r      | -0.0208         | -0.2243        
AIC             | 6742415.07      | 5935436.79     
BIC             | 7022105.71      | 6648958.00     
=============================================

Preferred Model by AIC: Free Dynamics
Preferred Model by BIC: Free Dynamics
Saved outputs to runs/geodesic_sphere_forecast_2d_30x600_e3000_float64_cpu
