Using device: cpu
Using dtype: torch.float64
Simulated 30 sphere trials: time=600, neurons=300
Model solver: euler
Heldout protocol: fit initial conditions on the first 2 frames; score the remaining 598 frames.
Geodesic Model Parameters: 21318
Free Dynamics Model Parameters: 54243

Epoch 000 | NLL Sum: 6650861.72
Epoch 010 | NLL Sum: 5173891.28
Epoch 020 | NLL Sum: 4547826.54
Epoch 030 | NLL Sum: 4287114.41
Epoch 040 | NLL Sum: 4156592.27
Epoch 050 | NLL Sum: 4071659.49
Epoch 060 | NLL Sum: 4008632.76
Epoch 070 | NLL Sum: 3967625.17
Epoch 080 | NLL Sum: 3941195.78
Epoch 090 | NLL Sum: 3922841.84
Epoch 100 | NLL Sum: 3908836.80
Epoch 110 | NLL Sum: 3896875.23
Epoch 120 | NLL Sum: 3886175.16
Epoch 130 | NLL Sum: 3876222.74
Epoch 140 | NLL Sum: 3868046.97
Epoch 150 | NLL Sum: 3859551.38
Epoch 160 | NLL Sum: 3851512.25
Epoch 170 | NLL Sum: 3845189.26
Epoch 180 | NLL Sum: 3838080.94
Epoch 190 | NLL Sum: 3832119.61
Epoch 200 | NLL Sum: 3825699.49
Epoch 210 | NLL Sum: 3819823.29
Epoch 220 | NLL Sum: 3812473.17
Epoch 230 | NLL Sum: 3813818.80
Epoch 240 | NLL Sum: 3801971.55
Epoch 250 | NLL Sum: 3799421.56
Epoch 260 | NLL Sum: 3799364.46
Epoch 270 | NLL Sum: 3790958.60
Epoch 280 | NLL Sum: 3787934.50
Epoch 290 | NLL Sum: 3774824.10
Epoch 300 | NLL Sum: 3771126.20
Epoch 310 | NLL Sum: 3768978.06
Epoch 320 | NLL Sum: 3773291.86
Epoch 330 | NLL Sum: 3765295.80
Epoch 340 | NLL Sum: 3754385.24
Epoch 350 | NLL Sum: 3748997.53
Epoch 360 | NLL Sum: 3745428.84
Epoch 370 | NLL Sum: 3736371.93
Epoch 380 | NLL Sum: 3739332.76
Epoch 390 | NLL Sum: 3728527.22
Epoch 400 | NLL Sum: 3724424.63
Epoch 410 | NLL Sum: 3721607.01
Epoch 420 | NLL Sum: 3716765.12
Epoch 430 | NLL Sum: 3709484.96
Epoch 440 | NLL Sum: 3731681.60
Epoch 450 | NLL Sum: 3715546.46
Epoch 460 | NLL Sum: 3692206.50
Epoch 470 | NLL Sum: 3687640.00
Epoch 480 | NLL Sum: 3727180.85
Epoch 490 | NLL Sum: 3675492.21
Epoch 500 | NLL Sum: 3669700.58
Epoch 510 | NLL Sum: 3680684.30
Epoch 520 | NLL Sum: 3660668.85
Epoch 530 | NLL Sum: 3657399.19
Epoch 540 | NLL Sum: 3660198.32
Epoch 550 | NLL Sum: 3652419.32
Epoch 560 | NLL Sum: 3646911.46
Epoch 570 | NLL Sum: 3643265.06
Epoch 580 | NLL Sum: 3642093.79
Epoch 590 | NLL Sum: 3635710.22
Epoch 600 | NLL Sum: 3637541.27
Epoch 610 | NLL Sum: 3627609.71
Epoch 620 | NLL Sum: 3629306.43
Epoch 630 | NLL Sum: 3622500.63
Epoch 640 | NLL Sum: 3623071.87
Epoch 650 | NLL Sum: 3613117.71
Epoch 660 | NLL Sum: 3614874.70
Epoch 670 | NLL Sum: 3608742.89
Epoch 680 | NLL Sum: 3604882.87
Epoch 690 | NLL Sum: 3599411.18
Epoch 700 | NLL Sum: 3596036.83
Epoch 710 | NLL Sum: 3591518.39
Epoch 720 | NLL Sum: 3588474.46
Epoch 730 | NLL Sum: 3584503.07
Epoch 740 | NLL Sum: 3581501.80
Epoch 750 | NLL Sum: 3577600.97
Epoch 760 | NLL Sum: 3575216.95
Epoch 770 | NLL Sum: 3570197.04
Epoch 780 | NLL Sum: 3571418.29
Epoch 790 | NLL Sum: 3561264.29
Epoch 800 | NLL Sum: 3568747.79
Epoch 810 | NLL Sum: 3556006.43
Epoch 820 | NLL Sum: 3556574.16
Epoch 830 | NLL Sum: 3550035.49
Epoch 840 | NLL Sum: 3549263.20
Epoch 850 | NLL Sum: 3541916.05
Epoch 860 | NLL Sum: 3538724.33
Epoch 870 | NLL Sum: 3536057.94
Epoch 880 | NLL Sum: 3535436.14
Epoch 890 | NLL Sum: 3527424.66
Epoch 900 | NLL Sum: 3530931.67
Epoch 910 | NLL Sum: 3519606.59
Epoch 920 | NLL Sum: 3521708.78
Epoch 930 | NLL Sum: 3515452.87
Epoch 940 | NLL Sum: 3524399.68
Epoch 950 | NLL Sum: 3514642.28
Epoch 960 | NLL Sum: 3511730.04
Epoch 970 | NLL Sum: 3511731.72
Epoch 980 | NLL Sum: 3508249.36
Epoch 990 | NLL Sum: 3503251.55
Epoch 1000 | NLL Sum: 3501971.28
Epoch 1010 | NLL Sum: 3498956.01
Epoch 1020 | NLL Sum: 3495770.96
Epoch 1030 | NLL Sum: 3493190.67
Epoch 1040 | NLL Sum: 3490638.36
Epoch 1050 | NLL Sum: 3487961.65
Epoch 1060 | NLL Sum: 3485424.17
Epoch 1070 | NLL Sum: 3482965.95
Epoch 1080 | NLL Sum: 3478895.54
Epoch 1090 | NLL Sum: 3477681.97
Epoch 1100 | NLL Sum: 3477576.93
Epoch 1110 | NLL Sum: 3467969.47
Epoch 1120 | NLL Sum: 3473123.66
Epoch 1130 | NLL Sum: 3466808.31
Epoch 1140 | NLL Sum: 3464296.55
Epoch 1150 | NLL Sum: 3460256.10
Epoch 1160 | NLL Sum: 3463218.45
Epoch 1170 | NLL Sum: 3460632.39
Epoch 1180 | NLL Sum: 3455053.55
Epoch 1190 | NLL Sum: 3453512.53
Epoch 1200 | NLL Sum: 3452381.82
Epoch 1210 | NLL Sum: 3443579.48
Epoch 1220 | NLL Sum: 3443961.44
Epoch 1230 | NLL Sum: 3439668.53
Epoch 1240 | NLL Sum: 3450136.70
Epoch 1250 | NLL Sum: 3442301.74
Epoch 1260 | NLL Sum: 3434928.38
Epoch 1270 | NLL Sum: 3434622.04
Epoch 1280 | NLL Sum: 3428345.09
Epoch 1290 | NLL Sum: 3428448.69
Epoch 1300 | NLL Sum: 3422216.91
Epoch 1310 | NLL Sum: 3421693.81
Epoch 1320 | NLL Sum: 3419976.44
Epoch 1330 | NLL Sum: 3415593.48
Epoch 1340 | NLL Sum: 3414237.84
Epoch 1350 | NLL Sum: 3410349.29
Epoch 1360 | NLL Sum: 3409983.87
Epoch 1370 | NLL Sum: 3404290.63
Epoch 1380 | NLL Sum: 3402715.67
Epoch 1390 | NLL Sum: 3399582.20
Epoch 1400 | NLL Sum: 3409191.45
Epoch 1410 | NLL Sum: 3395804.87
Epoch 1420 | NLL Sum: 3392428.85
Epoch 1430 | NLL Sum: 3390993.39
Epoch 1440 | NLL Sum: 3403741.00
Epoch 1450 | NLL Sum: 3385075.44
Epoch 1460 | NLL Sum: 3379333.98
Epoch 1470 | NLL Sum: 3390410.71
Epoch 1480 | NLL Sum: 3382333.16
Epoch 1490 | NLL Sum: 3385306.48
Epoch 1500 | NLL Sum: 3370196.51
Epoch 1510 | NLL Sum: 3375060.44
Epoch 1520 | NLL Sum: 3372119.07
Epoch 1530 | NLL Sum: 3368077.32
Epoch 1540 | NLL Sum: 3364453.03
Epoch 1550 | NLL Sum: 3362156.08
Epoch 1560 | NLL Sum: 3357085.96
Epoch 1570 | NLL Sum: 3358212.43
Epoch 1580 | NLL Sum: 3353213.67
Epoch 1590 | NLL Sum: 3351108.29
Epoch 1600 | NLL Sum: 3349064.11
Epoch 1610 | NLL Sum: 3345238.69
Epoch 1620 | NLL Sum: 3344925.33
Epoch 1630 | NLL Sum: 3339908.80
Epoch 1640 | NLL Sum: 3339755.59
Epoch 1650 | NLL Sum: 3334364.45
Epoch 1660 | NLL Sum: 3334550.17
Epoch 1670 | NLL Sum: 3329663.35
Epoch 1680 | NLL Sum: 3327871.42
Epoch 1690 | NLL Sum: 3324479.00
Epoch 1700 | NLL Sum: 3322324.90
Epoch 1710 | NLL Sum: 3317885.34
Epoch 1720 | NLL Sum: 3317785.83
Epoch 1730 | NLL Sum: 3325199.38
Epoch 1740 | NLL Sum: 3321810.93
Epoch 1750 | NLL Sum: 3316652.53
Epoch 1760 | NLL Sum: 3312002.35
Epoch 1770 | NLL Sum: 3309088.85
Epoch 1780 | NLL Sum: 3302172.31
Epoch 1790 | NLL Sum: 3306371.41
Epoch 1800 | NLL Sum: 3301592.94
Epoch 1810 | NLL Sum: 3299427.92
Epoch 1820 | NLL Sum: 3294888.61
Epoch 1830 | NLL Sum: 3291167.76
Epoch 1840 | NLL Sum: 3290739.94
Epoch 1850 | NLL Sum: 3289128.48
Epoch 1860 | NLL Sum: 3293644.76
Epoch 1870 | NLL Sum: 3290391.42
Epoch 1880 | NLL Sum: 3288105.52
Epoch 1890 | NLL Sum: 3282223.28
Epoch 1900 | NLL Sum: 3284428.02
Epoch 1910 | NLL Sum: 3276216.09
Epoch 1920 | NLL Sum: 3283069.25
Epoch 1930 | NLL Sum: 3317901.97
Epoch 1940 | NLL Sum: 3275145.58
Epoch 1950 | NLL Sum: 3275937.31
Epoch 1960 | NLL Sum: 3270195.64
Epoch 1970 | NLL Sum: 3261572.66
Epoch 1980 | NLL Sum: 3260687.05
Epoch 1990 | NLL Sum: 3254500.05
Epoch 2000 | NLL Sum: 3287756.71
Epoch 2010 | NLL Sum: 3265799.92
Epoch 2020 | NLL Sum: 3260352.68
Epoch 2030 | NLL Sum: 3256552.05
Epoch 2040 | NLL Sum: 3265849.81
Epoch 2050 | NLL Sum: 3253090.54
Epoch 2060 | NLL Sum: 3246096.37
Epoch 2070 | NLL Sum: 3238812.09
Epoch 2080 | NLL Sum: 3235731.19
Epoch 2090 | NLL Sum: 3252946.13
Epoch 2100 | NLL Sum: 3236122.32
Epoch 2110 | NLL Sum: 3226655.68
Epoch 2120 | NLL Sum: 3224069.99
Epoch 2130 | NLL Sum: 3220515.33
Epoch 2140 | NLL Sum: 3231541.76
Epoch 2150 | NLL Sum: 3217982.67
Epoch 2160 | NLL Sum: 3216900.72
Epoch 2170 | NLL Sum: 3212877.35
Epoch 2180 | NLL Sum: 3213703.39
Epoch 2190 | NLL Sum: 3208199.41
Epoch 2200 | NLL Sum: 3211783.19
Epoch 2210 | NLL Sum: 3206513.45
Epoch 2220 | NLL Sum: 3203174.82
Epoch 2230 | NLL Sum: 3198830.48
Epoch 2240 | NLL Sum: 3194705.28
Epoch 2250 | NLL Sum: 3204365.56
Epoch 2260 | NLL Sum: 3192300.67
Epoch 2270 | NLL Sum: 3190717.40
Epoch 2280 | NLL Sum: 3190804.24
Epoch 2290 | NLL Sum: 3184757.20
Epoch 2300 | NLL Sum: 3189576.03
Epoch 2310 | NLL Sum: 3239073.65
Epoch 2320 | NLL Sum: 3207428.83
Epoch 2330 | NLL Sum: 3207843.59
Epoch 2340 | NLL Sum: 3178807.81
Epoch 2350 | NLL Sum: 3179876.78
Epoch 2360 | NLL Sum: 3171348.16
Epoch 2370 | NLL Sum: 3168375.14
Epoch 2380 | NLL Sum: 3170803.56
Epoch 2390 | NLL Sum: 3179442.26
Epoch 2400 | NLL Sum: 3168224.23
Epoch 2410 | NLL Sum: 3158406.76
Epoch 2420 | NLL Sum: 3154621.92
Epoch 2430 | NLL Sum: 3168433.33
Epoch 2440 | NLL Sum: 3167048.30
Epoch 2450 | NLL Sum: 3206279.49
Epoch 2460 | NLL Sum: 3154992.44
Epoch 2470 | NLL Sum: 3166587.23
Epoch 2480 | NLL Sum: 3147711.79
Epoch 2490 | NLL Sum: 3154150.16
Epoch 2500 | NLL Sum: 3140898.72
Epoch 2510 | NLL Sum: 3151296.50
Epoch 2520 | NLL Sum: 3138210.49
Epoch 2530 | NLL Sum: 3139938.53
Epoch 2540 | NLL Sum: 3131851.98
Epoch 2550 | NLL Sum: 3130205.36
Epoch 2560 | NLL Sum: 3142449.83
Epoch 2570 | NLL Sum: 3125252.94
Epoch 2580 | NLL Sum: 3122736.58
Epoch 2590 | NLL Sum: 3119876.18
Epoch 2600 | NLL Sum: 3119632.79
Epoch 2610 | NLL Sum: 3118156.73
Epoch 2620 | NLL Sum: 3118294.31
Epoch 2630 | NLL Sum: 3115300.01
Epoch 2640 | NLL Sum: 3107781.55
Epoch 2650 | NLL Sum: 3121850.42
Epoch 2660 | NLL Sum: 3145758.06
Epoch 2670 | NLL Sum: 3364120.99
Epoch 2680 | NLL Sum: 3108471.56
Epoch 2690 | NLL Sum: 3107737.95
Epoch 2700 | NLL Sum: 3102693.97
Epoch 2710 | NLL Sum: 3106358.05
Epoch 2720 | NLL Sum: 3111924.17
Epoch 2730 | NLL Sum: 3096521.03
Epoch 2740 | NLL Sum: 3107783.44
Epoch 2750 | NLL Sum: 3087786.01
Epoch 2760 | NLL Sum: 3097792.44
Epoch 2770 | NLL Sum: 3097569.57
Epoch 2780 | NLL Sum: 3093104.58
Epoch 2790 | NLL Sum: 3537486.88
Epoch 2800 | NLL Sum: 3109172.04
Epoch 2810 | NLL Sum: 3092186.65
Epoch 2820 | NLL Sum: 3081572.82
Epoch 2830 | NLL Sum: 3084375.64
Epoch 2840 | NLL Sum: 3072561.58
Epoch 2850 | NLL Sum: 3076539.95
Epoch 2860 | NLL Sum: 3069371.71
Epoch 2870 | NLL Sum: 3066341.59
Epoch 2880 | NLL Sum: 3063274.71
Epoch 2890 | NLL Sum: 3064097.14
Epoch 2900 | NLL Sum: 3066972.17
Epoch 2910 | NLL Sum: 3057791.48
Epoch 2920 | NLL Sum: 3056096.71
Epoch 2930 | NLL Sum: 3098877.19
Epoch 2940 | NLL Sum: 3257849.71
Epoch 2950 | NLL Sum: 3463286.64
Epoch 2960 | NLL Sum: 3091787.75
Epoch 2970 | NLL Sum: 3068381.25
Epoch 2980 | NLL Sum: 3064470.57
Epoch 2990 | NLL Sum: 3053402.98
--------------------
Epoch 000 | NLL Sum: 7358334.63
Epoch 010 | NLL Sum: 4900643.61
Epoch 020 | NLL Sum: 4404961.56
Epoch 030 | NLL Sum: 4149267.06
Epoch 040 | NLL Sum: 4033934.07
Epoch 050 | NLL Sum: 3939155.34
Epoch 060 | NLL Sum: 3816921.30
Epoch 070 | NLL Sum: 3734394.27
Epoch 080 | NLL Sum: 3703763.66
Epoch 090 | NLL Sum: 3677508.58
Epoch 100 | NLL Sum: 3655235.93
Epoch 110 | NLL Sum: 3648404.66
Epoch 120 | NLL Sum: 3646633.62
Epoch 130 | NLL Sum: 3653474.33
Epoch 140 | NLL Sum: 3616628.35
Epoch 150 | NLL Sum: 3739737.07
Epoch 160 | NLL Sum: 3660559.13
Epoch 170 | NLL Sum: 3588211.79
Epoch 180 | NLL Sum: 3591901.32
Epoch 190 | NLL Sum: 3568548.29
Epoch 200 | NLL Sum: 3562515.28
Epoch 210 | NLL Sum: 3563660.04
Epoch 220 | NLL Sum: 3549414.15
Epoch 230 | NLL Sum: 3533278.97
Epoch 240 | NLL Sum: 3524857.41
Epoch 250 | NLL Sum: 3593090.45
Epoch 260 | NLL Sum: 3537493.59
Epoch 270 | NLL Sum: 3603942.75
Epoch 280 | NLL Sum: 3532878.71
Epoch 290 | NLL Sum: 3552843.81
Epoch 300 | NLL Sum: 3513546.69
Epoch 310 | NLL Sum: 3581869.32
Epoch 320 | NLL Sum: 3515450.79
Epoch 330 | NLL Sum: 3530954.10
Epoch 340 | NLL Sum: 3498558.31
Epoch 350 | NLL Sum: 3557465.06
Epoch 360 | NLL Sum: 3500054.17
Epoch 370 | NLL Sum: 3513501.45
Epoch 380 | NLL Sum: 3483687.21
Epoch 390 | NLL Sum: 3534586.56
Epoch 400 | NLL Sum: 3483923.48
Epoch 410 | NLL Sum: 3497513.20
Epoch 420 | NLL Sum: 3468979.83
Epoch 430 | NLL Sum: 3514747.56
Epoch 440 | NLL Sum: 3468483.42
Epoch 450 | NLL Sum: 3483492.75
Epoch 460 | NLL Sum: 3455736.28
Epoch 470 | NLL Sum: 3495040.26
Epoch 480 | NLL Sum: 3455308.76
Epoch 490 | NLL Sum: 3466949.97
Epoch 500 | NLL Sum: 3442336.98
Epoch 510 | NLL Sum: 3481411.55
Epoch 520 | NLL Sum: 3439996.68
Epoch 530 | NLL Sum: 3461852.18
Epoch 540 | NLL Sum: 3432454.05
Epoch 550 | NLL Sum: 3462016.49
Epoch 560 | NLL Sum: 3429745.81
Epoch 570 | NLL Sum: 3444707.23
Epoch 580 | NLL Sum: 3421523.92
Epoch 590 | NLL Sum: 3451985.08
Epoch 600 | NLL Sum: 3420598.28
Epoch 610 | NLL Sum: 3431848.85
Epoch 620 | NLL Sum: 3410825.80
Epoch 630 | NLL Sum: 3443475.89
Epoch 640 | NLL Sum: 3412073.60
Epoch 650 | NLL Sum: 3417255.40
Epoch 660 | NLL Sum: 3399725.03
Epoch 670 | NLL Sum: 3428244.11
Epoch 680 | NLL Sum: 3397423.57
Epoch 690 | NLL Sum: 3414070.21
Epoch 700 | NLL Sum: 3391512.74
Epoch 710 | NLL Sum: 3412963.53
Epoch 720 | NLL Sum: 3389097.38
Epoch 730 | NLL Sum: 3398705.28
Epoch 740 | NLL Sum: 3380926.35
Epoch 750 | NLL Sum: 3402446.73
Epoch 760 | NLL Sum: 3378394.64
Epoch 770 | NLL Sum: 3390560.00
Epoch 780 | NLL Sum: 3372312.12
Epoch 790 | NLL Sum: 3382147.32
Epoch 800 | NLL Sum: 3365042.66
Epoch 810 | NLL Sum: 3364520.37
Epoch 820 | NLL Sum: 3362836.02
Epoch 830 | NLL Sum: 3362438.65
Epoch 840 | NLL Sum: 3352715.68
Epoch 850 | NLL Sum: 3348332.12
Epoch 860 | NLL Sum: 3352307.79
Epoch 870 | NLL Sum: 3344037.18
Epoch 880 | NLL Sum: 3339975.53
Epoch 890 | NLL Sum: 3336119.14
Epoch 900 | NLL Sum: 3335199.81
Epoch 910 | NLL Sum: 3326587.21
Epoch 920 | NLL Sum: 3311487.61
Epoch 930 | NLL Sum: 3276935.02
Epoch 940 | NLL Sum: 3231452.46
Epoch 950 | NLL Sum: 3187853.62
Epoch 960 | NLL Sum: 3147189.40
Epoch 970 | NLL Sum: 3099948.30
Epoch 980 | NLL Sum: 3080054.73
Epoch 990 | NLL Sum: 3068465.56
Epoch 1000 | NLL Sum: 3090554.70
Epoch 1010 | NLL Sum: 3021639.09
Epoch 1020 | NLL Sum: 2998522.59
Epoch 1030 | NLL Sum: 3025566.25
Epoch 1040 | NLL Sum: 2975028.29
Epoch 1050 | NLL Sum: 2959023.86
Epoch 1060 | NLL Sum: 2953557.05
Epoch 1070 | NLL Sum: 2945963.65
Epoch 1080 | NLL Sum: 2932849.62
Epoch 1090 | NLL Sum: 2925151.18
Epoch 1100 | NLL Sum: 2909494.89
Epoch 1110 | NLL Sum: 2900086.84
Epoch 1120 | NLL Sum: 2893810.34
Epoch 1130 | NLL Sum: 2888271.34
Epoch 1140 | NLL Sum: 2882412.96
Epoch 1150 | NLL Sum: 2880576.99
Epoch 1160 | NLL Sum: 2871499.49
Epoch 1170 | NLL Sum: 2868297.30
Epoch 1180 | NLL Sum: 2856769.45
Epoch 1190 | NLL Sum: 2882711.68
Epoch 1200 | NLL Sum: 2855127.77
Epoch 1210 | NLL Sum: 2874111.46
Epoch 1220 | NLL Sum: 2883535.24
Epoch 1230 | NLL Sum: 2848172.52
Epoch 1240 | NLL Sum: 2850153.33
Epoch 1250 | NLL Sum: 2848470.69
Epoch 1260 | NLL Sum: 2840783.81
Epoch 1270 | NLL Sum: 2831325.55
Epoch 1280 | NLL Sum: 2828351.45
Epoch 1290 | NLL Sum: 2821929.70
Epoch 1300 | NLL Sum: 2826060.19
Epoch 1310 | NLL Sum: 2820198.72
Epoch 1320 | NLL Sum: 2820148.47
Epoch 1330 | NLL Sum: 2817648.55
Epoch 1340 | NLL Sum: 2819730.72
Epoch 1350 | NLL Sum: 2808700.67
Epoch 1360 | NLL Sum: 2809374.29
Epoch 1370 | NLL Sum: 2811253.88
Epoch 1380 | NLL Sum: 2799802.58
Epoch 1390 | NLL Sum: 2799910.27
Epoch 1400 | NLL Sum: 2797201.15
Epoch 1410 | NLL Sum: 2791523.95
Epoch 1420 | NLL Sum: 2787726.99
Epoch 1430 | NLL Sum: 2783371.58
Epoch 1440 | NLL Sum: 2778905.83
Epoch 1450 | NLL Sum: 2777025.33
Epoch 1460 | NLL Sum: 2782956.64
Epoch 1470 | NLL Sum: 2789568.43
Epoch 1480 | NLL Sum: 2783346.74
Epoch 1490 | NLL Sum: 2774735.96
Epoch 1500 | NLL Sum: 2767796.49
Epoch 1510 | NLL Sum: 2769467.13
Epoch 1520 | NLL Sum: 2765486.03
Epoch 1530 | NLL Sum: 2760935.88
Epoch 1540 | NLL Sum: 2760171.36
Epoch 1550 | NLL Sum: 2757007.17
Epoch 1560 | NLL Sum: 2755499.36
Epoch 1570 | NLL Sum: 2753223.81
Epoch 1580 | NLL Sum: 2753355.37
Epoch 1590 | NLL Sum: 2749974.28
Epoch 1600 | NLL Sum: 2750816.48
Epoch 1610 | NLL Sum: 2755531.02
Epoch 1620 | NLL Sum: 2746951.11
Epoch 1630 | NLL Sum: 2744589.32
Epoch 1640 | NLL Sum: 2746044.10
Epoch 1650 | NLL Sum: 2745213.53
Epoch 1660 | NLL Sum: 2739464.73
Epoch 1670 | NLL Sum: 2738826.75
Epoch 1680 | NLL Sum: 2735582.34
Epoch 1690 | NLL Sum: 2730921.43
Epoch 1700 | NLL Sum: 2736484.00
Epoch 1710 | NLL Sum: 2731937.57
Epoch 1720 | NLL Sum: 2762098.18
Epoch 1730 | NLL Sum: 2733952.61
Epoch 1740 | NLL Sum: 2733784.71
Epoch 1750 | NLL Sum: 2726061.02
Epoch 1760 | NLL Sum: 2718612.04
Epoch 1770 | NLL Sum: 2718778.15
Epoch 1780 | NLL Sum: 2717973.73
Epoch 1790 | NLL Sum: 2729351.65
Epoch 1800 | NLL Sum: 2718180.22
Epoch 1810 | NLL Sum: 2710652.84
Epoch 1820 | NLL Sum: 2713253.69
Epoch 1830 | NLL Sum: 2707559.18
Epoch 1840 | NLL Sum: 2712253.06
Epoch 1850 | NLL Sum: 2703760.00
Epoch 1860 | NLL Sum: 2707381.19
Epoch 1870 | NLL Sum: 2705010.74
Epoch 1880 | NLL Sum: 2704460.96
Epoch 1890 | NLL Sum: 2700111.92
Epoch 1900 | NLL Sum: 2701392.64
Epoch 1910 | NLL Sum: 2698164.94
Epoch 1920 | NLL Sum: 2694323.32
Epoch 1930 | NLL Sum: 2698907.40
Epoch 1940 | NLL Sum: 2696318.19
Epoch 1950 | NLL Sum: 2693406.75
Epoch 1960 | NLL Sum: 2689310.07
Epoch 1970 | NLL Sum: 2696462.35
Epoch 1980 | NLL Sum: 2689925.30
Epoch 1990 | NLL Sum: 2686029.86
Epoch 2000 | NLL Sum: 2677851.68
Epoch 2010 | NLL Sum: 2684599.04
Epoch 2020 | NLL Sum: 2680536.89
Epoch 2030 | NLL Sum: 2686181.83
Epoch 2040 | NLL Sum: 2669902.36
Epoch 2050 | NLL Sum: 2672231.44
Epoch 2060 | NLL Sum: 2667963.08
Epoch 2070 | NLL Sum: 2672505.01
Epoch 2080 | NLL Sum: 2660868.16
Epoch 2090 | NLL Sum: 2659373.02
Epoch 2100 | NLL Sum: 2660446.40
Epoch 2110 | NLL Sum: 2650782.07
Epoch 2120 | NLL Sum: 2649856.39
Epoch 2130 | NLL Sum: 2640927.30
Epoch 2140 | NLL Sum: 2654995.84
Epoch 2150 | NLL Sum: 2643697.25
Epoch 2160 | NLL Sum: 2641547.28
Epoch 2170 | NLL Sum: 2633708.98
Epoch 2180 | NLL Sum: 2621360.59
Epoch 2190 | NLL Sum: 2635600.40
Epoch 2200 | NLL Sum: 2633165.75
Epoch 2210 | NLL Sum: 2625209.02
Epoch 2220 | NLL Sum: 2617464.03
Epoch 2230 | NLL Sum: 2617603.08
Epoch 2240 | NLL Sum: 2605248.59
Epoch 2250 | NLL Sum: 2607525.46
Epoch 2260 | NLL Sum: 2596569.44
Epoch 2270 | NLL Sum: 2599385.90
Epoch 2280 | NLL Sum: 2600644.33
Epoch 2290 | NLL Sum: 2587732.47
Epoch 2300 | NLL Sum: 2581198.01
Epoch 2310 | NLL Sum: 2582564.55
Epoch 2320 | NLL Sum: 2591845.19
Epoch 2330 | NLL Sum: 2571025.84
Epoch 2340 | NLL Sum: 2574852.81
Epoch 2350 | NLL Sum: 2563449.67
Epoch 2360 | NLL Sum: 2551436.00
Epoch 2370 | NLL Sum: 2558537.77
Epoch 2380 | NLL Sum: 2551991.83
Epoch 2390 | NLL Sum: 2543639.49
Epoch 2400 | NLL Sum: 2541981.80
Epoch 2410 | NLL Sum: 2542771.99
Epoch 2420 | NLL Sum: 2536245.53
Epoch 2430 | NLL Sum: 2529298.49
Epoch 2440 | NLL Sum: 2533092.64
Epoch 2450 | NLL Sum: 2533137.30
Epoch 2460 | NLL Sum: 2510671.44
Epoch 2470 | NLL Sum: 2518263.20
Epoch 2480 | NLL Sum: 2509654.43
Epoch 2490 | NLL Sum: 2497559.96
Epoch 2500 | NLL Sum: 2493350.63
Epoch 2510 | NLL Sum: 2490168.54
Epoch 2520 | NLL Sum: 2492504.60
Epoch 2530 | NLL Sum: 2505006.78
Epoch 2540 | NLL Sum: 2489597.37
Epoch 2550 | NLL Sum: 2488347.31
Epoch 2560 | NLL Sum: 2475111.79
Epoch 2570 | NLL Sum: 2479361.16
Epoch 2580 | NLL Sum: 2471935.15
Epoch 2590 | NLL Sum: 2472233.59
Epoch 2600 | NLL Sum: 2478087.74
Epoch 2610 | NLL Sum: 2459120.36
Epoch 2620 | NLL Sum: 2454482.83
Epoch 2630 | NLL Sum: 2447027.08
Epoch 2640 | NLL Sum: 2451979.93
Epoch 2650 | NLL Sum: 2453045.49
Epoch 2660 | NLL Sum: 2465523.20
Epoch 2670 | NLL Sum: 2451253.75
Epoch 2680 | NLL Sum: 2440840.11
Epoch 2690 | NLL Sum: 2436842.87
Epoch 2700 | NLL Sum: 2435668.19
Epoch 2710 | NLL Sum: 2429084.02
Epoch 2720 | NLL Sum: 2431248.25
Epoch 2730 | NLL Sum: 2425109.37
Epoch 2740 | NLL Sum: 2424943.14
Epoch 2750 | NLL Sum: 2428763.23
Epoch 2760 | NLL Sum: 2418437.03
Epoch 2770 | NLL Sum: 2412198.98
Epoch 2780 | NLL Sum: 2410017.64
Epoch 2790 | NLL Sum: 2407833.81
Epoch 2800 | NLL Sum: 2478212.98
Epoch 2810 | NLL Sum: 2422731.13
Epoch 2820 | NLL Sum: 2423394.20
Epoch 2830 | NLL Sum: 2425552.82
Epoch 2840 | NLL Sum: 2408898.27
Epoch 2850 | NLL Sum: 2402793.98
Epoch 2860 | NLL Sum: 2399393.01
Epoch 2870 | NLL Sum: 2405556.93
Epoch 2880 | NLL Sum: 2393724.65
Epoch 2890 | NLL Sum: 2382812.10
Epoch 2900 | NLL Sum: 2393822.94
Epoch 2910 | NLL Sum: 2411174.14
Epoch 2920 | NLL Sum: 2399373.89
Epoch 2930 | NLL Sum: 2373924.62
Epoch 2940 | NLL Sum: 2398725.58
Epoch 2950 | NLL Sum: 2376433.75
Epoch 2960 | NLL Sum: 2385763.58
Epoch 2970 | NLL Sum: 2381958.60
Epoch 2980 | NLL Sum: 2372215.39
Epoch 2990 | NLL Sum: 2378431.24

=============================================
            MODEL COMPARISON RESULTS 
=============================================
Metric          | Geodesic Model  | Free Model     
------------------------------------------------
Parameters (k)  | 21318           | 54243          
Train NLL       | 3045701.05      | 2367574.83     
Context NLL     | 3133.33         | 2905.08        
Forecast NLL    | 1623692.21      | 1317209.12     
Train R2        | 0.4711          | 0.8353         
Train r         | 0.6889          | 0.9149         
Forecast R2     | -1.4095         | -0.5315        
Forecast r      | -0.0549         | 0.0898         
AIC             | 6134038.11      | 4843635.66     
BIC             | 6417114.84      | 5563915.76     
=============================================

Preferred Model by AIC: Free Dynamics
Preferred Model by BIC: Free Dynamics
Saved outputs to runs/geodesic_sphere_forecast_3d_30x600_e3000_float64_cpu
