Running script: v6_neural_vae.py
Loading configuration from /home/4429/projects/Neural_VAE_ODE/runs/2026-05-27_200756_def95d6/config.txt
Device: cuda
Train-std neuron filter: removed 4 train-silent neurons; kept 353 neurons (threshold=1e-07).
MIND split: train trials=163 | test trials=17
MIND neuron filter: removed 18 silent neurons; kept 357 active neurons.
Sequence alignment: position (Position); coordinate range 0.000-1.000
Model type: manifold_ae
[001] train loss 0.01240 | recon 0.01145 | kl 0.00281 | smooth 0.00000 | trans 0.00007 | lle 0.00000 | geo 0.57031 | metric 0.00000 | beta 0.000
      valid loss 0.01123 | recon 0.01019 | kl 0.00213 | smooth 0.00000 | trans 0.00005 | lle 0.00000 | geo 0.62534 | metric 0.00000 | r 0.1775 | R² 0.0300 | eta 01:54
      saved best checkpoint -> /home/4429/projects/Neural_VAE_ODE/runs/2026-05-27_200756_def95d6/ode_vae_best.pt
[002] train loss 0.01346 | recon 0.01141 | kl 0.00183 | smooth 0.00000 | trans 0.00007 | lle 0.00000 | geo 0.61616 | metric 0.00000 | beta 0.000
      valid loss 0.01233 | recon 0.01016 | kl 0.00162 | smooth 0.00000 | trans 0.00005 | lle 0.00000 | geo 0.65221 | metric 0.00000 | r 0.1810 | R² 0.0327 | eta 01:49
[003] train loss 0.01507 | recon 0.01143 | kl 0.00156 | smooth 0.00000 | trans 0.00007 | lle 0.00000 | geo 0.72753 | metric 0.00000 | beta 0.000
      valid loss 0.01339 | recon 0.01011 | kl 0.00147 | smooth 0.00000 | trans 0.00005 | lle 0.00000 | geo 0.65531 | metric 0.00000 | r 0.1793 | R² 0.0321 | eta 01:34
[004] train loss 0.01649 | recon 0.01139 | kl 0.00137 | smooth 0.00000 | trans 0.00007 | lle 0.00000 | geo 0.76592 | metric 0.00000 | beta 0.000
      valid loss 0.01432 | recon 0.01015 | kl 0.00131 | smooth 0.00000 | trans 0.00005 | lle 0.00000 | geo 0.62604 | metric 0.00000 | r 0.1826 | R² 0.0329 | eta 01:26
[005] train loss 0.01842 | recon 0.01133 | kl 0.00129 | smooth 0.00000 | trans 0.00007 | lle 0.00000 | geo 0.85000 | metric 0.00000 | beta 0.000
      valid loss 0.01591 | recon 0.01013 | kl 0.00126 | smooth 0.00000 | trans 0.00005 | lle 0.00000 | geo 0.69353 | metric 0.00000 | r 0.1833 | R² 0.0336 | eta 01:21
[006] train loss 0.02063 | recon 0.01133 | kl 0.00123 | smooth 0.00000 | trans 0.00007 | lle 0.00000 | geo 0.93024 | metric 0.00000 | beta 0.000
      valid loss 0.01627 | recon 0.01012 | kl 0.00121 | smooth 0.00000 | trans 0.00005 | lle 0.00000 | geo 0.61460 | metric 0.00000 | r 0.1864 | R² 0.0347 | eta 01:16
[007] train loss 0.02392 | recon 0.01132 | kl 0.00120 | smooth 0.00000 | trans 0.00007 | lle 0.00000 | geo 1.07945 | metric 0.00000 | beta 0.000
      valid loss 0.01805 | recon 0.01013 | kl 0.00120 | smooth 0.00000 | trans 0.00005 | lle 0.00000 | geo 0.67949 | metric 0.00000 | r 0.1860 | R² 0.0342 | eta 01:13
[008] train loss 0.02453 | recon 0.01134 | kl 0.00120 | smooth 0.00000 | trans 0.00007 | lle 0.00000 | geo 0.98889 | metric 0.00000 | beta 0.000
      valid loss 0.01986 | recon 0.01012 | kl 0.00120 | smooth 0.00000 | trans 0.00005 | lle 0.00000 | geo 0.73080 | metric 0.00000 | r 0.1821 | R² 0.0329 | eta 01:11
[009] train loss 0.02495 | recon 0.01120 | kl 0.00120 | smooth 0.00000 | trans 0.00007 | lle 0.00000 | geo 0.91624 | metric 0.00000 | beta 0.000
      valid loss 0.02190 | recon 0.01012 | kl 0.00121 | smooth 0.00000 | trans 0.00005 | lle 0.00000 | geo 0.78512 | metric 0.00000 | r 0.1854 | R² 0.0342 | eta 01:08
[010] train loss 0.02738 | recon 0.01133 | kl 0.00120 | smooth 0.00000 | trans 0.00007 | lle 0.00000 | geo 0.96253 | metric 0.00000 | beta 0.000
      valid loss 0.02517 | recon 0.01012 | kl 0.00120 | smooth 0.00000 | trans 0.00005 | lle 0.00000 | geo 0.90298 | metric 0.00000 | r 0.1834 | R² 0.0336 | eta 01:07
[011] train loss 0.02915 | recon 0.01140 | kl 0.00118 | smooth 0.00000 | trans 0.00007 | lle 0.00000 | geo 0.96796 | metric 0.00000 | beta 0.000
      valid loss 0.01930 | recon 0.01011 | kl 0.00116 | smooth 0.00000 | trans 0.00005 | lle 0.00000 | geo 0.50111 | metric 0.00000 | r 0.1851 | R² 0.0342 | eta 01:05
[012] train loss 0.02680 | recon 0.01117 | kl 0.00116 | smooth 0.00000 | trans 0.00007 | lle 0.00000 | geo 0.78162 | metric 0.00000 | beta 0.000
      valid loss 0.02224 | recon 0.01013 | kl 0.00114 | smooth 0.00000 | trans 0.00005 | lle 0.00000 | geo 0.60517 | metric 0.00000 | r 0.1817 | R² 0.0330 | eta 01:04
[013] train loss 0.02572 | recon 0.01129 | kl 0.00112 | smooth 0.00000 | trans 0.00007 | lle 0.00000 | geo 0.66569 | metric 0.00000 | beta 0.000
      valid loss 0.02340 | recon 0.01012 | kl 0.00110 | smooth 0.00000 | trans 0.00005 | lle 0.00000 | geo 0.61272 | metric 0.00000 | r 0.1830 | R² 0.0334 | eta 01:04
[014] train loss 0.03010 | recon 0.01126 | kl 0.00107 | smooth 0.00000 | trans 0.00007 | lle 0.00000 | geo 0.80749 | metric 0.00000 | beta 0.000
      valid loss 0.02408 | recon 0.01013 | kl 0.00102 | smooth 0.00000 | trans 0.00005 | lle 0.00000 | geo 0.59774 | metric 0.00000 | r 0.1840 | R² 0.0338 | eta 01:03
[015] train loss 0.02973 | recon 0.01117 | kl 0.00099 | smooth 0.00000 | trans 0.00007 | lle 0.00000 | geo 0.74266 | metric 0.00000 | beta 0.000
      valid loss 0.02477 | recon 0.01012 | kl 0.00097 | smooth 0.00000 | trans 0.00005 | lle 0.00000 | geo 0.58626 | metric 0.00000 | r 0.1859 | R² 0.0345 | eta 01:02
[016] train loss 0.03247 | recon 0.01134 | kl 0.00095 | smooth 0.00000 | trans 0.00007 | lle 0.00000 | geo 0.79255 | metric 0.00000 | beta 0.000
      valid loss 0.02811 | recon 0.01011 | kl 0.00095 | smooth 0.00000 | trans 0.00005 | lle 0.00000 | geo 0.67473 | metric 0.00000 | r 0.1856 | R² 0.0344 | eta 01:01
[017] train loss 0.03330 | recon 0.01134 | kl 0.00095 | smooth 0.00000 | trans 0.00007 | lle 0.00000 | geo 0.77521 | metric 0.00000 | beta 0.000
      valid loss 0.02613 | recon 0.01013 | kl 0.00096 | smooth 0.00000 | trans 0.00005 | lle 0.00000 | geo 0.56467 | metric 0.00000 | r 0.1849 | R² 0.0342 | eta 01:00
[018] train loss 0.03193 | recon 0.01137 | kl 0.00094 | smooth 0.00000 | trans 0.00007 | lle 0.00000 | geo 0.68529 | metric 0.00000 | beta 0.000
      valid loss 0.02971 | recon 0.01012 | kl 0.00091 | smooth 0.00000 | trans 0.00005 | lle 0.00000 | geo 0.65312 | metric 0.00000 | r 0.1846 | R² 0.0341 | eta 00:59
[019] train loss 0.03452 | recon 0.01134 | kl 0.00088 | smooth 0.00000 | trans 0.00007 | lle 0.00000 | geo 0.73183 | metric 0.00000 | beta 0.000
      valid loss 0.03041 | recon 0.01011 | kl 0.00085 | smooth 0.00000 | trans 0.00005 | lle 0.00000 | geo 0.64104 | metric 0.00000 | r 0.1877 | R² 0.0352 | eta 00:58
[020] train loss 0.03520 | recon 0.01117 | kl 0.00083 | smooth 0.00000 | trans 0.00007 | lle 0.00000 | geo 0.72082 | metric 0.00000 | beta 0.000
      valid loss 0.03984 | recon 0.01011 | kl 0.00080 | smooth 0.00000 | trans 0.00005 | lle 0.00000 | geo 0.89197 | metric 0.00000 | r 0.1899 | R² 0.0360 | eta 00:58
[021] train loss 0.03476 | recon 0.01121 | kl 0.00080 | smooth 0.00000 | trans 0.00007 | lle 0.00000 | geo 0.67306 | metric 0.00000 | beta 0.000
      valid loss 0.03520 | recon 0.01011 | kl 0.00081 | smooth 0.00000 | trans 0.00005 | lle 0.00000 | geo 0.71687 | metric 0.00000 | r 0.1880 | R² 0.0353 | eta 00:57
[022] train loss 0.03799 | recon 0.01137 | kl 0.00078 | smooth 0.00000 | trans 0.00007 | lle 0.00000 | geo 0.72606 | metric 0.00000 | beta 0.000
      valid loss 0.03495 | recon 0.01011 | kl 0.00075 | smooth 0.00000 | trans 0.00005 | lle 0.00000 | geo 0.67735 | metric 0.00000 | r 0.1878 | R² 0.0351 | eta 00:57
[023] train loss 0.04182 | recon 0.01133 | kl 0.00070 | smooth 0.00000 | trans 0.00007 | lle 0.00000 | geo 0.79528 | metric 0.00000 | beta 0.000
      valid loss 0.03284 | recon 0.01011 | kl 0.00067 | smooth 0.00000 | trans 0.00005 | lle 0.00000 | geo 0.59290 | metric 0.00000 | r 0.1875 | R² 0.0350 | eta 00:56
[024] train loss 0.04264 | recon 0.01125 | kl 0.00069 | smooth 0.00000 | trans 0.00007 | lle 0.00000 | geo 0.78492 | metric 0.00000 | beta 0.000
      valid loss 0.02984 | recon 0.01010 | kl 0.00070 | smooth 0.00000 | trans 0.00005 | lle 0.00000 | geo 0.49349 | metric 0.00000 | r 0.1891 | R² 0.0356 | eta 00:56
[025] train loss 0.03917 | recon 0.01143 | kl 0.00066 | smooth 0.00000 | trans 0.00007 | lle 0.00000 | geo 0.66583 | metric 0.00000 | beta 0.000
      valid loss 0.03780 | recon 0.01010 | kl 0.00062 | smooth 0.00000 | trans 0.00005 | lle 0.00000 | geo 0.66484 | metric 0.00000 | r 0.1887 | R² 0.0355 | eta 00:55
[026] train loss 0.04753 | recon 0.01121 | kl 0.00059 | smooth 0.00000 | trans 0.00007 | lle 0.00000 | geo 0.83829 | metric 0.00000 | beta 0.000
      valid loss 0.03480 | recon 0.01010 | kl 0.00057 | smooth 0.00000 | trans 0.00005 | lle 0.00000 | geo 0.57011 | metric 0.00000 | r 0.1868 | R² 0.0348 | eta 00:55
[027] train loss 0.04295 | recon 0.01136 | kl 0.00056 | smooth 0.00000 | trans 0.00007 | lle 0.00000 | geo 0.70201 | metric 0.00000 | beta 0.000
      valid loss 0.03965 | recon 0.01011 | kl 0.00051 | smooth 0.00000 | trans 0.00005 | lle 0.00000 | geo 0.65645 | metric 0.00000 | r 0.1870 | R² 0.0349 | eta 00:54
[028] train loss 0.04465 | recon 0.01111 | kl 0.00045 | smooth 0.00000 | trans 0.00007 | lle 0.00000 | geo 0.71860 | metric 0.00000 | beta 0.000
      valid loss 0.04796 | recon 0.01011 | kl 0.00040 | smooth 0.00000 | trans 0.00005 | lle 0.00000 | geo 0.81120 | metric 0.00000 | r 0.1867 | R² 0.0348 | eta 00:53
[029] train loss 0.03612 | recon 0.01152 | kl 0.00037 | smooth 0.00000 | trans 0.00007 | lle 0.00000 | geo 0.50907 | metric 0.00000 | beta 0.000
      valid loss 0.05659 | recon 0.01009 | kl 0.00033 | smooth 0.00000 | trans 0.00005 | lle 0.00000 | geo 0.96198 | metric 0.00000 | r 0.1882 | R² 0.0353 | eta 00:53
[030] train loss 0.04109 | recon 0.01125 | kl 0.00033 | smooth 0.00000 | trans 0.00007 | lle 0.00000 | geo 0.59675 | metric 0.00000 | beta 0.000
      valid loss 0.03720 | recon 0.01011 | kl 0.00034 | smooth 0.00000 | trans 0.00005 | lle 0.00000 | geo 0.54177 | metric 0.00000 | r 0.1858 | R² 0.0345 | eta 00:52
[031] train loss 0.04389 | recon 0.01116 | kl 0.00035 | smooth 0.00000 | trans 0.00007 | lle 0.00000 | geo 0.65449 | metric 0.00000 | beta 0.000
      valid loss 0.19702 | recon 0.01011 | kl 0.00039 | smooth 0.00000 | trans 0.00005 | lle 0.00000 | geo 3.73809 | metric 0.00000 | r 0.1868 | R² 0.0349 | eta 00:52
[032] train loss 0.03920 | recon 0.01134 | kl 0.00041 | smooth 0.00000 | trans 0.00007 | lle 0.00000 | geo 0.55717 | metric 0.00000 | beta 0.000
      valid loss 0.07308 | recon 0.01011 | kl 0.00045 | smooth 0.00000 | trans 0.00005 | lle 0.00000 | geo 1.25950 | metric 0.00000 | r 0.1855 | R² 0.0344 | eta 00:51
[033] train loss 0.03806 | recon 0.01125 | kl 0.00051 | smooth 0.00000 | trans 0.00007 | lle 0.00000 | geo 0.53612 | metric 0.00000 | beta 0.000
      valid loss 0.09266 | recon 0.01013 | kl 0.00057 | smooth 0.00000 | trans 0.00005 | lle 0.00000 | geo 1.65058 | metric 0.00000 | r 0.1821 | R² 0.0331 | eta 00:51
[034] train loss 0.05568 | recon 0.01139 | kl 0.00060 | smooth 0.00000 | trans 0.00007 | lle 0.00000 | geo 0.88578 | metric 0.00000 | beta 0.000
      valid loss 0.03303 | recon 0.01011 | kl 0.00060 | smooth 0.00000 | trans 0.00005 | lle 0.00000 | geo 0.45844 | metric 0.00000 | r 0.1846 | R² 0.0341 | eta 00:51
[035] train loss 0.03604 | recon 0.01120 | kl 0.00063 | smooth 0.00000 | trans 0.00007 | lle 0.00000 | geo 0.49690 | metric 0.00000 | beta 0.000
      valid loss 0.03240 | recon 0.01012 | kl 0.00065 | smooth 0.00000 | trans 0.00005 | lle 0.00000 | geo 0.44565 | metric 0.00000 | r 0.1833 | R² 0.0336 | eta 00:50
[036] train loss 0.03814 | recon 0.01131 | kl 0.00065 | smooth 0.00000 | trans 0.00007 | lle 0.00000 | geo 0.53661 | metric 0.00000 | beta 0.000
      valid loss 0.03747 | recon 0.01011 | kl 0.00063 | smooth 0.00000 | trans 0.00005 | lle 0.00000 | geo 0.54722 | metric 0.00000 | r 0.1853 | R² 0.0343 | eta 00:50
[037] train loss 0.03708 | recon 0.01142 | kl 0.00057 | smooth 0.00000 | trans 0.00007 | lle 0.00000 | geo 0.51322 | metric 0.00000 | beta 0.000
      valid loss 0.03939 | recon 0.01011 | kl 0.00050 | smooth 0.00000 | trans 0.00005 | lle 0.00000 | geo 0.58554 | metric 0.00000 | r 0.1843 | R² 0.0340 | eta 00:49
[038] train loss 0.04340 | recon 0.01122 | kl 0.00048 | smooth 0.00000 | trans 0.00007 | lle 0.00000 | geo 0.64354 | metric 0.00000 | beta 0.000
      valid loss 0.04172 | recon 0.01012 | kl 0.00046 | smooth 0.00000 | trans 0.00005 | lle 0.00000 | geo 0.63216 | metric 0.00000 | r 0.1842 | R² 0.0339 | eta 00:49
[039] train loss 0.04187 | recon 0.01120 | kl 0.00039 | smooth 0.00000 | trans 0.00007 | lle 0.00000 | geo 0.61333 | metric 0.00000 | beta 0.000
      valid loss 0.03801 | recon 0.01012 | kl 0.00032 | smooth 0.00000 | trans 0.00005 | lle 0.00000 | geo 0.55771 | metric 0.00000 | r 0.1842 | R² 0.0339 | eta 00:48
[040] train loss 0.03890 | recon 0.01125 | kl 0.00032 | smooth 0.00000 | trans 0.00007 | lle 0.00000 | geo 0.55300 | metric 0.00000 | beta 0.000
      valid loss 0.03152 | recon 0.01010 | kl 0.00029 | smooth 0.00000 | trans 0.00005 | lle 0.00000 | geo 0.42852 | metric 0.00000 | r 0.1857 | R² 0.0345 | eta 00:47
[041] train loss 0.07755 | recon 0.01134 | kl 0.00030 | smooth 0.00000 | trans 0.00007 | lle 0.00000 | geo 1.32431 | metric 0.00000 | beta 0.000
      valid loss 0.03437 | recon 0.01012 | kl 0.00030 | smooth 0.00000 | trans 0.00005 | lle 0.00000 | geo 0.48492 | metric 0.00000 | r 0.1844 | R² 0.0340 | eta 00:47
[042] train loss 0.03402 | recon 0.01136 | kl 0.00029 | smooth 0.00000 | trans 0.00007 | lle 0.00000 | geo 0.45314 | metric 0.00000 | beta 0.000
      valid loss 0.03536 | recon 0.01014 | kl 0.00028 | smooth 0.00000 | trans 0.00005 | lle 0.00000 | geo 0.50454 | metric 0.00000 | r 0.1835 | R² 0.0335 | eta 00:46
[043] train loss 0.03431 | recon 0.01123 | kl 0.00029 | smooth 0.00000 | trans 0.00007 | lle 0.00000 | geo 0.46157 | metric 0.00000 | beta 0.000
      valid loss 0.03710 | recon 0.01013 | kl 0.00030 | smooth 0.00000 | trans 0.00005 | lle 0.00000 | geo 0.53933 | metric 0.00000 | r 0.1829 | R² 0.0333 | eta 00:46
[044] train loss 0.03339 | recon 0.01130 | kl 0.00028 | smooth 0.00000 | trans 0.00007 | lle 0.00000 | geo 0.44174 | metric 0.00000 | beta 0.000
      valid loss 0.03668 | recon 0.01014 | kl 0.00026 | smooth 0.00000 | trans 0.00005 | lle 0.00000 | geo 0.53078 | metric 0.00000 | r 0.1836 | R² 0.0335 | eta 00:45
[045] train loss 0.03461 | recon 0.01126 | kl 0.00026 | smooth 0.00000 | trans 0.00007 | lle 0.00000 | geo 0.46701 | metric 0.00000 | beta 0.000
      valid loss 0.03418 | recon 0.01011 | kl 0.00029 | smooth 0.00000 | trans 0.00005 | lle 0.00000 | geo 0.48124 | metric 0.00000 | r 0.1845 | R² 0.0340 | eta 00:45
[046] train loss 0.03242 | recon 0.01129 | kl 0.00039 | smooth 0.00000 | trans 0.00007 | lle 0.00000 | geo 0.42270 | metric 0.00000 | beta 0.000
      valid loss 0.04006 | recon 0.01013 | kl 0.00045 | smooth 0.00000 | trans 0.00005 | lle 0.00000 | geo 0.59855 | metric 0.00000 | r 0.1858 | R² 0.0344 | eta 00:45
[047] train loss 0.03216 | recon 0.01131 | kl 0.00044 | smooth 0.00000 | trans 0.00007 | lle 0.00000 | geo 0.41683 | metric 0.00000 | beta 0.000
      valid loss 0.03644 | recon 0.01014 | kl 0.00044 | smooth 0.00000 | trans 0.00005 | lle 0.00000 | geo 0.52614 | metric 0.00000 | r 0.1844 | R² 0.0339 | eta 00:44
[048] train loss 0.03562 | recon 0.01136 | kl 0.00046 | smooth 0.00000 | trans 0.00007 | lle 0.00000 | geo 0.48516 | metric 0.00000 | beta 0.000
      valid loss 0.03320 | recon 0.01013 | kl 0.00048 | smooth 0.00000 | trans 0.00005 | lle 0.00000 | geo 0.46137 | metric 0.00000 | r 0.1846 | R² 0.0340 | eta 00:44
[049] train loss 0.03648 | recon 0.01131 | kl 0.00052 | smooth 0.00000 | trans 0.00007 | lle 0.00000 | geo 0.50351 | metric 0.00000 | beta 0.000
      valid loss 0.03913 | recon 0.01013 | kl 0.00052 | smooth 0.00000 | trans 0.00005 | lle 0.00000 | geo 0.57999 | metric 0.00000 | r 0.1857 | R² 0.0344 | eta 00:43
[050] train loss 0.03199 | recon 0.01130 | kl 0.00050 | smooth 0.00000 | trans 0.00007 | lle 0.00000 | geo 0.41374 | metric 0.00000 | beta 0.000
      valid loss 0.03660 | recon 0.01013 | kl 0.00051 | smooth 0.00000 | trans 0.00005 | lle 0.00000 | geo 0.52935 | metric 0.00000 | r 0.1830 | R² 0.0333 | eta 00:43
[051] train loss 0.03093 | recon 0.01130 | kl 0.00060 | smooth 0.00000 | trans 0.00007 | lle 0.00000 | geo 0.39268 | metric 0.00000 | beta 0.000
      valid loss 0.03633 | recon 0.01013 | kl 0.00066 | smooth 0.00000 | trans 0.00005 | lle 0.00000 | geo 0.52401 | metric 0.00000 | r 0.1836 | R² 0.0335 | eta 00:42
[052] train loss 0.03537 | recon 0.01128 | kl 0.00063 | smooth 0.00000 | trans 0.00007 | lle 0.00000 | geo 0.48177 | metric 0.00000 | beta 0.000
      valid loss 0.03441 | recon 0.01014 | kl 0.00059 | smooth 0.00000 | trans 0.00005 | lle 0.00000 | geo 0.48542 | metric 0.00000 | r 0.1823 | R² 0.0331 | eta 00:42
[053] train loss 0.03240 | recon 0.01145 | kl 0.00055 | smooth 0.00000 | trans 0.00007 | lle 0.00000 | geo 0.41893 | metric 0.00000 | beta 0.000
      valid loss 0.03639 | recon 0.01012 | kl 0.00052 | smooth 0.00000 | trans 0.00005 | lle 0.00000 | geo 0.52546 | metric 0.00000 | r 0.1866 | R² 0.0347 | eta 00:41
[054] train loss 0.03352 | recon 0.01119 | kl 0.00053 | smooth 0.00000 | trans 0.00007 | lle 0.00000 | geo 0.44654 | metric 0.00000 | beta 0.000
      valid loss 0.03600 | recon 0.01013 | kl 0.00054 | smooth 0.00000 | trans 0.00005 | lle 0.00000 | geo 0.51735 | metric 0.00000 | r 0.1828 | R² 0.0332 | eta 00:41
[055] train loss 0.03167 | recon 0.01123 | kl 0.00050 | smooth 0.00000 | trans 0.00007 | lle 0.00000 | geo 0.40877 | metric 0.00000 | beta 0.000
      valid loss 0.03489 | recon 0.01014 | kl 0.00049 | smooth 0.00000 | trans 0.00005 | lle 0.00000 | geo 0.49497 | metric 0.00000 | r 0.1831 | R² 0.0332 | eta 00:41
[056] train loss 0.02904 | recon 0.01124 | kl 0.00048 | smooth 0.00000 | trans 0.00007 | lle 0.00000 | geo 0.35588 | metric 0.00000 | beta 0.000
      valid loss 0.03063 | recon 0.01012 | kl 0.00053 | smooth 0.00000 | trans 0.00005 | lle 0.00000 | geo 0.41025 | metric 0.00000 | r 0.1851 | R² 0.0342 | eta 00:40
[057] train loss 0.02980 | recon 0.01124 | kl 0.00060 | smooth 0.00000 | trans 0.00007 | lle 0.00000 | geo 0.37113 | metric 0.00000 | beta 0.000
      valid loss 0.03273 | recon 0.01012 | kl 0.00064 | smooth 0.00000 | trans 0.00005 | lle 0.00000 | geo 0.45220 | metric 0.00000 | r 0.1865 | R² 0.0346 | eta 00:40
[058] train loss 0.02904 | recon 0.01129 | kl 0.00065 | smooth 0.00000 | trans 0.00007 | lle 0.00000 | geo 0.35491 | metric 0.00000 | beta 0.000
      valid loss 0.03667 | recon 0.01012 | kl 0.00069 | smooth 0.00000 | trans 0.00005 | lle 0.00000 | geo 0.53103 | metric 0.00000 | r 0.1860 | R² 0.0344 | eta 00:39
[059] train loss 0.02780 | recon 0.01141 | kl 0.00077 | smooth 0.00000 | trans 0.00007 | lle 0.00000 | geo 0.32783 | metric 0.00000 | beta 0.000
      valid loss 0.03532 | recon 0.01012 | kl 0.00079 | smooth 0.00000 | trans 0.00005 | lle 0.00000 | geo 0.50406 | metric 0.00000 | r 0.1858 | R² 0.0344 | eta 00:39
[060] train loss 0.02846 | recon 0.01123 | kl 0.00075 | smooth 0.00000 | trans 0.00007 | lle 0.00000 | geo 0.34462 | metric 0.00000 | beta 0.000
      valid loss 0.03936 | recon 0.01014 | kl 0.00072 | smooth 0.00000 | trans 0.00005 | lle 0.00000 | geo 0.58438 | metric 0.00000 | r 0.1840 | R² 0.0335 | eta 00:38
[061] train loss 0.02860 | recon 0.01120 | kl 0.00064 | smooth 0.00000 | trans 0.00007 | lle 0.00000 | geo 0.34798 | metric 0.00000 | beta 0.000
      valid loss 0.03918 | recon 0.01013 | kl 0.00057 | smooth 0.00000 | trans 0.00005 | lle 0.00000 | geo 0.58087 | metric 0.00000 | r 0.1840 | R² 0.0336 | eta 00:38
[062] train loss 0.02800 | recon 0.01124 | kl 0.00053 | smooth 0.00000 | trans 0.00007 | lle 0.00000 | geo 0.33512 | metric 0.00000 | beta 0.000
      valid loss 0.03400 | recon 0.01013 | kl 0.00052 | smooth 0.00000 | trans 0.00005 | lle 0.00000 | geo 0.47748 | metric 0.00000 | r 0.1853 | R² 0.0341 | eta 00:37
[063] train loss 0.02840 | recon 0.01134 | kl 0.00055 | smooth 0.00000 | trans 0.00007 | lle 0.00000 | geo 0.34121 | metric 0.00000 | beta 0.000
      valid loss 0.03472 | recon 0.01013 | kl 0.00055 | smooth 0.00000 | trans 0.00005 | lle 0.00000 | geo 0.49197 | metric 0.00000 | r 0.1848 | R² 0.0340 | eta 00:37
[064] train loss 0.02838 | recon 0.01128 | kl 0.00053 | smooth 0.00000 | trans 0.00007 | lle 0.00000 | geo 0.34209 | metric 0.00000 | beta 0.000
      valid loss 0.03714 | recon 0.01013 | kl 0.00053 | smooth 0.00000 | trans 0.00005 | lle 0.00000 | geo 0.54013 | metric 0.00000 | r 0.1859 | R² 0.0343 | eta 00:36
[065] train loss 0.02754 | recon 0.01115 | kl 0.00052 | smooth 0.00000 | trans 0.00007 | lle 0.00000 | geo 0.32780 | metric 0.00000 | beta 0.000
      valid loss 0.03776 | recon 0.01012 | kl 0.00050 | smooth 0.00000 | trans 0.00005 | lle 0.00000 | geo 0.55261 | metric 0.00000 | r 0.1875 | R² 0.0350 | eta 00:36
[066] train loss 0.02857 | recon 0.01112 | kl 0.00050 | smooth 0.00000 | trans 0.00007 | lle 0.00000 | geo 0.34902 | metric 0.00000 | beta 0.000
      valid loss 0.03512 | recon 0.01013 | kl 0.00055 | smooth 0.00000 | trans 0.00005 | lle 0.00000 | geo 0.49988 | metric 0.00000 | r 0.1850 | R² 0.0340 | eta 00:35
[067] train loss 0.02762 | recon 0.01114 | kl 0.00058 | smooth 0.00000 | trans 0.00007 | lle 0.00000 | geo 0.32963 | metric 0.00000 | beta 0.000
      valid loss 0.03313 | recon 0.01012 | kl 0.00061 | smooth 0.00000 | trans 0.00005 | lle 0.00000 | geo 0.46004 | metric 0.00000 | r 0.1856 | R² 0.0343 | eta 00:35
[068] train loss 0.02764 | recon 0.01136 | kl 0.00063 | smooth 0.00000 | trans 0.00007 | lle 0.00000 | geo 0.32575 | metric 0.00000 | beta 0.000
      valid loss 0.03303 | recon 0.01012 | kl 0.00069 | smooth 0.00000 | trans 0.00005 | lle 0.00000 | geo 0.45812 | metric 0.00000 | r 0.1873 | R² 0.0350 | eta 00:35
[069] train loss 0.02720 | recon 0.01114 | kl 0.00073 | smooth 0.00000 | trans 0.00007 | lle 0.00000 | geo 0.32132 | metric 0.00000 | beta 0.000
      valid loss 0.03257 | recon 0.01012 | kl 0.00075 | smooth 0.00000 | trans 0.00005 | lle 0.00000 | geo 0.44905 | metric 0.00000 | r 0.1873 | R² 0.0350 | eta 00:34
[070] train loss 0.02675 | recon 0.01117 | kl 0.00074 | smooth 0.00000 | trans 0.00007 | lle 0.00000 | geo 0.31149 | metric 0.00000 | beta 0.000
      valid loss 0.03350 | recon 0.01012 | kl 0.00075 | smooth 0.00000 | trans 0.00005 | lle 0.00000 | geo 0.46752 | metric 0.00000 | r 0.1858 | R² 0.0343 | eta 00:34
[071] train loss 0.02814 | recon 0.01115 | kl 0.00074 | smooth 0.00000 | trans 0.00007 | lle 0.00000 | geo 0.33971 | metric 0.00000 | beta 0.000
      valid loss 0.03360 | recon 0.01012 | kl 0.00074 | smooth 0.00000 | trans 0.00005 | lle 0.00000 | geo 0.46956 | metric 0.00000 | r 0.1858 | R² 0.0343 | eta 00:33
[072] train loss 0.02686 | recon 0.01113 | kl 0.00078 | smooth 0.00000 | trans 0.00007 | lle 0.00000 | geo 0.31468 | metric 0.00000 | beta 0.000
      valid loss 0.03564 | recon 0.01012 | kl 0.00082 | smooth 0.00000 | trans 0.00005 | lle 0.00000 | geo 0.51045 | metric 0.00000 | r 0.1862 | R² 0.0345 | eta 00:33
[073] train loss 0.02554 | recon 0.01125 | kl 0.00085 | smooth 0.00000 | trans 0.00007 | lle 0.00000 | geo 0.28571 | metric 0.00000 | beta 0.000
      valid loss 0.03219 | recon 0.01012 | kl 0.00091 | smooth 0.00000 | trans 0.00005 | lle 0.00000 | geo 0.44120 | metric 0.00000 | r 0.1850 | R² 0.0340 | eta 00:32
[074] train loss 0.02547 | recon 0.01135 | kl 0.00096 | smooth 0.00000 | trans 0.00007 | lle 0.00000 | geo 0.28232 | metric 0.00000 | beta 0.000
      valid loss 0.03701 | recon 0.01013 | kl 0.00099 | smooth 0.00000 | trans 0.00005 | lle 0.00000 | geo 0.53765 | metric 0.00000 | r 0.1843 | R² 0.0337 | eta 00:32
[075] train loss 0.02485 | recon 0.01121 | kl 0.00103 | smooth 0.00000 | trans 0.00007 | lle 0.00000 | geo 0.27297 | metric 0.00000 | beta 0.000
      valid loss 0.03300 | recon 0.01012 | kl 0.00103 | smooth 0.00000 | trans 0.00005 | lle 0.00000 | geo 0.45744 | metric 0.00000 | r 0.1863 | R² 0.0345 | eta 00:32
[076] train loss 0.02492 | recon 0.01136 | kl 0.00100 | smooth 0.00000 | trans 0.00007 | lle 0.00000 | geo 0.27117 | metric 0.00000 | beta 0.000
      valid loss 0.03082 | recon 0.01013 | kl 0.00099 | smooth 0.00000 | trans 0.00005 | lle 0.00000 | geo 0.41391 | metric 0.00000 | r 0.1863 | R² 0.0345 | eta 00:31
[077] train loss 0.02430 | recon 0.01127 | kl 0.00098 | smooth 0.00000 | trans 0.00007 | lle 0.00000 | geo 0.26063 | metric 0.00000 | beta 0.000
      valid loss 0.03312 | recon 0.01014 | kl 0.00101 | smooth 0.00000 | trans 0.00005 | lle 0.00000 | geo 0.45966 | metric 0.00000 | r 0.1842 | R² 0.0336 | eta 00:31
[078] train loss 0.02443 | recon 0.01137 | kl 0.00102 | smooth 0.00000 | trans 0.00007 | lle 0.00000 | geo 0.26109 | metric 0.00000 | beta 0.000
      valid loss 0.03219 | recon 0.01013 | kl 0.00104 | smooth 0.00000 | trans 0.00005 | lle 0.00000 | geo 0.44119 | metric 0.00000 | r 0.1851 | R² 0.0341 | eta 00:30
[079] train loss 0.02373 | recon 0.01128 | kl 0.00109 | smooth 0.00000 | trans 0.00007 | lle 0.00000 | geo 0.24906 | metric 0.00000 | beta 0.000
      valid loss 0.03260 | recon 0.01013 | kl 0.00112 | smooth 0.00000 | trans 0.00005 | lle 0.00000 | geo 0.44945 | metric 0.00000 | r 0.1848 | R² 0.0339 | eta 00:30
[080] train loss 0.02398 | recon 0.01128 | kl 0.00108 | smooth 0.00000 | trans 0.00007 | lle 0.00000 | geo 0.25406 | metric 0.00000 | beta 0.000
      valid loss 0.03228 | recon 0.01013 | kl 0.00104 | smooth 0.00000 | trans 0.00005 | lle 0.00000 | geo 0.44287 | metric 0.00000 | r 0.1846 | R² 0.0338 | eta 00:29
[081] train loss 0.02430 | recon 0.01128 | kl 0.00105 | smooth 0.00000 | trans 0.00007 | lle 0.00000 | geo 0.26040 | metric 0.00000 | beta 0.000
      valid loss 0.03285 | recon 0.01013 | kl 0.00107 | smooth 0.00000 | trans 0.00005 | lle 0.00000 | geo 0.45434 | metric 0.00000 | r 0.1859 | R² 0.0343 | eta 00:29
[082] train loss 0.02295 | recon 0.01115 | kl 0.00106 | smooth 0.00000 | trans 0.00007 | lle 0.00000 | geo 0.23583 | metric 0.00000 | beta 0.000
      valid loss 0.03143 | recon 0.01012 | kl 0.00104 | smooth 0.00000 | trans 0.00005 | lle 0.00000 | geo 0.42609 | metric 0.00000 | r 0.1856 | R² 0.0342 | eta 00:29
[083] train loss 0.02442 | recon 0.01144 | kl 0.00102 | smooth 0.00000 | trans 0.00007 | lle 0.00000 | geo 0.25971 | metric 0.00000 | beta 0.000
      valid loss 0.03042 | recon 0.01013 | kl 0.00101 | smooth 0.00000 | trans 0.00005 | lle 0.00000 | geo 0.40590 | metric 0.00000 | r 0.1858 | R² 0.0343 | eta 00:28
[084] train loss 0.02369 | recon 0.01159 | kl 0.00102 | smooth 0.00000 | trans 0.00007 | lle 0.00000 | geo 0.24189 | metric 0.00000 | beta 0.000
      valid loss 0.03096 | recon 0.01013 | kl 0.00100 | smooth 0.00000 | trans 0.00005 | lle 0.00000 | geo 0.41654 | metric 0.00000 | r 0.1849 | R² 0.0338 | eta 00:28
[085] train loss 0.02302 | recon 0.01124 | kl 0.00102 | smooth 0.00000 | trans 0.00007 | lle 0.00000 | geo 0.23573 | metric 0.00000 | beta 0.000
      valid loss 0.03194 | recon 0.01013 | kl 0.00104 | smooth 0.00000 | trans 0.00005 | lle 0.00000 | geo 0.43616 | metric 0.00000 | r 0.1865 | R² 0.0345 | eta 00:27
[086] train loss 0.02287 | recon 0.01128 | kl 0.00103 | smooth 0.00000 | trans 0.00007 | lle 0.00000 | geo 0.23182 | metric 0.00000 | beta 0.000
      valid loss 0.03233 | recon 0.01012 | kl 0.00100 | smooth 0.00000 | trans 0.00005 | lle 0.00000 | geo 0.44415 | metric 0.00000 | r 0.1870 | R² 0.0347 | eta 00:27
[087] train loss 0.02300 | recon 0.01119 | kl 0.00096 | smooth 0.00000 | trans 0.00007 | lle 0.00000 | geo 0.23618 | metric 0.00000 | beta 0.000
      valid loss 0.03250 | recon 0.01013 | kl 0.00091 | smooth 0.00000 | trans 0.00005 | lle 0.00000 | geo 0.44734 | metric 0.00000 | r 0.1859 | R² 0.0342 | eta 00:26
[088] train loss 0.02252 | recon 0.01126 | kl 0.00091 | smooth 0.00000 | trans 0.00007 | lle 0.00000 | geo 0.22513 | metric 0.00000 | beta 0.000
      valid loss 0.03518 | recon 0.01014 | kl 0.00092 | smooth 0.00000 | trans 0.00005 | lle 0.00000 | geo 0.50086 | metric 0.00000 | r 0.1845 | R² 0.0337 | eta 00:26
[089] train loss 0.02253 | recon 0.01124 | kl 0.00094 | smooth 0.00000 | trans 0.00007 | lle 0.00000 | geo 0.22583 | metric 0.00000 | beta 0.000
      valid loss 0.03205 | recon 0.01013 | kl 0.00096 | smooth 0.00000 | trans 0.00005 | lle 0.00000 | geo 0.43846 | metric 0.00000 | r 0.1847 | R² 0.0339 | eta 00:25
[090] train loss 0.02272 | recon 0.01124 | kl 0.00096 | smooth 0.00000 | trans 0.00007 | lle 0.00000 | geo 0.22961 | metric 0.00000 | beta 0.000
      valid loss 0.03458 | recon 0.01013 | kl 0.00096 | smooth 0.00000 | trans 0.00005 | lle 0.00000 | geo 0.48887 | metric 0.00000 | r 0.1858 | R² 0.0342 | eta 00:25
[091] train loss 0.02234 | recon 0.01123 | kl 0.00096 | smooth 0.00000 | trans 0.00007 | lle 0.00000 | geo 0.22211 | metric 0.00000 | beta 0.000
      valid loss 0.03422 | recon 0.01013 | kl 0.00093 | smooth 0.00000 | trans 0.00005 | lle 0.00000 | geo 0.48172 | metric 0.00000 | r 0.1860 | R² 0.0343 | eta 00:25
[092] train loss 0.02239 | recon 0.01123 | kl 0.00090 | smooth 0.00000 | trans 0.00007 | lle 0.00000 | geo 0.22325 | metric 0.00000 | beta 0.000
      valid loss 0.03178 | recon 0.01013 | kl 0.00087 | smooth 0.00000 | trans 0.00005 | lle 0.00000 | geo 0.43295 | metric 0.00000 | r 0.1852 | R² 0.0340 | eta 00:24
[093] train loss 0.02173 | recon 0.01115 | kl 0.00086 | smooth 0.00000 | trans 0.00007 | lle 0.00000 | geo 0.21157 | metric 0.00000 | beta 0.000
      valid loss 0.03488 | recon 0.01012 | kl 0.00086 | smooth 0.00000 | trans 0.00005 | lle 0.00000 | geo 0.49517 | metric 0.00000 | r 0.1869 | R² 0.0347 | eta 00:24
[094] train loss 0.02198 | recon 0.01145 | kl 0.00083 | smooth 0.00000 | trans 0.00007 | lle 0.00000 | geo 0.21060 | metric 0.00000 | beta 0.000
      valid loss 0.03532 | recon 0.01012 | kl 0.00081 | smooth 0.00000 | trans 0.00005 | lle 0.00000 | geo 0.50405 | metric 0.00000 | r 0.1875 | R² 0.0349 | eta 00:23
[095] train loss 0.02164 | recon 0.01125 | kl 0.00083 | smooth 0.00000 | trans 0.00007 | lle 0.00000 | geo 0.20773 | metric 0.00000 | beta 0.000
      valid loss 0.03393 | recon 0.01014 | kl 0.00086 | smooth 0.00000 | trans 0.00005 | lle 0.00000 | geo 0.47580 | metric 0.00000 | r 0.1845 | R² 0.0337 | eta 00:23
[096] train loss 0.02312 | recon 0.01162 | kl 0.00083 | smooth 0.00000 | trans 0.00007 | lle 0.00000 | geo 0.23010 | metric 0.00000 | beta 0.000
      valid loss 0.03512 | recon 0.01012 | kl 0.00080 | smooth 0.00000 | trans 0.00005 | lle 0.00000 | geo 0.50007 | metric 0.00000 | r 0.1870 | R² 0.0347 | eta 00:22
[097] train loss 0.02162 | recon 0.01122 | kl 0.00079 | smooth 0.00000 | trans 0.00007 | lle 0.00000 | geo 0.20781 | metric 0.00000 | beta 0.000
      valid loss 0.03134 | recon 0.01013 | kl 0.00079 | smooth 0.00000 | trans 0.00005 | lle 0.00000 | geo 0.42414 | metric 0.00000 | r 0.1858 | R² 0.0342 | eta 00:22
[098] train loss 0.02179 | recon 0.01137 | kl 0.00079 | smooth 0.00000 | trans 0.00007 | lle 0.00000 | geo 0.20837 | metric 0.00000 | beta 0.000
      valid loss 0.03132 | recon 0.01013 | kl 0.00080 | smooth 0.00000 | trans 0.00005 | lle 0.00000 | geo 0.42377 | metric 0.00000 | r 0.1865 | R² 0.0345 | eta 00:22
[099] train loss 0.02121 | recon 0.01132 | kl 0.00080 | smooth 0.00000 | trans 0.00007 | lle 0.00000 | geo 0.19779 | metric 0.00000 | beta 0.000
      valid loss 0.03288 | recon 0.01014 | kl 0.00082 | smooth 0.00000 | trans 0.00005 | lle 0.00000 | geo 0.45493 | metric 0.00000 | r 0.1855 | R² 0.0340 | eta 00:21
[100] train loss 0.02301 | recon 0.01129 | kl 0.00085 | smooth 0.00000 | trans 0.00007 | lle 0.00000 | geo 0.23454 | metric 0.00000 | beta 0.000
      valid loss 0.03309 | recon 0.01013 | kl 0.00088 | smooth 0.00000 | trans 0.00005 | lle 0.00000 | geo 0.45921 | metric 0.00000 | r 0.1858 | R² 0.0342 | eta 00:21
[101] train loss 0.02135 | recon 0.01118 | kl 0.00089 | smooth 0.00000 | trans 0.00007 | lle 0.00000 | geo 0.20342 | metric 0.00000 | beta 0.000
      valid loss 0.03068 | recon 0.01013 | kl 0.00089 | smooth 0.00000 | trans 0.00005 | lle 0.00000 | geo 0.41101 | metric 0.00000 | r 0.1867 | R² 0.0346 | eta 00:20
[102] train loss 0.02127 | recon 0.01123 | kl 0.00090 | smooth 0.00000 | trans 0.00007 | lle 0.00000 | geo 0.20087 | metric 0.00000 | beta 0.000
      valid loss 0.03428 | recon 0.01012 | kl 0.00090 | smooth 0.00000 | trans 0.00005 | lle 0.00000 | geo 0.48316 | metric 0.00000 | r 0.1873 | R² 0.0348 | eta 00:20
[103] train loss 0.02108 | recon 0.01123 | kl 0.00092 | smooth 0.00000 | trans 0.00007 | lle 0.00000 | geo 0.19699 | metric 0.00000 | beta 0.000
      valid loss 0.03285 | recon 0.01013 | kl 0.00095 | smooth 0.00000 | trans 0.00005 | lle 0.00000 | geo 0.45431 | metric 0.00000 | r 0.1858 | R² 0.0342 | eta 00:19
[104] train loss 0.02096 | recon 0.01133 | kl 0.00096 | smooth 0.00000 | trans 0.00007 | lle 0.00000 | geo 0.19253 | metric 0.00000 | beta 0.000
      valid loss 0.02965 | recon 0.01013 | kl 0.00098 | smooth 0.00000 | trans 0.00005 | lle 0.00000 | geo 0.39044 | metric 0.00000 | r 0.1860 | R² 0.0343 | eta 00:19
[105] train loss 0.02084 | recon 0.01136 | kl 0.00100 | smooth 0.00000 | trans 0.00007 | lle 0.00000 | geo 0.18965 | metric 0.00000 | beta 0.000
      valid loss 0.03349 | recon 0.01013 | kl 0.00101 | smooth 0.00000 | trans 0.00005 | lle 0.00000 | geo 0.46725 | metric 0.00000 | r 0.1856 | R² 0.0341 | eta 00:19
[106] train loss 0.02069 | recon 0.01126 | kl 0.00100 | smooth 0.00000 | trans 0.00007 | lle 0.00000 | geo 0.18866 | metric 0.00000 | beta 0.000
      valid loss 0.03164 | recon 0.01013 | kl 0.00099 | smooth 0.00000 | trans 0.00005 | lle 0.00000 | geo 0.43008 | metric 0.00000 | r 0.1858 | R² 0.0342 | eta 00:18
[107] train loss 0.02089 | recon 0.01125 | kl 0.00098 | smooth 0.00000 | trans 0.00007 | lle 0.00000 | geo 0.19267 | metric 0.00000 | beta 0.000
      valid loss 0.03217 | recon 0.01013 | kl 0.00100 | smooth 0.00000 | trans 0.00005 | lle 0.00000 | geo 0.44091 | metric 0.00000 | r 0.1864 | R² 0.0344 | eta 00:18
[108] train loss 0.02175 | recon 0.01113 | kl 0.00102 | smooth 0.00000 | trans 0.00007 | lle 0.00000 | geo 0.21242 | metric 0.00000 | beta 0.000
      valid loss 0.03163 | recon 0.01013 | kl 0.00101 | smooth 0.00000 | trans 0.00005 | lle 0.00000 | geo 0.42995 | metric 0.00000 | r 0.1861 | R² 0.0343 | eta 00:17
[109] train loss 0.02127 | recon 0.01129 | kl 0.00100 | smooth 0.00000 | trans 0.00007 | lle 0.00000 | geo 0.19957 | metric 0.00000 | beta 0.000
      valid loss 0.03211 | recon 0.01013 | kl 0.00101 | smooth 0.00000 | trans 0.00005 | lle 0.00000 | geo 0.43970 | metric 0.00000 | r 0.1867 | R² 0.0345 | eta 00:17
[110] train loss 0.02251 | recon 0.01123 | kl 0.00101 | smooth 0.00000 | trans 0.00007 | lle 0.00000 | geo 0.22560 | metric 0.00000 | beta 0.000
      valid loss 0.03230 | recon 0.01013 | kl 0.00102 | smooth 0.00000 | trans 0.00005 | lle 0.00000 | geo 0.44340 | metric 0.00000 | r 0.1860 | R² 0.0343 | eta 00:16
[111] train loss 0.02109 | recon 0.01133 | kl 0.00101 | smooth 0.00000 | trans 0.00007 | lle 0.00000 | geo 0.19527 | metric 0.00000 | beta 0.000
      valid loss 0.03196 | recon 0.01013 | kl 0.00100 | smooth 0.00000 | trans 0.00005 | lle 0.00000 | geo 0.43651 | metric 0.00000 | r 0.1863 | R² 0.0344 | eta 00:16
[112] train loss 0.02105 | recon 0.01120 | kl 0.00098 | smooth 0.00000 | trans 0.00007 | lle 0.00000 | geo 0.19688 | metric 0.00000 | beta 0.000
      valid loss 0.03404 | recon 0.01013 | kl 0.00095 | smooth 0.00000 | trans 0.00005 | lle 0.00000 | geo 0.47830 | metric 0.00000 | r 0.1860 | R² 0.0343 | eta 00:16
[113] train loss 0.02370 | recon 0.01136 | kl 0.00093 | smooth 0.00000 | trans 0.00007 | lle 0.00000 | geo 0.24665 | metric 0.00000 | beta 0.000
      valid loss 0.03366 | recon 0.01013 | kl 0.00092 | smooth 0.00000 | trans 0.00005 | lle 0.00000 | geo 0.47054 | metric 0.00000 | r 0.1859 | R² 0.0343 | eta 00:15
[114] train loss 0.02260 | recon 0.01125 | kl 0.00088 | smooth 0.00000 | trans 0.00007 | lle 0.00000 | geo 0.22693 | metric 0.00000 | beta 0.000
      valid loss 0.03604 | recon 0.01013 | kl 0.00084 | smooth 0.00000 | trans 0.00005 | lle 0.00000 | geo 0.51822 | metric 0.00000 | r 0.1857 | R² 0.0342 | eta 00:15
[115] train loss 0.02270 | recon 0.01137 | kl 0.00083 | smooth 0.00000 | trans 0.00007 | lle 0.00000 | geo 0.22665 | metric 0.00000 | beta 0.000
      valid loss 0.03214 | recon 0.01013 | kl 0.00083 | smooth 0.00000 | trans 0.00005 | lle 0.00000 | geo 0.44017 | metric 0.00000 | r 0.1851 | R² 0.0339 | eta 00:14
[116] train loss 0.02278 | recon 0.01118 | kl 0.00083 | smooth 0.00000 | trans 0.00007 | lle 0.00000 | geo 0.23200 | metric 0.00000 | beta 0.000
      valid loss 0.03303 | recon 0.01013 | kl 0.00084 | smooth 0.00000 | trans 0.00005 | lle 0.00000 | geo 0.45788 | metric 0.00000 | r 0.1870 | R² 0.0346 | eta 00:14
[117] train loss 0.02258 | recon 0.01120 | kl 0.00090 | smooth 0.00000 | trans 0.00007 | lle 0.00000 | geo 0.22767 | metric 0.00000 | beta 0.000
      valid loss 0.03236 | recon 0.01013 | kl 0.00097 | smooth 0.00000 | trans 0.00005 | lle 0.00000 | geo 0.44470 | metric 0.00000 | r 0.1871 | R² 0.0347 | eta 00:14
[118] train loss 0.02212 | recon 0.01112 | kl 0.00097 | smooth 0.00000 | trans 0.00007 | lle 0.00000 | geo 0.21996 | metric 0.00000 | beta 0.000
      valid loss 0.03275 | recon 0.01014 | kl 0.00094 | smooth 0.00000 | trans 0.00005 | lle 0.00000 | geo 0.45232 | metric 0.00000 | r 0.1852 | R² 0.0339 | eta 00:13
[119] train loss 0.02165 | recon 0.01128 | kl 0.00090 | smooth 0.00000 | trans 0.00007 | lle 0.00000 | geo 0.20734 | metric 0.00000 | beta 0.000
      valid loss 0.03487 | recon 0.01013 | kl 0.00089 | smooth 0.00000 | trans 0.00005 | lle 0.00000 | geo 0.49484 | metric 0.00000 | r 0.1866 | R² 0.0345 | eta 00:13
[120] train loss 0.02128 | recon 0.01140 | kl 0.00090 | smooth 0.00000 | trans 0.00007 | lle 0.00000 | geo 0.19771 | metric 0.00000 | beta 0.000
      valid loss 0.03362 | recon 0.01013 | kl 0.00091 | smooth 0.00000 | trans 0.00005 | lle 0.00000 | geo 0.46991 | metric 0.00000 | r 0.1857 | R² 0.0342 | eta 00:12
[121] train loss 0.02224 | recon 0.01115 | kl 0.00090 | smooth 0.00000 | trans 0.00007 | lle 0.00000 | geo 0.22174 | metric 0.00000 | beta 0.000
      valid loss 0.03442 | recon 0.01013 | kl 0.00091 | smooth 0.00000 | trans 0.00005 | lle 0.00000 | geo 0.48580 | metric 0.00000 | r 0.1858 | R² 0.0342 | eta 00:12
[122] train loss 0.02142 | recon 0.01122 | kl 0.00091 | smooth 0.00000 | trans 0.00007 | lle 0.00000 | geo 0.20410 | metric 0.00000 | beta 0.000
      valid loss 0.03413 | recon 0.01013 | kl 0.00093 | smooth 0.00000 | trans 0.00005 | lle 0.00000 | geo 0.48007 | metric 0.00000 | r 0.1858 | R² 0.0342 | eta 00:11
[123] train loss 0.02088 | recon 0.01125 | kl 0.00093 | smooth 0.00000 | trans 0.00007 | lle 0.00000 | geo 0.19252 | metric 0.00000 | beta 0.000
      valid loss 0.03390 | recon 0.01013 | kl 0.00090 | smooth 0.00000 | trans 0.00005 | lle 0.00000 | geo 0.47552 | metric 0.00000 | r 0.1865 | R² 0.0345 | eta 00:11
[124] train loss 0.02081 | recon 0.01113 | kl 0.00086 | smooth 0.00000 | trans 0.00007 | lle 0.00000 | geo 0.19363 | metric 0.00000 | beta 0.000
      valid loss 0.03286 | recon 0.01013 | kl 0.00080 | smooth 0.00000 | trans 0.00005 | lle 0.00000 | geo 0.45464 | metric 0.00000 | r 0.1852 | R² 0.0340 | eta 00:11
[125] train loss 0.02115 | recon 0.01126 | kl 0.00077 | smooth 0.00000 | trans 0.00007 | lle 0.00000 | geo 0.19772 | metric 0.00000 | beta 0.000
      valid loss 0.03253 | recon 0.01013 | kl 0.00075 | smooth 0.00000 | trans 0.00005 | lle 0.00000 | geo 0.44793 | metric 0.00000 | r 0.1860 | R² 0.0343 | eta 00:10
[126] train loss 0.02065 | recon 0.01132 | kl 0.00078 | smooth 0.00000 | trans 0.00007 | lle 0.00000 | geo 0.18661 | metric 0.00000 | beta 0.000
      valid loss 0.03271 | recon 0.01013 | kl 0.00082 | smooth 0.00000 | trans 0.00005 | lle 0.00000 | geo 0.45168 | metric 0.00000 | r 0.1862 | R² 0.0344 | eta 00:10
[127] train loss 0.02179 | recon 0.01118 | kl 0.00086 | smooth 0.00000 | trans 0.00007 | lle 0.00000 | geo 0.21226 | metric 0.00000 | beta 0.000
      valid loss 0.03644 | recon 0.01013 | kl 0.00087 | smooth 0.00000 | trans 0.00005 | lle 0.00000 | geo 0.52608 | metric 0.00000 | r 0.1849 | R² 0.0338 | eta 00:09
[128] train loss 0.02077 | recon 0.01123 | kl 0.00087 | smooth 0.00000 | trans 0.00007 | lle 0.00000 | geo 0.19079 | metric 0.00000 | beta 0.000
      valid loss 0.03344 | recon 0.01013 | kl 0.00089 | smooth 0.00000 | trans 0.00005 | lle 0.00000 | geo 0.46613 | metric 0.00000 | r 0.1853 | R² 0.0340 | eta 00:09
[129] train loss 0.02123 | recon 0.01128 | kl 0.00094 | smooth 0.00000 | trans 0.00007 | lle 0.00000 | geo 0.19889 | metric 0.00000 | beta 0.000
      valid loss 0.03030 | recon 0.01013 | kl 0.00100 | smooth 0.00000 | trans 0.00005 | lle 0.00000 | geo 0.40328 | metric 0.00000 | r 0.1854 | R² 0.0340 | eta 00:08
[130] train loss 0.02057 | recon 0.01113 | kl 0.00102 | smooth 0.00000 | trans 0.00007 | lle 0.00000 | geo 0.18893 | metric 0.00000 | beta 0.000
      valid loss 0.03167 | recon 0.01013 | kl 0.00102 | smooth 0.00000 | trans 0.00005 | lle 0.00000 | geo 0.43073 | metric 0.00000 | r 0.1847 | R² 0.0338 | eta 00:08
[131] train loss 0.02097 | recon 0.01129 | kl 0.00104 | smooth 0.00000 | trans 0.00007 | lle 0.00000 | geo 0.19358 | metric 0.00000 | beta 0.000
      valid loss 0.03516 | recon 0.01013 | kl 0.00105 | smooth 0.00000 | trans 0.00005 | lle 0.00000 | geo 0.50049 | metric 0.00000 | r 0.1850 | R² 0.0339 | eta 00:08
[132] train loss 0.02072 | recon 0.01128 | kl 0.00105 | smooth 0.00000 | trans 0.00007 | lle 0.00000 | geo 0.18885 | metric 0.00000 | beta 0.000
      valid loss 0.03322 | recon 0.01013 | kl 0.00103 | smooth 0.00000 | trans 0.00005 | lle 0.00000 | geo 0.46191 | metric 0.00000 | r 0.1855 | R² 0.0341 | eta 00:07
[133] train loss 0.02422 | recon 0.01125 | kl 0.00099 | smooth 0.00000 | trans 0.00007 | lle 0.00000 | geo 0.25940 | metric 0.00000 | beta 0.000
      valid loss 0.03262 | recon 0.01013 | kl 0.00093 | smooth 0.00000 | trans 0.00005 | lle 0.00000 | geo 0.44989 | metric 0.00000 | r 0.1860 | R² 0.0343 | eta 00:07
[134] train loss 0.02159 | recon 0.01116 | kl 0.00088 | smooth 0.00000 | trans 0.00007 | lle 0.00000 | geo 0.20865 | metric 0.00000 | beta 0.000
      valid loss 0.03394 | recon 0.01013 | kl 0.00085 | smooth 0.00000 | trans 0.00005 | lle 0.00000 | geo 0.47626 | metric 0.00000 | r 0.1865 | R² 0.0345 | eta 00:06
[135] train loss 0.02120 | recon 0.01127 | kl 0.00085 | smooth 0.00000 | trans 0.00007 | lle 0.00000 | geo 0.19871 | metric 0.00000 | beta 0.000
      valid loss 0.03363 | recon 0.01013 | kl 0.00086 | smooth 0.00000 | trans 0.00005 | lle 0.00000 | geo 0.46996 | metric 0.00000 | r 0.1859 | R² 0.0343 | eta 00:06
[136] train loss 0.02081 | recon 0.01125 | kl 0.00088 | smooth 0.00000 | trans 0.00007 | lle 0.00000 | geo 0.19122 | metric 0.00000 | beta 0.000
      valid loss 0.03510 | recon 0.01013 | kl 0.00088 | smooth 0.00000 | trans 0.00005 | lle 0.00000 | geo 0.49942 | metric 0.00000 | r 0.1866 | R² 0.0345 | eta 00:05
[137] train loss 0.02058 | recon 0.01109 | kl 0.00091 | smooth 0.00000 | trans 0.00007 | lle 0.00000 | geo 0.18977 | metric 0.00000 | beta 0.000
      valid loss 0.03570 | recon 0.01013 | kl 0.00093 | smooth 0.00000 | trans 0.00005 | lle 0.00000 | geo 0.51146 | metric 0.00000 | r 0.1859 | R² 0.0343 | eta 00:05
[138] train loss 0.02400 | recon 0.01132 | kl 0.00092 | smooth 0.00000 | trans 0.00007 | lle 0.00000 | geo 0.25364 | metric 0.00000 | beta 0.000
      valid loss 0.03176 | recon 0.01013 | kl 0.00094 | smooth 0.00000 | trans 0.00005 | lle 0.00000 | geo 0.43253 | metric 0.00000 | r 0.1849 | R² 0.0339 | eta 00:05
[139] train loss 0.02132 | recon 0.01137 | kl 0.00095 | smooth 0.00000 | trans 0.00007 | lle 0.00000 | geo 0.19895 | metric 0.00000 | beta 0.000
      valid loss 0.03458 | recon 0.01012 | kl 0.00096 | smooth 0.00000 | trans 0.00005 | lle 0.00000 | geo 0.48913 | metric 0.00000 | r 0.1862 | R² 0.0344 | eta 00:04
[140] train loss 0.02156 | recon 0.01145 | kl 0.00098 | smooth 0.00000 | trans 0.00007 | lle 0.00000 | geo 0.20221 | metric 0.00000 | beta 0.000
      valid loss 0.03715 | recon 0.01013 | kl 0.00099 | smooth 0.00000 | trans 0.00005 | lle 0.00000 | geo 0.54049 | metric 0.00000 | r 0.1859 | R² 0.0343 | eta 00:04
[141] train loss 0.02062 | recon 0.01111 | kl 0.00099 | smooth 0.00000 | trans 0.00007 | lle 0.00000 | geo 0.19021 | metric 0.00000 | beta 0.000
      valid loss 0.03459 | recon 0.01013 | kl 0.00099 | smooth 0.00000 | trans 0.00005 | lle 0.00000 | geo 0.48911 | metric 0.00000 | r 0.1855 | R² 0.0341 | eta 00:03
[142] train loss 0.02178 | recon 0.01125 | kl 0.00101 | smooth 0.00000 | trans 0.00007 | lle 0.00000 | geo 0.21060 | metric 0.00000 | beta 0.000
      valid loss 0.03262 | recon 0.01013 | kl 0.00100 | smooth 0.00000 | trans 0.00005 | lle 0.00000 | geo 0.44984 | metric 0.00000 | r 0.1864 | R² 0.0345 | eta 00:03
[143] train loss 0.02072 | recon 0.01123 | kl 0.00098 | smooth 0.00000 | trans 0.00007 | lle 0.00000 | geo 0.18991 | metric 0.00000 | beta 0.000
      valid loss 0.03289 | recon 0.01013 | kl 0.00096 | smooth 0.00000 | trans 0.00005 | lle 0.00000 | geo 0.45526 | metric 0.00000 | r 0.1856 | R² 0.0341 | eta 00:02
[144] train loss 0.02206 | recon 0.01134 | kl 0.00092 | smooth 0.00000 | trans 0.00007 | lle 0.00000 | geo 0.21428 | metric 0.00000 | beta 0.000
      valid loss 0.03204 | recon 0.01013 | kl 0.00088 | smooth 0.00000 | trans 0.00005 | lle 0.00000 | geo 0.43836 | metric 0.00000 | r 0.1864 | R² 0.0345 | eta 00:02
[145] train loss 0.02150 | recon 0.01124 | kl 0.00086 | smooth 0.00000 | trans 0.00007 | lle 0.00000 | geo 0.20526 | metric 0.00000 | beta 0.000
      valid loss 0.03342 | recon 0.01013 | kl 0.00083 | smooth 0.00000 | trans 0.00005 | lle 0.00000 | geo 0.46580 | metric 0.00000 | r 0.1866 | R² 0.0346 | eta 00:02
[146] train loss 0.02190 | recon 0.01145 | kl 0.00084 | smooth 0.00000 | trans 0.00007 | lle 0.00000 | geo 0.20899 | metric 0.00000 | beta 0.000
      valid loss 0.03336 | recon 0.01012 | kl 0.00087 | smooth 0.00000 | trans 0.00005 | lle 0.00000 | geo 0.46470 | metric 0.00000 | r 0.1871 | R² 0.0347 | eta 00:01
[147] train loss 0.02079 | recon 0.01111 | kl 0.00087 | smooth 0.00000 | trans 0.00007 | lle 0.00000 | geo 0.19365 | metric 0.00000 | beta 0.000
      valid loss 0.03456 | recon 0.01013 | kl 0.00084 | smooth 0.00000 | trans 0.00005 | lle 0.00000 | geo 0.48859 | metric 0.00000 | r 0.1855 | R² 0.0341 | eta 00:01
[148] train loss 0.02088 | recon 0.01132 | kl 0.00080 | smooth 0.00000 | trans 0.00007 | lle 0.00000 | geo 0.19113 | metric 0.00000 | beta 0.000
      valid loss 0.03463 | recon 0.01012 | kl 0.00078 | smooth 0.00000 | trans 0.00005 | lle 0.00000 | geo 0.49008 | metric 0.00000 | r 0.1868 | R² 0.0347 | eta 00:00
[149] train loss 0.02067 | recon 0.01125 | kl 0.00079 | smooth 0.00000 | trans 0.00007 | lle 0.00000 | geo 0.18843 | metric 0.00000 | beta 0.000
      valid loss 0.03507 | recon 0.01012 | kl 0.00077 | smooth 0.00000 | trans 0.00005 | lle 0.00000 | geo 0.49902 | metric 0.00000 | r 0.1881 | R² 0.0352 | eta 00:00
[150] train loss 0.02191 | recon 0.01125 | kl 0.00073 | smooth 0.00000 | trans 0.00007 | lle 0.00000 | geo 0.21339 | metric 0.00000 | beta 0.000
      valid loss 0.03145 | recon 0.01013 | kl 0.00071 | smooth 0.00000 | trans 0.00005 | lle 0.00000 | geo 0.42654 | metric 0.00000 | r 0.1862 | R² 0.0344 | eta 00:00
/home/4429/envs/odevae/lib/python3.11/site-packages/sklearn/manifold/_mds.py:754: FutureWarning: The default value of `init` will change from 'random' to 'classical_mds' in 1.10. To suppress this warning, provide some value of `init`.
  warnings.warn(
/home/4429/envs/odevae/lib/python3.11/site-packages/sklearn/manifold/_mds.py:771: FutureWarning: The `dissimilarity` parameter is deprecated and will be removed in 1.10. Use `metric` instead.
  warnings.warn(
      wrote /home/4429/projects/Neural_VAE_ODE/runs/2026-05-27_200756_def95d6/latent_manifold_mds.png
done.
experts.0.0.bias 3.5629488014186483e-16
experts.0.2.bias -4.843953502131626e-05
experts.0.4.bias 0.00016275254893116653
experts.1.0.bias 5.044428484407733e-15
experts.1.2.bias -0.00015150790568441153
experts.1.4.bias 1.2604419680428691e-05
experts.2.0.bias 1.8335105569228238e-14
experts.2.2.bias -8.00523193902336e-05
experts.2.4.bias 0.0001756892161210999
experts.3.0.bias 7.510411597375175e-15
experts.3.2.bias -3.3313321182504296e-05
experts.3.4.bias -0.00022964667004998773
experts.4.0.bias 1.3066620353129272e-15
experts.4.2.bias -0.0001652805949561298
experts.4.4.bias 0.00048237733426503837
experts.5.0.bias 5.150649804125211e-15
experts.5.2.bias -9.332537592854351e-05
experts.5.4.bias -0.00016394835256505758
experts.6.0.bias 1.3345425059366287e-14
experts.6.2.bias -0.00013068052066955715
experts.6.4.bias -5.170742952032015e-05
experts.7.0.bias 5.611568711604269e-15
experts.7.2.bias -0.0001435790618415922
experts.7.4.bias 0.0004054355958942324
Saved run metadata → /home/4429/projects/Neural_VAE_ODE/runs/2026-05-27_200756_def95d6/run_metadata.json
Final r: 0.1862
Final R²: 0.0344
Results logged to /home/4429/projects/Neural_VAE_ODE/src/training_results.txt
Exception ignored in: Exception ignored in sys.unraisablehook