Device: cpu
Loading data: /Users/kathleenhiggins/Neural_VAE_ODE/src/npz_e65_data/E65_data.npz
Raw ROI: frames=7434, neurons=375
MIND neuron filter: removed 18 globally silent neurons; kept 357 neurons.
Built sequences: B=178, L=120, N=357
Trial split: train=161, heldout=17 (0.096)
PCA feature space: dim=50, explained_variance=0.7892
Selected train landmarks: 750 of 19320 states (event_aware: activity=112, transition=112, coverage=526)
Built MIND distances: max=7.0960, disconnected_replaced=0
Embedded landmarks: Z=(750, 7), mode=sammon
Tuning f->z LLE map on landmarks: 22 k values x 17 ridge values, folds=10
/Users/kathleenhiggins/Neural_VAE_ODE/src/v6_mind_lle.py:864: RuntimeWarning: invalid value encountered in matmul
  gram = centered @ centered.T
Selected f->z LLE params: k=32, ridge=0.316228, cv_mse=0.14008
Tuning inverse kernel decoder on mapped train states: 6 k values x 6 bandwidth values, folds=10, max_points=5000
Selected inverse kernel params: k=64, bandwidth=0.15, cv_mse=0.00204836
[001] train 0.04766 | val 0.03981 | feature 0.03637 | z 0.98058 | teacher 0.03619 | raw 0.02244
[025] train 0.00463 | val 0.00486 | feature 0.00312 | z 5.28600 | teacher 0.00308 | raw 0.00737
[050] train 0.00303 | val 0.00330 | feature 0.00189 | z 7.97478 | teacher 0.00186 | raw 0.00678
[075] train 0.00243 | val 0.00266 | feature 0.00142 | z 9.59408 | teacher 0.00140 | raw 0.00656
[100] train 0.00211 | val 0.00232 | feature 0.00117 | z 10.64598 | teacher 0.00116 | raw 0.00644
[125] train 0.00187 | val 0.00210 | feature 0.00099 | z 11.34556 | teacher 0.00097 | raw 0.00635
[150] train 0.00171 | val 0.00195 | feature 0.00087 | z 11.75324 | teacher 0.00085 | raw 0.00629
[175] train 0.00158 | val 0.00181 | feature 0.00077 | z 12.01893 | teacher 0.00076 | raw 0.00625
[200] train 0.00149 | val 0.00171 | feature 0.00070 | z 12.20120 | teacher 0.00069 | raw 0.00621
[225] train 0.00142 | val 0.00164 | feature 0.00064 | z 12.33106 | teacher 0.00064 | raw 0.00619
[250] train 0.00135 | val 0.00156 | feature 0.00059 | z 12.36879 | teacher 0.00058 | raw 0.00616
[275] train 0.00129 | val 0.00152 | feature 0.00054 | z 12.42995 | teacher 0.00054 | raw 0.00613
[300] train 0.00126 | val 0.00152 | feature 0.00052 | z 12.40284 | teacher 0.00052 | raw 0.00612
Binned heldout r 0.7485 | R2 0.5599 | MIND_R2 0.5602 | trial median 0.6277
Raw mapped heldout r 0.7404 | R2 0.5477 | MIND_R2 0.5481 | trial median 0.5937
Raw mapped event capture top1 0.5040 | dyn ratio 0.7521
Saved outputs to /Users/kathleenhiggins/Neural_VAE_ODE/runs/2026-06-03_211044_834cd6a
