Running script: v5_neural_vae.py
Loading configuration from /home/4429/projects/Neural_VAE_ODE/runs/2026-05-26_091636_dc0825c/config.txt
Device: cuda
Built sequences: B=180, :=120, N=357
Train-std neuron filter: removed 4 train-silent neurons; kept 353 neurons (threshold=1e-07).
MIND neuron filter: removed 18 silent neurons; kept 357 active neurons.
Sequence alignment: position (Position); coordinate range 0.000-1.000
[001] train loss 0.00768 | recon 0.00768 | kl 0.00380 | smooth 0.00000 | trans 0.00000 | lle 0.00000 | beta 0.000
      valid loss 0.00631 | recon 0.00631 | kl 0.00425 | smooth 0.00000 | trans 0.00000 | lle 0.00000 | r 0.2036 | R² 0.0414 | eta 11:58
      saved best checkpoint -> /home/4429/projects/Neural_VAE_ODE/runs/2026-05-26_091636_dc0825c/ode_vae_best.pt
[002] train loss 0.00708 | recon 0.00708 | kl 0.00422 | smooth 0.00000 | trans 0.00000 | lle 0.00000 | beta 0.000
      valid loss 0.00629 | recon 0.00629 | kl 0.00409 | smooth 0.00000 | trans 0.00000 | lle 0.00000 | r 0.2266 | R² 0.0504 | eta 12:21
      saved best checkpoint -> /home/4429/projects/Neural_VAE_ODE/runs/2026-05-26_091636_dc0825c/ode_vae_best.pt
[003] train loss 0.00692 | recon 0.00692 | kl 0.00421 | smooth 0.00000 | trans 0.00000 | lle 0.00000 | beta 0.000
      valid loss 0.00630 | recon 0.00630 | kl 0.00415 | smooth 0.00000 | trans 0.00000 | lle 0.00000 | r 0.2342 | R² 0.0527 | eta 12:22
[004] train loss 0.00690 | recon 0.00690 | kl 0.00418 | smooth 0.00000 | trans 0.00000 | lle 0.00000 | beta 0.000
      valid loss 0.00621 | recon 0.00621 | kl 0.00465 | smooth 0.00000 | trans 0.00000 | lle 0.00000 | r 0.2415 | R² 0.0583 | eta 12:08
      saved best checkpoint -> /home/4429/projects/Neural_VAE_ODE/runs/2026-05-26_091636_dc0825c/ode_vae_best.pt
[005] train loss 0.00695 | recon 0.00695 | kl 0.00447 | smooth 0.00000 | trans 0.00000 | lle 0.00000 | beta 0.000
      valid loss 0.00625 | recon 0.00625 | kl 0.00420 | smooth 0.00000 | trans 0.00000 | lle 0.00000 | r 0.2308 | R² 0.0532 | eta 12:11
[006] train loss 0.00696 | recon 0.00696 | kl 0.00472 | smooth 0.00000 | trans 0.00000 | lle 0.00000 | beta 0.000
      valid loss 0.00622 | recon 0.00622 | kl 0.00493 | smooth 0.00000 | trans 0.00000 | lle 0.00000 | r 0.2373 | R² 0.0562 | eta 12:00
[007] train loss 0.00697 | recon 0.00697 | kl 0.00483 | smooth 0.00000 | trans 0.00000 | lle 0.00000 | beta 0.000
      valid loss 0.00624 | recon 0.00624 | kl 0.00523 | smooth 0.00000 | trans 0.00000 | lle 0.00000 | r 0.2359 | R² 0.0557 | eta 11:51
[008] train loss 0.00684 | recon 0.00684 | kl 0.00500 | smooth 0.00000 | trans 0.00000 | lle 0.00000 | beta 0.000
      valid loss 0.00624 | recon 0.00624 | kl 0.00516 | smooth 0.00000 | trans 0.00000 | lle 0.00000 | r 0.2384 | R² 0.0566 | eta 11:43
[009] train loss 0.00686 | recon 0.00686 | kl 0.00533 | smooth 0.00000 | trans 0.00000 | lle 0.00000 | beta 0.000
      valid loss 0.00623 | recon 0.00623 | kl 0.00592 | smooth 0.00000 | trans 0.00000 | lle 0.00000 | r 0.2375 | R² 0.0564 | eta 11:36
[010] train loss 0.00684 | recon 0.00684 | kl 0.00547 | smooth 0.00000 | trans 0.00000 | lle 0.00000 | beta 0.000
      valid loss 0.00622 | recon 0.00622 | kl 0.00529 | smooth 0.00000 | trans 0.00000 | lle 0.00000 | r 0.2455 | R² 0.0599 | eta 11:29
[011] train loss 0.00693 | recon 0.00693 | kl 0.00551 | smooth 0.00000 | trans 0.00000 | lle 0.00000 | beta 0.000
      valid loss 0.00624 | recon 0.00624 | kl 0.00602 | smooth 0.00000 | trans 0.00000 | lle 0.00000 | r 0.2416 | R² 0.0580 | eta 11:25
[012] train loss 0.00687 | recon 0.00687 | kl 0.00576 | smooth 0.00000 | trans 0.00000 | lle 0.00000 | beta 0.000
      valid loss 0.00621 | recon 0.00621 | kl 0.00560 | smooth 0.00000 | trans 0.00000 | lle 0.00000 | r 0.2459 | R² 0.0604 | eta 11:18
      saved best checkpoint -> /home/4429/projects/Neural_VAE_ODE/runs/2026-05-26_091636_dc0825c/ode_vae_best.pt
[013] train loss 0.00694 | recon 0.00694 | kl 0.00581 | smooth 0.00000 | trans 0.00000 | lle 0.00000 | beta 0.000
      valid loss 0.00622 | recon 0.00622 | kl 0.00562 | smooth 0.00000 | trans 0.00000 | lle 0.00000 | r 0.2443 | R² 0.0597 | eta 11:15
[014] train loss 0.00698 | recon 0.00698 | kl 0.00566 | smooth 0.00000 | trans 0.00000 | lle 0.00000 | beta 0.000
      valid loss 0.00620 | recon 0.00620 | kl 0.00582 | smooth 0.00000 | trans 0.00000 | lle 0.00000 | r 0.2443 | R² 0.0594 | eta 11:09
      saved best checkpoint -> /home/4429/projects/Neural_VAE_ODE/runs/2026-05-26_091636_dc0825c/ode_vae_best.pt
[015] train loss 0.00687 | recon 0.00687 | kl 0.00571 | smooth 0.00000 | trans 0.00000 | lle 0.00000 | beta 0.000
      valid loss 0.00622 | recon 0.00622 | kl 0.00534 | smooth 0.00000 | trans 0.00000 | lle 0.00000 | r 0.2382 | R² 0.0567 | eta 11:06
[016] train loss 0.00684 | recon 0.00684 | kl 0.00546 | smooth 0.00000 | trans 0.00000 | lle 0.00000 | beta 0.000
      valid loss 0.00620 | recon 0.00620 | kl 0.00581 | smooth 0.00000 | trans 0.00000 | lle 0.00000 | r 0.2467 | R² 0.0607 | eta 11:00
      saved best checkpoint -> /home/4429/projects/Neural_VAE_ODE/runs/2026-05-26_091636_dc0825c/ode_vae_best.pt
[017] train loss 0.00689 | recon 0.00689 | kl 0.00558 | smooth 0.00000 | trans 0.00000 | lle 0.00000 | beta 0.000
      valid loss 0.00621 | recon 0.00621 | kl 0.00561 | smooth 0.00000 | trans 0.00000 | lle 0.00000 | r 0.2420 | R² 0.0585 | eta 10:58
[018] train loss 0.00696 | recon 0.00696 | kl 0.00550 | smooth 0.00000 | trans 0.00000 | lle 0.00000 | beta 0.000
      valid loss 0.00628 | recon 0.00628 | kl 0.00541 | smooth 0.00000 | trans 0.00000 | lle 0.00000 | r 0.2290 | R² 0.0520 | eta 10:52
[019] train loss 0.00684 | recon 0.00684 | kl 0.00552 | smooth 0.00000 | trans 0.00000 | lle 0.00000 | beta 0.000
      valid loss 0.00630 | recon 0.00630 | kl 0.00558 | smooth 0.00000 | trans 0.00000 | lle 0.00000 | r 0.2350 | R² 0.0537 | eta 10:46
[020] train loss 0.00676 | recon 0.00676 | kl 0.00540 | smooth 0.00000 | trans 0.00000 | lle 0.00000 | beta 0.000
      valid loss 0.00620 | recon 0.00620 | kl 0.00537 | smooth 0.00000 | trans 0.00000 | lle 0.00000 | r 0.2454 | R² 0.0598 | eta 10:40
[021] train loss 0.00691 | recon 0.00691 | kl 0.00540 | smooth 0.00000 | trans 0.00000 | lle 0.00000 | beta 0.000
      valid loss 0.00620 | recon 0.00620 | kl 0.00581 | smooth 0.00000 | trans 0.00000 | lle 0.00000 | r 0.2478 | R² 0.0613 | eta 10:35
[022] train loss 0.00690 | recon 0.00690 | kl 0.00536 | smooth 0.00000 | trans 0.00000 | lle 0.00000 | beta 0.000
      valid loss 0.00620 | recon 0.00620 | kl 0.00538 | smooth 0.00000 | trans 0.00000 | lle 0.00000 | r 0.2461 | R² 0.0605 | eta 10:29
[023] train loss 0.00687 | recon 0.00687 | kl 0.00540 | smooth 0.00000 | trans 0.00000 | lle 0.00000 | beta 0.000
      valid loss 0.00624 | recon 0.00624 | kl 0.00543 | smooth 0.00000 | trans 0.00000 | lle 0.00000 | r 0.2402 | R² 0.0575 | eta 10:24
[024] train loss 0.00687 | recon 0.00687 | kl 0.00525 | smooth 0.00000 | trans 0.00000 | lle 0.00000 | beta 0.000
      valid loss 0.00623 | recon 0.00623 | kl 0.00567 | smooth 0.00000 | trans 0.00000 | lle 0.00000 | r 0.2407 | R² 0.0579 | eta 10:18
[025] train loss 0.00690 | recon 0.00690 | kl 0.00558 | smooth 0.00000 | trans 0.00000 | lle 0.00000 | beta 0.000
      valid loss 0.00626 | recon 0.00626 | kl 0.00539 | smooth 0.00000 | trans 0.00000 | lle 0.00000 | r 0.2397 | R² 0.0570 | eta 10:13
[026] train loss 0.00685 | recon 0.00685 | kl 0.00533 | smooth 0.00000 | trans 0.00000 | lle 0.00000 | beta 0.000
      valid loss 0.00622 | recon 0.00622 | kl 0.00523 | smooth 0.00000 | trans 0.00000 | lle 0.00000 | r 0.2448 | R² 0.0599 | eta 10:08
[027] train loss 0.00688 | recon 0.00688 | kl 0.00533 | smooth 0.00000 | trans 0.00000 | lle 0.00000 | beta 0.000
      valid loss 0.00626 | recon 0.00626 | kl 0.00531 | smooth 0.00000 | trans 0.00000 | lle 0.00000 | r 0.2429 | R² 0.0583 | eta 10:03
[028] train loss 0.00689 | recon 0.00689 | kl 0.00529 | smooth 0.00000 | trans 0.00000 | lle 0.00000 | beta 0.000
      valid loss 0.00624 | recon 0.00624 | kl 0.00545 | smooth 0.00000 | trans 0.00000 | lle 0.00000 | r 0.2458 | R² 0.0601 | eta 09:58
[029] train loss 0.00687 | recon 0.00687 | kl 0.00553 | smooth 0.00000 | trans 0.00000 | lle 0.00000 | beta 0.000
      valid loss 0.00624 | recon 0.00624 | kl 0.00526 | smooth 0.00000 | trans 0.00000 | lle 0.00000 | r 0.2401 | R² 0.0574 | eta 09:52
[030] train loss 0.00685 | recon 0.00685 | kl 0.00533 | smooth 0.00000 | trans 0.00000 | lle 0.00000 | beta 0.000
      valid loss 0.00620 | recon 0.00620 | kl 0.00532 | smooth 0.00000 | trans 0.00000 | lle 0.00000 | r 0.2500 | R² 0.0625 | eta 09:47
[031] train loss 0.00686 | recon 0.00686 | kl 0.00540 | smooth 0.00000 | trans 0.00000 | lle 0.00000 | beta 0.000
      valid loss 0.00621 | recon 0.00621 | kl 0.00522 | smooth 0.00000 | trans 0.00000 | lle 0.00000 | r 0.2395 | R² 0.0573 | eta 09:43
[032] train loss 0.00691 | recon 0.00691 | kl 0.00564 | smooth 0.00000 | trans 0.00000 | lle 0.00000 | beta 0.000
      valid loss 0.00620 | recon 0.00620 | kl 0.00552 | smooth 0.00000 | trans 0.00000 | lle 0.00000 | r 0.2480 | R² 0.0615 | eta 09:38
      saved best checkpoint -> /home/4429/projects/Neural_VAE_ODE/runs/2026-05-26_091636_dc0825c/ode_vae_best.pt
[033] train loss 0.00683 | recon 0.00683 | kl 0.00566 | smooth 0.00000 | trans 0.00000 | lle 0.00000 | beta 0.000
      valid loss 0.00623 | recon 0.00623 | kl 0.00566 | smooth 0.00000 | trans 0.00000 | lle 0.00000 | r 0.2454 | R² 0.0600 | eta 09:34
[034] train loss 0.00684 | recon 0.00684 | kl 0.00582 | smooth 0.00000 | trans 0.00000 | lle 0.00000 | beta 0.000
      valid loss 0.00622 | recon 0.00622 | kl 0.00570 | smooth 0.00000 | trans 0.00000 | lle 0.00000 | r 0.2456 | R² 0.0603 | eta 09:29
[035] train loss 0.00688 | recon 0.00688 | kl 0.00567 | smooth 0.00000 | trans 0.00000 | lle 0.00000 | beta 0.000
      valid loss 0.00620 | recon 0.00620 | kl 0.00590 | smooth 0.00000 | trans 0.00000 | lle 0.00000 | r 0.2478 | R² 0.0612 | eta 09:24
[036] train loss 0.00684 | recon 0.00684 | kl 0.00575 | smooth 0.00000 | trans 0.00000 | lle 0.00000 | beta 0.000
      valid loss 0.00627 | recon 0.00627 | kl 0.00634 | smooth 0.00000 | trans 0.00000 | lle 0.00000 | r 0.2392 | R² 0.0567 | eta 09:19
[037] train loss 0.00688 | recon 0.00688 | kl 0.00581 | smooth 0.00000 | trans 0.00000 | lle 0.00000 | beta 0.000
      valid loss 0.00621 | recon 0.00621 | kl 0.00568 | smooth 0.00000 | trans 0.00000 | lle 0.00000 | r 0.2479 | R² 0.0614 | eta 09:14
[038] train loss 0.00689 | recon 0.00689 | kl 0.00573 | smooth 0.00000 | trans 0.00000 | lle 0.00000 | beta 0.000
      valid loss 0.00619 | recon 0.00619 | kl 0.00592 | smooth 0.00000 | trans 0.00000 | lle 0.00000 | r 0.2511 | R² 0.0630 | eta 09:08
      saved best checkpoint -> /home/4429/projects/Neural_VAE_ODE/runs/2026-05-26_091636_dc0825c/ode_vae_best.pt
[039] train loss 0.00693 | recon 0.00693 | kl 0.00581 | smooth 0.00000 | trans 0.00000 | lle 0.00000 | beta 0.000
      valid loss 0.00625 | recon 0.00625 | kl 0.00557 | smooth 0.00000 | trans 0.00000 | lle 0.00000 | r 0.2404 | R² 0.0573 | eta 09:04
[040] train loss 0.00680 | recon 0.00680 | kl 0.00585 | smooth 0.00000 | trans 0.00000 | lle 0.00000 | beta 0.000
      valid loss 0.00624 | recon 0.00624 | kl 0.00565 | smooth 0.00000 | trans 0.00000 | lle 0.00000 | r 0.2417 | R² 0.0581 | eta 08:59
[041] train loss 0.00681 | recon 0.00681 | kl 0.00581 | smooth 0.00000 | trans 0.00000 | lle 0.00000 | beta 0.000
      valid loss 0.00624 | recon 0.00624 | kl 0.00578 | smooth 0.00000 | trans 0.00000 | lle 0.00000 | r 0.2420 | R² 0.0585 | eta 08:54
[042] train loss 0.00687 | recon 0.00687 | kl 0.00570 | smooth 0.00000 | trans 0.00000 | lle 0.00000 | beta 0.000
      valid loss 0.00620 | recon 0.00620 | kl 0.00575 | smooth 0.00000 | trans 0.00000 | lle 0.00000 | r 0.2514 | R² 0.0632 | eta 08:49
[043] train loss 0.00680 | recon 0.00680 | kl 0.00569 | smooth 0.00000 | trans 0.00000 | lle 0.00000 | beta 0.000
      valid loss 0.00620 | recon 0.00620 | kl 0.00577 | smooth 0.00000 | trans 0.00000 | lle 0.00000 | r 0.2487 | R² 0.0619 | eta 08:44
[044] train loss 0.00686 | recon 0.00686 | kl 0.00571 | smooth 0.00000 | trans 0.00000 | lle 0.00000 | beta 0.000
      valid loss 0.00621 | recon 0.00621 | kl 0.00578 | smooth 0.00000 | trans 0.00000 | lle 0.00000 | r 0.2449 | R² 0.0600 | eta 08:39
[045] train loss 0.00680 | recon 0.00680 | kl 0.00573 | smooth 0.00000 | trans 0.00000 | lle 0.00000 | beta 0.000
      valid loss 0.00620 | recon 0.00620 | kl 0.00575 | smooth 0.00000 | trans 0.00000 | lle 0.00000 | r 0.2487 | R² 0.0618 | eta 08:34
[046] train loss 0.00685 | recon 0.00685 | kl 0.00586 | smooth 0.00000 | trans 0.00000 | lle 0.00000 | beta 0.000
      valid loss 0.00620 | recon 0.00620 | kl 0.00584 | smooth 0.00000 | trans 0.00000 | lle 0.00000 | r 0.2446 | R² 0.0595 | eta 08:29
[047] train loss 0.00682 | recon 0.00682 | kl 0.00581 | smooth 0.00000 | trans 0.00000 | lle 0.00000 | beta 0.000
      valid loss 0.00622 | recon 0.00622 | kl 0.00612 | smooth 0.00000 | trans 0.00000 | lle 0.00000 | r 0.2498 | R² 0.0622 | eta 08:24
[048] train loss 0.00687 | recon 0.00687 | kl 0.00591 | smooth 0.00000 | trans 0.00000 | lle 0.00000 | beta 0.000
      valid loss 0.00624 | recon 0.00624 | kl 0.00556 | smooth 0.00000 | trans 0.00000 | lle 0.00000 | r 0.2461 | R² 0.0602 | eta 08:19
[049] train loss 0.00685 | recon 0.00685 | kl 0.00587 | smooth 0.00000 | trans 0.00000 | lle 0.00000 | beta 0.000
      valid loss 0.00627 | recon 0.00627 | kl 0.00573 | smooth 0.00000 | trans 0.00000 | lle 0.00000 | r 0.2386 | R² 0.0562 | eta 08:14
[050] train loss 0.00692 | recon 0.00692 | kl 0.00584 | smooth 0.00000 | trans 0.00000 | lle 0.00000 | beta 0.000
      valid loss 0.00620 | recon 0.00620 | kl 0.00594 | smooth 0.00000 | trans 0.00000 | lle 0.00000 | r 0.2450 | R² 0.0598 | eta 08:09
[051] train loss 0.00690 | recon 0.00690 | kl 0.00580 | smooth 0.00000 | trans 0.00000 | lle 0.00000 | beta 0.000
      valid loss 0.00622 | recon 0.00622 | kl 0.00616 | smooth 0.00000 | trans 0.00000 | lle 0.00000 | r 0.2498 | R² 0.0622 | eta 08:04
[052] train loss 0.00698 | recon 0.00698 | kl 0.00593 | smooth 0.00000 | trans 0.00000 | lle 0.00000 | beta 0.000
      valid loss 0.00624 | recon 0.00624 | kl 0.00553 | smooth 0.00000 | trans 0.00000 | lle 0.00000 | r 0.2461 | R² 0.0599 | eta 07:59
[053] train loss 0.00685 | recon 0.00685 | kl 0.00592 | smooth 0.00000 | trans 0.00000 | lle 0.00000 | beta 0.000
      valid loss 0.00619 | recon 0.00619 | kl 0.00627 | smooth 0.00000 | trans 0.00000 | lle 0.00000 | r 0.2479 | R² 0.0613 | eta 07:54
[054] train loss 0.00683 | recon 0.00683 | kl 0.00592 | smooth 0.00000 | trans 0.00000 | lle 0.00000 | beta 0.000
      valid loss 0.00620 | recon 0.00620 | kl 0.00609 | smooth 0.00000 | trans 0.00000 | lle 0.00000 | r 0.2514 | R² 0.0631 | eta 07:49
[055] train loss 0.00684 | recon 0.00684 | kl 0.00601 | smooth 0.00000 | trans 0.00000 | lle 0.00000 | beta 0.000
      valid loss 0.00621 | recon 0.00621 | kl 0.00637 | smooth 0.00000 | trans 0.00000 | lle 0.00000 | r 0.2479 | R² 0.0614 | eta 07:44
[056] train loss 0.00684 | recon 0.00684 | kl 0.00611 | smooth 0.00000 | trans 0.00000 | lle 0.00000 | beta 0.000
      valid loss 0.00621 | recon 0.00621 | kl 0.00601 | smooth 0.00000 | trans 0.00000 | lle 0.00000 | r 0.2474 | R² 0.0612 | eta 07:39
[057] train loss 0.00678 | recon 0.00678 | kl 0.00605 | smooth 0.00000 | trans 0.00000 | lle 0.00000 | beta 0.000
      valid loss 0.00620 | recon 0.00620 | kl 0.00623 | smooth 0.00000 | trans 0.00000 | lle 0.00000 | r 0.2460 | R² 0.0604 | eta 07:34
[058] train loss 0.00688 | recon 0.00688 | kl 0.00623 | smooth 0.00000 | trans 0.00000 | lle 0.00000 | beta 0.000
      valid loss 0.00622 | recon 0.00622 | kl 0.00567 | smooth 0.00000 | trans 0.00000 | lle 0.00000 | r 0.2466 | R² 0.0607 | eta 07:29
[059] train loss 0.00691 | recon 0.00691 | kl 0.00607 | smooth 0.00000 | trans 0.00000 | lle 0.00000 | beta 0.000
      valid loss 0.00621 | recon 0.00621 | kl 0.00608 | smooth 0.00000 | trans 0.00000 | lle 0.00000 | r 0.2474 | R² 0.0611 | eta 07:24
[060] train loss 0.00695 | recon 0.00695 | kl 0.00619 | smooth 0.00000 | trans 0.00000 | lle 0.00000 | beta 0.000
      valid loss 0.00621 | recon 0.00621 | kl 0.00610 | smooth 0.00000 | trans 0.00000 | lle 0.00000 | r 0.2507 | R² 0.0629 | eta 07:19
[061] train loss 0.00689 | recon 0.00689 | kl 0.00615 | smooth 0.00000 | trans 0.00000 | lle 0.00000 | beta 0.000
      valid loss 0.00620 | recon 0.00620 | kl 0.00660 | smooth 0.00000 | trans 0.00000 | lle 0.00000 | r 0.2468 | R² 0.0608 | eta 07:14
[062] train loss 0.00684 | recon 0.00684 | kl 0.00621 | smooth 0.00000 | trans 0.00000 | lle 0.00000 | beta 0.000
      valid loss 0.00622 | recon 0.00622 | kl 0.00645 | smooth 0.00000 | trans 0.00000 | lle 0.00000 | r 0.2454 | R² 0.0602 | eta 07:09
[063] train loss 0.00678 | recon 0.00678 | kl 0.00632 | smooth 0.00000 | trans 0.00000 | lle 0.00000 | beta 0.000
      valid loss 0.00623 | recon 0.00623 | kl 0.00621 | smooth 0.00000 | trans 0.00000 | lle 0.00000 | r 0.2440 | R² 0.0593 | eta 07:04
[064] train loss 0.00687 | recon 0.00687 | kl 0.00624 | smooth 0.00000 | trans 0.00000 | lle 0.00000 | beta 0.000
      valid loss 0.00623 | recon 0.00623 | kl 0.00647 | smooth 0.00000 | trans 0.00000 | lle 0.00000 | r 0.2482 | R² 0.0613 | eta 06:59
[065] train loss 0.00679 | recon 0.00679 | kl 0.00630 | smooth 0.00000 | trans 0.00000 | lle 0.00000 | beta 0.000
      valid loss 0.00621 | recon 0.00621 | kl 0.00637 | smooth 0.00000 | trans 0.00000 | lle 0.00000 | r 0.2496 | R² 0.0623 | eta 06:54
[066] train loss 0.00679 | recon 0.00679 | kl 0.00652 | smooth 0.00000 | trans 0.00000 | lle 0.00000 | beta 0.000
      valid loss 0.00621 | recon 0.00621 | kl 0.00627 | smooth 0.00000 | trans 0.00000 | lle 0.00000 | r 0.2467 | R² 0.0609 | eta 06:49
[067] train loss 0.00679 | recon 0.00679 | kl 0.00630 | smooth 0.00000 | trans 0.00000 | lle 0.00000 | beta 0.000
      valid loss 0.00621 | recon 0.00621 | kl 0.00658 | smooth 0.00000 | trans 0.00000 | lle 0.00000 | r 0.2468 | R² 0.0609 | eta 06:45
[068] train loss 0.00687 | recon 0.00687 | kl 0.00658 | smooth 0.00000 | trans 0.00000 | lle 0.00000 | beta 0.000
      valid loss 0.00621 | recon 0.00621 | kl 0.00604 | smooth 0.00000 | trans 0.00000 | lle 0.00000 | r 0.2466 | R² 0.0607 | eta 06:40
[069] train loss 0.00694 | recon 0.00694 | kl 0.00655 | smooth 0.00000 | trans 0.00000 | lle 0.00000 | beta 0.000
      valid loss 0.00619 | recon 0.00619 | kl 0.00647 | smooth 0.00000 | trans 0.00000 | lle 0.00000 | r 0.2500 | R² 0.0625 | eta 06:35
[070] train loss 0.00677 | recon 0.00677 | kl 0.00664 | smooth 0.00000 | trans 0.00000 | lle 0.00000 | beta 0.000
      valid loss 0.00623 | recon 0.00623 | kl 0.00699 | smooth 0.00000 | trans 0.00000 | lle 0.00000 | r 0.2442 | R² 0.0595 | eta 06:30
[071] train loss 0.00679 | recon 0.00679 | kl 0.00683 | smooth 0.00000 | trans 0.00000 | lle 0.00000 | beta 0.000
      valid loss 0.00623 | recon 0.00623 | kl 0.00617 | smooth 0.00000 | trans 0.00000 | lle 0.00000 | r 0.2469 | R² 0.0605 | eta 06:25
[072] train loss 0.00691 | recon 0.00691 | kl 0.00681 | smooth 0.00000 | trans 0.00000 | lle 0.00000 | beta 0.000
      valid loss 0.00621 | recon 0.00621 | kl 0.00698 | smooth 0.00000 | trans 0.00000 | lle 0.00000 | r 0.2481 | R² 0.0615 | eta 06:20
[073] train loss 0.00681 | recon 0.00681 | kl 0.00690 | smooth 0.00000 | trans 0.00000 | lle 0.00000 | beta 0.000
      valid loss 0.00621 | recon 0.00621 | kl 0.00725 | smooth 0.00000 | trans 0.00000 | lle 0.00000 | r 0.2461 | R² 0.0605 | eta 06:15
[074] train loss 0.00679 | recon 0.00679 | kl 0.00712 | smooth 0.00000 | trans 0.00000 | lle 0.00000 | beta 0.000
      valid loss 0.00621 | recon 0.00621 | kl 0.00693 | smooth 0.00000 | trans 0.00000 | lle 0.00000 | r 0.2459 | R² 0.0604 | eta 06:10
[075] train loss 0.00679 | recon 0.00679 | kl 0.00698 | smooth 0.00000 | trans 0.00000 | lle 0.00000 | beta 0.000
      valid loss 0.00621 | recon 0.00621 | kl 0.00722 | smooth 0.00000 | trans 0.00000 | lle 0.00000 | r 0.2493 | R² 0.0621 | eta 06:05
[076] train loss 0.00684 | recon 0.00684 | kl 0.00718 | smooth 0.00000 | trans 0.00000 | lle 0.00000 | beta 0.000
      valid loss 0.00622 | recon 0.00622 | kl 0.00676 | smooth 0.00000 | trans 0.00000 | lle 0.00000 | r 0.2438 | R² 0.0594 | eta 06:00
[077] train loss 0.00696 | recon 0.00696 | kl 0.00711 | smooth 0.00000 | trans 0.00000 | lle 0.00000 | beta 0.000
      valid loss 0.00620 | recon 0.00620 | kl 0.00692 | smooth 0.00000 | trans 0.00000 | lle 0.00000 | r 0.2491 | R² 0.0620 | eta 05:55
[078] train loss 0.00681 | recon 0.00681 | kl 0.00717 | smooth 0.00000 | trans 0.00000 | lle 0.00000 | beta 0.000
      valid loss 0.00622 | recon 0.00622 | kl 0.00736 | smooth 0.00000 | trans 0.00000 | lle 0.00000 | r 0.2475 | R² 0.0611 | eta 05:50
[079] train loss 0.00688 | recon 0.00688 | kl 0.00725 | smooth 0.00000 | trans 0.00000 | lle 0.00000 | beta 0.000
      valid loss 0.00622 | recon 0.00622 | kl 0.00736 | smooth 0.00000 | trans 0.00000 | lle 0.00000 | r 0.2488 | R² 0.0618 | eta 05:46
[080] train loss 0.00677 | recon 0.00677 | kl 0.00720 | smooth 0.00000 | trans 0.00000 | lle 0.00000 | beta 0.000
      valid loss 0.00621 | recon 0.00621 | kl 0.00760 | smooth 0.00000 | trans 0.00000 | lle 0.00000 | r 0.2462 | R² 0.0606 | eta 05:41
[081] train loss 0.00678 | recon 0.00678 | kl 0.00724 | smooth 0.00000 | trans 0.00000 | lle 0.00000 | beta 0.000
      valid loss 0.00620 | recon 0.00620 | kl 0.00754 | smooth 0.00000 | trans 0.00000 | lle 0.00000 | r 0.2504 | R² 0.0627 | eta 05:36
[082] train loss 0.00680 | recon 0.00680 | kl 0.00746 | smooth 0.00000 | trans 0.00000 | lle 0.00000 | beta 0.000
      valid loss 0.00621 | recon 0.00621 | kl 0.00726 | smooth 0.00000 | trans 0.00000 | lle 0.00000 | r 0.2468 | R² 0.0609 | eta 05:31
[083] train loss 0.00688 | recon 0.00688 | kl 0.00724 | smooth 0.00000 | trans 0.00000 | lle 0.00000 | beta 0.000
      valid loss 0.00624 | recon 0.00624 | kl 0.00726 | smooth 0.00000 | trans 0.00000 | lle 0.00000 | r 0.2465 | R² 0.0601 | eta 05:26
[084] train loss 0.00677 | recon 0.00677 | kl 0.00740 | smooth 0.00000 | trans 0.00000 | lle 0.00000 | beta 0.000
      valid loss 0.00621 | recon 0.00621 | kl 0.00706 | smooth 0.00000 | trans 0.00000 | lle 0.00000 | r 0.2475 | R² 0.0612 | eta 05:21
[085] train loss 0.00685 | recon 0.00685 | kl 0.00738 | smooth 0.00000 | trans 0.00000 | lle 0.00000 | beta 0.000
      valid loss 0.00621 | recon 0.00621 | kl 0.00736 | smooth 0.00000 | trans 0.00000 | lle 0.00000 | r 0.2469 | R² 0.0609 | eta 05:16
[086] train loss 0.00686 | recon 0.00686 | kl 0.00742 | smooth 0.00000 | trans 0.00000 | lle 0.00000 | beta 0.000
      valid loss 0.00620 | recon 0.00620 | kl 0.00734 | smooth 0.00000 | trans 0.00000 | lle 0.00000 | r 0.2487 | R² 0.0618 | eta 05:11
[087] train loss 0.00688 | recon 0.00688 | kl 0.00743 | smooth 0.00000 | trans 0.00000 | lle 0.00000 | beta 0.000
      valid loss 0.00622 | recon 0.00622 | kl 0.00751 | smooth 0.00000 | trans 0.00000 | lle 0.00000 | r 0.2445 | R² 0.0598 | eta 05:06
[088] train loss 0.00690 | recon 0.00690 | kl 0.00762 | smooth 0.00000 | trans 0.00000 | lle 0.00000 | beta 0.000
      valid loss 0.00624 | recon 0.00624 | kl 0.00754 | smooth 0.00000 | trans 0.00000 | lle 0.00000 | r 0.2455 | R² 0.0599 | eta 05:01
[089] train loss 0.00683 | recon 0.00683 | kl 0.00751 | smooth 0.00000 | trans 0.00000 | lle 0.00000 | beta 0.000
      valid loss 0.00621 | recon 0.00621 | kl 0.00742 | smooth 0.00000 | trans 0.00000 | lle 0.00000 | r 0.2482 | R² 0.0616 | eta 04:57
[090] train loss 0.00693 | recon 0.00693 | kl 0.00769 | smooth 0.00000 | trans 0.00000 | lle 0.00000 | beta 0.000
      valid loss 0.00622 | recon 0.00622 | kl 0.00711 | smooth 0.00000 | trans 0.00000 | lle 0.00000 | r 0.2437 | R² 0.0592 | eta 04:52
[091] train loss 0.00684 | recon 0.00684 | kl 0.00750 | smooth 0.00000 | trans 0.00000 | lle 0.00000 | beta 0.000
      valid loss 0.00622 | recon 0.00622 | kl 0.00726 | smooth 0.00000 | trans 0.00000 | lle 0.00000 | r 0.2478 | R² 0.0612 | eta 04:47
[092] train loss 0.00686 | recon 0.00686 | kl 0.00768 | smooth 0.00000 | trans 0.00000 | lle 0.00000 | beta 0.000
      valid loss 0.00621 | recon 0.00621 | kl 0.00802 | smooth 0.00000 | trans 0.00000 | lle 0.00000 | r 0.2470 | R² 0.0610 | eta 04:42
[093] train loss 0.00683 | recon 0.00683 | kl 0.00783 | smooth 0.00000 | trans 0.00000 | lle 0.00000 | beta 0.000
      valid loss 0.00622 | recon 0.00622 | kl 0.00778 | smooth 0.00000 | trans 0.00000 | lle 0.00000 | r 0.2479 | R² 0.0614 | eta 04:37
[094] train loss 0.00684 | recon 0.00684 | kl 0.00765 | smooth 0.00000 | trans 0.00000 | lle 0.00000 | beta 0.000
      valid loss 0.00620 | recon 0.00620 | kl 0.00825 | smooth 0.00000 | trans 0.00000 | lle 0.00000 | r 0.2502 | R² 0.0626 | eta 04:32
[095] train loss 0.00685 | recon 0.00685 | kl 0.00791 | smooth 0.00000 | trans 0.00000 | lle 0.00000 | beta 0.000
      valid loss 0.00621 | recon 0.00621 | kl 0.00772 | smooth 0.00000 | trans 0.00000 | lle 0.00000 | r 0.2480 | R² 0.0614 | eta 04:27
[096] train loss 0.00683 | recon 0.00683 | kl 0.00783 | smooth 0.00000 | trans 0.00000 | lle 0.00000 | beta 0.000
      valid loss 0.00622 | recon 0.00622 | kl 0.00774 | smooth 0.00000 | trans 0.00000 | lle 0.00000 | r 0.2452 | R² 0.0600 | eta 04:22
[097] train loss 0.00687 | recon 0.00687 | kl 0.00790 | smooth 0.00000 | trans 0.00000 | lle 0.00000 | beta 0.000
      valid loss 0.00622 | recon 0.00622 | kl 0.00769 | smooth 0.00000 | trans 0.00000 | lle 0.00000 | r 0.2482 | R² 0.0614 | eta 04:18
[098] train loss 0.00691 | recon 0.00691 | kl 0.00779 | smooth 0.00000 | trans 0.00000 | lle 0.00000 | beta 0.000
      valid loss 0.00622 | recon 0.00622 | kl 0.00821 | smooth 0.00000 | trans 0.00000 | lle 0.00000 | r 0.2465 | R² 0.0607 | eta 04:13
[099] train loss 0.00694 | recon 0.00694 | kl 0.00799 | smooth 0.00000 | trans 0.00000 | lle 0.00000 | beta 0.000
      valid loss 0.00622 | recon 0.00622 | kl 0.00805 | smooth 0.00000 | trans 0.00000 | lle 0.00000 | r 0.2459 | R² 0.0605 | eta 04:08
[100] train loss 0.00688 | recon 0.00688 | kl 0.00809 | smooth 0.00000 | trans 0.00000 | lle 0.00000 | beta 0.000
      valid loss 0.00621 | recon 0.00621 | kl 0.00788 | smooth 0.00000 | trans 0.00000 | lle 0.00000 | r 0.2470 | R² 0.0610 | eta 04:03
[101] train loss 0.00681 | recon 0.00681 | kl 0.00816 | smooth 0.00000 | trans 0.00000 | lle 0.00000 | beta 0.000
      valid loss 0.00621 | recon 0.00621 | kl 0.00793 | smooth 0.00000 | trans 0.00000 | lle 0.00000 | r 0.2482 | R² 0.0615 | eta 03:58
[102] train loss 0.00683 | recon 0.00683 | kl 0.00802 | smooth 0.00000 | trans 0.00000 | lle 0.00000 | beta 0.000
      valid loss 0.00622 | recon 0.00622 | kl 0.00802 | smooth 0.00000 | trans 0.00000 | lle 0.00000 | r 0.2496 | R² 0.0621 | eta 03:53
[103] train loss 0.00686 | recon 0.00686 | kl 0.00789 | smooth 0.00000 | trans 0.00000 | lle 0.00000 | beta 0.000
      valid loss 0.00623 | recon 0.00623 | kl 0.00799 | smooth 0.00000 | trans 0.00000 | lle 0.00000 | r 0.2442 | R² 0.0596 | eta 03:48
[104] train loss 0.00691 | recon 0.00691 | kl 0.00817 | smooth 0.00000 | trans 0.00000 | lle 0.00000 | beta 0.000
      valid loss 0.00621 | recon 0.00621 | kl 0.00817 | smooth 0.00000 | trans 0.00000 | lle 0.00000 | r 0.2488 | R² 0.0618 | eta 03:43
[105] train loss 0.00695 | recon 0.00695 | kl 0.00820 | smooth 0.00000 | trans 0.00000 | lle 0.00000 | beta 0.000
      valid loss 0.00622 | recon 0.00622 | kl 0.00850 | smooth 0.00000 | trans 0.00000 | lle 0.00000 | r 0.2447 | R² 0.0599 | eta 03:38
[106] train loss 0.00684 | recon 0.00684 | kl 0.00813 | smooth 0.00000 | trans 0.00000 | lle 0.00000 | beta 0.000
      valid loss 0.00623 | recon 0.00623 | kl 0.00840 | smooth 0.00000 | trans 0.00000 | lle 0.00000 | r 0.2466 | R² 0.0606 | eta 03:34
[107] train loss 0.00681 | recon 0.00681 | kl 0.00827 | smooth 0.00000 | trans 0.00000 | lle 0.00000 | beta 0.000
      valid loss 0.00621 | recon 0.00621 | kl 0.00817 | smooth 0.00000 | trans 0.00000 | lle 0.00000 | r 0.2453 | R² 0.0602 | eta 03:29
[108] train loss 0.00684 | recon 0.00684 | kl 0.00826 | smooth 0.00000 | trans 0.00000 | lle 0.00000 | beta 0.000
      valid loss 0.00621 | recon 0.00621 | kl 0.00835 | smooth 0.00000 | trans 0.00000 | lle 0.00000 | r 0.2501 | R² 0.0625 | eta 03:24
[109] train loss 0.00677 | recon 0.00677 | kl 0.00825 | smooth 0.00000 | trans 0.00000 | lle 0.00000 | beta 0.000
      valid loss 0.00622 | recon 0.00622 | kl 0.00816 | smooth 0.00000 | trans 0.00000 | lle 0.00000 | r 0.2448 | R² 0.0599 | eta 03:19
[110] train loss 0.00675 | recon 0.00675 | kl 0.00826 | smooth 0.00000 | trans 0.00000 | lle 0.00000 | beta 0.000
      valid loss 0.00621 | recon 0.00621 | kl 0.00853 | smooth 0.00000 | trans 0.00000 | lle 0.00000 | r 0.2486 | R² 0.0618 | eta 03:14
[111] train loss 0.00688 | recon 0.00688 | kl 0.00837 | smooth 0.00000 | trans 0.00000 | lle 0.00000 | beta 0.000
      valid loss 0.00622 | recon 0.00622 | kl 0.00835 | smooth 0.00000 | trans 0.00000 | lle 0.00000 | r 0.2467 | R² 0.0608 | eta 03:09
[112] train loss 0.00678 | recon 0.00678 | kl 0.00833 | smooth 0.00000 | trans 0.00000 | lle 0.00000 | beta 0.000
      valid loss 0.00622 | recon 0.00622 | kl 0.00829 | smooth 0.00000 | trans 0.00000 | lle 0.00000 | r 0.2452 | R² 0.0600 | eta 03:04
[113] train loss 0.00688 | recon 0.00688 | kl 0.00851 | smooth 0.00000 | trans 0.00000 | lle 0.00000 | beta 0.000
      valid loss 0.00622 | recon 0.00622 | kl 0.00802 | smooth 0.00000 | trans 0.00000 | lle 0.00000 | r 0.2477 | R² 0.0611 | eta 03:00
[114] train loss 0.00694 | recon 0.00694 | kl 0.00854 | smooth 0.00000 | trans 0.00000 | lle 0.00000 | beta 0.000
      valid loss 0.00621 | recon 0.00621 | kl 0.00857 | smooth 0.00000 | trans 0.00000 | lle 0.00000 | r 0.2484 | R² 0.0617 | eta 02:55
[115] train loss 0.00675 | recon 0.00675 | kl 0.00853 | smooth 0.00000 | trans 0.00000 | lle 0.00000 | beta 0.000
      valid loss 0.00622 | recon 0.00622 | kl 0.00869 | smooth 0.00000 | trans 0.00000 | lle 0.00000 | r 0.2485 | R² 0.0615 | eta 02:50
[116] train loss 0.00689 | recon 0.00689 | kl 0.00846 | smooth 0.00000 | trans 0.00000 | lle 0.00000 | beta 0.000
      valid loss 0.00621 | recon 0.00621 | kl 0.00860 | smooth 0.00000 | trans 0.00000 | lle 0.00000 | r 0.2477 | R² 0.0613 | eta 02:45
[117] train loss 0.00683 | recon 0.00683 | kl 0.00876 | smooth 0.00000 | trans 0.00000 | lle 0.00000 | beta 0.000
      valid loss 0.00625 | recon 0.00625 | kl 0.00841 | smooth 0.00000 | trans 0.00000 | lle 0.00000 | r 0.2419 | R² 0.0580 | eta 02:40
[118] train loss 0.00695 | recon 0.00695 | kl 0.00860 | smooth 0.00000 | trans 0.00000 | lle 0.00000 | beta 0.000
      valid loss 0.00620 | recon 0.00620 | kl 0.00858 | smooth 0.00000 | trans 0.00000 | lle 0.00000 | r 0.2513 | R² 0.0632 | eta 02:35
[119] train loss 0.00694 | recon 0.00694 | kl 0.00857 | smooth 0.00000 | trans 0.00000 | lle 0.00000 | beta 0.000
      valid loss 0.00623 | recon 0.00623 | kl 0.00893 | smooth 0.00000 | trans 0.00000 | lle 0.00000 | r 0.2453 | R² 0.0601 | eta 02:30
[120] train loss 0.00681 | recon 0.00681 | kl 0.00890 | smooth 0.00000 | trans 0.00000 | lle 0.00000 | beta 0.000
      valid loss 0.00622 | recon 0.00622 | kl 0.00859 | smooth 0.00000 | trans 0.00000 | lle 0.00000 | r 0.2449 | R² 0.0599 | eta 02:26
[121] train loss 0.00687 | recon 0.00687 | kl 0.00860 | smooth 0.00000 | trans 0.00000 | lle 0.00000 | beta 0.000
      valid loss 0.00622 | recon 0.00622 | kl 0.00873 | smooth 0.00000 | trans 0.00000 | lle 0.00000 | r 0.2478 | R² 0.0612 | eta 02:21
[122] train loss 0.00685 | recon 0.00685 | kl 0.00885 | smooth 0.00000 | trans 0.00000 | lle 0.00000 | beta 0.000
      valid loss 0.00622 | recon 0.00622 | kl 0.00898 | smooth 0.00000 | trans 0.00000 | lle 0.00000 | r 0.2463 | R² 0.0606 | eta 02:16
[123] train loss 0.00698 | recon 0.00698 | kl 0.00888 | smooth 0.00000 | trans 0.00000 | lle 0.00000 | beta 0.000
      valid loss 0.00621 | recon 0.00621 | kl 0.00873 | smooth 0.00000 | trans 0.00000 | lle 0.00000 | r 0.2508 | R² 0.0628 | eta 02:11
[124] train loss 0.00686 | recon 0.00686 | kl 0.00870 | smooth 0.00000 | trans 0.00000 | lle 0.00000 | beta 0.000
      valid loss 0.00622 | recon 0.00622 | kl 0.00906 | smooth 0.00000 | trans 0.00000 | lle 0.00000 | r 0.2456 | R² 0.0603 | eta 02:06
[125] train loss 0.00696 | recon 0.00696 | kl 0.00899 | smooth 0.00000 | trans 0.00000 | lle 0.00000 | beta 0.000
      valid loss 0.00622 | recon 0.00622 | kl 0.00882 | smooth 0.00000 | trans 0.00000 | lle 0.00000 | r 0.2474 | R² 0.0611 | eta 02:01
[126] train loss 0.00695 | recon 0.00695 | kl 0.00887 | smooth 0.00000 | trans 0.00000 | lle 0.00000 | beta 0.000
      valid loss 0.00621 | recon 0.00621 | kl 0.00943 | smooth 0.00000 | trans 0.00000 | lle 0.00000 | r 0.2454 | R² 0.0602 | eta 01:56
[127] train loss 0.00694 | recon 0.00694 | kl 0.00930 | smooth 0.00000 | trans 0.00000 | lle 0.00000 | beta 0.000
      valid loss 0.00619 | recon 0.00619 | kl 0.00886 | smooth 0.00000 | trans 0.00000 | lle 0.00000 | r 0.2507 | R² 0.0629 | eta 01:51
[128] train loss 0.00676 | recon 0.00676 | kl 0.00911 | smooth 0.00000 | trans 0.00000 | lle 0.00000 | beta 0.000
      valid loss 0.00621 | recon 0.00621 | kl 0.00901 | smooth 0.00000 | trans 0.00000 | lle 0.00000 | r 0.2471 | R² 0.0610 | eta 01:47
[129] train loss 0.00689 | recon 0.00689 | kl 0.00920 | smooth 0.00000 | trans 0.00000 | lle 0.00000 | beta 0.000
      valid loss 0.00623 | recon 0.00623 | kl 0.00908 | smooth 0.00000 | trans 0.00000 | lle 0.00000 | r 0.2437 | R² 0.0593 | eta 01:42
[130] train loss 0.00686 | recon 0.00686 | kl 0.00903 | smooth 0.00000 | trans 0.00000 | lle 0.00000 | beta 0.000
      valid loss 0.00622 | recon 0.00622 | kl 0.00926 | smooth 0.00000 | trans 0.00000 | lle 0.00000 | r 0.2477 | R² 0.0611 | eta 01:37
[131] train loss 0.00688 | recon 0.00688 | kl 0.00928 | smooth 0.00000 | trans 0.00000 | lle 0.00000 | beta 0.000
      valid loss 0.00623 | recon 0.00623 | kl 0.00900 | smooth 0.00000 | trans 0.00000 | lle 0.00000 | r 0.2428 | R² 0.0589 | eta 01:32
[132] train loss 0.00684 | recon 0.00684 | kl 0.00932 | smooth 0.00000 | trans 0.00000 | lle 0.00000 | beta 0.000
      valid loss 0.00621 | recon 0.00621 | kl 0.00935 | smooth 0.00000 | trans 0.00000 | lle 0.00000 | r 0.2468 | R² 0.0609 | eta 01:27
[133] train loss 0.00681 | recon 0.00681 | kl 0.00932 | smooth 0.00000 | trans 0.00000 | lle 0.00000 | beta 0.000
      valid loss 0.00620 | recon 0.00620 | kl 0.00912 | smooth 0.00000 | trans 0.00000 | lle 0.00000 | r 0.2485 | R² 0.0618 | eta 01:22
[134] train loss 0.00689 | recon 0.00689 | kl 0.00922 | smooth 0.00000 | trans 0.00000 | lle 0.00000 | beta 0.000
      valid loss 0.00622 | recon 0.00622 | kl 0.00961 | smooth 0.00000 | trans 0.00000 | lle 0.00000 | r 0.2477 | R² 0.0613 | eta 01:17
[135] train loss 0.00689 | recon 0.00689 | kl 0.00936 | smooth 0.00000 | trans 0.00000 | lle 0.00000 | beta 0.000
      valid loss 0.00622 | recon 0.00622 | kl 0.00904 | smooth 0.00000 | trans 0.00000 | lle 0.00000 | r 0.2463 | R² 0.0605 | eta 01:12
[136] train loss 0.00683 | recon 0.00683 | kl 0.00932 | smooth 0.00000 | trans 0.00000 | lle 0.00000 | beta 0.000
      valid loss 0.00620 | recon 0.00620 | kl 0.00963 | smooth 0.00000 | trans 0.00000 | lle 0.00000 | r 0.2505 | R² 0.0628 | eta 01:08
[137] train loss 0.00676 | recon 0.00676 | kl 0.00919 | smooth 0.00000 | trans 0.00000 | lle 0.00000 | beta 0.000
      valid loss 0.00622 | recon 0.00622 | kl 0.00924 | smooth 0.00000 | trans 0.00000 | lle 0.00000 | r 0.2454 | R² 0.0602 | eta 01:03
[138] train loss 0.00677 | recon 0.00677 | kl 0.00926 | smooth 0.00000 | trans 0.00000 | lle 0.00000 | beta 0.000
      valid loss 0.00621 | recon 0.00621 | kl 0.00948 | smooth 0.00000 | trans 0.00000 | lle 0.00000 | r 0.2498 | R² 0.0624 | eta 00:58
[139] train loss 0.00684 | recon 0.00684 | kl 0.00925 | smooth 0.00000 | trans 0.00000 | lle 0.00000 | beta 0.000
      valid loss 0.00622 | recon 0.00622 | kl 0.00956 | smooth 0.00000 | trans 0.00000 | lle 0.00000 | r 0.2441 | R² 0.0596 | eta 00:53
[140] train loss 0.00687 | recon 0.00687 | kl 0.00935 | smooth 0.00000 | trans 0.00000 | lle 0.00000 | beta 0.000
      valid loss 0.00621 | recon 0.00621 | kl 0.00929 | smooth 0.00000 | trans 0.00000 | lle 0.00000 | r 0.2465 | R² 0.0608 | eta 00:48
[141] train loss 0.00678 | recon 0.00678 | kl 0.00949 | smooth 0.00000 | trans 0.00000 | lle 0.00000 | beta 0.000
      valid loss 0.00621 | recon 0.00621 | kl 0.00943 | smooth 0.00000 | trans 0.00000 | lle 0.00000 | r 0.2497 | R² 0.0623 | eta 00:43
[142] train loss 0.00691 | recon 0.00691 | kl 0.00940 | smooth 0.00000 | trans 0.00000 | lle 0.00000 | beta 0.000
      valid loss 0.00623 | recon 0.00623 | kl 0.00934 | smooth 0.00000 | trans 0.00000 | lle 0.00000 | r 0.2437 | R² 0.0593 | eta 00:38
[143] train loss 0.00685 | recon 0.00685 | kl 0.00942 | smooth 0.00000 | trans 0.00000 | lle 0.00000 | beta 0.000
      valid loss 0.00622 | recon 0.00622 | kl 0.00932 | smooth 0.00000 | trans 0.00000 | lle 0.00000 | r 0.2469 | R² 0.0608 | eta 00:34
[144] train loss 0.00687 | recon 0.00687 | kl 0.00935 | smooth 0.00000 | trans 0.00000 | lle 0.00000 | beta 0.000
      valid loss 0.00621 | recon 0.00621 | kl 0.00948 | smooth 0.00000 | trans 0.00000 | lle 0.00000 | r 0.2463 | R² 0.0607 | eta 00:29
[145] train loss 0.00693 | recon 0.00693 | kl 0.00936 | smooth 0.00000 | trans 0.00000 | lle 0.00000 | beta 0.000
      valid loss 0.00620 | recon 0.00620 | kl 0.00953 | smooth 0.00000 | trans 0.00000 | lle 0.00000 | r 0.2495 | R² 0.0623 | eta 00:24
[146] train loss 0.00683 | recon 0.00683 | kl 0.00942 | smooth 0.00000 | trans 0.00000 | lle 0.00000 | beta 0.000
      valid loss 0.00621 | recon 0.00621 | kl 0.00930 | smooth 0.00000 | trans 0.00000 | lle 0.00000 | r 0.2475 | R² 0.0612 | eta 00:19
[147] train loss 0.00679 | recon 0.00679 | kl 0.00937 | smooth 0.00000 | trans 0.00000 | lle 0.00000 | beta 0.000
      valid loss 0.00621 | recon 0.00621 | kl 0.00971 | smooth 0.00000 | trans 0.00000 | lle 0.00000 | r 0.2451 | R² 0.0600 | eta 00:14
[148] train loss 0.00678 | recon 0.00678 | kl 0.00953 | smooth 0.00000 | trans 0.00000 | lle 0.00000 | beta 0.000
      valid loss 0.00621 | recon 0.00621 | kl 0.00921 | smooth 0.00000 | trans 0.00000 | lle 0.00000 | r 0.2463 | R² 0.0607 | eta 00:09
[149] train loss 0.00692 | recon 0.00692 | kl 0.00954 | smooth 0.00000 | trans 0.00000 | lle 0.00000 | beta 0.000
      valid loss 0.00621 | recon 0.00621 | kl 0.00911 | smooth 0.00000 | trans 0.00000 | lle 0.00000 | r 0.2461 | R² 0.0605 | eta 00:04
[150] train loss 0.00679 | recon 0.00679 | kl 0.00943 | smooth 0.00000 | trans 0.00000 | lle 0.00000 | beta 0.000
      valid loss 0.00623 | recon 0.00623 | kl 0.00918 | smooth 0.00000 | trans 0.00000 | lle 0.00000 | r 0.2423 | R² 0.0585 | eta 00:00
/home/4429/envs/odevae/lib/python3.11/site-packages/sklearn/manifold/_mds.py:754: FutureWarning: The default value of `init` will change from 'random' to 'classical_mds' in 1.10. To suppress this warning, provide some value of `init`.
  warnings.warn(
/home/4429/envs/odevae/lib/python3.11/site-packages/sklearn/manifold/_mds.py:771: FutureWarning: The `dissimilarity` parameter is deprecated and will be removed in 1.10. Use `metric` instead.
  warnings.warn(
      wrote /home/4429/projects/Neural_VAE_ODE/runs/2026-05-26_091636_dc0825c/latent_manifold_mds.png
done.
net.0.bias 0.003083075862377882
net.2.bias 0.0006149274413473904
net.4.bias 0.006907754577696323
Saved run metadata → /home/4429/projects/Neural_VAE_ODE/runs/2026-05-26_091636_dc0825c/run_metadata.json
Final r: 0.2423
Final R²: 0.0585
Results logged to /home/4429/projects/Neural_VAE_ODE/src/training_results.txt
Exception ignored in: Exception ignored in sys.unraisablehook