Running script: v5_neural_vae.py
Loading configuration from /home/4429/projects/Neural_VAE_ODE/runs/2026-05-26_085332_f8766a2/config.txt
Device: cuda
Built sequences: B=180, :=120, N=357
Train-std neuron filter: removed 4 train-silent neurons; kept 353 neurons (threshold=1e-07).
MIND neuron filter: removed 18 silent neurons; kept 357 active neurons.
/home/4429/envs/odevae/lib/python3.11/site-packages/torch/nn/modules/transformer.py:379: UserWarning: enable_nested_tensor is True, but self.use_nested_tensor is False because encoder_layer.self_attn.batch_first was not True(use batch_first for better inference performance)
  warnings.warn(
[001] train loss 3.51253 | recon 3.51048 | kl 1.55236 | smooth 0.99144 | trans 0.16969 | lle 0.00042 | beta 0.001
      valid loss 14.15976 | recon 14.13506 | kl 1.18428 | smooth 0.97643 | trans 0.23236 | lle 0.00026 | r 0.1972 | R² 0.0389 | eta 13:15
      saved best checkpoint -> /home/4429/projects/Neural_VAE_ODE/runs/2026-05-26_085332_f8766a2/ode_vae_best.pt
[002] train loss 3.44918 | recon 3.44537 | kl 2.08839 | smooth 0.97031 | trans 0.16907 | lle 0.00045 | beta 0.001
      valid loss 14.11837 | recon 14.08385 | kl 1.67384 | smooth 0.96423 | trans 0.23236 | lle 0.00029 | r 0.2027 | R² 0.0411 | eta 12:31
      saved best checkpoint -> /home/4429/projects/Neural_VAE_ODE/runs/2026-05-26_085332_f8766a2/ode_vae_best.pt
[003] train loss 3.35470 | recon 3.34752 | kl 3.06857 | smooth 0.95808 | trans 0.16913 | lle 0.00042 | beta 0.002
      valid loss 14.08900 | recon 14.04184 | kl 2.30474 | smooth 0.95602 | trans 0.23236 | lle 0.00029 | r 0.1893 | R² 0.0332 | eta 12:11
      saved best checkpoint -> /home/4429/projects/Neural_VAE_ODE/runs/2026-05-26_085332_f8766a2/ode_vae_best.pt
[004] train loss 3.30646 | recon 3.29521 | kl 3.81650 | smooth 0.95174 | trans 0.16870 | lle 0.00045 | beta 0.003
      valid loss 14.04415 | recon 13.99400 | kl 2.45223 | smooth 0.94991 | trans 0.23236 | lle 0.00026 | r 0.2208 | R² 0.0478 | eta 12:04
      saved best checkpoint -> /home/4429/projects/Neural_VAE_ODE/runs/2026-05-26_085332_f8766a2/ode_vae_best.pt
[005] train loss 3.26894 | recon 3.25320 | kl 4.39403 | smooth 0.94720 | trans 0.16929 | lle 0.00044 | beta 0.003
      valid loss 14.09130 | recon 14.02362 | kl 3.32731 | smooth 0.93763 | trans 0.23236 | lle 0.00029 | r 0.2036 | R² 0.0269 | eta 11:54
[006] train loss 3.21160 | recon 3.19093 | kl 4.88914 | smooth 0.94275 | trans 0.16983 | lle 0.00041 | beta 0.004
      valid loss 14.01804 | recon 13.94385 | kl 3.65111 | smooth 0.93569 | trans 0.23236 | lle 0.00028 | r 0.2196 | R² 0.0357 | eta 11:42
      saved best checkpoint -> /home/4429/projects/Neural_VAE_ODE/runs/2026-05-26_085332_f8766a2/ode_vae_best.pt
[007] train loss 2.98933 | recon 2.96419 | kl 5.14477 | smooth 0.93706 | trans 0.16220 | lle 0.00042 | beta 0.005
      valid loss 13.95697 | recon 13.87981 | kl 3.79757 | smooth 0.93535 | trans 0.23236 | lle 0.00023 | r 0.2163 | R² 0.0285 | eta 11:36
      saved best checkpoint -> /home/4429/projects/Neural_VAE_ODE/runs/2026-05-26_085332_f8766a2/ode_vae_best.pt
[008] train loss 3.00738 | recon 2.97510 | kl 5.83381 | smooth 0.94542 | trans 0.16764 | lle 0.00043 | beta 0.005
      valid loss 14.19488 | recon 14.11622 | kl 3.86955 | smooth 0.95168 | trans 0.23236 | lle 0.00029 | r 0.2338 | R² 0.0415 | eta 11:29
[009] train loss 2.99727 | recon 2.96139 | kl 5.77929 | smooth 0.94491 | trans 0.16839 | lle 0.00044 | beta 0.006
      valid loss 14.02933 | recon 13.94448 | kl 4.17840 | smooth 0.93498 | trans 0.23235 | lle 0.00024 | r 0.2298 | R² 0.0375 | eta 11:22
[010] train loss 2.87555 | recon 2.83279 | kl 6.22927 | smooth 0.94855 | trans 0.16803 | lle 0.00042 | beta 0.007
      valid loss 14.02501 | recon 13.93405 | kl 4.48146 | smooth 0.94293 | trans 0.23236 | lle 0.00026 | r 0.2216 | R² 0.0255 | eta 11:17
[011] train loss 2.76719 | recon 2.72065 | kl 6.17463 | smooth 0.95372 | trans 0.16792 | lle 0.00040 | beta 0.007
      valid loss 13.89402 | recon 13.79805 | kl 4.72986 | smooth 0.94901 | trans 0.23235 | lle 0.00025 | r 0.2182 | R² 0.0242 | eta 11:10
      saved best checkpoint -> /home/4429/projects/Neural_VAE_ODE/runs/2026-05-26_085332_f8766a2/ode_vae_best.pt
[012] train loss 2.70815 | recon 2.65212 | kl 6.84181 | smooth 0.96148 | trans 0.16700 | lle 0.00044 | beta 0.008
      valid loss 14.07033 | recon 13.98073 | kl 4.40903 | smooth 0.95173 | trans 0.23236 | lle 0.00027 | r 0.2335 | R² 0.0282 | eta 11:04
[013] train loss 2.62837 | recon 2.56877 | kl 6.72328 | smooth 0.96705 | trans 0.16872 | lle 0.00043 | beta 0.009
      valid loss 13.93722 | recon 13.84794 | kl 4.39086 | smooth 0.95634 | trans 0.23235 | lle 0.00032 | r 0.2424 | R² 0.0315 | eta 10:58
[014] train loss 2.60211 | recon 2.53523 | kl 7.01966 | smooth 0.97108 | trans 0.16741 | lle 0.00041 | beta 0.009
      valid loss 13.94409 | recon 13.86010 | kl 4.12419 | smooth 0.96375 | trans 0.23235 | lle 0.00029 | r 0.2188 | R² 0.0168 | eta 10:52
[015] train loss 2.51006 | recon 2.43740 | kl 7.12618 | smooth 0.97645 | trans 0.16918 | lle 0.00043 | beta 0.010
      valid loss 14.06128 | recon 13.95913 | kl 5.02917 | smooth 0.98462 | trans 0.23235 | lle 0.00043 | r 0.2210 | R² 0.0076 | eta 10:46
[016] train loss 2.45966 | recon 2.38262 | kl 7.08745 | smooth 0.98756 | trans 0.16929 | lle 0.00042 | beta 0.011
      valid loss 13.86129 | recon 13.77046 | kl 4.46112 | smooth 0.98703 | trans 0.23235 | lle 0.00028 | r 0.2184 | R² 0.0024 | eta 10:41
      saved best checkpoint -> /home/4429/projects/Neural_VAE_ODE/runs/2026-05-26_085332_f8766a2/ode_vae_best.pt
[017] train loss 2.34951 | recon 2.26576 | kl 7.26053 | smooth 0.99847 | trans 0.16560 | lle 0.00044 | beta 0.011
      valid loss 13.84161 | recon 13.73374 | kl 5.31088 | smooth 0.98814 | trans 0.23235 | lle 0.00034 | r 0.2255 | R² -0.0055 | eta 10:37
      saved best checkpoint -> /home/4429/projects/Neural_VAE_ODE/runs/2026-05-26_085332_f8766a2/ode_vae_best.pt
[018] train loss 2.30613 | recon 2.21756 | kl 7.25475 | smooth 1.00484 | trans 0.16918 | lle 0.00042 | beta 0.012
      valid loss 13.79132 | recon 13.69986 | kl 4.48777 | smooth 1.00263 | trans 0.23235 | lle 0.00029 | r 0.2141 | R² -0.0001 | eta 10:32
      saved best checkpoint -> /home/4429/projects/Neural_VAE_ODE/runs/2026-05-26_085332_f8766a2/ode_vae_best.pt
[019] train loss 2.29666 | recon 2.20210 | kl 7.34387 | smooth 1.01271 | trans 0.16519 | lle 0.00045 | beta 0.013
      valid loss 13.94269 | recon 13.84290 | kl 4.90184 | smooth 1.01500 | trans 0.23235 | lle 0.00029 | r 0.1961 | R² -0.0172 | eta 10:27
[020] train loss 2.18765 | recon 2.08842 | kl 7.32435 | smooth 1.01867 | trans 0.16642 | lle 0.00045 | beta 0.013
      valid loss 13.64057 | recon 13.54100 | kl 4.88852 | smooth 1.01965 | trans 0.23234 | lle 0.00033 | r 0.2175 | R² 0.0001 | eta 10:22
      saved best checkpoint -> /home/4429/projects/Neural_VAE_ODE/runs/2026-05-26_085332_f8766a2/ode_vae_best.pt
[021] train loss 2.15648 | recon 2.04782 | kl 7.64514 | smooth 1.02746 | trans 0.16958 | lle 0.00045 | beta 0.014
      valid loss 13.76556 | recon 13.68179 | kl 4.09638 | smooth 1.02461 | trans 0.23234 | lle 0.00032 | r 0.2200 | R² -0.0029 | eta 10:17
[022] train loss 2.15229 | recon 2.04154 | kl 7.43790 | smooth 1.03252 | trans 0.17015 | lle 0.00044 | beta 0.015
      valid loss 13.74805 | recon 13.65863 | kl 4.37642 | smooth 1.03719 | trans 0.23235 | lle 0.00025 | r 0.2285 | R² 0.0107 | eta 10:12
[023] train loss 2.10799 | recon 1.99564 | kl 7.21663 | smooth 1.04289 | trans 0.16927 | lle 0.00043 | beta 0.015
      valid loss 13.66487 | recon 13.56974 | kl 4.65948 | smooth 1.04486 | trans 0.23234 | lle 0.00031 | r 0.1987 | R² -0.0248 | eta 10:07
[024] train loss 2.03533 | recon 1.91049 | kl 7.69444 | smooth 1.04967 | trans 0.16983 | lle 0.00042 | beta 0.016
      valid loss 13.69249 | recon 13.60061 | kl 4.49462 | smooth 1.05786 | trans 0.23235 | lle 0.00029 | r 0.2020 | R² -0.0107 | eta 10:02
[025] train loss 1.97004 | recon 1.84366 | kl 7.47837 | smooth 1.05838 | trans 0.16448 | lle 0.00041 | beta 0.017
      valid loss 13.81966 | recon 13.72623 | kl 4.56891 | smooth 1.07432 | trans 0.23235 | lle 0.00035 | r 0.1943 | R² -0.0224 | eta 09:56
[026] train loss 1.97770 | recon 1.85181 | kl 7.15898 | smooth 1.06813 | trans 0.16903 | lle 0.00044 | beta 0.017
      valid loss 13.65800 | recon 13.55810 | kl 4.89104 | smooth 1.06981 | trans 0.23235 | lle 0.00032 | r 0.2034 | R² -0.0267 | eta 09:51
[027] train loss 1.92109 | recon 1.79172 | kl 7.08697 | smooth 1.07381 | trans 0.16178 | lle 0.00043 | beta 0.018
      valid loss 13.67087 | recon 13.58233 | kl 4.32064 | smooth 1.07304 | trans 0.23235 | lle 0.00036 | r 0.2082 | R² -0.0112 | eta 09:46
[028] train loss 1.89146 | recon 1.75619 | kl 7.14617 | smooth 1.08363 | trans 0.16849 | lle 0.00047 | beta 0.019
      valid loss 13.64780 | recon 13.54103 | kl 5.22938 | smooth 1.08833 | trans 0.23234 | lle 0.00027 | r 0.2033 | R² -0.0217 | eta 09:41
[029] train loss 1.86481 | recon 1.72031 | kl 7.37552 | smooth 1.09221 | trans 0.16950 | lle 0.00043 | beta 0.019
      valid loss 13.57157 | recon 13.46977 | kl 4.97833 | smooth 1.10205 | trans 0.23235 | lle 0.00043 | r 0.2320 | R² 0.0091 | eta 09:36
      saved best checkpoint -> /home/4429/projects/Neural_VAE_ODE/runs/2026-05-26_085332_f8766a2/ode_vae_best.pt
[030] train loss 1.81080 | recon 1.66479 | kl 7.20369 | smooth 1.10006 | trans 0.16770 | lle 0.00044 | beta 0.020
      valid loss 13.80832 | recon 13.70054 | kl 5.27585 | smooth 1.09502 | trans 0.23236 | lle 0.00029 | r 0.2060 | R² -0.0262 | eta 09:32
[031] train loss 1.71039 | recon 1.56606 | kl 7.12014 | smooth 1.10534 | trans 0.16411 | lle 0.00045 | beta 0.020
      valid loss 13.62651 | recon 13.53514 | kl 4.45481 | smooth 1.11258 | trans 0.23235 | lle 0.00033 | r 0.2120 | R² -0.0141 | eta 09:26
[032] train loss 1.76914 | recon 1.62555 | kl 7.08128 | smooth 1.11360 | trans 0.16967 | lle 0.00045 | beta 0.020
      valid loss 13.51222 | recon 13.41839 | kl 4.57700 | smooth 1.12509 | trans 0.23235 | lle 0.00029 | r 0.2266 | R² -0.0070 | eta 09:21
      saved best checkpoint -> /home/4429/projects/Neural_VAE_ODE/runs/2026-05-26_085332_f8766a2/ode_vae_best.pt
[033] train loss 1.69985 | recon 1.55766 | kl 7.01136 | smooth 1.11955 | trans 0.16758 | lle 0.00047 | beta 0.020
      valid loss 13.45127 | recon 13.34870 | kl 5.01330 | smooth 1.13680 | trans 0.23235 | lle 0.00029 | r 0.1953 | R² -0.0590 | eta 09:17
      saved best checkpoint -> /home/4429/projects/Neural_VAE_ODE/runs/2026-05-26_085332_f8766a2/ode_vae_best.pt
[034] train loss 1.68264 | recon 1.54195 | kl 6.93595 | smooth 1.12248 | trans 0.16931 | lle 0.00044 | beta 0.020
      valid loss 13.55231 | recon 13.44949 | kl 5.02625 | smooth 1.13017 | trans 0.23235 | lle 0.00031 | r 0.2351 | R² 0.0056 | eta 09:12
[035] train loss 1.64210 | recon 1.49929 | kl 7.04178 | smooth 1.13484 | trans 0.16726 | lle 0.00046 | beta 0.020
      valid loss 13.51712 | recon 13.41267 | kl 5.10652 | smooth 1.14992 | trans 0.23235 | lle 0.00032 | r 0.2062 | R² -0.0292 | eta 09:07
[036] train loss 1.62304 | recon 1.48332 | kl 6.88604 | smooth 1.14643 | trans 0.16989 | lle 0.00044 | beta 0.020
      valid loss 13.31681 | recon 13.22133 | kl 4.65823 | smooth 1.15025 | trans 0.23235 | lle 0.00027 | r 0.2145 | R² -0.0098 | eta 09:02
      saved best checkpoint -> /home/4429/projects/Neural_VAE_ODE/runs/2026-05-26_085332_f8766a2/ode_vae_best.pt
[037] train loss 1.57554 | recon 1.43606 | kl 6.87406 | smooth 1.15436 | trans 0.16917 | lle 0.00051 | beta 0.020
      valid loss 13.53527 | recon 13.43328 | kl 4.98322 | smooth 1.16186 | trans 0.23235 | lle 0.00032 | r 0.2147 | R² -0.0319 | eta 08:57
[038] train loss 1.57644 | recon 1.43568 | kl 6.93733 | smooth 1.16056 | trans 0.16827 | lle 0.00046 | beta 0.020
      valid loss 13.44687 | recon 13.34242 | kl 5.10544 | smooth 1.17253 | trans 0.23234 | lle 0.00030 | r 0.2209 | R² -0.0418 | eta 08:53
[039] train loss 1.50821 | recon 1.37210 | kl 6.70490 | smooth 1.16815 | trans 0.16808 | lle 0.00048 | beta 0.020
      valid loss 13.76742 | recon 13.66347 | kl 5.08012 | smooth 1.18322 | trans 0.23236 | lle 0.00038 | r 0.2156 | R² -0.0400 | eta 08:48
[040] train loss 1.52053 | recon 1.38612 | kl 6.61932 | smooth 1.17572 | trans 0.16982 | lle 0.00048 | beta 0.020
      valid loss 13.40480 | recon 13.30315 | kl 4.96489 | smooth 1.19158 | trans 0.23234 | lle 0.00030 | r 0.2220 | R² -0.0216 | eta 08:43
[041] train loss 1.48961 | recon 1.34547 | kl 7.10688 | smooth 1.18498 | trans 0.16197 | lle 0.00048 | beta 0.020
      valid loss 13.67153 | recon 13.56967 | kl 4.97533 | smooth 1.19160 | trans 0.23235 | lle 0.00034 | r 0.1999 | R² -0.0209 | eta 08:38
[042] train loss 1.46377 | recon 1.32485 | kl 6.84400 | smooth 1.18858 | trans 0.17041 | lle 0.00052 | beta 0.020
      valid loss 13.46105 | recon 13.35733 | kl 5.06776 | smooth 1.20402 | trans 0.23235 | lle 0.00035 | r 0.1845 | R² -0.0534 | eta 08:33
[043] train loss 1.47758 | recon 1.34268 | kl 6.64271 | smooth 1.19546 | trans 0.16948 | lle 0.00045 | beta 0.020
      valid loss 13.48693 | recon 13.39505 | kl 4.47552 | smooth 1.21173 | trans 0.23235 | lle 0.00033 | r 0.1987 | R² -0.0286 | eta 08:29
[044] train loss 1.42597 | recon 1.29221 | kl 6.58572 | smooth 1.20386 | trans 0.16726 | lle 0.00050 | beta 0.020
      valid loss 13.65193 | recon 13.54442 | kl 5.25693 | smooth 1.20592 | trans 0.23235 | lle 0.00030 | r 0.2070 | R² -0.0647 | eta 08:24
[045] train loss 1.41092 | recon 1.27945 | kl 6.47072 | smooth 1.21242 | trans 0.16726 | lle 0.00049 | beta 0.020
      valid loss 13.44822 | recon 13.35431 | kl 4.57550 | smooth 1.23246 | trans 0.23235 | lle 0.00036 | r 0.1925 | R² -0.0536 | eta 08:19
[046] train loss 1.39877 | recon 1.26530 | kl 6.56973 | smooth 1.22067 | trans 0.16989 | lle 0.00052 | beta 0.020
      valid loss 13.48685 | recon 13.39257 | kl 4.59466 | smooth 1.22839 | trans 0.23235 | lle 0.00032 | r 0.2122 | R² -0.0391 | eta 08:14
[047] train loss 1.34377 | recon 1.21589 | kl 6.29131 | smooth 1.22847 | trans 0.16417 | lle 0.00048 | beta 0.020
      valid loss 13.44412 | recon 13.34496 | kl 4.83839 | smooth 1.23013 | trans 0.23235 | lle 0.00030 | r 0.2061 | R² -0.0526 | eta 08:09
[048] train loss 1.32080 | recon 1.19332 | kl 6.26987 | smooth 1.23623 | trans 0.16933 | lle 0.00050 | beta 0.020
      valid loss 13.40000 | recon 13.29522 | kl 5.11833 | smooth 1.25349 | trans 0.23235 | lle 0.00029 | r 0.2159 | R² -0.0491 | eta 08:04
[049] train loss 1.33136 | recon 1.20444 | kl 6.24246 | smooth 1.24442 | trans 0.16487 | lle 0.00052 | beta 0.020
      valid loss 13.64430 | recon 13.54458 | kl 4.86573 | smooth 1.24273 | trans 0.23235 | lle 0.00028 | r 0.2207 | R² -0.0467 | eta 07:59
[050] train loss 1.28412 | recon 1.15925 | kl 6.13881 | smooth 1.24924 | trans 0.16853 | lle 0.00050 | beta 0.020
      valid loss 13.44965 | recon 13.35090 | kl 4.81633 | smooth 1.25370 | trans 0.23235 | lle 0.00026 | r 0.1979 | R² -0.0768 | eta 07:54
[051] train loss 1.30166 | recon 1.17588 | kl 6.18388 | smooth 1.25636 | trans 0.16940 | lle 0.00050 | beta 0.020
      valid loss 13.66406 | recon 13.56791 | kl 4.68648 | smooth 1.26266 | trans 0.23235 | lle 0.00038 | r 0.1906 | R² -0.1167 | eta 07:50
[052] train loss 1.27044 | recon 1.14443 | kl 6.19590 | smooth 1.26253 | trans 0.16697 | lle 0.00053 | beta 0.020
      valid loss 13.63395 | recon 13.53455 | kl 4.84787 | smooth 1.28035 | trans 0.23235 | lle 0.00039 | r 0.2144 | R² -0.0651 | eta 07:45
[053] train loss 1.25039 | recon 1.12436 | kl 6.19612 | smooth 1.27550 | trans 0.16726 | lle 0.00050 | beta 0.020
      valid loss 13.67164 | recon 13.57169 | kl 4.87565 | smooth 1.27353 | trans 0.23235 | lle 0.00039 | r 0.2046 | R² -0.0740 | eta 07:40
[054] train loss 1.22773 | recon 1.10442 | kl 6.06038 | smooth 1.27771 | trans 0.16513 | lle 0.00050 | beta 0.020
      valid loss 13.67468 | recon 13.57067 | kl 5.07823 | smooth 1.28214 | trans 0.23234 | lle 0.00027 | r 0.1978 | R² -0.0838 | eta 07:36
[055] train loss 1.22776 | recon 1.10895 | kl 5.83378 | smooth 1.28083 | trans 0.16896 | lle 0.00053 | beta 0.020
      valid loss 13.63971 | recon 13.53509 | kl 5.10807 | smooth 1.29222 | trans 0.23234 | lle 0.00035 | r 0.2101 | R² -0.0893 | eta 07:31
[056] train loss 1.22198 | recon 1.10201 | kl 5.89110 | smooth 1.29579 | trans 0.16933 | lle 0.00053 | beta 0.020
      valid loss 13.61057 | recon 13.51617 | kl 4.59713 | smooth 1.30231 | trans 0.23235 | lle 0.00034 | r 0.2133 | R² -0.0595 | eta 07:26
[057] train loss 1.17112 | recon 1.05474 | kl 5.71186 | smooth 1.29822 | trans 0.16664 | lle 0.00050 | beta 0.020
      valid loss 13.61793 | recon 13.52404 | kl 4.57076 | smooth 1.30566 | trans 0.23234 | lle 0.00037 | r 0.2001 | R² -0.0722 | eta 07:21
[058] train loss 1.19340 | recon 1.07866 | kl 5.62937 | smooth 1.30621 | trans 0.16778 | lle 0.00051 | beta 0.020
      valid loss 13.61320 | recon 13.52255 | kl 4.40765 | smooth 1.33126 | trans 0.23235 | lle 0.00032 | r 0.2089 | R² -0.0751 | eta 07:16
[059] train loss 1.18683 | recon 1.06779 | kl 5.84422 | smooth 1.31200 | trans 0.16969 | lle 0.00053 | beta 0.020
      valid loss 13.70293 | recon 13.60573 | kl 4.73528 | smooth 1.32477 | trans 0.23235 | lle 0.00035 | r 0.1886 | R² -0.0969 | eta 07:11
[060] train loss 1.18149 | recon 1.06406 | kl 5.76305 | smooth 1.31789 | trans 0.16856 | lle 0.00054 | beta 0.020
      valid loss 13.48973 | recon 13.40139 | kl 4.29275 | smooth 1.32252 | trans 0.23234 | lle 0.00033 | r 0.2033 | R² -0.0980 | eta 07:07
[061] train loss 1.17776 | recon 1.06142 | kl 5.70798 | smooth 1.32894 | trans 0.16950 | lle 0.00049 | beta 0.020
      valid loss 13.74059 | recon 13.64790 | kl 4.51030 | smooth 1.31993 | trans 0.23235 | lle 0.00038 | r 0.1906 | R² -0.1164 | eta 07:02
[062] train loss 1.17738 | recon 1.06229 | kl 5.64596 | smooth 1.32868 | trans 0.16733 | lle 0.00055 | beta 0.020
      valid loss 13.70728 | recon 13.60717 | kl 4.87989 | smooth 1.35109 | trans 0.23235 | lle 0.00031 | r 0.1770 | R² -0.1247 | eta 06:57
[063] train loss 1.15476 | recon 1.03868 | kl 5.69440 | smooth 1.34096 | trans 0.17006 | lle 0.00055 | beta 0.020
      valid loss 13.96103 | recon 13.86525 | kl 4.66373 | smooth 1.33944 | trans 0.23235 | lle 0.00034 | r 0.1978 | R² -0.0908 | eta 06:52
[064] train loss 1.14039 | recon 1.02649 | kl 5.58530 | smooth 1.34479 | trans 0.16996 | lle 0.00053 | beta 0.020
      valid loss 13.78530 | recon 13.69387 | kl 4.44469 | smooth 1.36949 | trans 0.23235 | lle 0.00040 | r 0.1871 | R² -0.1049 | eta 06:47
[065] train loss 1.10920 | recon 0.99728 | kl 5.48630 | smooth 1.35171 | trans 0.16746 | lle 0.00051 | beta 0.020
      valid loss 13.90456 | recon 13.80524 | kl 4.83994 | smooth 1.36017 | trans 0.23235 | lle 0.00038 | r 0.1916 | R² -0.1058 | eta 06:43
[066] train loss 1.09346 | recon 0.98234 | kl 5.44590 | smooth 1.35638 | trans 0.16872 | lle 0.00052 | beta 0.020
      valid loss 13.83866 | recon 13.74033 | kl 4.78974 | smooth 1.37661 | trans 0.23234 | lle 0.00037 | r 0.1776 | R² -0.1294 | eta 06:38
[067] train loss 1.09842 | recon 0.98839 | kl 5.39006 | smooth 1.37207 | trans 0.16951 | lle 0.00056 | beta 0.020
      valid loss 13.70505 | recon 13.61063 | kl 4.59442 | smooth 1.37436 | trans 0.23235 | lle 0.00033 | r 0.2010 | R² -0.1077 | eta 06:33
[068] train loss 1.07530 | recon 0.96601 | kl 5.35436 | smooth 1.37381 | trans 0.16664 | lle 0.00054 | beta 0.020
      valid loss 14.07675 | recon 13.97924 | kl 4.74734 | smooth 1.39629 | trans 0.23235 | lle 0.00028 | r 0.1861 | R² -0.1383 | eta 06:28
[069] train loss 1.09336 | recon 0.98391 | kl 5.36161 | smooth 1.38293 | trans 0.16669 | lle 0.00053 | beta 0.020
      valid loss 13.86768 | recon 13.77126 | kl 4.69333 | smooth 1.39504 | trans 0.23234 | lle 0.00038 | r 0.1945 | R² -0.1282 | eta 06:23
[070] train loss 1.06184 | recon 0.95446 | kl 5.25736 | smooth 1.38659 | trans 0.16733 | lle 0.00052 | beta 0.020
      valid loss 13.93729 | recon 13.84068 | kl 4.70241 | smooth 1.39951 | trans 0.23235 | lle 0.00032 | r 0.1823 | R² -0.1518 | eta 06:19
[071] train loss 1.05867 | recon 0.95117 | kl 5.26358 | smooth 1.39150 | trans 0.16651 | lle 0.00056 | beta 0.020
      valid loss 13.94463 | recon 13.85108 | kl 4.54994 | smooth 1.38936 | trans 0.23235 | lle 0.00031 | r 0.2066 | R² -0.0989 | eta 06:14
[072] train loss 1.05229 | recon 0.94335 | kl 5.33572 | smooth 1.39533 | trans 0.16591 | lle 0.00048 | beta 0.020
      valid loss 13.94079 | recon 13.84635 | kl 4.59376 | smooth 1.39897 | trans 0.23235 | lle 0.00039 | r 0.1911 | R² -0.1188 | eta 06:09
[073] train loss 1.04864 | recon 0.94455 | kl 5.09167 | smooth 1.40501 | trans 0.16966 | lle 0.00055 | beta 0.020
      valid loss 13.90962 | recon 13.81547 | kl 4.57894 | smooth 1.40772 | trans 0.23235 | lle 0.00032 | r 0.1843 | R² -0.1367 | eta 06:04
[074] train loss 1.04619 | recon 0.94026 | kl 5.18369 | smooth 1.40856 | trans 0.16928 | lle 0.00054 | beta 0.020
      valid loss 13.94980 | recon 13.85596 | kl 4.56282 | smooth 1.41998 | trans 0.23234 | lle 0.00035 | r 0.2037 | R² -0.1065 | eta 06:00
[075] train loss 1.01794 | recon 0.91407 | kl 5.08185 | smooth 1.41165 | trans 0.16396 | lle 0.00052 | beta 0.020
      valid loss 14.02845 | recon 13.93555 | kl 4.51552 | smooth 1.43166 | trans 0.23236 | lle 0.00035 | r 0.1771 | R² -0.1363 | eta 05:55
[076] train loss 1.02108 | recon 0.91744 | kl 5.06927 | smooth 1.42038 | trans 0.16752 | lle 0.00055 | beta 0.020
      valid loss 14.05855 | recon 13.96922 | kl 4.33745 | smooth 1.42076 | trans 0.23235 | lle 0.00040 | r 0.1696 | R² -0.1563 | eta 05:50
[077] train loss 1.13046 | recon 1.02754 | kl 5.03295 | smooth 1.42571 | trans 0.16683 | lle 0.00054 | beta 0.020
      valid loss 13.83963 | recon 13.74421 | kl 4.64131 | smooth 1.42898 | trans 0.23235 | lle 0.00042 | r 0.1919 | R² -0.1343 | eta 05:45
[078] train loss 1.07691 | recon 0.97590 | kl 4.93762 | smooth 1.43579 | trans 0.16348 | lle 0.00054 | beta 0.020
      valid loss 14.09728 | recon 14.00613 | kl 4.42737 | smooth 1.43785 | trans 0.23235 | lle 0.00033 | r 0.1762 | R² -0.1550 | eta 05:40
[079] train loss 1.01618 | recon 0.91420 | kl 4.98437 | smooth 1.43678 | trans 0.16968 | lle 0.00057 | beta 0.020
      valid loss 13.75139 | recon 13.66451 | kl 4.21415 | smooth 1.43896 | trans 0.23234 | lle 0.00032 | r 0.2015 | R² -0.1172 | eta 05:36
[080] train loss 1.00159 | recon 0.90202 | kl 4.86427 | smooth 1.44399 | trans 0.16936 | lle 0.00055 | beta 0.020
      valid loss 13.88562 | recon 13.79346 | kl 4.47652 | smooth 1.46282 | trans 0.23234 | lle 0.00039 | r 0.2018 | R² -0.1242 | eta 05:31
[081] train loss 1.00173 | recon 0.90034 | kl 4.95432 | smooth 1.45072 | trans 0.16861 | lle 0.00053 | beta 0.020
      valid loss 13.68140 | recon 13.58992 | kl 4.44296 | smooth 1.45724 | trans 0.23234 | lle 0.00037 | r 0.2160 | R² -0.1087 | eta 05:26
[082] train loss 0.99823 | recon 0.89341 | kl 5.12577 | smooth 1.45941 | trans 0.16972 | lle 0.00055 | beta 0.020
      valid loss 13.85141 | recon 13.75994 | kl 4.44133 | smooth 1.47780 | trans 0.23234 | lle 0.00032 | r 0.1989 | R² -0.1072 | eta 05:21
[083] train loss 0.98993 | recon 0.89140 | kl 4.81129 | smooth 1.45755 | trans 0.16866 | lle 0.00053 | beta 0.020
      valid loss 13.96482 | recon 13.87381 | kl 4.41863 | smooth 1.47545 | trans 0.23235 | lle 0.00037 | r 0.2000 | R² -0.1433 | eta 05:17
[084] train loss 0.98798 | recon 0.88825 | kl 4.87099 | smooth 1.46651 | trans 0.16809 | lle 0.00056 | beta 0.020
      valid loss 13.82212 | recon 13.73603 | kl 4.17235 | smooth 1.48244 | trans 0.23234 | lle 0.00037 | r 0.2051 | R² -0.1160 | eta 05:12
[085] train loss 0.98950 | recon 0.88922 | kl 4.89788 | smooth 1.47153 | trans 0.16994 | lle 0.00056 | beta 0.020
      valid loss 14.22406 | recon 14.13083 | kl 4.52866 | smooth 1.48545 | trans 0.23235 | lle 0.00034 | r 0.1900 | R² -0.1388 | eta 05:07
[086] train loss 0.97195 | recon 0.87313 | kl 4.82446 | smooth 1.47802 | trans 0.17030 | lle 0.00059 | beta 0.020
      valid loss 13.93765 | recon 13.85161 | kl 4.16933 | smooth 1.48568 | trans 0.23235 | lle 0.00035 | r 0.2040 | R² -0.1416 | eta 05:02
[087] train loss 0.95777 | recon 0.86156 | kl 4.69410 | smooth 1.48678 | trans 0.16787 | lle 0.00057 | beta 0.020
      valid loss 14.12783 | recon 14.03560 | kl 4.47823 | smooth 1.49552 | trans 0.23235 | lle 0.00033 | r 0.1942 | R² -0.1550 | eta 04:58
[088] train loss 0.95290 | recon 0.85476 | kl 4.78983 | smooth 1.48980 | trans 0.16911 | lle 0.00058 | beta 0.020
      valid loss 13.77425 | recon 13.68265 | kl 4.44617 | smooth 1.51779 | trans 0.23234 | lle 0.00035 | r 0.2123 | R² -0.1195 | eta 04:53
[089] train loss 0.94947 | recon 0.85137 | kl 4.78813 | smooth 1.49835 | trans 0.16712 | lle 0.00056 | beta 0.020
      valid loss 14.08174 | recon 13.98706 | kl 4.60104 | smooth 1.49862 | trans 0.23235 | lle 0.00041 | r 0.1907 | R² -0.1682 | eta 04:48
[090] train loss 0.94255 | recon 0.84618 | kl 4.70044 | smooth 1.50023 | trans 0.17021 | lle 0.00058 | beta 0.020
      valid loss 14.11231 | recon 14.02275 | kl 4.34336 | smooth 1.53291 | trans 0.23235 | lle 0.00033 | r 0.1869 | R² -0.1884 | eta 04:43
[091] train loss 0.94205 | recon 0.84625 | kl 4.67347 | smooth 1.50626 | trans 0.16370 | lle 0.00060 | beta 0.020
      valid loss 14.15407 | recon 14.06055 | kl 4.54208 | smooth 1.51724 | trans 0.23235 | lle 0.00043 | r 0.1937 | R² -0.1480 | eta 04:39
[092] train loss 0.91642 | recon 0.82023 | kl 4.69233 | smooth 1.50470 | trans 0.16602 | lle 0.00056 | beta 0.020
      valid loss 14.02494 | recon 13.93610 | kl 4.30618 | smooth 1.55293 | trans 0.23235 | lle 0.00042 | r 0.1814 | R² -0.1700 | eta 04:34
[093] train loss 0.93005 | recon 0.83372 | kl 4.69836 | smooth 1.51485 | trans 0.16924 | lle 0.00055 | beta 0.020
      valid loss 14.13552 | recon 14.04298 | kl 4.49092 | smooth 1.55690 | trans 0.23235 | lle 0.00037 | r 0.1816 | R² -0.1569 | eta 04:29
[094] train loss 0.94750 | recon 0.85244 | kl 4.63467 | smooth 1.51658 | trans 0.16856 | lle 0.00053 | beta 0.020
      valid loss 15.14863 | recon 15.06083 | kl 4.25388 | smooth 1.55544 | trans 0.23238 | lle 0.00040 | r 0.1813 | R² -0.1878 | eta 04:24
[095] train loss 0.92961 | recon 0.83206 | kl 4.75871 | smooth 1.52651 | trans 0.16974 | lle 0.00061 | beta 0.020
      valid loss 14.12834 | recon 14.03554 | kl 4.50559 | smooth 1.52810 | trans 0.23235 | lle 0.00033 | r 0.1889 | R² -0.1688 | eta 04:20
[096] train loss 0.91924 | recon 0.82448 | kl 4.61955 | smooth 1.52851 | trans 0.16811 | lle 0.00056 | beta 0.020
      valid loss 14.04015 | recon 13.95172 | kl 4.28705 | smooth 1.52477 | trans 0.23235 | lle 0.00038 | r 0.2005 | R² -0.1500 | eta 04:15
[097] train loss 0.93747 | recon 0.84173 | kl 4.66762 | smooth 1.53466 | trans 0.17015 | lle 0.00060 | beta 0.020
      valid loss 14.11615 | recon 14.02670 | kl 4.33747 | smooth 1.53099 | trans 0.23235 | lle 0.00041 | r 0.1905 | R² -0.1813 | eta 04:10
[098] train loss 1.06241 | recon 0.97066 | kl 4.46969 | smooth 1.53536 | trans 0.16288 | lle 0.00060 | beta 0.020
      valid loss 14.04158 | recon 13.95202 | kl 4.34221 | smooth 1.54799 | trans 0.23235 | lle 0.00032 | r 0.1979 | R² -0.1515 | eta 04:05
[099] train loss 0.95444 | recon 0.86189 | kl 4.50942 | smooth 1.53497 | trans 0.16614 | lle 0.00058 | beta 0.020
      valid loss 14.11475 | recon 14.02076 | kl 4.56492 | smooth 1.52336 | trans 0.23234 | lle 0.00040 | r 0.2002 | R² -0.1502 | eta 04:01
[100] train loss 0.94555 | recon 0.85090 | kl 4.61428 | smooth 1.54335 | trans 0.16378 | lle 0.00063 | beta 0.020
      valid loss 14.09180 | recon 14.00445 | kl 4.23313 | smooth 1.52045 | trans 0.23233 | lle 0.00035 | r 0.1951 | R² -0.1495 | eta 03:56
[101] train loss 0.94052 | recon 0.84832 | kl 4.49177 | smooth 1.54273 | trans 0.16359 | lle 0.00060 | beta 0.020
      valid loss 14.22619 | recon 14.13602 | kl 4.37412 | smooth 1.52178 | trans 0.23235 | lle 0.00031 | r 0.1845 | R² -0.1863 | eta 03:51
[102] train loss 0.93423 | recon 0.84252 | kl 4.46690 | smooth 1.55023 | trans 0.16530 | lle 0.00057 | beta 0.020
      valid loss 14.35381 | recon 14.26653 | kl 4.22879 | smooth 1.54534 | trans 0.23235 | lle 0.00040 | r 0.1588 | R² -0.2140 | eta 03:47
[103] train loss 0.92756 | recon 0.83508 | kl 4.50380 | smooth 1.55576 | trans 0.16887 | lle 0.00057 | beta 0.020
      valid loss 14.18022 | recon 14.09224 | kl 4.26368 | smooth 1.53373 | trans 0.23235 | lle 0.00048 | r 0.1746 | R² -0.1784 | eta 03:42
[104] train loss 0.91347 | recon 0.82063 | kl 4.52159 | smooth 1.56012 | trans 0.16951 | lle 0.00057 | beta 0.020
      valid loss 14.06610 | recon 13.97687 | kl 4.32618 | smooth 1.54275 | trans 0.23234 | lle 0.00031 | r 0.1881 | R² -0.1974 | eta 03:37
[105] train loss 0.91894 | recon 0.82911 | kl 4.37223 | smooth 1.56654 | trans 0.16292 | lle 0.00059 | beta 0.020
      valid loss 14.26114 | recon 14.16996 | kl 4.42254 | smooth 1.56524 | trans 0.23235 | lle 0.00039 | r 0.1819 | R² -0.1840 | eta 03:32
[106] train loss 0.90343 | recon 0.81222 | kl 4.44023 | smooth 1.56756 | trans 0.16701 | lle 0.00058 | beta 0.020
      valid loss 14.26038 | recon 14.17255 | kl 4.25489 | smooth 1.56831 | trans 0.23235 | lle 0.00031 | r 0.1771 | R² -0.1809 | eta 03:28
[107] train loss 0.91967 | recon 0.82779 | kl 4.47362 | smooth 1.57360 | trans 0.16691 | lle 0.00060 | beta 0.020
      valid loss 14.31969 | recon 14.22968 | kl 4.36347 | smooth 1.57184 | trans 0.23235 | lle 0.00038 | r 0.1755 | R² -0.1928 | eta 03:23
[108] train loss 0.90168 | recon 0.81215 | kl 4.35646 | smooth 1.57000 | trans 0.16458 | lle 0.00060 | beta 0.020
      valid loss 14.39346 | recon 14.30561 | kl 4.25690 | smooth 1.55080 | trans 0.23235 | lle 0.00031 | r 0.1673 | R² -0.2020 | eta 03:18
[109] train loss 0.90953 | recon 0.82066 | kl 4.32215 | smooth 1.58123 | trans 0.16775 | lle 0.00063 | beta 0.020
      valid loss 14.39016 | recon 14.29791 | kl 4.47655 | smooth 1.55157 | trans 0.23235 | lle 0.00035 | r 0.1737 | R² -0.1922 | eta 03:13
[110] train loss 0.85931 | recon 0.76807 | kl 4.44053 | smooth 1.58212 | trans 0.16881 | lle 0.00059 | beta 0.020
      valid loss 14.46338 | recon 14.36928 | kl 4.56838 | smooth 1.57286 | trans 0.23236 | lle 0.00036 | r 0.1721 | R² -0.2331 | eta 03:09
[111] train loss 0.89527 | recon 0.80644 | kl 4.32025 | smooth 1.58093 | trans 0.16745 | lle 0.00055 | beta 0.020
      valid loss 14.38983 | recon 14.30022 | kl 4.34385 | smooth 1.57084 | trans 0.23234 | lle 0.00045 | r 0.1845 | R² -0.1782 | eta 03:04
[112] train loss 0.89227 | recon 0.80376 | kl 4.30317 | smooth 1.59392 | trans 0.16969 | lle 0.00063 | beta 0.020
      valid loss 14.64864 | recon 14.55647 | kl 4.47225 | smooth 1.56633 | trans 0.23235 | lle 0.00038 | r 0.1755 | R² -0.1988 | eta 02:59
[113] train loss 0.88446 | recon 0.79541 | kl 4.33079 | smooth 1.59145 | trans 0.16793 | lle 0.00055 | beta 0.020
      valid loss 14.48044 | recon 14.38721 | kl 4.52410 | smooth 1.58713 | trans 0.23236 | lle 0.00047 | r 0.1618 | R² -0.1995 | eta 02:55
[114] train loss 0.88301 | recon 0.79239 | kl 4.40899 | smooth 1.59740 | trans 0.16771 | lle 0.00053 | beta 0.020
      valid loss 14.51869 | recon 14.42503 | kl 4.54546 | smooth 1.59040 | trans 0.23236 | lle 0.00032 | r 0.1802 | R² -0.1958 | eta 02:50
[115] train loss 0.87603 | recon 0.78649 | kl 4.35505 | smooth 1.60239 | trans 0.16805 | lle 0.00063 | beta 0.020
      valid loss 14.42445 | recon 14.33334 | kl 4.41716 | smooth 1.60901 | trans 0.23236 | lle 0.00036 | r 0.1708 | R² -0.2169 | eta 02:45
[116] train loss 0.88490 | recon 0.79628 | kl 4.30809 | smooth 1.60578 | trans 0.16865 | lle 0.00060 | beta 0.020
      valid loss 14.87000 | recon 14.78005 | kl 4.35770 | smooth 1.63649 | trans 0.23239 | lle 0.00042 | r 0.1679 | R² -0.2375 | eta 02:40
[117] train loss 0.88154 | recon 0.79406 | kl 4.25129 | smooth 1.60766 | trans 0.16892 | lle 0.00062 | beta 0.020
      valid loss 14.55146 | recon 14.46379 | kl 4.24583 | smooth 1.58359 | trans 0.23236 | lle 0.00034 | r 0.1779 | R² -0.2048 | eta 02:36
[118] train loss 0.86284 | recon 0.77517 | kl 4.25989 | smooth 1.61778 | trans 0.16932 | lle 0.00059 | beta 0.020
      valid loss 14.50043 | recon 14.40921 | kl 4.42351 | smooth 1.58508 | trans 0.23236 | lle 0.00040 | r 0.1748 | R² -0.2020 | eta 02:31
[119] train loss 0.85301 | recon 0.76423 | kl 4.31652 | smooth 1.61559 | trans 0.16658 | lle 0.00060 | beta 0.020
      valid loss 14.08019 | recon 13.99261 | kl 4.24069 | smooth 1.60347 | trans 0.23235 | lle 0.00035 | r 0.1662 | R² -0.2036 | eta 02:26
[120] train loss 0.84006 | recon 0.75319 | kl 4.22162 | smooth 1.61343 | trans 0.16405 | lle 0.00065 | beta 0.020
      valid loss 15.08785 | recon 14.99516 | kl 4.49589 | smooth 1.61662 | trans 0.23238 | lle 0.00043 | r 0.1623 | R² -0.2674 | eta 02:21
[121] train loss 0.85234 | recon 0.76550 | kl 4.21830 | smooth 1.62857 | trans 0.16988 | lle 0.00059 | beta 0.020
      valid loss 14.92454 | recon 14.83602 | kl 4.28698 | smooth 1.61693 | trans 0.23238 | lle 0.00035 | r 0.1632 | R² -0.2483 | eta 02:17
[122] train loss 0.83671 | recon 0.75136 | kl 4.14463 | smooth 1.62951 | trans 0.16653 | lle 0.00066 | beta 0.020
      valid loss 14.49524 | recon 14.40456 | kl 4.39509 | smooth 1.61235 | trans 0.23236 | lle 0.00046 | r 0.1806 | R² -0.2140 | eta 02:12
[123] train loss 0.84650 | recon 0.76036 | kl 4.18270 | smooth 1.63687 | trans 0.16940 | lle 0.00061 | beta 0.020
      valid loss 14.47813 | recon 14.38716 | kl 4.40937 | smooth 1.62371 | trans 0.23236 | lle 0.00034 | r 0.1661 | R² -0.2213 | eta 02:07
[124] train loss 0.84652 | recon 0.75846 | kl 4.27848 | smooth 1.64202 | trans 0.16972 | lle 0.00057 | beta 0.020
      valid loss 14.69847 | recon 14.60974 | kl 4.29806 | smooth 1.60741 | trans 0.23237 | lle 0.00036 | r 0.1699 | R² -0.2256 | eta 02:02
[125] train loss 0.82322 | recon 0.73468 | kl 4.30278 | smooth 1.63899 | trans 0.16832 | lle 0.00063 | beta 0.020
      valid loss 14.65740 | recon 14.56574 | kl 4.44476 | smooth 1.60474 | trans 0.23236 | lle 0.00041 | r 0.1646 | R² -0.2573 | eta 01:58
[126] train loss 0.83813 | recon 0.75135 | kl 4.21425 | smooth 1.65105 | trans 0.16791 | lle 0.00065 | beta 0.020
      valid loss 14.31934 | recon 14.23003 | kl 4.32714 | smooth 1.60409 | trans 0.23236 | lle 0.00039 | r 0.1765 | R² -0.2084 | eta 01:53
[127] train loss 0.81981 | recon 0.73136 | kl 4.29783 | smooth 1.64413 | trans 0.16967 | lle 0.00060 | beta 0.020
      valid loss 14.43277 | recon 14.34598 | kl 4.19846 | smooth 1.64917 | trans 0.23237 | lle 0.00040 | r 0.1564 | R² -0.2370 | eta 01:48
[128] train loss 0.81813 | recon 0.72986 | kl 4.28800 | smooth 1.66020 | trans 0.16992 | lle 0.00060 | beta 0.020
      valid loss 14.81472 | recon 14.72712 | kl 4.24002 | smooth 1.63296 | trans 0.23238 | lle 0.00039 | r 0.1756 | R² -0.2186 | eta 01:44
[129] train loss 0.82463 | recon 0.73936 | kl 4.13868 | smooth 1.65677 | trans 0.16744 | lle 0.00062 | beta 0.020
      valid loss 14.44902 | recon 14.36411 | kl 4.10439 | smooth 1.65928 | trans 0.23238 | lle 0.00042 | r 0.1553 | R² -0.2437 | eta 01:39
[130] train loss 0.82556 | recon 0.74042 | kl 4.13185 | smooth 1.66087 | trans 0.16846 | lle 0.00062 | beta 0.020
      valid loss 14.82385 | recon 14.73837 | kl 4.13328 | smooth 1.65068 | trans 0.23239 | lle 0.00040 | r 0.1521 | R² -0.2347 | eta 01:34
[131] train loss 0.80842 | recon 0.72416 | kl 4.08695 | smooth 1.66715 | trans 0.16963 | lle 0.00066 | beta 0.020
      valid loss 14.48361 | recon 14.39625 | kl 4.22626 | smooth 1.66333 | trans 0.23237 | lle 0.00039 | r 0.1529 | R² -0.2478 | eta 01:29
[132] train loss 0.80453 | recon 0.71959 | kl 4.12066 | smooth 1.66946 | trans 0.16975 | lle 0.00064 | beta 0.020
      valid loss 14.51518 | recon 14.43125 | kl 4.05515 | smooth 1.66829 | trans 0.23237 | lle 0.00043 | r 0.1600 | R² -0.2336 | eta 01:25
[133] train loss 0.79274 | recon 0.70902 | kl 4.06049 | smooth 1.67922 | trans 0.16638 | lle 0.00060 | beta 0.020
      valid loss 15.03421 | recon 14.95256 | kl 3.94064 | smooth 1.68080 | trans 0.23240 | lle 0.00037 | r 0.1755 | R² -0.2217 | eta 01:20
[134] train loss 0.82181 | recon 0.73654 | kl 4.13671 | smooth 1.67824 | trans 0.16947 | lle 0.00063 | beta 0.020
      valid loss 14.16537 | recon 14.08577 | kl 3.83972 | smooth 1.64684 | trans 0.23236 | lle 0.00037 | r 0.2153 | R² -0.1485 | eta 01:15
[135] train loss 0.78364 | recon 0.69972 | kl 4.07156 | smooth 1.67153 | trans 0.16265 | lle 0.00060 | beta 0.020
      valid loss 13.93568 | recon 13.85353 | kl 3.96617 | smooth 1.66107 | trans 0.23234 | lle 0.00033 | r 0.2076 | R² -0.1456 | eta 01:10
[136] train loss 0.79357 | recon 0.71257 | kl 3.92365 | smooth 1.68431 | trans 0.16831 | lle 0.00061 | beta 0.020
      valid loss 14.18468 | recon 14.10089 | kl 4.04727 | smooth 1.67760 | trans 0.23236 | lle 0.00042 | r 0.2026 | R² -0.1508 | eta 01:06
[137] train loss 0.78682 | recon 0.70364 | kl 4.03245 | smooth 1.68768 | trans 0.16802 | lle 0.00060 | beta 0.020
      valid loss 14.07093 | recon 13.98689 | kl 4.06012 | smooth 1.67222 | trans 0.23234 | lle 0.00034 | r 0.1945 | R² -0.1754 | eta 01:01
[138] train loss 0.80135 | recon 0.71656 | kl 4.11246 | smooth 1.68739 | trans 0.16895 | lle 0.00059 | beta 0.020
      valid loss 14.01508 | recon 13.92824 | kl 4.19993 | smooth 1.68727 | trans 0.23235 | lle 0.00038 | r 0.2063 | R² -0.1531 | eta 00:56
[139] train loss 0.77735 | recon 0.69195 | kl 4.14393 | smooth 1.68700 | trans 0.16482 | lle 0.00061 | beta 0.020
      valid loss 14.05152 | recon 13.96185 | kl 4.34115 | smooth 1.67883 | trans 0.23234 | lle 0.00037 | r 0.2075 | R² -0.1379 | eta 00:51
[140] train loss 0.84600 | recon 0.76170 | kl 4.08835 | smooth 1.69288 | trans 0.16931 | lle 0.00060 | beta 0.020
      valid loss 14.05014 | recon 13.96348 | kl 4.19056 | smooth 1.68041 | trans 0.23235 | lle 0.00041 | r 0.2140 | R² -0.1198 | eta 00:47
[141] train loss 0.81900 | recon 0.73699 | kl 3.97318 | smooth 1.69070 | trans 0.16945 | lle 0.00066 | beta 0.020
      valid loss 14.02097 | recon 13.93610 | kl 4.10020 | smooth 1.70485 | trans 0.23235 | lle 0.00038 | r 0.1879 | R² -0.1539 | eta 00:42
[142] train loss 0.81844 | recon 0.73571 | kl 4.00929 | smooth 1.69272 | trans 0.16945 | lle 0.00065 | beta 0.020
      valid loss 14.32944 | recon 14.23961 | kl 4.34750 | smooth 1.70859 | trans 0.23236 | lle 0.00038 | r 0.2013 | R² -0.1615 | eta 00:37
[143] train loss 0.80820 | recon 0.72644 | kl 3.96100 | smooth 1.69287 | trans 0.16839 | lle 0.00064 | beta 0.020
      valid loss 14.31623 | recon 14.22903 | kl 4.21698 | smooth 1.68797 | trans 0.23235 | lle 0.00036 | r 0.2030 | R² -0.1530 | eta 00:33
[144] train loss 0.80902 | recon 0.72642 | kl 4.00266 | smooth 1.69736 | trans 0.16894 | lle 0.00061 | beta 0.020
      valid loss 14.10074 | recon 14.01373 | kl 4.20770 | smooth 1.68549 | trans 0.23235 | lle 0.00037 | r 0.2020 | R² -0.1476 | eta 00:28
[145] train loss 0.78997 | recon 0.70748 | kl 3.99754 | smooth 1.70073 | trans 0.16701 | lle 0.00060 | beta 0.020
      valid loss 14.26466 | recon 14.17689 | kl 4.24469 | smooth 1.71416 | trans 0.23236 | lle 0.00043 | r 0.1863 | R² -0.1836 | eta 00:23
[146] train loss 0.80351 | recon 0.72249 | kl 3.92328 | smooth 1.70501 | trans 0.16998 | lle 0.00061 | beta 0.020
      valid loss 14.29721 | recon 14.20863 | kl 4.28460 | smooth 1.72038 | trans 0.23235 | lle 0.00045 | r 0.1981 | R² -0.1551 | eta 00:18
[147] train loss 0.78879 | recon 0.70767 | kl 3.92816 | smooth 1.70980 | trans 0.16865 | lle 0.00060 | beta 0.020
      valid loss 14.22663 | recon 14.13927 | kl 4.22362 | smooth 1.72197 | trans 0.23236 | lle 0.00036 | r 0.1972 | R² -0.1698 | eta 00:14
[148] train loss 0.79746 | recon 0.71575 | kl 3.95760 | smooth 1.71196 | trans 0.16958 | lle 0.00065 | beta 0.020
      valid loss 14.32864 | recon 14.23896 | kl 4.34049 | smooth 1.70502 | trans 0.23235 | lle 0.00043 | r 0.1885 | R² -0.1614 | eta 00:09
[149] train loss 0.79260 | recon 0.71199 | kl 3.90222 | smooth 1.71311 | trans 0.16986 | lle 0.00059 | beta 0.020
      valid loss 13.92378 | recon 13.84044 | kl 4.02287 | smooth 1.72386 | trans 0.23235 | lle 0.00047 | r 0.1873 | R² -0.1751 | eta 00:04
[150] train loss 0.79391 | recon 0.71267 | kl 3.93458 | smooth 1.70997 | trans 0.16815 | lle 0.00060 | beta 0.020
      valid loss 13.97216 | recon 13.88982 | kl 3.97394 | smooth 1.70310 | trans 0.23234 | lle 0.00042 | r 0.2086 | R² -0.1207 | eta 00:00
/home/4429/envs/odevae/lib/python3.11/site-packages/sklearn/manifold/_mds.py:754: FutureWarning: The default value of `init` will change from 'random' to 'classical_mds' in 1.10. To suppress this warning, provide some value of `init`.
  warnings.warn(
/home/4429/envs/odevae/lib/python3.11/site-packages/sklearn/manifold/_mds.py:771: FutureWarning: The `dissimilarity` parameter is deprecated and will be removed in 1.10. Use `metric` instead.
  warnings.warn(
      wrote /home/4429/projects/Neural_VAE_ODE/runs/2026-05-26_085332_f8766a2/latent_manifold_mds.png
done.
experts.0.0.bias -0.02192118763923645
experts.0.2.bias -0.02749660052359104
experts.0.4.bias 0.0059294309467077255
experts.1.0.bias -0.04987812042236328
experts.1.2.bias -0.032027117908000946
experts.1.4.bias 0.006285918410867453
experts.2.0.bias -0.03970671445131302
experts.2.2.bias -0.022347254678606987
experts.2.4.bias 0.005928516387939453
experts.3.0.bias -0.011321129277348518
experts.3.2.bias -0.016934338957071304
experts.3.4.bias 0.005045890808105469
experts.4.0.bias -0.00736194895580411
experts.4.2.bias -0.010754012502729893
experts.4.4.bias 0.0037657376378774643
experts.5.0.bias -0.05394697189331055
experts.5.2.bias -0.017354536801576614
experts.5.4.bias 0.006646261550486088
experts.6.0.bias -0.04118514060974121
experts.6.2.bias -0.026404526084661484
experts.6.4.bias 0.005294050555676222
experts.7.0.bias -0.011492367833852768
experts.7.2.bias -0.022384000942111015
experts.7.4.bias 0.005841204430907965
Saved run metadata → /home/4429/projects/Neural_VAE_ODE/runs/2026-05-26_085332_f8766a2/run_metadata.json
Final r: 0.2086
Final R²: -0.1207
Results logged to /home/4429/projects/Neural_VAE_ODE/src/training_results.txt
Exception ignored in: Exception ignored in sys.unraisablehook