Running script: v5_neural_vae.py
Loading configuration from /home/4429/projects/Neural_VAE_ODE/runs/2026-05-26_094016_c761898/config.txt
Device: cuda
Built sequences: B=180, :=120, N=357
Train-std neuron filter: removed 4 train-silent neurons; kept 353 neurons (threshold=1e-07).
MIND neuron filter: removed 18 silent neurons; kept 357 active neurons.
Sequence alignment: position (Position); coordinate range 0.000-1.000
/home/4429/envs/odevae/lib/python3.11/site-packages/torch/nn/modules/transformer.py:379: UserWarning: enable_nested_tensor is True, but self.use_nested_tensor is False because encoder_layer.self_attn.batch_first was not True(use batch_first for better inference performance)
  warnings.warn(
[001] train loss 0.00863 | recon 0.00863 | kl 0.42141 | smooth 0.00000 | trans 0.00000 | lle 0.00000 | beta 0.000
      valid loss 0.00633 | recon 0.00633 | kl 0.25068 | smooth 0.00000 | trans 0.00000 | lle 0.00000 | r 0.1987 | R² 0.0388 | eta 12:47
      saved best checkpoint -> /home/4429/projects/Neural_VAE_ODE/runs/2026-05-26_094016_c761898/ode_vae_best.pt
[002] train loss 0.00700 | recon 0.00700 | kl 0.20450 | smooth 0.00000 | trans 0.00000 | lle 0.00000 | beta 0.000
      valid loss 0.00624 | recon 0.00624 | kl 0.18041 | smooth 0.00000 | trans 0.00000 | lle 0.00000 | r 0.2295 | R² 0.0526 | eta 12:47
      saved best checkpoint -> /home/4429/projects/Neural_VAE_ODE/runs/2026-05-26_094016_c761898/ode_vae_best.pt
[003] train loss 0.00694 | recon 0.00694 | kl 0.16819 | smooth 0.00000 | trans 0.00000 | lle 0.00000 | beta 0.000
      valid loss 0.00624 | recon 0.00624 | kl 0.12935 | smooth 0.00000 | trans 0.00000 | lle 0.00000 | r 0.2297 | R² 0.0527 | eta 12:37
      saved best checkpoint -> /home/4429/projects/Neural_VAE_ODE/runs/2026-05-26_094016_c761898/ode_vae_best.pt
[004] train loss 0.00687 | recon 0.00687 | kl 0.15538 | smooth 0.00000 | trans 0.00000 | lle 0.00000 | beta 0.000
      valid loss 0.00625 | recon 0.00625 | kl 0.14826 | smooth 0.00000 | trans 0.00000 | lle 0.00000 | r 0.2275 | R² 0.0517 | eta 12:29
[005] train loss 0.00681 | recon 0.00681 | kl 0.15667 | smooth 0.00000 | trans 0.00000 | lle 0.00000 | beta 0.000
      valid loss 0.00626 | recon 0.00626 | kl 0.15690 | smooth 0.00000 | trans 0.00000 | lle 0.00000 | r 0.2418 | R² 0.0572 | eta 12:14
[006] train loss 0.00681 | recon 0.00681 | kl 0.15329 | smooth 0.00000 | trans 0.00000 | lle 0.00000 | beta 0.000
      valid loss 0.00618 | recon 0.00618 | kl 0.12386 | smooth 0.00000 | trans 0.00000 | lle 0.00000 | r 0.2444 | R² 0.0594 | eta 12:02
      saved best checkpoint -> /home/4429/projects/Neural_VAE_ODE/runs/2026-05-26_094016_c761898/ode_vae_best.pt
[007] train loss 0.00671 | recon 0.00671 | kl 0.15837 | smooth 0.00000 | trans 0.00000 | lle 0.00000 | beta 0.000
      valid loss 0.00607 | recon 0.00607 | kl 0.13970 | smooth 0.00000 | trans 0.00000 | lle 0.00000 | r 0.2727 | R² 0.0743 | eta 11:58
      saved best checkpoint -> /home/4429/projects/Neural_VAE_ODE/runs/2026-05-26_094016_c761898/ode_vae_best.pt
[008] train loss 0.00659 | recon 0.00659 | kl 0.16736 | smooth 0.00000 | trans 0.00000 | lle 0.00000 | beta 0.000
      valid loss 0.00605 | recon 0.00605 | kl 0.18735 | smooth 0.00000 | trans 0.00000 | lle 0.00000 | r 0.2793 | R² 0.0770 | eta 11:56
      saved best checkpoint -> /home/4429/projects/Neural_VAE_ODE/runs/2026-05-26_094016_c761898/ode_vae_best.pt
[009] train loss 0.00652 | recon 0.00652 | kl 0.17838 | smooth 0.00000 | trans 0.00000 | lle 0.00000 | beta 0.000
      valid loss 0.00610 | recon 0.00610 | kl 0.13331 | smooth 0.00000 | trans 0.00000 | lle 0.00000 | r 0.2649 | R² 0.0687 | eta 11:52
[010] train loss 0.00644 | recon 0.00644 | kl 0.16952 | smooth 0.00000 | trans 0.00000 | lle 0.00000 | beta 0.000
      valid loss 0.00601 | recon 0.00601 | kl 0.15633 | smooth 0.00000 | trans 0.00000 | lle 0.00000 | r 0.2923 | R² 0.0854 | eta 11:43
      saved best checkpoint -> /home/4429/projects/Neural_VAE_ODE/runs/2026-05-26_094016_c761898/ode_vae_best.pt
[011] train loss 0.00641 | recon 0.00641 | kl 0.17503 | smooth 0.00000 | trans 0.00000 | lle 0.00000 | beta 0.000
      valid loss 0.00601 | recon 0.00601 | kl 0.15799 | smooth 0.00000 | trans 0.00000 | lle 0.00000 | r 0.2932 | R² 0.0859 | eta 11:40
[012] train loss 0.00641 | recon 0.00641 | kl 0.17529 | smooth 0.00000 | trans 0.00000 | lle 0.00000 | beta 0.000
      valid loss 0.00606 | recon 0.00606 | kl 0.13513 | smooth 0.00000 | trans 0.00000 | lle 0.00000 | r 0.2913 | R² 0.0794 | eta 11:31
[013] train loss 0.00638 | recon 0.00638 | kl 0.17832 | smooth 0.00000 | trans 0.00000 | lle 0.00000 | beta 0.000
      valid loss 0.00609 | recon 0.00609 | kl 0.16596 | smooth 0.00000 | trans 0.00000 | lle 0.00000 | r 0.2719 | R² 0.0737 | eta 11:26
[014] train loss 0.00635 | recon 0.00635 | kl 0.19263 | smooth 0.00000 | trans 0.00000 | lle 0.00000 | beta 0.000
      valid loss 0.00595 | recon 0.00595 | kl 0.16828 | smooth 0.00000 | trans 0.00000 | lle 0.00000 | r 0.3141 | R² 0.0978 | eta 11:18
      saved best checkpoint -> /home/4429/projects/Neural_VAE_ODE/runs/2026-05-26_094016_c761898/ode_vae_best.pt
[015] train loss 0.00626 | recon 0.00626 | kl 0.18796 | smooth 0.00000 | trans 0.00000 | lle 0.00000 | beta 0.000
      valid loss 0.00601 | recon 0.00601 | kl 0.18592 | smooth 0.00000 | trans 0.00000 | lle 0.00000 | r 0.2987 | R² 0.0892 | eta 11:14
[016] train loss 0.00626 | recon 0.00626 | kl 0.20053 | smooth 0.00000 | trans 0.00000 | lle 0.00000 | beta 0.000
      valid loss 0.00602 | recon 0.00602 | kl 0.15493 | smooth 0.00000 | trans 0.00000 | lle 0.00000 | r 0.3000 | R² 0.0897 | eta 11:08
[017] train loss 0.00616 | recon 0.00616 | kl 0.20078 | smooth 0.00000 | trans 0.00000 | lle 0.00000 | beta 0.000
      valid loss 0.00596 | recon 0.00596 | kl 0.20471 | smooth 0.00000 | trans 0.00000 | lle 0.00000 | r 0.3084 | R² 0.0950 | eta 11:01
[018] train loss 0.00616 | recon 0.00616 | kl 0.21039 | smooth 0.00000 | trans 0.00000 | lle 0.00000 | beta 0.000
      valid loss 0.00606 | recon 0.00606 | kl 0.17887 | smooth 0.00000 | trans 0.00000 | lle 0.00000 | r 0.2929 | R² 0.0845 | eta 10:55
[019] train loss 0.00600 | recon 0.00600 | kl 0.22189 | smooth 0.00000 | trans 0.00000 | lle 0.00000 | beta 0.000
      valid loss 0.00597 | recon 0.00597 | kl 0.15087 | smooth 0.00000 | trans 0.00000 | lle 0.00000 | r 0.3076 | R² 0.0944 | eta 10:50
[020] train loss 0.00600 | recon 0.00600 | kl 0.22592 | smooth 0.00000 | trans 0.00000 | lle 0.00000 | beta 0.000
      valid loss 0.00592 | recon 0.00592 | kl 0.15589 | smooth 0.00000 | trans 0.00000 | lle 0.00000 | r 0.3196 | R² 0.1021 | eta 10:44
      saved best checkpoint -> /home/4429/projects/Neural_VAE_ODE/runs/2026-05-26_094016_c761898/ode_vae_best.pt
[021] train loss 0.00597 | recon 0.00597 | kl 0.23307 | smooth 0.00000 | trans 0.00000 | lle 0.00000 | beta 0.000
      valid loss 0.00588 | recon 0.00588 | kl 0.15721 | smooth 0.00000 | trans 0.00000 | lle 0.00000 | r 0.3271 | R² 0.1068 | eta 10:40
      saved best checkpoint -> /home/4429/projects/Neural_VAE_ODE/runs/2026-05-26_094016_c761898/ode_vae_best.pt
[022] train loss 0.00597 | recon 0.00597 | kl 0.23497 | smooth 0.00000 | trans 0.00000 | lle 0.00000 | beta 0.000
      valid loss 0.00600 | recon 0.00600 | kl 0.21370 | smooth 0.00000 | trans 0.00000 | lle 0.00000 | r 0.3078 | R² 0.0906 | eta 10:35
[023] train loss 0.00583 | recon 0.00583 | kl 0.24740 | smooth 0.00000 | trans 0.00000 | lle 0.00000 | beta 0.000
      valid loss 0.00584 | recon 0.00584 | kl 0.18258 | smooth 0.00000 | trans 0.00000 | lle 0.00000 | r 0.3385 | R² 0.1142 | eta 10:29
      saved best checkpoint -> /home/4429/projects/Neural_VAE_ODE/runs/2026-05-26_094016_c761898/ode_vae_best.pt
[024] train loss 0.00580 | recon 0.00580 | kl 0.23948 | smooth 0.00000 | trans 0.00000 | lle 0.00000 | beta 0.000
      valid loss 0.00582 | recon 0.00582 | kl 0.17901 | smooth 0.00000 | trans 0.00000 | lle 0.00000 | r 0.3387 | R² 0.1147 | eta 10:26
      saved best checkpoint -> /home/4429/projects/Neural_VAE_ODE/runs/2026-05-26_094016_c761898/ode_vae_best.pt
[025] train loss 0.00577 | recon 0.00577 | kl 0.25382 | smooth 0.00000 | trans 0.00000 | lle 0.00000 | beta 0.000
      valid loss 0.00581 | recon 0.00581 | kl 0.22737 | smooth 0.00000 | trans 0.00000 | lle 0.00000 | r 0.3470 | R² 0.1203 | eta 10:22
      saved best checkpoint -> /home/4429/projects/Neural_VAE_ODE/runs/2026-05-26_094016_c761898/ode_vae_best.pt
[026] train loss 0.00569 | recon 0.00569 | kl 0.26240 | smooth 0.00000 | trans 0.00000 | lle 0.00000 | beta 0.000
      valid loss 0.00598 | recon 0.00598 | kl 0.17319 | smooth 0.00000 | trans 0.00000 | lle 0.00000 | r 0.3166 | R² 0.0985 | eta 10:17
[027] train loss 0.00571 | recon 0.00571 | kl 0.28591 | smooth 0.00000 | trans 0.00000 | lle 0.00000 | beta 0.000
      valid loss 0.00588 | recon 0.00588 | kl 0.24268 | smooth 0.00000 | trans 0.00000 | lle 0.00000 | r 0.3331 | R² 0.1099 | eta 10:11
[028] train loss 0.00575 | recon 0.00575 | kl 0.26336 | smooth 0.00000 | trans 0.00000 | lle 0.00000 | beta 0.000
      valid loss 0.00582 | recon 0.00582 | kl 0.24751 | smooth 0.00000 | trans 0.00000 | lle 0.00000 | r 0.3452 | R² 0.1151 | eta 10:06
[029] train loss 0.00562 | recon 0.00562 | kl 0.29144 | smooth 0.00000 | trans 0.00000 | lle 0.00000 | beta 0.000
      valid loss 0.00590 | recon 0.00590 | kl 0.17210 | smooth 0.00000 | trans 0.00000 | lle 0.00000 | r 0.3277 | R² 0.1070 | eta 10:00
[030] train loss 0.00554 | recon 0.00554 | kl 0.29253 | smooth 0.00000 | trans 0.00000 | lle 0.00000 | beta 0.000
      valid loss 0.00580 | recon 0.00580 | kl 0.20994 | smooth 0.00000 | trans 0.00000 | lle 0.00000 | r 0.3515 | R² 0.1235 | eta 09:54
      saved best checkpoint -> /home/4429/projects/Neural_VAE_ODE/runs/2026-05-26_094016_c761898/ode_vae_best.pt
[031] train loss 0.00548 | recon 0.00548 | kl 0.31397 | smooth 0.00000 | trans 0.00000 | lle 0.00000 | beta 0.000
      valid loss 0.00573 | recon 0.00573 | kl 0.23044 | smooth 0.00000 | trans 0.00000 | lle 0.00000 | r 0.3593 | R² 0.1274 | eta 09:50
      saved best checkpoint -> /home/4429/projects/Neural_VAE_ODE/runs/2026-05-26_094016_c761898/ode_vae_best.pt
[032] train loss 0.00541 | recon 0.00541 | kl 0.32253 | smooth 0.00000 | trans 0.00000 | lle 0.00000 | beta 0.000
      valid loss 0.00572 | recon 0.00572 | kl 0.20967 | smooth 0.00000 | trans 0.00000 | lle 0.00000 | r 0.3670 | R² 0.1336 | eta 09:46
      saved best checkpoint -> /home/4429/projects/Neural_VAE_ODE/runs/2026-05-26_094016_c761898/ode_vae_best.pt
[033] train loss 0.00538 | recon 0.00538 | kl 0.31716 | smooth 0.00000 | trans 0.00000 | lle 0.00000 | beta 0.000
      valid loss 0.00574 | recon 0.00574 | kl 0.24221 | smooth 0.00000 | trans 0.00000 | lle 0.00000 | r 0.3605 | R² 0.1286 | eta 09:41
[034] train loss 0.00534 | recon 0.00534 | kl 0.33598 | smooth 0.00000 | trans 0.00000 | lle 0.00000 | beta 0.000
      valid loss 0.00584 | recon 0.00584 | kl 0.24407 | smooth 0.00000 | trans 0.00000 | lle 0.00000 | r 0.3400 | R² 0.1142 | eta 09:36
[035] train loss 0.00541 | recon 0.00541 | kl 0.35509 | smooth 0.00000 | trans 0.00000 | lle 0.00000 | beta 0.000
      valid loss 0.00573 | recon 0.00573 | kl 0.28108 | smooth 0.00000 | trans 0.00000 | lle 0.00000 | r 0.3644 | R² 0.1294 | eta 09:30
[036] train loss 0.00538 | recon 0.00538 | kl 0.35295 | smooth 0.00000 | trans 0.00000 | lle 0.00000 | beta 0.000
      valid loss 0.00572 | recon 0.00572 | kl 0.28906 | smooth 0.00000 | trans 0.00000 | lle 0.00000 | r 0.3757 | R² 0.1370 | eta 09:25
      saved best checkpoint -> /home/4429/projects/Neural_VAE_ODE/runs/2026-05-26_094016_c761898/ode_vae_best.pt
[037] train loss 0.00543 | recon 0.00543 | kl 0.38599 | smooth 0.00000 | trans 0.00000 | lle 0.00000 | beta 0.000
      valid loss 0.00583 | recon 0.00583 | kl 0.29700 | smooth 0.00000 | trans 0.00000 | lle 0.00000 | r 0.3482 | R² 0.1204 | eta 09:20
[038] train loss 0.00539 | recon 0.00539 | kl 0.37470 | smooth 0.00000 | trans 0.00000 | lle 0.00000 | beta 0.000
      valid loss 0.00574 | recon 0.00574 | kl 0.20061 | smooth 0.00000 | trans 0.00000 | lle 0.00000 | r 0.3699 | R² 0.1366 | eta 09:15
[039] train loss 0.00538 | recon 0.00538 | kl 0.38051 | smooth 0.00000 | trans 0.00000 | lle 0.00000 | beta 0.000
      valid loss 0.00580 | recon 0.00580 | kl 0.22639 | smooth 0.00000 | trans 0.00000 | lle 0.00000 | r 0.3491 | R² 0.1218 | eta 09:10
[040] train loss 0.00523 | recon 0.00523 | kl 0.39553 | smooth 0.00000 | trans 0.00000 | lle 0.00000 | beta 0.000
      valid loss 0.00564 | recon 0.00564 | kl 0.28762 | smooth 0.00000 | trans 0.00000 | lle 0.00000 | r 0.3826 | R² 0.1457 | eta 09:04
      saved best checkpoint -> /home/4429/projects/Neural_VAE_ODE/runs/2026-05-26_094016_c761898/ode_vae_best.pt
[041] train loss 0.00511 | recon 0.00511 | kl 0.41945 | smooth 0.00000 | trans 0.00000 | lle 0.00000 | beta 0.000
      valid loss 0.00569 | recon 0.00569 | kl 0.25395 | smooth 0.00000 | trans 0.00000 | lle 0.00000 | r 0.3758 | R² 0.1401 | eta 09:00
[042] train loss 0.00511 | recon 0.00511 | kl 0.42300 | smooth 0.00000 | trans 0.00000 | lle 0.00000 | beta 0.000
      valid loss 0.00563 | recon 0.00563 | kl 0.25586 | smooth 0.00000 | trans 0.00000 | lle 0.00000 | r 0.3875 | R² 0.1452 | eta 08:54
      saved best checkpoint -> /home/4429/projects/Neural_VAE_ODE/runs/2026-05-26_094016_c761898/ode_vae_best.pt
[043] train loss 0.00510 | recon 0.00510 | kl 0.43581 | smooth 0.00000 | trans 0.00000 | lle 0.00000 | beta 0.000
      valid loss 0.00568 | recon 0.00568 | kl 0.29813 | smooth 0.00000 | trans 0.00000 | lle 0.00000 | r 0.3806 | R² 0.1435 | eta 08:50
[044] train loss 0.00511 | recon 0.00511 | kl 0.46136 | smooth 0.00000 | trans 0.00000 | lle 0.00000 | beta 0.000
      valid loss 0.00572 | recon 0.00572 | kl 0.32305 | smooth 0.00000 | trans 0.00000 | lle 0.00000 | r 0.3687 | R² 0.1335 | eta 08:45
[045] train loss 0.00513 | recon 0.00513 | kl 0.47306 | smooth 0.00000 | trans 0.00000 | lle 0.00000 | beta 0.000
      valid loss 0.00562 | recon 0.00562 | kl 0.30337 | smooth 0.00000 | trans 0.00000 | lle 0.00000 | r 0.3858 | R² 0.1477 | eta 08:40
      saved best checkpoint -> /home/4429/projects/Neural_VAE_ODE/runs/2026-05-26_094016_c761898/ode_vae_best.pt
[046] train loss 0.00513 | recon 0.00513 | kl 0.47357 | smooth 0.00000 | trans 0.00000 | lle 0.00000 | beta 0.000
      valid loss 0.00568 | recon 0.00568 | kl 0.29698 | smooth 0.00000 | trans 0.00000 | lle 0.00000 | r 0.3794 | R² 0.1431 | eta 08:35
[047] train loss 0.00502 | recon 0.00502 | kl 0.48807 | smooth 0.00000 | trans 0.00000 | lle 0.00000 | beta 0.000
      valid loss 0.00577 | recon 0.00577 | kl 0.33747 | smooth 0.00000 | trans 0.00000 | lle 0.00000 | r 0.3601 | R² 0.1272 | eta 08:30
[048] train loss 0.00490 | recon 0.00490 | kl 0.49413 | smooth 0.00000 | trans 0.00000 | lle 0.00000 | beta 0.000
      valid loss 0.00569 | recon 0.00569 | kl 0.31042 | smooth 0.00000 | trans 0.00000 | lle 0.00000 | r 0.3864 | R² 0.1414 | eta 08:25
[049] train loss 0.00483 | recon 0.00483 | kl 0.52163 | smooth 0.00000 | trans 0.00000 | lle 0.00000 | beta 0.000
      valid loss 0.00564 | recon 0.00564 | kl 0.33822 | smooth 0.00000 | trans 0.00000 | lle 0.00000 | r 0.3885 | R² 0.1473 | eta 08:20
[050] train loss 0.00492 | recon 0.00492 | kl 0.54740 | smooth 0.00000 | trans 0.00000 | lle 0.00000 | beta 0.000
      valid loss 0.00573 | recon 0.00573 | kl 0.37523 | smooth 0.00000 | trans 0.00000 | lle 0.00000 | r 0.3751 | R² 0.1384 | eta 08:15
[051] train loss 0.00497 | recon 0.00497 | kl 0.53664 | smooth 0.00000 | trans 0.00000 | lle 0.00000 | beta 0.000
      valid loss 0.00563 | recon 0.00563 | kl 0.36888 | smooth 0.00000 | trans 0.00000 | lle 0.00000 | r 0.3866 | R² 0.1492 | eta 08:10
[052] train loss 0.00496 | recon 0.00496 | kl 0.56714 | smooth 0.00000 | trans 0.00000 | lle 0.00000 | beta 0.000
      valid loss 0.00586 | recon 0.00586 | kl 0.42802 | smooth 0.00000 | trans 0.00000 | lle 0.00000 | r 0.3592 | R² 0.1133 | eta 08:04
[053] train loss 0.00496 | recon 0.00496 | kl 0.57021 | smooth 0.00000 | trans 0.00000 | lle 0.00000 | beta 0.000
      valid loss 0.00578 | recon 0.00578 | kl 0.46306 | smooth 0.00000 | trans 0.00000 | lle 0.00000 | r 0.3542 | R² 0.1207 | eta 07:59
[054] train loss 0.00502 | recon 0.00502 | kl 0.57626 | smooth 0.00000 | trans 0.00000 | lle 0.00000 | beta 0.000
      valid loss 0.00587 | recon 0.00587 | kl 0.39230 | smooth 0.00000 | trans 0.00000 | lle 0.00000 | r 0.3617 | R² 0.1254 | eta 07:54
[055] train loss 0.00486 | recon 0.00486 | kl 0.56191 | smooth 0.00000 | trans 0.00000 | lle 0.00000 | beta 0.000
      valid loss 0.00559 | recon 0.00559 | kl 0.34686 | smooth 0.00000 | trans 0.00000 | lle 0.00000 | r 0.3921 | R² 0.1498 | eta 07:49
      saved best checkpoint -> /home/4429/projects/Neural_VAE_ODE/runs/2026-05-26_094016_c761898/ode_vae_best.pt
[056] train loss 0.00473 | recon 0.00473 | kl 0.57023 | smooth 0.00000 | trans 0.00000 | lle 0.00000 | beta 0.000
      valid loss 0.00569 | recon 0.00569 | kl 0.35990 | smooth 0.00000 | trans 0.00000 | lle 0.00000 | r 0.3868 | R² 0.1448 | eta 07:45
[057] train loss 0.00471 | recon 0.00471 | kl 0.61651 | smooth 0.00000 | trans 0.00000 | lle 0.00000 | beta 0.000
      valid loss 0.00562 | recon 0.00562 | kl 0.40218 | smooth 0.00000 | trans 0.00000 | lle 0.00000 | r 0.3838 | R² 0.1449 | eta 07:39
[058] train loss 0.00480 | recon 0.00480 | kl 0.64090 | smooth 0.00000 | trans 0.00000 | lle 0.00000 | beta 0.000
      valid loss 0.00565 | recon 0.00565 | kl 0.40106 | smooth 0.00000 | trans 0.00000 | lle 0.00000 | r 0.3924 | R² 0.1400 | eta 07:34
[059] train loss 0.00473 | recon 0.00473 | kl 0.67118 | smooth 0.00000 | trans 0.00000 | lle 0.00000 | beta 0.000
      valid loss 0.00570 | recon 0.00570 | kl 0.41736 | smooth 0.00000 | trans 0.00000 | lle 0.00000 | r 0.3738 | R² 0.1358 | eta 07:29
[060] train loss 0.00471 | recon 0.00471 | kl 0.68129 | smooth 0.00000 | trans 0.00000 | lle 0.00000 | beta 0.000
      valid loss 0.00573 | recon 0.00573 | kl 0.47792 | smooth 0.00000 | trans 0.00000 | lle 0.00000 | r 0.3836 | R² 0.1406 | eta 07:24
[061] train loss 0.00472 | recon 0.00472 | kl 0.70831 | smooth 0.00000 | trans 0.00000 | lle 0.00000 | beta 0.000
      valid loss 0.00576 | recon 0.00576 | kl 0.44255 | smooth 0.00000 | trans 0.00000 | lle 0.00000 | r 0.3663 | R² 0.1320 | eta 07:19
[062] train loss 0.00469 | recon 0.00469 | kl 0.69354 | smooth 0.00000 | trans 0.00000 | lle 0.00000 | beta 0.000
      valid loss 0.00568 | recon 0.00568 | kl 0.39689 | smooth 0.00000 | trans 0.00000 | lle 0.00000 | r 0.3758 | R² 0.1360 | eta 07:14
[063] train loss 0.00466 | recon 0.00466 | kl 0.71549 | smooth 0.00000 | trans 0.00000 | lle 0.00000 | beta 0.000
      valid loss 0.00578 | recon 0.00578 | kl 0.46499 | smooth 0.00000 | trans 0.00000 | lle 0.00000 | r 0.3601 | R² 0.1248 | eta 07:09
[064] train loss 0.00458 | recon 0.00458 | kl 0.79008 | smooth 0.00000 | trans 0.00000 | lle 0.00000 | beta 0.000
      valid loss 0.00555 | recon 0.00555 | kl 0.45850 | smooth 0.00000 | trans 0.00000 | lle 0.00000 | r 0.4008 | R² 0.1567 | eta 07:04
      saved best checkpoint -> /home/4429/projects/Neural_VAE_ODE/runs/2026-05-26_094016_c761898/ode_vae_best.pt
[065] train loss 0.00456 | recon 0.00456 | kl 0.71967 | smooth 0.00000 | trans 0.00000 | lle 0.00000 | beta 0.000
      valid loss 0.00562 | recon 0.00562 | kl 0.55521 | smooth 0.00000 | trans 0.00000 | lle 0.00000 | r 0.3802 | R² 0.1372 | eta 06:59
[066] train loss 0.00455 | recon 0.00455 | kl 0.76654 | smooth 0.00000 | trans 0.00000 | lle 0.00000 | beta 0.000
      valid loss 0.00568 | recon 0.00568 | kl 0.55457 | smooth 0.00000 | trans 0.00000 | lle 0.00000 | r 0.3711 | R² 0.1265 | eta 06:54
[067] train loss 0.00459 | recon 0.00459 | kl 0.77441 | smooth 0.00000 | trans 0.00000 | lle 0.00000 | beta 0.000
      valid loss 0.00568 | recon 0.00568 | kl 0.49224 | smooth 0.00000 | trans 0.00000 | lle 0.00000 | r 0.3845 | R² 0.1420 | eta 06:49
[068] train loss 0.00454 | recon 0.00454 | kl 0.79134 | smooth 0.00000 | trans 0.00000 | lle 0.00000 | beta 0.000
      valid loss 0.00585 | recon 0.00585 | kl 0.50559 | smooth 0.00000 | trans 0.00000 | lle 0.00000 | r 0.3506 | R² 0.1177 | eta 06:44
[069] train loss 0.00458 | recon 0.00458 | kl 0.78684 | smooth 0.00000 | trans 0.00000 | lle 0.00000 | beta 0.000
      valid loss 0.00571 | recon 0.00571 | kl 0.51382 | smooth 0.00000 | trans 0.00000 | lle 0.00000 | r 0.3710 | R² 0.1302 | eta 06:39
[070] train loss 0.00457 | recon 0.00457 | kl 0.79447 | smooth 0.00000 | trans 0.00000 | lle 0.00000 | beta 0.000
      valid loss 0.00552 | recon 0.00552 | kl 0.50229 | smooth 0.00000 | trans 0.00000 | lle 0.00000 | r 0.3920 | R² 0.1492 | eta 06:34
      saved best checkpoint -> /home/4429/projects/Neural_VAE_ODE/runs/2026-05-26_094016_c761898/ode_vae_best.pt
[071] train loss 0.00457 | recon 0.00457 | kl 0.79092 | smooth 0.00000 | trans 0.00000 | lle 0.00000 | beta 0.000
      valid loss 0.00570 | recon 0.00570 | kl 0.59551 | smooth 0.00000 | trans 0.00000 | lle 0.00000 | r 0.3741 | R² 0.1246 | eta 06:30
[072] train loss 0.00454 | recon 0.00454 | kl 0.81505 | smooth 0.00000 | trans 0.00000 | lle 0.00000 | beta 0.000
      valid loss 0.00570 | recon 0.00570 | kl 0.54112 | smooth 0.00000 | trans 0.00000 | lle 0.00000 | r 0.3851 | R² 0.1356 | eta 06:24
[073] train loss 0.00447 | recon 0.00447 | kl 0.82087 | smooth 0.00000 | trans 0.00000 | lle 0.00000 | beta 0.000
      valid loss 0.00556 | recon 0.00556 | kl 0.49830 | smooth 0.00000 | trans 0.00000 | lle 0.00000 | r 0.3988 | R² 0.1543 | eta 06:19
[074] train loss 0.00437 | recon 0.00437 | kl 0.85756 | smooth 0.00000 | trans 0.00000 | lle 0.00000 | beta 0.000
      valid loss 0.00563 | recon 0.00563 | kl 0.51406 | smooth 0.00000 | trans 0.00000 | lle 0.00000 | r 0.3909 | R² 0.1447 | eta 06:14
[075] train loss 0.00435 | recon 0.00435 | kl 0.87276 | smooth 0.00000 | trans 0.00000 | lle 0.00000 | beta 0.000
      valid loss 0.00569 | recon 0.00569 | kl 0.58472 | smooth 0.00000 | trans 0.00000 | lle 0.00000 | r 0.3868 | R² 0.1368 | eta 06:09
[076] train loss 0.00434 | recon 0.00434 | kl 0.89896 | smooth 0.00000 | trans 0.00000 | lle 0.00000 | beta 0.000
      valid loss 0.00563 | recon 0.00563 | kl 0.61298 | smooth 0.00000 | trans 0.00000 | lle 0.00000 | r 0.3864 | R² 0.1359 | eta 06:04
[077] train loss 0.00429 | recon 0.00429 | kl 0.90355 | smooth 0.00000 | trans 0.00000 | lle 0.00000 | beta 0.000
      valid loss 0.00565 | recon 0.00565 | kl 0.61543 | smooth 0.00000 | trans 0.00000 | lle 0.00000 | r 0.3915 | R² 0.1453 | eta 05:59
[078] train loss 0.00433 | recon 0.00433 | kl 0.92246 | smooth 0.00000 | trans 0.00000 | lle 0.00000 | beta 0.000
      valid loss 0.00566 | recon 0.00566 | kl 0.63930 | smooth 0.00000 | trans 0.00000 | lle 0.00000 | r 0.3816 | R² 0.1349 | eta 05:54
[079] train loss 0.00439 | recon 0.00439 | kl 0.91256 | smooth 0.00000 | trans 0.00000 | lle 0.00000 | beta 0.000
      valid loss 0.00574 | recon 0.00574 | kl 0.58568 | smooth 0.00000 | trans 0.00000 | lle 0.00000 | r 0.3724 | R² 0.1350 | eta 05:49
[080] train loss 0.00437 | recon 0.00437 | kl 0.92043 | smooth 0.00000 | trans 0.00000 | lle 0.00000 | beta 0.000
      valid loss 0.00561 | recon 0.00561 | kl 0.57843 | smooth 0.00000 | trans 0.00000 | lle 0.00000 | r 0.3949 | R² 0.1449 | eta 05:44
[081] train loss 0.00438 | recon 0.00438 | kl 0.95851 | smooth 0.00000 | trans 0.00000 | lle 0.00000 | beta 0.000
      valid loss 0.00562 | recon 0.00562 | kl 0.53517 | smooth 0.00000 | trans 0.00000 | lle 0.00000 | r 0.3866 | R² 0.1464 | eta 05:39
[082] train loss 0.00445 | recon 0.00445 | kl 0.90218 | smooth 0.00000 | trans 0.00000 | lle 0.00000 | beta 0.000
      valid loss 0.00568 | recon 0.00568 | kl 0.67146 | smooth 0.00000 | trans 0.00000 | lle 0.00000 | r 0.3802 | R² 0.1305 | eta 05:34
[083] train loss 0.00442 | recon 0.00442 | kl 0.95465 | smooth 0.00000 | trans 0.00000 | lle 0.00000 | beta 0.000
      valid loss 0.00579 | recon 0.00579 | kl 0.50582 | smooth 0.00000 | trans 0.00000 | lle 0.00000 | r 0.3831 | R² 0.1366 | eta 05:29
[084] train loss 0.00437 | recon 0.00437 | kl 0.92972 | smooth 0.00000 | trans 0.00000 | lle 0.00000 | beta 0.000
      valid loss 0.00572 | recon 0.00572 | kl 0.68466 | smooth 0.00000 | trans 0.00000 | lle 0.00000 | r 0.3622 | R² 0.1259 | eta 05:24
[085] train loss 0.00429 | recon 0.00429 | kl 0.99283 | smooth 0.00000 | trans 0.00000 | lle 0.00000 | beta 0.000
      valid loss 0.00575 | recon 0.00575 | kl 0.64776 | smooth 0.00000 | trans 0.00000 | lle 0.00000 | r 0.3725 | R² 0.1262 | eta 05:19
[086] train loss 0.00429 | recon 0.00429 | kl 0.98298 | smooth 0.00000 | trans 0.00000 | lle 0.00000 | beta 0.000
      valid loss 0.00573 | recon 0.00573 | kl 0.62684 | smooth 0.00000 | trans 0.00000 | lle 0.00000 | r 0.3871 | R² 0.1404 | eta 05:14
[087] train loss 0.00420 | recon 0.00420 | kl 1.01239 | smooth 0.00000 | trans 0.00000 | lle 0.00000 | beta 0.000
      valid loss 0.00579 | recon 0.00579 | kl 0.64450 | smooth 0.00000 | trans 0.00000 | lle 0.00000 | r 0.3699 | R² 0.1274 | eta 05:09
[088] train loss 0.00415 | recon 0.00415 | kl 1.02186 | smooth 0.00000 | trans 0.00000 | lle 0.00000 | beta 0.000
      valid loss 0.00562 | recon 0.00562 | kl 0.64292 | smooth 0.00000 | trans 0.00000 | lle 0.00000 | r 0.3978 | R² 0.1486 | eta 05:04
[089] train loss 0.00413 | recon 0.00413 | kl 1.04382 | smooth 0.00000 | trans 0.00000 | lle 0.00000 | beta 0.000
      valid loss 0.00583 | recon 0.00583 | kl 0.64109 | smooth 0.00000 | trans 0.00000 | lle 0.00000 | r 0.3596 | R² 0.1210 | eta 04:59
[090] train loss 0.00411 | recon 0.00411 | kl 1.06414 | smooth 0.00000 | trans 0.00000 | lle 0.00000 | beta 0.000
      valid loss 0.00583 | recon 0.00583 | kl 0.73394 | smooth 0.00000 | trans 0.00000 | lle 0.00000 | r 0.3561 | R² 0.1127 | eta 04:54
[091] train loss 0.00412 | recon 0.00412 | kl 1.08478 | smooth 0.00000 | trans 0.00000 | lle 0.00000 | beta 0.000
      valid loss 0.00562 | recon 0.00562 | kl 0.68446 | smooth 0.00000 | trans 0.00000 | lle 0.00000 | r 0.3843 | R² 0.1355 | eta 04:49
[092] train loss 0.00408 | recon 0.00408 | kl 1.11404 | smooth 0.00000 | trans 0.00000 | lle 0.00000 | beta 0.000
      valid loss 0.00579 | recon 0.00579 | kl 0.76969 | smooth 0.00000 | trans 0.00000 | lle 0.00000 | r 0.3794 | R² 0.1126 | eta 04:44
[093] train loss 0.00415 | recon 0.00415 | kl 1.06061 | smooth 0.00000 | trans 0.00000 | lle 0.00000 | beta 0.000
      valid loss 0.00569 | recon 0.00569 | kl 0.64607 | smooth 0.00000 | trans 0.00000 | lle 0.00000 | r 0.3739 | R² 0.1314 | eta 04:39
[094] train loss 0.00413 | recon 0.00413 | kl 1.07941 | smooth 0.00000 | trans 0.00000 | lle 0.00000 | beta 0.000
      valid loss 0.00572 | recon 0.00572 | kl 0.74137 | smooth 0.00000 | trans 0.00000 | lle 0.00000 | r 0.3794 | R² 0.1188 | eta 04:34
[095] train loss 0.00418 | recon 0.00418 | kl 1.08596 | smooth 0.00000 | trans 0.00000 | lle 0.00000 | beta 0.000
      valid loss 0.00572 | recon 0.00572 | kl 0.67919 | smooth 0.00000 | trans 0.00000 | lle 0.00000 | r 0.3821 | R² 0.1295 | eta 04:29
[096] train loss 0.00412 | recon 0.00412 | kl 1.11237 | smooth 0.00000 | trans 0.00000 | lle 0.00000 | beta 0.000
      valid loss 0.00580 | recon 0.00580 | kl 0.70520 | smooth 0.00000 | trans 0.00000 | lle 0.00000 | r 0.3782 | R² 0.1305 | eta 04:24
[097] train loss 0.00403 | recon 0.00403 | kl 1.12736 | smooth 0.00000 | trans 0.00000 | lle 0.00000 | beta 0.000
      valid loss 0.00586 | recon 0.00586 | kl 0.68246 | smooth 0.00000 | trans 0.00000 | lle 0.00000 | r 0.3658 | R² 0.1212 | eta 04:19
[098] train loss 0.00405 | recon 0.00405 | kl 1.13485 | smooth 0.00000 | trans 0.00000 | lle 0.00000 | beta 0.000
      valid loss 0.00579 | recon 0.00579 | kl 0.73379 | smooth 0.00000 | trans 0.00000 | lle 0.00000 | r 0.3651 | R² 0.1069 | eta 04:14
[099] train loss 0.00423 | recon 0.00423 | kl 1.09366 | smooth 0.00000 | trans 0.00000 | lle 0.00000 | beta 0.000
      valid loss 0.00567 | recon 0.00567 | kl 0.77338 | smooth 0.00000 | trans 0.00000 | lle 0.00000 | r 0.3734 | R² 0.1344 | eta 04:09
[100] train loss 0.00419 | recon 0.00419 | kl 1.17068 | smooth 0.00000 | trans 0.00000 | lle 0.00000 | beta 0.000
      valid loss 0.00607 | recon 0.00607 | kl 0.74075 | smooth 0.00000 | trans 0.00000 | lle 0.00000 | r 0.3539 | R² 0.0926 | eta 04:04
[101] train loss 0.00415 | recon 0.00415 | kl 1.12829 | smooth 0.00000 | trans 0.00000 | lle 0.00000 | beta 0.000
      valid loss 0.00600 | recon 0.00600 | kl 0.79115 | smooth 0.00000 | trans 0.00000 | lle 0.00000 | r 0.3555 | R² 0.0875 | eta 04:00
[102] train loss 0.00427 | recon 0.00427 | kl 1.09780 | smooth 0.00000 | trans 0.00000 | lle 0.00000 | beta 0.000
      valid loss 0.00565 | recon 0.00565 | kl 0.63496 | smooth 0.00000 | trans 0.00000 | lle 0.00000 | r 0.3710 | R² 0.1307 | eta 03:55
[103] train loss 0.00411 | recon 0.00411 | kl 1.12009 | smooth 0.00000 | trans 0.00000 | lle 0.00000 | beta 0.000
      valid loss 0.00586 | recon 0.00586 | kl 0.79000 | smooth 0.00000 | trans 0.00000 | lle 0.00000 | r 0.3681 | R² 0.0940 | eta 03:50
[104] train loss 0.00404 | recon 0.00404 | kl 1.15321 | smooth 0.00000 | trans 0.00000 | lle 0.00000 | beta 0.000
      valid loss 0.00563 | recon 0.00563 | kl 0.76083 | smooth 0.00000 | trans 0.00000 | lle 0.00000 | r 0.3814 | R² 0.1384 | eta 03:45
[105] train loss 0.00396 | recon 0.00396 | kl 1.16303 | smooth 0.00000 | trans 0.00000 | lle 0.00000 | beta 0.000
      valid loss 0.00576 | recon 0.00576 | kl 0.72574 | smooth 0.00000 | trans 0.00000 | lle 0.00000 | r 0.3756 | R² 0.1286 | eta 03:40
[106] train loss 0.00396 | recon 0.00396 | kl 1.18865 | smooth 0.00000 | trans 0.00000 | lle 0.00000 | beta 0.000
      valid loss 0.00597 | recon 0.00597 | kl 0.80164 | smooth 0.00000 | trans 0.00000 | lle 0.00000 | r 0.3660 | R² 0.0995 | eta 03:35
[107] train loss 0.00390 | recon 0.00390 | kl 1.17741 | smooth 0.00000 | trans 0.00000 | lle 0.00000 | beta 0.000
      valid loss 0.00585 | recon 0.00585 | kl 0.75593 | smooth 0.00000 | trans 0.00000 | lle 0.00000 | r 0.3615 | R² 0.1105 | eta 03:30
[108] train loss 0.00385 | recon 0.00385 | kl 1.24178 | smooth 0.00000 | trans 0.00000 | lle 0.00000 | beta 0.000
      valid loss 0.00585 | recon 0.00585 | kl 0.79440 | smooth 0.00000 | trans 0.00000 | lle 0.00000 | r 0.3659 | R² 0.1172 | eta 03:25
[109] train loss 0.00393 | recon 0.00393 | kl 1.24233 | smooth 0.00000 | trans 0.00000 | lle 0.00000 | beta 0.000
      valid loss 0.00597 | recon 0.00597 | kl 0.82586 | smooth 0.00000 | trans 0.00000 | lle 0.00000 | r 0.3692 | R² 0.1016 | eta 03:20
[110] train loss 0.00388 | recon 0.00388 | kl 1.28866 | smooth 0.00000 | trans 0.00000 | lle 0.00000 | beta 0.000
      valid loss 0.00576 | recon 0.00576 | kl 0.78707 | smooth 0.00000 | trans 0.00000 | lle 0.00000 | r 0.3794 | R² 0.1309 | eta 03:15
[111] train loss 0.00384 | recon 0.00384 | kl 1.29152 | smooth 0.00000 | trans 0.00000 | lle 0.00000 | beta 0.000
      valid loss 0.00597 | recon 0.00597 | kl 0.90770 | smooth 0.00000 | trans 0.00000 | lle 0.00000 | r 0.3489 | R² 0.0966 | eta 03:10
[112] train loss 0.00387 | recon 0.00387 | kl 1.29022 | smooth 0.00000 | trans 0.00000 | lle 0.00000 | beta 0.000
      valid loss 0.00583 | recon 0.00583 | kl 0.78114 | smooth 0.00000 | trans 0.00000 | lle 0.00000 | r 0.3752 | R² 0.1258 | eta 03:05
[113] train loss 0.00393 | recon 0.00393 | kl 1.28893 | smooth 0.00000 | trans 0.00000 | lle 0.00000 | beta 0.000
      valid loss 0.00599 | recon 0.00599 | kl 0.96409 | smooth 0.00000 | trans 0.00000 | lle 0.00000 | r 0.3499 | R² 0.0996 | eta 03:00
[114] train loss 0.00392 | recon 0.00392 | kl 1.27060 | smooth 0.00000 | trans 0.00000 | lle 0.00000 | beta 0.000
      valid loss 0.00596 | recon 0.00596 | kl 0.87280 | smooth 0.00000 | trans 0.00000 | lle 0.00000 | r 0.3534 | R² 0.1056 | eta 02:55
[115] train loss 0.00393 | recon 0.00393 | kl 1.30398 | smooth 0.00000 | trans 0.00000 | lle 0.00000 | beta 0.000
      valid loss 0.00596 | recon 0.00596 | kl 0.79148 | smooth 0.00000 | trans 0.00000 | lle 0.00000 | r 0.3557 | R² 0.1043 | eta 02:51
[116] train loss 0.00392 | recon 0.00392 | kl 1.30712 | smooth 0.00000 | trans 0.00000 | lle 0.00000 | beta 0.000
      valid loss 0.00601 | recon 0.00601 | kl 0.87273 | smooth 0.00000 | trans 0.00000 | lle 0.00000 | r 0.3696 | R² 0.1079 | eta 02:46
[117] train loss 0.00390 | recon 0.00390 | kl 1.28249 | smooth 0.00000 | trans 0.00000 | lle 0.00000 | beta 0.000
      valid loss 0.00596 | recon 0.00596 | kl 0.87320 | smooth 0.00000 | trans 0.00000 | lle 0.00000 | r 0.3651 | R² 0.1092 | eta 02:41
[118] train loss 0.00389 | recon 0.00389 | kl 1.35026 | smooth 0.00000 | trans 0.00000 | lle 0.00000 | beta 0.000
      valid loss 0.00587 | recon 0.00587 | kl 0.92898 | smooth 0.00000 | trans 0.00000 | lle 0.00000 | r 0.3552 | R² 0.0995 | eta 02:36
[119] train loss 0.00392 | recon 0.00392 | kl 1.30013 | smooth 0.00000 | trans 0.00000 | lle 0.00000 | beta 0.000
      valid loss 0.00597 | recon 0.00597 | kl 0.92753 | smooth 0.00000 | trans 0.00000 | lle 0.00000 | r 0.3494 | R² 0.1050 | eta 02:31
[120] train loss 0.00395 | recon 0.00395 | kl 1.38134 | smooth 0.00000 | trans 0.00000 | lle 0.00000 | beta 0.000
      valid loss 0.00578 | recon 0.00578 | kl 0.95226 | smooth 0.00000 | trans 0.00000 | lle 0.00000 | r 0.3740 | R² 0.1245 | eta 02:26
[121] train loss 0.00395 | recon 0.00395 | kl 1.31330 | smooth 0.00000 | trans 0.00000 | lle 0.00000 | beta 0.000
      valid loss 0.00605 | recon 0.00605 | kl 0.89507 | smooth 0.00000 | trans 0.00000 | lle 0.00000 | r 0.3541 | R² 0.0834 | eta 02:21
[122] train loss 0.00397 | recon 0.00397 | kl 1.35557 | smooth 0.00000 | trans 0.00000 | lle 0.00000 | beta 0.000
      valid loss 0.00599 | recon 0.00599 | kl 0.83268 | smooth 0.00000 | trans 0.00000 | lle 0.00000 | r 0.3615 | R² 0.1103 | eta 02:16
[123] train loss 0.00396 | recon 0.00396 | kl 1.35182 | smooth 0.00000 | trans 0.00000 | lle 0.00000 | beta 0.000
      valid loss 0.00592 | recon 0.00592 | kl 0.77928 | smooth 0.00000 | trans 0.00000 | lle 0.00000 | r 0.3700 | R² 0.1203 | eta 02:11
[124] train loss 0.00388 | recon 0.00388 | kl 1.40784 | smooth 0.00000 | trans 0.00000 | lle 0.00000 | beta 0.000
      valid loss 0.00596 | recon 0.00596 | kl 0.90173 | smooth 0.00000 | trans 0.00000 | lle 0.00000 | r 0.3516 | R² 0.1064 | eta 02:06
[125] train loss 0.00385 | recon 0.00385 | kl 1.33609 | smooth 0.00000 | trans 0.00000 | lle 0.00000 | beta 0.000
      valid loss 0.00597 | recon 0.00597 | kl 0.99272 | smooth 0.00000 | trans 0.00000 | lle 0.00000 | r 0.3559 | R² 0.0922 | eta 02:02
[126] train loss 0.00374 | recon 0.00374 | kl 1.40971 | smooth 0.00000 | trans 0.00000 | lle 0.00000 | beta 0.000
      valid loss 0.00591 | recon 0.00591 | kl 0.92045 | smooth 0.00000 | trans 0.00000 | lle 0.00000 | r 0.3659 | R² 0.1127 | eta 01:57
[127] train loss 0.00365 | recon 0.00365 | kl 1.44935 | smooth 0.00000 | trans 0.00000 | lle 0.00000 | beta 0.000
      valid loss 0.00594 | recon 0.00594 | kl 0.91979 | smooth 0.00000 | trans 0.00000 | lle 0.00000 | r 0.3581 | R² 0.1100 | eta 01:52
[128] train loss 0.00361 | recon 0.00361 | kl 1.44712 | smooth 0.00000 | trans 0.00000 | lle 0.00000 | beta 0.000
      valid loss 0.00581 | recon 0.00581 | kl 0.99195 | smooth 0.00000 | trans 0.00000 | lle 0.00000 | r 0.3750 | R² 0.1152 | eta 01:47
[129] train loss 0.00363 | recon 0.00363 | kl 1.52308 | smooth 0.00000 | trans 0.00000 | lle 0.00000 | beta 0.000
      valid loss 0.00605 | recon 0.00605 | kl 1.03083 | smooth 0.00000 | trans 0.00000 | lle 0.00000 | r 0.3486 | R² 0.0837 | eta 01:42
[130] train loss 0.00361 | recon 0.00361 | kl 1.54794 | smooth 0.00000 | trans 0.00000 | lle 0.00000 | beta 0.000
      valid loss 0.00593 | recon 0.00593 | kl 0.99255 | smooth 0.00000 | trans 0.00000 | lle 0.00000 | r 0.3582 | R² 0.1022 | eta 01:37
[131] train loss 0.00369 | recon 0.00369 | kl 1.51888 | smooth 0.00000 | trans 0.00000 | lle 0.00000 | beta 0.000
      valid loss 0.00593 | recon 0.00593 | kl 0.98421 | smooth 0.00000 | trans 0.00000 | lle 0.00000 | r 0.3594 | R² 0.1013 | eta 01:32
[132] train loss 0.00361 | recon 0.00361 | kl 1.54482 | smooth 0.00000 | trans 0.00000 | lle 0.00000 | beta 0.000
      valid loss 0.00602 | recon 0.00602 | kl 1.02846 | smooth 0.00000 | trans 0.00000 | lle 0.00000 | r 0.3510 | R² 0.1019 | eta 01:27
[133] train loss 0.00366 | recon 0.00366 | kl 1.62874 | smooth 0.00000 | trans 0.00000 | lle 0.00000 | beta 0.000
      valid loss 0.00596 | recon 0.00596 | kl 0.99432 | smooth 0.00000 | trans 0.00000 | lle 0.00000 | r 0.3550 | R² 0.0956 | eta 01:22
[134] train loss 0.00363 | recon 0.00363 | kl 1.55222 | smooth 0.00000 | trans 0.00000 | lle 0.00000 | beta 0.000
      valid loss 0.00597 | recon 0.00597 | kl 1.12754 | smooth 0.00000 | trans 0.00000 | lle 0.00000 | r 0.3590 | R² 0.0980 | eta 01:18
[135] train loss 0.00362 | recon 0.00362 | kl 1.61311 | smooth 0.00000 | trans 0.00000 | lle 0.00000 | beta 0.000
      valid loss 0.00613 | recon 0.00613 | kl 1.12733 | smooth 0.00000 | trans 0.00000 | lle 0.00000 | r 0.3373 | R² 0.0736 | eta 01:13
[136] train loss 0.00361 | recon 0.00361 | kl 1.63227 | smooth 0.00000 | trans 0.00000 | lle 0.00000 | beta 0.000
      valid loss 0.00602 | recon 0.00602 | kl 1.12414 | smooth 0.00000 | trans 0.00000 | lle 0.00000 | r 0.3437 | R² 0.0859 | eta 01:08
[137] train loss 0.00360 | recon 0.00360 | kl 1.64585 | smooth 0.00000 | trans 0.00000 | lle 0.00000 | beta 0.000
      valid loss 0.00613 | recon 0.00613 | kl 1.04387 | smooth 0.00000 | trans 0.00000 | lle 0.00000 | r 0.3435 | R² 0.0842 | eta 01:03
[138] train loss 0.00359 | recon 0.00359 | kl 1.68511 | smooth 0.00000 | trans 0.00000 | lle 0.00000 | beta 0.000
      valid loss 0.00610 | recon 0.00610 | kl 1.24969 | smooth 0.00000 | trans 0.00000 | lle 0.00000 | r 0.3501 | R² 0.0877 | eta 00:58
[139] train loss 0.00358 | recon 0.00358 | kl 1.67123 | smooth 0.00000 | trans 0.00000 | lle 0.00000 | beta 0.000
      valid loss 0.00597 | recon 0.00597 | kl 1.06578 | smooth 0.00000 | trans 0.00000 | lle 0.00000 | r 0.3511 | R² 0.0950 | eta 00:53
[140] train loss 0.00370 | recon 0.00370 | kl 1.64248 | smooth 0.00000 | trans 0.00000 | lle 0.00000 | beta 0.000
      valid loss 0.00614 | recon 0.00614 | kl 1.17721 | smooth 0.00000 | trans 0.00000 | lle 0.00000 | r 0.3479 | R² 0.0892 | eta 00:48
[141] train loss 0.00374 | recon 0.00374 | kl 1.66615 | smooth 0.00000 | trans 0.00000 | lle 0.00000 | beta 0.000
      valid loss 0.00601 | recon 0.00601 | kl 1.05646 | smooth 0.00000 | trans 0.00000 | lle 0.00000 | r 0.3494 | R² 0.1080 | eta 00:43
[142] train loss 0.00375 | recon 0.00375 | kl 1.68652 | smooth 0.00000 | trans 0.00000 | lle 0.00000 | beta 0.000
      valid loss 0.00595 | recon 0.00595 | kl 1.06493 | smooth 0.00000 | trans 0.00000 | lle 0.00000 | r 0.3512 | R² 0.0969 | eta 00:38
[143] train loss 0.00365 | recon 0.00365 | kl 1.66749 | smooth 0.00000 | trans 0.00000 | lle 0.00000 | beta 0.000
      valid loss 0.00625 | recon 0.00625 | kl 1.10480 | smooth 0.00000 | trans 0.00000 | lle 0.00000 | r 0.3260 | R² 0.0680 | eta 00:34
[144] train loss 0.00367 | recon 0.00367 | kl 1.69856 | smooth 0.00000 | trans 0.00000 | lle 0.00000 | beta 0.000
      valid loss 0.00589 | recon 0.00589 | kl 1.13277 | smooth 0.00000 | trans 0.00000 | lle 0.00000 | r 0.3613 | R² 0.1135 | eta 00:29
[145] train loss 0.00366 | recon 0.00366 | kl 1.73389 | smooth 0.00000 | trans 0.00000 | lle 0.00000 | beta 0.000
      valid loss 0.00617 | recon 0.00617 | kl 1.09594 | smooth 0.00000 | trans 0.00000 | lle 0.00000 | r 0.3559 | R² 0.0857 | eta 00:24
[146] train loss 0.00359 | recon 0.00359 | kl 1.72996 | smooth 0.00000 | trans 0.00000 | lle 0.00000 | beta 0.000
      valid loss 0.00604 | recon 0.00604 | kl 1.21065 | smooth 0.00000 | trans 0.00000 | lle 0.00000 | r 0.3512 | R² 0.0925 | eta 00:19
[147] train loss 0.00355 | recon 0.00355 | kl 1.78680 | smooth 0.00000 | trans 0.00000 | lle 0.00000 | beta 0.000
      valid loss 0.00611 | recon 0.00611 | kl 1.15952 | smooth 0.00000 | trans 0.00000 | lle 0.00000 | r 0.3544 | R² 0.0894 | eta 00:14
[148] train loss 0.00355 | recon 0.00355 | kl 1.75831 | smooth 0.00000 | trans 0.00000 | lle 0.00000 | beta 0.000
      valid loss 0.00595 | recon 0.00595 | kl 1.20357 | smooth 0.00000 | trans 0.00000 | lle 0.00000 | r 0.3517 | R² 0.0965 | eta 00:09
[149] train loss 0.00355 | recon 0.00355 | kl 1.79762 | smooth 0.00000 | trans 0.00000 | lle 0.00000 | beta 0.000
      valid loss 0.00610 | recon 0.00610 | kl 1.13923 | smooth 0.00000 | trans 0.00000 | lle 0.00000 | r 0.3481 | R² 0.0861 | eta 00:04
[150] train loss 0.00358 | recon 0.00358 | kl 1.81336 | smooth 0.00000 | trans 0.00000 | lle 0.00000 | beta 0.000
      valid loss 0.00599 | recon 0.00599 | kl 1.13612 | smooth 0.00000 | trans 0.00000 | lle 0.00000 | r 0.3450 | R² 0.0975 | eta 00:00
/home/4429/envs/odevae/lib/python3.11/site-packages/sklearn/manifold/_mds.py:754: FutureWarning: The default value of `init` will change from 'random' to 'classical_mds' in 1.10. To suppress this warning, provide some value of `init`.
  warnings.warn(
/home/4429/envs/odevae/lib/python3.11/site-packages/sklearn/manifold/_mds.py:771: FutureWarning: The `dissimilarity` parameter is deprecated and will be removed in 1.10. Use `metric` instead.
  warnings.warn(
      wrote /home/4429/projects/Neural_VAE_ODE/runs/2026-05-26_094016_c761898/latent_manifold_mds.png
done.
net.0.bias -0.007226211950182915
net.2.bias -0.009716447442770004
net.4.bias 0.0015829186886548996
Saved run metadata → /home/4429/projects/Neural_VAE_ODE/runs/2026-05-26_094016_c761898/run_metadata.json
Final r: 0.3450
Final R²: 0.0975
Results logged to /home/4429/projects/Neural_VAE_ODE/src/training_results.txt
Exception ignored in: Exception ignored in sys.unraisablehook